I_TELEPORT 0
I_SPAWN_BARRACK_CHARACTER 1
I_GFX_COMMAND 17
I_GFX_ADMIN_COMMAND 18
I_INPUT_COMMAND 19
I_MOVE_KEY 20
I_SKILL_KEY 21
I_CLOSE_SERVER_CONNECTION 22
C_CHECK_VERSION 19900
S_CHECK_VERSION 19901
C_ADD_FRIEND 36783
C_ADMIN 42076
C_APPLY_PARTY 43145
C_ASK_INTERACTIVE 30615
C_BAN_PARTY_MEMBER 22977
C_BIND_ITEM_BEGIN_PROGRESS 50373
C_BIND_ITEM_EXECUTE 57851
C_BLOCK_USER 24939
C_CANCEL_CHANGE_USER_APPEARANCE 23558
C_CANCEL_CONTRACT 50022
C_CANCEL_SKILL 35228
C_CAN_LOCKON_TARGET 35679
C_CHANGE_PARTY_MANAGER 24790
C_CHANGE_PARTY_MEMBER_AUTHORITY 21843
C_CHAT 60279
C_COMMIT_CHANGE_USER_APPEARANCE 47570
C_COMPLETE_DAILY_EVENT 34732
C_COMPLETE_EXTRA_EVENT 56359
C_CONFIRM_UPDATE_NOTIFICATION 65024
C_CREST_APPLY 62780
C_CREST_APPLY_LIST 63906
C_DELETE_FRIEND 46538
C_DEL_ITEM 58545
C_DIALOG 50849
C_DISMISS_PARTY 51385
C_END_CLIMBING 28565
C_END_MOVIE 30927
C_GACHA_CANCEL 59172
C_GACHA_TRY 36508
C_GET_IN_SHUTTLE 30958
C_GET_OUT_SHUTTLE 24552
C_GET_USER_LIST 37662
C_HIT_USER_PROJECTILE 24468
C_INVITE_USER_TO_GUILD 61330
C_ITEM_COLORING_SET_COLOR 53402
C_LEAVE_PARTY 65462
C_LEAVE_PRIVATE_CHANNEL 22046
C_LOAD_TOPO_FIN 24916
C_LOGIN_ARBITER 23285
C_MERGE_ITEM 34730
C_MERGE_ITEM_EXECUTE 46990
C_NOTIFY_LOCATION_IN_ACTION 26637
C_NOTIFY_LOCATION_IN_DASH 56839
C_NOTIMELINE_SKILL 20136
C_NPC_CONTACT 44048
C_OP_COMMAND 58260
C_PARTY_APPLICATION_DENIED 20224
C_PARTY_MARKER 59585
C_PARTY_MATCH_WINDOW_CLOSED 64109
C_PLAYER_FLYING_LOCATION 60332
C_PLAYER_LOCATION 61655
C_PRESS_SKILL 20739
C_PUT_WARE_ITEM 57673
C_REGISTER_ENCHANT_ITEM 27792
C_REGISTER_EVOLUTION_ITEM 43433
C_REGISTER_PARTY_INFO 55554
C_REMOVE_BLOCKED_USER 39895
C_REPLY_THROUGH_ARBITER_CONTRACT 23420
C_REQUEST_ABNORMALITY_TOOLTIP_VALUE 56182
C_REQUEST_CANDIDATE_LIST 33239
C_REQUEST_CONTRACT 34899
C_REQUEST_ENCHANT 64123
C_REQUEST_EVOLUTION 44018
C_REQUEST_GAMESTAT_PING 24098
C_REQUEST_NONDB_ITEM_INFO 35775
C_REQUEST_PARTY_INFO 64821
C_REQUEST_PARTY_MATCH_INFO 61398
C_REQUEST_PARTY_MATCH_INFO_PAGE 41567
C_REQUEST_PARTY_MATCH_LINK 42975
C_REQUEST_PRIVATE_CHANNEL_INFO 29629
C_REQUEST_USER_PAPERDOLL_INFO 20755
C_REQUEST_USER_PAPERDOLL_INFO_WITH_GAMEID 58455
C_RESET_ALL_DUNGEON 57932
C_RETURN_TO_LOBBY 23257
C_REVIVE_NOW 53659
C_RQ_COMMIT_DECOMPOSITION_CONTRACT 65461
C_RQ_SKILL_POLISHING_CHANGE_OPTION 35033
C_RQ_START_SOCIAL_ON_PROGRESS_DECOMPOSITION 60518
C_SAVE_CLIENT_ACCOUNT_SETTING 35802
C_SAVE_CLIENT_USER_SETTING 40143
C_SECOND_PASSWORD_AUTH 34591
C_SELECT_USER 33003
C_SET_VISIBLE_RANGE 59375
C_SHOW_ITEMLIST 63563
C_SHOW_ITEM_TOOLTIP_EX 30152
C_SOCIAL 57900
C_START_COMBO_INSTANT_SKILL 61021
C_START_ENCHANT 34247
C_START_EVOLUTION 45374
C_START_INSTANCE_SKILL 49469
C_START_INSTANCE_SKILL_EX 41033
C_START_PRODUCE 63251
C_START_SKILL 50600
C_START_TARGETED_SKILL 57280
C_TRADE_BROKER_DEAL_CONFIRM 40867
C_TRADE_BROKER_REJECT_SUGGEST 45887
C_TRY_LOOT_DROPITEM 21578
C_UNMOUNT_VEHICLE 30035
C_UNREGISTER_ENCHANT_ITEM 24318
C_UNREGISTER_EVOLUTION_ITEM 42195
C_UNREGISTER_PARTY_INFO 54233
C_UPDATE_FRIEND_INFO 30229
C_UPDATE_REACTION_POS 22423
C_USE_ITEM 24160
C_USE_PREMIUM_SLOT 44147
C_VIEW_WARE 52626
C_VISIT_NEW_SECTION 57252
C_WHISPER 59621
S_ABNORMALITY_BEGIN 56210
S_ABNORMALITY_DAMAGE_ABSORB 44196
S_ABNORMALITY_END 30075
S_ABNORMALITY_FAIL 57244
S_ABNORMALITY_REFRESH 22811
S_ABNORMALITY_RESIST 59348
S_ABNORMALITY_SCALE_UP 31929
S_ABNORMALITY_TOOLTIP_VALUE 31267
S_ACCEPT_CONTRACT 37963
S_ACCOMPLISH_ACHIEVEMENT 46376
S_ACCOUNT_PACKAGE_LIST 59817
S_ACTION_END 21859
S_ACTION_STAGE 46788
S_ADMIN_HOLD_CHARACTER 41742
S_AERO 64507
S_AIR_REACTION_END 59559
S_ANNOUNCE_UPDATE_NOTIFICATION 23598
S_ANSWER_INTERACTIVE 22073
S_APPLY_TITLE 28552
S_ASK_BIDDING_RARE_ITEM 25536
S_ASK_TELEPORT 57487
S_AVAILABLE_EVENT_MATCHING_LIST 33037
S_AVAILABLE_SOCIAL_LIST 58796
S_BAN_PARTY 22536
S_BAN_PARTY_MEMBER 22949
S_BATTLE_FIELD_ENTRANCE_INFO 37935
S_BATTLE_FIELD_POINT_STORE_SELL_LIST 61202
S_BEGIN_THROUGH_ARBITER_CONTRACT 32319
S_BOSS_GAGE_INFO 58318
S_CANCEL_CONTRACT 56496
S_CANNOT_START_SKILL 54248
S_CAN_LOCKON_TARGET 34005
S_CHANGE_DESTPOS_PROJECTILE 27817
S_CHANGE_EP_EXP_DAILY_LIMIT 50107
S_CHANGE_EP_POINT 49223
S_CHANGE_FRIEND_STATE 59527
S_CHANGE_GUILD_CHIEF 43902
S_CHANGE_PARTY_MANAGER 35400
S_CHANGE_VOICE_USE_QAC 23739
S_CHAT 32107
S_CHECK_TO_READY_PARTY 51745
S_CHECK_TO_READY_PARTY_FIN 21968
S_CLEAR_ALL_HOLDED_ABNORMALITY 45717
S_COLLECTION_PICKEND 30865
S_COLLECTION_PICKSTART 35026
S_COMPLETE_EVENT_MATCHING_QUEST 33216
S_CONNECT_SKILL_ARROW 42760
S_CREATURE_CHANGE_HP 21245
S_CREATURE_LIFE 27284
S_CREATURE_ROTATE 35923
S_CREST_APPLY 43099
S_CREST_INFO 45131
S_CREST_MESSAGE 57910
S_CURRENT_CHANNEL 27939
S_CUSTOM_STYLE_SYSTEM_MESSAGE 58404
S_DEAD_LOCATION 36540
S_DECREASE_COOLTIME_SKILL 53281
S_DEFEND_SUCCESS 49606
S_DELETE_FRIEND 42716
S_DESPAWN_BONFIRE 64681
S_DESPAWN_BUILD_OBJECT 54097
S_DESPAWN_COLLECTION 21944
S_DESPAWN_DROPITEM 58359
S_DESPAWN_EVENT_SEED 31445
S_DESPAWN_NPC 40918
S_DESPAWN_PROJECTILE 60295
S_DESPAWN_SHUTTLE 39524
S_DESPAWN_USER 60654
S_DIALOG 34991
S_DUNGEON_CAMERA_SET 22152
S_DUNGEON_CLEAR_COUNT_LIST 40294
S_DUNGEON_COOL_TIME_LIST 55144
S_DUNGEON_EVENT_MESSAGE 25101
S_EACH_SKILL_RESULT 54226
S_ENABLE_DISABLE_SELLABLE_ITEM_LIST 26236
S_END_CHANGE_USER_APPEARANCE 33370
S_END_PRODUCE 55871
S_END_USER_PROJECTILE 42596
S_EP_SYSTEM_DAILY_EVENT_EXP_ON_OFF 41919
S_EXIT 54608
S_F2P_PremiumUser_Permission 43802
S_FACIAL_ATTACHMENT_BROADCAST 27019
S_FATIGABILITY_POINT 24412
S_FEARMOVE_END 23331
S_FEARMOVE_STAGE 20112
S_FIELD_EVENT_ON_ENTER 31521
S_FIELD_EVENT_ON_LEAVE 42358
S_FIELD_EVENT_PROGRESS_INFO 22827
S_FIELD_POINT_INFO 58400
S_FIN_INTER_PARTY_MATCH 55126
S_FIX_VEHICLE_PROGRESS 23315
S_FONT_SWAP_INFO 49087
S_FRIEND_LIST 41233
S_GACHA_END 36058
S_GACHA_START 23702
S_GET_IN_SHUTTLE 64972
S_GET_OUT_SHUTTLE 30440
S_GET_USER_GUILD_LOGO 32250
S_GET_USER_LIST 26457
S_GMEVENT_GUIDE_MESSAGE 48022
S_GMEVENT_OX_QUIZ_OPEN 56200
S_GMEVENT_OX_QUIZ_RESULT 49761
S_GMEVENT_RECV_REWARD 34227
S_GRANT_SKILL 37402
S_GROUP_NPC_LOCATION 52871
S_GUILD_MEMBER_LIST 58625
S_GUILD_NAME 63297
S_GUILD_STORE_SELL_LIST 44159
S_GUILD_TOWER_INFO 27774
S_HIT_COMBO 31324
S_HOLD_ABNORMALITY_ADD 30329
S_IMAGE_DATA 41432
S_INSTANCE_ARROW 50756
S_INSTANT_DASH 22102
S_INSTANT_MOVE 23773
S_INVEN_CHANGEDSLOT 44411
S_INVEN_USERDATA 58140
S_ITEMLIST 48029
S_ITEM_COLORING_BAG 41589
S_ITEM_CUSTOM_STRING 54985
S_ITEM_EXPLOSION_RESULT 57202
S_JOIN_PRIVATE_CHANNEL 33255
S_LEARN_EP_PERK 43966
S_LEAVE_GUILD 49621
S_LEAVE_PARTY 52162
S_LEAVE_PARTY_MEMBER 39566
S_LEAVE_PRIVATE_CHANNEL 26541
S_LOADING_SCREEN_CONTROL_INFO 50568
S_LOAD_ACHIEVEMENT_LIST 57788
S_LOAD_CLIENT_ACCOUNT_SETTING 52869
S_LOAD_CLIENT_USER_SETTING 28404
S_LOAD_DUNGEON_SOUND_HINT 34357
S_LOAD_EP_INFO 51790
S_LOAD_TOPO 59432
S_LOCKON_YOU 35321
S_LOGIN 62054
S_LOGIN_ACCOUNT_INFO 27405
S_LOGOUT_PARTY_MEMBER 28025
S_MOUNT_VEHICLE 39294
S_MOUNT_VEHICLE_EX 26384
S_MOVE_SHUTTLE 61245
S_MUTE 48264
S_NOCTAN_VARIATION_INFO 48397
S_NOTIFY_GUILD_QUEST_URGENT 37051
S_NOTIFY_TO_FRIENDS_WALK_INTO_SAME_AREA 51516
S_NPCGUILD_LIST 22886
S_NPC_CHANGE_MESH 65435
S_NPC_LOCATION 37118
S_NPC_MENU_SELECT 31243
S_NPC_OCCUPIER_INFO 37983
S_NPC_STATUS 34494
S_NPC_TARGET_USER 27634
S_OPEN_AWESOMIUM_WEB_URL 32087
S_OTHER_USER_APPLY_PARTY 64886
S_PARTY_INFO 35693
S_PARTY_MARKER 27046
S_PARTY_MATCH_LINK 58020
S_PARTY_MEMBER_ABNORMAL_ADD 50896
S_PARTY_MEMBER_ABNORMAL_CLEAR 30153
S_PARTY_MEMBER_ABNORMAL_DEL 42112
S_PARTY_MEMBER_ABNORMAL_REFRESH 39675
S_PARTY_MEMBER_BUFF_UPDATE 55603
S_PARTY_MEMBER_CHANGE_HP 52837
S_PARTY_MEMBER_CHANGE_MP 64925
S_PARTY_MEMBER_CHANGE_STAMINA 58766
S_PARTY_MEMBER_INFO 48832
S_PARTY_MEMBER_INTERVAL_POS_UPDATE 53327
S_PARTY_MEMBER_LIST 59667
S_PARTY_MEMBER_QUEST_DATA 56470
S_PARTY_MEMBER_STAT_UPDATE 44208
S_PLAYER_CHANGE_ACTPOINT 37945
S_PLAYER_CHANGE_ALL_PROF 28876
S_PLAYER_CHANGE_EP 62080
S_PLAYER_CHANGE_EXP 36161
S_PLAYER_CHANGE_FLIGHT_ENERGY 26975
S_PLAYER_CHANGE_MP 20354
S_PLAYER_CHANGE_PROF 32958
S_PLAYER_CHANGE_STAMINA 34854
S_PLAYER_RESET_EP 39179
S_PLAYER_STAT_UPDATE 51405
S_PLAY_ANIMATION 53408
S_PLAY_EFFECT 38245
S_PLAY_EVENT_SOUND 57830
S_PLAY_MOVIE 50028
S_PLAY_SOUND 64651
S_PLAY_SOUND_BYNAME 46186
S_POINT_STORE_SELL_LIST 33487
S_POST_PROCESS 60542
S_PREMIUM_SLOT_DATALIST 51991
S_PREMIUM_SLOT_OFF 53852
S_PREPARE_EXIT 57453
S_PREPARE_RETURN_TO_LOBBY 43307
S_PRIVATE_CHANNEL_NOTICE 34714
S_PRIVATE_CHAT 48427
S_PRODUCE_CRITICAL 63348
S_QUEST_BALLOON 50194
S_QUEST_VILLAGER_INFO 32822
S_REGISTER_ENCHANT_ITEM 44402
S_REGISTER_EVOLUTION_ITEM 49971
S_REJECT_CONTRACT 60536
S_REMOVE_EFFECT 39997
S_REPLY_CLIENT_CHAT_OPTION_SETTING 31993
S_REPLY_NONDB_ITEM_INFO 21743
S_REPLY_REQUEST_CONTRACT 53675
S_REQUEST_CONTRACT 26994
S_REQUEST_DESPAWN_SERVANT 53719
S_REQUEST_PRIVATE_CHANNEL_INFO 33903
S_REQUEST_REACTION_POS_TICK 26937
S_REQUEST_SECOND_PASSWORD_AUTH 49379
S_REQUEST_SERVANT_INFO_LIST 45340
S_REQUEST_SPAWN_SERVANT 35660
S_RESET_EP_PERK 30742
S_RESPONSE_GAMESTAT_PONG 63228
S_RESULT_BIDDING_DICE_THROW 20277
S_RESULT_EVENT_SEED 29651
S_RESULT_ITEM_BIDDING 57967
S_RETURN_TO_LOBBY 52631
S_RP_SKILL_POLISHING_LIST 55934
S_SELECT_USER 35579
S_SHORTCUT_CHANGE 28636
S_SHOW_AWESOMIUMWEB_SHOP 53135
S_SHOW_CANDIDATE_LIST 61741
S_SHOW_HP 35833
S_SHOW_ITEM_TOOLTIP 22086
S_SHOW_PARTY_MATCH_INFO 57189
S_SHOW_PEGASUS_MAP 21390
S_SHOW_USER_EP_INFO 65417
S_SKILL_ATTENTION_TARGET 21477
S_SKILL_CATEGORY 30793
S_SKILL_LIST 57382
S_SOCIAL 53006
S_SPAWN_BONFIRE 55345
S_SPAWN_BUILD_OBJECT 35513
S_SPAWN_COLLECTION 24308
S_SPAWN_DOOR 32800
S_SPAWN_DROPITEM 41375
S_SPAWN_EVENT_SEED 64084
S_SPAWN_ME 33637
S_SPAWN_NPC 53112
S_SPAWN_PROJECTILE 57562
S_SPAWN_SHUTTLE 33551
S_SPAWN_USER 37833
S_SPAWN_WORKOBJECT 25725
S_START_ACTION_SCRIPT 34988
S_START_CHANGE_USER_APPEARANCE 61044
S_START_CLIENT_CUSTOM_SKILL 46856
S_START_CLIMBING 43747
S_START_COOLTIME_ITEM 56215
S_START_COOLTIME_SKILL 33966
S_START_INVERSE_CAPTURE 49994
S_START_PRODUCE 51812
S_START_USER_PROJECTILE 39219
S_STEER_DEBUG_COMMAND 35951
S_STICK_TO_USER_END 45136
S_STICK_TO_USER_START 38879
S_STORE_SELL_LIST 31614
S_SUCCESS_COUNTER 61295
S_SYSTEM_MESSAGE 62222
S_SYSTEM_MESSAGE_LOOT_ITEM 47742
S_SYSTEM_MESSAGE_LOOT_SPECIAL_ITEM 45405
S_TARGET_INFO 30916
S_TBA_SELECT_USER 38788
S_TELEPORT_TO_CAMP 32906
S_TIMEOVER_CONTRACT 56517
S_TRADE_BROKER_DEAL_INFO_UPDATE 47584
S_TRADE_BROKER_DEAL_SUGGESTED 60800
S_TRADE_BROKER_REQUEST_DEAL_RESULT 53478
S_UNICAST_TRANSFORM_DATA 44789
S_UNMOUNT_VEHICLE 32053
S_UNMOUNT_VEHICLE_EX 34613
S_UPDATE_ACHIEVEMENT_PROGRESS 34892
S_UPDATE_EVENT_SEED_STATE 65283
S_UPDATE_FRIEND_INFO 23717
S_UPDATE_GUILD_QUEST_STATUS 37029
S_UPDATE_NPCGUILD 63007
S_USER_APPEARANCE_CHANGE 35050
S_USER_BLOCK_LIST 30539
S_USER_CHANGE_FACE_CUSTOM 32453
S_USER_CHANGE_NAME 36267
S_USER_DEATH 23261
S_USER_EFFECT 42474
S_USER_EXTERNAL_CHANGE 58700
S_USER_LEVELUP 32671
S_USER_LOCATION 40657
S_USER_LOCATION_IN_ACTION 60680
S_USER_MOVETYPE 49280
S_USER_PAPERDOLL_INFO 54133
S_USER_SITUATION 56452
S_USER_STATUS 30143
S_USER_WEAPON_APPEARANCE_CHANGE 54065
S_VIEW_PARTY_INVITE 55981
S_VIEW_WARE_EX 40858
S_VISIT_NEW_SECTION 23075
S_VOTE_RESET_ALL_DUNGEON 63363
S_WEAK_POINT 26255
S_WHISPER 38641
TTB_S_CHANGE_HERO 47587
TTB_S_LOAD_EP_PAGE 39208
S_ABNORMALITY_EXTRA 37725
S_ADMIN_CHECK_USERNAME 29845
S_ADMIN_GM_SKILL 25790
S_ARENA_END_FIGHT 24304
S_ARENA_FIGHTER_CHANGE_HP 48287
S_ARTISAN_RECIPE_LIST 25086
S_ARTISAN_SKILL_LIST 22443
S_BATTLE_FIELD_PARTY_MARKER 22334
S_BATTLE_FIELD_PARTY_MARKER_CLEAR 30852
S_BATTLE_FIELD_SCORE 44817
S_BATTLE_FIELD_STATE 55781
S_BATTLE_FIELD_STRONGHOLD_NONE_STATE 20134
S_CANNON_BATTLE_FIELD_CRASH_DOOR 59199
S_CANNON_BATTLE_FIELD_GUARDTOWER_STATUS 41720
S_END_LEVEL_COMPENSATION 63157
S_ENEMY_BATTLE_FIELD_COMMANDER_CHANGED 26331
S_FIN_KUMAS_BATTLE_FIELD 47082
S_FIN_ROUND_PVE_BATTLE_FIELD 39126
S_FIN_SNOW_EVENT_BATTLE_FIELD 64066
S_FREE_FIGHT_BATTLE_FIELD_MY_WARPOINT_INFO 33060
S_HUDDLE_ADDING 63607
S_INIT_KUMAS_BOSS_INFO 61530
S_INIT_ROUND_PVE_BATTLE_FIELD 46654
S_INIT_ROUND_PVP_BATTLE_FIELD 51492
S_INIT_SNOW_EVENT_BATTLE_FIELD 41850
S_INIT_WORLD_OF_TANK_BATTLE_FIELD 64371
S_ITEM_TRANSFORM_DATA 22175
S_KUMAS_BOSS_CHANGE_INFO 21344
S_PLAYTIME 47510
S_PLAYTIME_EVENT_REWARD_DATA 26604
S_PROMOTION_INFO 53942
S_PROMOTION_PROCESS 62932
S_PROMOTION_SUCCESS 46038
S_REWARDNPC_SPAWN_ALARM 43508
S_ROUND_PVE_CLOSE_SKILL_UI 41632
S_ROUND_PVE_OPEN_SKILL_UI 60239
S_ROUND_RESULT 40695
S_ROUND_START 38907
S_SEND_ROUND_PVE_SKILL_LIST 44640
S_SET_RECIPE_BOOKMARK 58858
S_SHOW_ARTISAN_MENU 53570
S_SNOW_EVENT_BATTLE_FIELD_SPAWN_USER 34665
S_STAGE_RESULT 33484
S_START_LEVEL_COMPENSATION 58772
S_START_ROUND_PVE_ROUND 31410
S_TOKEN_POINT_STATUS 60778
S_ACTIVATE_CARD_COMBINE_LIST 64967
S_ACTIVATE_CARD_COMBINE_LIST_DATA 27922
S_ADD_BLOCKED_USER 50643
S_BOARD_ITEM_LIST 28647
S_CARD_DATA_RESET 56035
S_CHANGE_CARD_PRESET 56506
S_CHANGE_CITY_WAR_STATE 51602
S_CITY_WAR_NPC_INFO 62720
S_DESTROY_GUILD_TOWER 20345
S_CONFIRM_INVITE_CODE_BUTTON 54301
S_DEACTIVATE_CARD_COMBINE_LIST 27875
S_DELETE_GUILD_TOWER_MY_GUILD 21152
S_ENTER_CITY_WAR 26726
S_INCREASE_CARD_PRESET 64057
S_INVITE_CODE_EXPIRE_TIME 34107
S_INVITE_COMPENSATION_GUIDE 43271
S_INVITE_FRIEND_CODE 20148
S_LEAVE_CITY_WAR 41627
S_MOUNT_CARD 38545
S_NOTIFY_ACTIVE_BUILD_TERRITORY_STATE 20352
S_PURCHASE_PROD 28550
S_RECEIVE_COLLECTION_BOOK_REWARD 64054
S_REMOVE_BLOCKED_USER 24995
S_REQUEST_CITY_WAR_MAP_INFO_DETAIL 20620
S_REQUEST_JOINED_CHANNEL_LIST 20972
S_SET_AWESOMIUM_WEB_URL 50520
S_START_CHAT_BAN 28127
S_START_CHAT_BAN_INFINITY 20781
S_UNMOUNT_CARD 49079
S_BOSS_GAGE_PRIORITY 42031
S_CHANGE_MODE 33799
S_CHANGE_NAME_STRING 43898
S_CHANGE_PK_INFO 43655
S_CLEAR_WORLD_QUEST_VILLAGER_INFO 46533
S_COUPON_LIST 58771
S_DIRECTION_WEAKNESS_BEGIN 35226
S_DIRECTION_WEAKNESS_END 55657
S_DUNGEON_NEWBIE 34248
S_HIDE_HP 47257
S_LOAD_HINT 41113
S_MY_DESCRIPTION 38707
S_PARTY_NOTIFY_MY_POSITION 45611
S_PLAYER_CHANGE_DRAIN 55028
S_REQUEST_DEMOLIST_GUILD_TOWER_POPUP 20370
S_SET_VISIBLE 26560
S_SHOW_GAGE 49233
S_SHOW_NAME_PLATE_ICON 31676
S_SOCIAL_CANCEL 25448
S_SYS_PARTY_INFO 29895
S_UPDATE_USER_AWAKEN_GRADE 28322
S_USER_ITEMLEVEL_INFO 62855
S_VILLAGE_LIST_TO_TELEPORT 37108
S_VISIT_NEW_TEL_CAMP 42419
S_WORLD_QUEST_VILLAGER_INFO 52076
S_CAST_FISHING_ROD 60261
S_DARK_RIFT_ALL_DESPAWN_WORLD_NOTI 22480
S_DARK_RIFT_AVAILABLE_QUEST_USER_COUNT 62089
S_DARK_RIFT_CHANGE_AREA_WORLD_NOTI 40826
S_DARK_RIFT_MAIN_DEFENCE_CHANGE_HP 60672
S_DARK_RIFT_QUEST_INFO 43740
S_DARK_RIFT_SYNC_TIME 65341
S_DIALOG_EVENT 55588
S_DUNGEON_UI_HIGHLIGHT 39415
S_DUNGEON_VISIBLE_BG 51638
S_DUNGEON_WORK_ENTER 47483
S_DUNGEON_WORK_LIST 40025
S_DUNGEON_WORK_RESULT 37293
S_DUNGEON_WORK_UPDATE 55034
S_ENCHANT_SCROLL_RESULT 65460
S_END_DARKRIFT_USER_HP 34240
S_EVENT_INFO 59825
S_FAIL_ENCHANT 47288
S_FESTIVAL_LIST 36686
S_FEUDAL_LORD_FLAG_INFO 53263
S_FIELD_EVENT_GUIDE 56471
S_FIELD_EVENT_PROGRESS_TIMER 48328
S_FIELD_POINT_REWARD_INFO_LIST 65258
S_FISHING_BITE 54454
S_FISHING_CATCH 51140
S_GAMBLE_CHANGE_BET_ITEM 44812
S_GAMBLE_END 48159
S_GAMBLE_RESULT 28077
S_GET_ATTENDANCE_REWARD 62718
S_GET_EVENT_DETAIL 30598
SU_TERA_LAG_LOG_STRING 41532
S_MAIN_MENU_COMMAND 53818
SU_NEW_IM_2 49239
SU_NEW_IM_7 63416
SU_NEW_IM_6 35812
SU_NEW_IM_5 59031
SU_NEW_IM_3 35024
SU_NEW_IM_4 26848
S_OPEN_EPPERK_RESET_POPUP 41193
S_OPEN_EXPAND_INVEN_WINDOW 59477
S_REGIST_ENCHANT_SUB_ITEM 49353
S_REPLY_RET_VILLAGE_INFO 45497
S_REQUEST_DUNGEON_MATCHING_UI 49355
S_SEND_USER_PLAY_TIME 42976
SU_TERA_LAG_LOG_INFO 37109
S_SET_NEW_TERA_USER 40674
S_SHOW_DARKRIFT_USER_HP 33297
S_SPAWN_GAMBLE_BOX 36143
S_SPAWN_PET 31704
S_START_FISHING_CHARGE 56234
S_START_FISHING_MINIGAME 50970
S_STORE_BASKET 34678
S_STR_EVALUATE_LIST 45595
S_STYLE_SHOP_BUY_TCAT_ITEM 35851
S_SUGGEST_DARK_RIFT_PARTY_MATCHING 35059
S_TERRITORY_STEP_ENTER 57671
S_TERRITORY_STEP_LEAVE 22009
S_TERRITORY_STEP_PROGRESS 58731
S_UPDATE_EVENT_SYSTEM 63857
S_USER_ITEM_EQUIP_CHANGER 38615
S_VIEW_INTER_PARTY_MATCH_DUNGEON_LIST 63282
S_VILLAGER_BUFF_INFO 61967
S_WATCHED_MOVIES 38820
S_CHECK_TO_OPPOSITE_DECLARE_GUILD_WAR 25028
S_COUNTDOWN_GROUP_DUEL 57174
S_CREATE_GUILD_RESULT 35438
S_GROUP_DUEL_RECORD 64604
S_END_STYLE_SHOP_MARK_PRODUCT 33969
S_GMEVENT_END_EVENT 27826
S_GMEVENT_OFF_GUIDE_MESSAGE 56960
S_GMEVENT_OX_QUIZ_USER_STATUS 55550
S_GMEVENT_OX_REPE_QUIZ_OPEN 50225
S_GMEVENT_WRITE_EVENTBOARD 58055
S_GROUP_DUEL_FIN 43564
S_GROUP_DUEL_INIT 45427
S_GUILD_APPLY_COUNT 51354
S_HANCOIN_AMOUNT 24397
S_OPEN_GUILD_LOGO_WINDOW 55465
S_REMOVE_GUILD_GROUP 63367
S_REMOVE_GUILD_MEMBER 49741
S_REQUEST_COOLTIME_TO_JOIN_GUILD 61986
S_REQUEST_JOIN_GUILD_NOTICE 61919
S_RESET_ALL_PRODUCT_MARK_EVENT 34419
S_RESULT_GROUP_DUEL_MSG 41367
S_SET_GUILD_JOIN_CONDITION 43659
S_START_GUILD_WAR 65528
S_UPDATE_GUILD_GROUP 35385
S_UPDATE_STYLE_SHOP_MARK_PRODUCT 43844
S_BONFIRE_STATUS 51124
S_BREAK_SHIELD_END 64961
S_BROADCAST_CLIMBING 57245
S_CANCEL_PREPARE_CHANGE_USER_APPEARANCE 54034
S_CANT_FLY_ANYMORE 58792
S_CHECK_CHANGE_GUILDNAME 56749
S_COMPLETE_CHRONOSCROLL_USE 61195
S_COMPLETE_QUEST 36092
S_CONTENTS_TIMER 63873
S_CONTRACT_PET_LEVEL_UP_ITEM_LIST_UPDATE 62856
S_RACE_CHANGE_RESTRICTION 47890
S_DAILY_QUEST_COMPLETE_COUNT 31823
S_DUNGEON_LOOK_AT_NPC 39622
S_DUNGEON_TIMER 35078
S_DUNGEON_VEHICLE_REPAIRABLE 37920
S_END_PEGASUS 43349
S_EQUIP_SERVANT_ITEM 28539
S_FINDNAME 63837
S_GUARD_PK_POLICY 57687
S_INGAME_CHANGE_USER_APPEARANCE_START 30243
S_INIT_SEREN_GUIDE 34583
S_INSTANT_CATCH 40564
S_INSTANT_THROW 22426
S_INTERACTION_RESULT 22694
S_LORD_OPEN_CANDIDATE_WINDOW 31989
S_LORD_OPEN_REGISTER_WINDOW 55381
S_LORD_OPEN_VOTE_WINDOW 29451
S_LORD_POLICY_SET 23741
S_LORD_RANK_INFO 35883
S_LORD_REGISTER_INFO 30418
S_LORD_TAX_SET 54336
S_LORD_VOTE_CANDIDATE_LIST 55348
S_MINIGAME_RANK_END_POINT 37493
S_MINIGAME_START 46478
S_NOTIFY_BATTLE_FIELD_CHAT_BAN 41755
S_NOTIFY_DISCONNECT_BY_LEVEL_LIMIT 25847
S_NPC_INTERACTION_COMBO_INFO 28069
S_NPC_PARTIAL_DESTRUCT 61197
S_NPC_PART_BLINK 30247
S_NPC_PART_BREAK_ACTIVE 33666
S_SEND_CHANGE_REPUTATION_POINT 31861
S_OPEN_GUARD_INFO_WINDOW 36216
S_PARCEL_READ_RECV_STATUS 62062
S_PETITION_CANCEL 22945
S_PETITION_CHAT_BEGIN 57961
S_PETITION_CHAT_GM_MESSAGE 38288
S_PETITION_CHECK_CREATABLE 47893
S_PETITION_CHECK_SURVEYABLE 61124
S_PETITION_COMPLETE 39596
S_PETITION_CREATE 34017
S_PETITION_FORCE_CREATE 50853
S_PETITION_INFO 31940
S_PLAYER_CHANGE_NOCTAN_COUNT 38620
S_POSITION_SWAP 35229
S_PREMIUM_COMPOSE_ADD_ITEM 41699
S_PREMIUM_COMPOSE_DEL_ITEM 32621
S_PREMIUM_COMPOSE_RESET 23965
S_PREMIUM_COMPOSE_RESULT 22723
S_PREMIUM_COMPOSE_START 58549
S_PREMIUM_COMPOSE_UI_INFO 50724
S_PROTECT 30501
S_PUSHED_BY_SHIELD 22771
S_QUEST_INFO 49121
S_REQUEST_PET_CONSUME_EXP_ITEM 47567
S_REQUEST_SERVANT_COMPOSE 55816
S_REQUEST_SERVANT_EVOLUTION 32220
S_REQUEST_SERVANT_LEVEL_UP 21211
S_RESET_SKILL 24732
S_RESPONSE_SERVANT_ADVENTURE_END_TIME_BY_FIELD_ID 29374
S_RESPONSE_SERVANT_ADVENTURE_LIST 43176
S_RESPONSE_SERVANT_ADVENTURE_REDUCE_TIME 55424
S_RESULT_BATTLE_FIELD_CHAT_BAN 46486
S_RESULT_CHANGE_DUAL_OPTION_IDX 22244
S_RESULT_ITEM_COLORING 27676
S_RESULT_SEREN_GUIDE 60791
S_RESULT_USABLE_CHARACTER_NAME 51329
S_RETURN_USER 63485
S_RETURN_USER_REWARD_END 27728
S_REWRITE_ITEM_STRING 21414
S_SET_FLY_MOVE_INFO 29987
S_SET_SEND_PARCEL_ITEM 36355
S_SET_SEND_PARCEL_MONEY 29688
S_SHOW_PARCEL_MESSAGE 43987
S_SKILL_CHASE_EFFECT_TARGET 46764
S_SKILL_FORGET 46638
S_SKILL_LEARN_LIST 63468
S_SKILL_LEARN_RESULT 44175
S_SKILL_PERIOD 40972
S_SKILL_TARGETING_AREA 29899
S_SPAWN_REMOTE_PROJECTILE 24258
S_START_COOLTIME_SERVANT_SKILL 37160
S_START_PEGASUS 38295
S_SWITCH_INFO 32424
S_SYNC_PEGASUS_TIME 56655
S_TASK_INFO_GUARD 30693
S_TOGGLE_TASK_INFO_WINDOW 23703
S_UPDATE_PARTY_MEMBER_QUEST_DATA 22725
S_UPDATE_SERVANT_INFO 64247
S_USER_FLYING_LOCATION 42141
S_USE_CHRONOSCROLL_RESULT 44233
S_USE_JUMPGEAR 54050
S_VEHICLE_EX_ARROW 34561
S_VILLAGER_POPUP_DIALOG 22631
S_ADMIN_NOTICE 41734
S_ADMIN_VIP_TEST 23577
S_BUY_VIP_STORE_ITEM_SUCCESS 47975
S_CAMERA_SHAKE 30830
S_CAN_CREATE_USER 28786
S_CHANGE_USER_NAME_RESULT 34891
S_CHECK_USERNAME 34008
S_CREATE_USER 29024
S_DEFAULT_ANIM_CHANGE 33936
S_DUNGEON_CHANGE_NPC_ANIMSET 59138
S_EMITTER 23661
S_EMITTER_SET_Z 25192
S_END_FIX_SPIRIT 30670
S_END_FIX_VEHICLE 57532
S_END_STACK_ATTENDANCE_EVENT_INFO 35955
S_FIX_SPIRIT_COMPLETE 29703
S_FIX_SPIRIT_PROGRESS 40773
S_INTEREST_INFO 54023
S_LOGIN_ARBITER 37542
SU_USER_LOOT_ITEM 20546
S_MATERIAL_PARAM_CHANGE 49996
S_NAME_PREEMPTION_EVENT_INFO 36898
S_NOTIFY_USER_SKILL_POLISHING_LEVEL_UP 46973
S_NPC_SCALE 22680
S_NPC_TRANSLATIONZ 31561
S_OP_COMMAND 51819
S_PING 38417
S_PLAYER_AUTOPILOT 45212
S_PLAYER_VEHICLE_EX_STAT_UPDATE 20069
S_PLAY_MAGNETIC 34997
S_PREPARE_DONE_WORKOBJECT 41411
S_REMAIN_PLAY_TIME 61857
S_REMOVE_SOUND_BYNAME 49473
S_REQUEST_UPDATE_CUSTOM_USER_CUSTOMIZING 32223
S_SAVE_CLIENT_UI_SETTING 63313
S_SECOND_PASSWORD_AUTH_RESULT 63901
S_SECOND_PASSWORD_REGISTER_RESULT 61127
S_SEND_VIP_SYSTEM_INFO 28866
S_SET_WORKOBJECT 22488
S_SHOW_DEAD_UI 22781
S_SHOW_REVIVE_UI 20556
S_SIMPLE_TIP_REPEAT_CHECK 26120
S_START_FIX_SPIRIT 20558
S_START_FIX_VEHICLE 56475
S_START_STACK_ATTENDANCE_EVENT_INFO 23106
S_SYSTEM_REWARD_MESSAGE 59982
S_TRADE_BROKER_BUY_IT_NOW 60500
S_TRADE_BROKER_SUGGEST_DEAL 28774
S_TUTORIAL_PLAY_FINISHED 33955
S_USER_AIM 37728
S_WAITING_LIST 51258
S_WORK_WORKOBJECT 32611
S_SURVEY_QUESTION 36017
S_CLIENT_COMMAND 50905
S_DUNGEON_GUIDE_ON 56039
S_CHANGE_FREE_FIGHT_BATTLE_FIELD_RANKING 54635
S_CHANGE_LOOKS_PREMIUM_RESULT 62879
S_DUNGEON_RECORD_INFO 62023
S_REQUEST_WRITE_BOARD_RESULT 63105
S_BYE_PET 31691
S_NPC_SITUATION 21816
S_ADD_INTER_PARTY_MATCH_POOL 50992
S_ATTENDANCE_EVENT_REWARD_COUNT 57210
S_BATTLE_FIELD_POINT_STORE_BASKET 56432
S_DARK_RIFT_DEFENCE_OBJECT_INIT 46607
S_DARK_RIFT_DESPAWN_WORLD_NOTI 40642
S_SHOW_DUNGEON_RETRY_UI 32702
S_TRADE_BAG_CLOSE 43301
S_UNICAST_FLOATING_CASTLE_INFO 58574
S_UNREGISTER_COMBINE_ITEM 38603
S_GMEVENT_OX_REPE_QUIZ_RESULT 27661
S_ADD_NEW_EVENT_MATCHING_QUEST 20411
S_ADMIN_DELETE_QUEST 64019
S_CLEAR_QUEST_INFO 34406
S_CONFIRM_SERVANT_AUTO_POTION_INFO 42253
S_CURRENT_ELECTION_STATE 64235
S_CURR_FLY_MOVE_INFO 59610
S_FAIL_LOOT_NON_OWNERSHIP 26290
S_INCREASE_SERVANT_STORAGE_COUNT 64862
S_INGAME_CHANGE_USER_APPEARANCE_CANCEL 48178
S_ITEMSYNTHESIZER_RESULT 51982
S_MOVE_DISTANCE_DELTA 25046
S_PENDING_TRANSFORM_DATA 55669
S_RESPONSE_SERVANT_CANCEL_ADVENTURE 40366
S_RESPONSE_SERVANT_LEAVING_FOR_ADVENTURE 20613
S_SHOW_CHANGE_CHARACTER_UI 30999
S_SHOW_CREST_LEARN 60369
S_TRADE_BROKER_HIGHEST_ITEM_LEVEL 32339
S_HOLD_ABNORMALITY_REMOVE 25915
S_REGISTER_REPAIR_ITEM 22183
S_RESULT_EVOLUTION 22151
S_RESULT_REPAIR_ITEM 58749
S_SHOW_TRADE_ITEM 27158
S_SHOW_TRADE_LOG 28413
S_TRADE_BOX 56061
S_TRADE_MESSAGE 30349
S_UNREGISTER_EVOLUTION_ITEM 46169
S_UNREGISTER_REPAIR_ITEM 49126
S_INGAMESHOP_PRODUCT_SUBPROD 49580
S_INGAMESHOP_PRODUCT_TAG 28884
S_PET_DURABILITY_CHANGE 42307
S_PET_INFO_CHANGE 54258
S_REQUEST_INGAMESTORE_PRODUCT_DETAIL 21801
S_REQUEST_INGAMESTORE_SALE_PRODUCTLIST 60340
S_START_VM_SELL 60442
S_STOP_VM 46564
S_VM_BUY_BASKET_INFO 50346
S_VM_SELL_BASKET_INFO 61779
S_PET_INCUBATOR_INFO_CHANGE 64791
S_PET_INCUBATOR_PROGRESS 64447
S_CANCEL_RETURN_TO_LOBBY 24078
S_CANCEL_SELECT_CHANNEL 58773
S_PREPARE_SELECT_CHANNEL 51737
S_FISHING_CATCH_FAIL 51766
S_FISHING_STOP 44928
S_FAIL_GUILD_QUEST 53670
S_FINISH_GUILD_QUEST 31930
S_GUILD_INFO 59571
S_GUILD_LEVEL_INFO_CHANGED 63851
S_GUILD_MONEY_INFO_CHANGED 58587
S_GUILD_QUEST_LIST 51292
S_GUILD_WARE_HISTORY 39344
S_SHOW_GUILD_QUEST_LIST 43517
S_START_GUILD_QUEST 20541
S_CANCEL_VOTE_RESET_ALL_DUNGEON 46345
S_COMPLETE_VOTE 63054
S_PK_END 35149
S_PK_START 27436
S_PVP_LEADER_BOARD_INFO 46884
S_PVP_RANKING_LIST 25338
S_USER_PVE_RANKING 59208
S_USER_PVP_RANKING 51268
S_REQUEST_SERVANT_AUTO_FEED_INFO 50363
S_REQUEST_SERVANT_AUTO_POTION_INFO 35641
S_REQUEST_NAME_PREEMPTION 52228
S_RP_SKILL_POLISHING_CHANGE_OPTION 32242
S_RP_SKILL_POLISHING_EXP_INFO 59984
S_RP_SKILL_POLISHING_UNLOCK_OPTION 48387
S_RP_SKILL_POLISHING_UPGRADE_LEVEL 51131
S_TRADE_BROKER_HISTORY_ITEM_LIST 37746
S_TRADE_BROKER_INPUT_PRICE 20454
S_USER_REPORT 29692
S_CHAT_REPORT 20458
S_CREST_UPGRADE_INFO 51767
S_DUNGEON_RANK_MESSAGE 45909
S_ACCOUNT_BENEFIT_LIST 35040
S_ADMIN_CUSTOM_BOOKMARK_LIST 58532
S_ADMIN_DEFAULT_BOOKMARK_LIST 58416
S_ADMIN_GET_USERINFO_INVEN 48109
S_ADMIN_GET_USERINFO_SKILL 41908
S_ADMIN_GET_USERINFO_WAREHOUSE 31553
S_ADMIN_GET_USER_INFO_BY_DBID 50144
S_ADMIN_GMEVENT_STATUS 28449
S_ARENA_FIGHT_ABNORMALITY_BEGIN 64714
S_ARENA_FIGHT_ABNORMALITY_END 28432
S_ARENA_FIGHT_ABNORMALITY_REFRESH 40378
S_ARENA_OPTIMIZATION 26517
S_ARENA_RESULT 36438
S_ARENA_START_FIGHT 59090
S_BATTLE_FIELD_RESULT 30303
S_BATTLE_FIELD_START_OCCUPATION 38410
S_BATTLE_FIELD_STRONGHOLD_EVENT 40924
S_CHANGE_LOOKS_PREMIUM_START 46822
S_COMMIT_ACCESSORY_TRANSFORM_RESULT 28813
S_DUNGEON_JACKPOT_EVENT_START 35134
S_FIN_WORLD_OF_TANK_BATTLE_FIELD 51611
S_FIN_ROUND_PVE_ROUND 20634
S_FIN_ROUND_PVP_BATTLE_FIELD 36496
S_FIN_KUMAS_BOSS_BATTLE_FIELD 48136
S_FREE_FIGHT_BATTLE_FIELD_BOARD 23966
S_GATE_ATTACK_ALARM 41536
S_GUARDTOWER_ATTACK_ALARM 58057
S_INIT_STRONGHOLD_OCCUPATION_BATTLE_FIELD 40725
S_KUMAS_BATTLE_FIELD_BOARD 64196
S_KUMAS_BATTLE_FIELD_LOOT_ITEM 23970
S_KUMAS_BATTLE_FIELD_RESULT 50967
S_KUMAS_BOSS_BATTLE_FIELD_BOARD 44404
S_KUMAS_BOSS_BATTLE_FIELD_RESULT 38954
S_PLAYTIME_EVENT_END 43399
S_ROUND_PVE_SCORE 55592
S_ROUND_PVP_BATTLE_FIELD_BOARD 38854
S_TRANSFER_KUMAS_BATTLE_FIELD_TREASURE 59304
S_UPDATE_KUMAS_BATTLE_FIELD_TREASURE_INFO 54813
S_UPDATE_KUMAS_BOSS_POS 57471
S_WORLD_OF_TANK_BATTLE_FIELD_BOARD 40179
S_WORLD_OF_TANK_BATTLE_FIELD_RESULT 33977
S_CHANGE_FRIEND_PROFILE 22083
S_CITYWAR_WARNING_UNDERATTACK 36180
S_CITY_WAR_NPC_KILL 35330
S_FRIEND_GROUP_LIST 52480
S_ONGOING_LEVEL_EVENT_LIST 39896
S_REGISTER_CARD 38933
S_REQUEST_CITY_WAR_MAP_INFO 46648
S_REQUEST_CITY_WAR_MAP_INFO_END 39254
S_UPDATE_FRIENDSHIP_GAGE 64758
S_UPDATE_GUILD_TOWER_INFO 26347
S_CANCEL_EXIT 42613
S_COUPON_DATA 41495
S_COUPON_NOTIFY 60522
S_DONE_TEL_CAMP 39614
S_LIST_CHANNEL 50616
S_SELECT_CHANNEL 55846
S_SHOW_NPC_TO_MAP 50652
S_USE_COUPON 36135
S_WELCOME_PET_OWNER 54812
S_DARK_RIFT_CLEAR_MAP_MARKER_WORLD_NOTI 41434
S_DARK_RIFT_DEFENCE_OBJECT_CHANGE_HP 34862
S_DARK_RIFT_DESTORY_OBJECT 64194
S_DARK_RIFT_JOIN_LIST 40418
S_DARK_RIFT_PROGRESS_STEP_WORLD_NOTI 26359
S_DARK_RIFT_REWARD_RESULT 25217
S_DARK_RIFT_SPAWN_WORLD_NOTI 20828
S_DESPAWN_PET 50281
S_DESPAWN_STATUE 25616
S_DIALOG_CLOSE 55963
S_DUNGEON_WORK_POINT_STORE_BASKET 35018
S_DUNGEON_WORK_POINT_STORE_SELL_LIST 32027
S_DUNGEON_WORK_UPDATE_MEDAL_COUNT 32403
S_END_RESTORE_CUSTOMIZING_PARTS_SHAPE 29180
S_END_CUSTOMIZING_PARTS_SHAPE 25186
S_EVENT_GUIDE 33506
S_FIELD_EVENT_CHANNEL_FULL_GUIDE 20407
S_FIELD_EVENT_RANK_LIST 32273
S_GROUP_DUEL_CURRENT_BETTING_ITEM 42217
S_GUILD_STORE_BASKET 55224
S_MEDAL_STORE_BASKET 35950
S_MEDAL_STORE_SELL_LIST 49453
S_NEED_WAREHOUSE_COMMISION 63269
S_ONGOING_FIELD_EVENT_LIST 56421
S_PLAYER_LACK_OF_ACTPOINT 35182
S_POINT_STORE_BASKET 45400
S_POLITICS_POINT_STORE_BASKET 60847
S_POLITICS_POINT_STORE_SELL_LIST 32286
S_REGISTER_COMBINE_ITEM 54014
S_RESULT_COMBINE_ITEM 60377
S_RESULT_ENCHANT 20796
S_SCENARIO_DUNGEON_UI 53665
S_SPAWN_STATUE 45166
S_SUCCESS_STYLE_SHOP_BUY_REPUTATION_ITEM 40192
S_TAX_INFO 31798
S_TRADE_ACCEPT 32251
S_UNREGISTER_ENCHANT_ITEM 20833
S_UPDATE_GAMBLE_BOX_STATE 46002
S_CHECK_TO_DECLARE_GUILD_WAR 23753
S_CITY_WAR_INFO_HISTROY 47199
S_CITY_WAR_SEASON_HISTROY 55170
S_CLOSE_VM_SETTING_WINDOW 29548
S_GMEVENT_CONFIRM_LEAVE_EVENT 45687
S_GMEVENT_ENTER_EVENT 20174
S_GMEVENT_START_EVENT 33458
S_GUILD_APPLY_LIST 32819
S_GUILD_HISTORY 35273
S_GUILD_LEVEL_RANKING_LIST 57248
S_GUILD_PERK_LIST 59900
S_GUILD_POINT_INFO_CHANGED 50754
S_GUILD_WAR_PENALTY_INFO 22503
S_INGAMESHOP_CATEGORY_BEGIN 21654
S_INGAMESHOP_CATEGORY_DATA 31719
S_INGAMESHOP_CATEGORY_END 29673
S_INGAMESHOP_PRODUCT_BEGIN 28987
S_INGAMESHOP_PRODUCT_DATA 53767
S_INGAMESHOP_PRODUCT_END 34443
S_INGAMESHOP_PRODUCT_ITEMID 57100
S_NOTIFY_GUILD_WAR_INFO 57927
S_NOTIFY_GUILD_WAR_STATUS_CHANGE 44061
S_NOTIFY_VM_STATUS 36445
S_OPEN_CITY_WAR_SEASON_HISTORY 55437
S_OPEN_GUILD_WAR_WINDOW 28989
S_OPEN_VM_SELLBUY_WINDOW 36296
S_OPEN_VM_SETTING_WINDOW 50212
S_PET_ATTACKED 52647
S_PET_INFO_CLEAR 43355
S_PET_MANAGER_SHOW 25450
S_PET_STOP_ALERT 33395
S_REPLY_GUILD_LIST 24437
S_REPLY_GUILD_WANTED_WRITING_LIST 22219
S_REPLY_INVITE_GUILD_LIST 61974
S_REPLY_SET_GUILD_WANTED_WRITING 51450
S_REQUEST_GUILD_INFO_BEFORE_APPLY_GUILD 23145
S_REQUEST_INVITE_GUILD_TAG 32276
S_REQUEST_STYLE_SHOP_MARK_PRODUCTLIST 20078
S_RESULT_LEARN_GUILD_PERK 39328
S_START_VM_BUY 54346
S_TOTAL_GUILD_WAR_DATA 30808
S_UPDATE_GUILD_ANNOUNCE 59852
S_UPDATE_GUILD_MEMBER 60699
S_UPDATE_VM_SELLBUY_WINDOW 31588
S_UPDATE_VM_SETTING_WINDOW 39956
S_UPDATE_VM_STATUS 51306
S_VIEW_GUILD_WAR 28255
S_VIEW_VM_SETTING_WINDOW 60470
S_ACTIVATE_BATTLE_FIELD_CHAT_BAN 63243
S_ADD_CRYSTAL_COMBINE_MATERIAL 60563
S_BREAK_SHIELD 24187
S_CANCEL_QUEST_SHARE 53177
S_COMPLETED_MISSION_INFO 44210
S_COMPLETE_LOOP_QUEST 39667
S_CONFIRM_SERVANT_AUTO_FEED_INFO 39130
S_CREST_ASK_DISAPPLY_ALL 26128
S_CREST_CHANGE_FAIL 54844
S_DUNGEON_CONSOLE_EVENT 42885
S_RANK_POINT_STATUS 57580
S_EVENT_MATCHING_BATTLEFIELD_DETAIL_INFO 64367
S_EVENT_MATCHING_DUNGEON_DETAIL_INFO 46864
S_EVENT_QUEST_SUMMARY 43202
S_INSTANT_PULL 24220
S_ITEMSYNTHESIZER_MATERIAL 33107
S_MASSTIGE_STATUS 61795
S_MERGE_PARTY_TO_RAID 39395
S_MY_PARTY_MATCH_INFO 46499
S_NOTIFY_QUEST_RESTART 35120
S_OPEN_RENAME_GUILD_POPUP 37626
S_PETITION_CHAT_END 63932
S_PET_INCUBATOR_SHOW 65010
S_PK_TAG 58045
S_PVE_LEADER_BOARD_INFO 33183
S_PVE_RANKING_LIST 48860
S_DUNGEON_STATUS 43417
S_RESPONSE_RECEIVE_SERVANT_ADVENTURE_REWARD 47176
S_RESPONSE_USE_PREMIUM_SLOT 44557
S_RESULT_MYTHICCRAFT 38941
S_RESULT_OPEN_DUAL_OPTION 49431
S_RESULT_RENAME_GUILD 22862
S_RESULT_USABLE_GUILD_NAME 27219
S_RETURN_PARCEL 50996
S_UPDATE_QUEST 52448
S_VOID_GUARD_INFO 30209
S_VOTE_DISMISS_PARTY 26678
S_VOTE_HISTORY 26300
S_ADMIN_PRIVILEGE 35637
S_ADMIN_WARNING_MESSAGE 33675
S_ANNOUNCE_MESSAGE 28831
S_CANCEL_DELETE_USER 22823
S_CHANGE_CHARACTER 65455
S_DELETE_USER 47115
S_END_DRIVE_AIRSHIP 57523
S_EVENT_DIALOG 24954
S_FIX_VEHICLE_COMPLETE 34460
S_MATERIAL_CHANGE 35485
S_PLAY_TIME 41662
S_POST_PROCESS_MATERIAL 46809
S_PREPARE_WORKOBJECT 53743
S_SYSTEM_MESSAGE_CUSTOM 39244
S_TRADE_BROKER_CALC_NOTIFY 27377
S_TRADE_BROKER_REGISTERED_ITEM_LIST 52714
S_TRADE_BROKER_SOLD_ITEM_LIST 21895
S_TRADE_BROKER_WAITING_ITEM_LIST 64812
S_PARCEL_REPORT 21234
C_REQUEST_MY_ACTIVATE_CARD_COMBINE_LIST_DATA 45149
C_ADMIN_CHECK_USERNAME 22554
C_ADMIN_KILL_NPC 21552
C_TOGGLE_GROUP_DUEL_SLOT 60516
C_SHOW_QUEST_INFO_DIALOG 27322
C_CREATE_GROUP_DUEL 42111
C_REQUEST_SHARE_QUEST 48754
C_WAREHOUSE_AUTO_SORT 57623
C_REQUEST_DICE_THROW 36587
C_JOIN_GROUP_DUEL 37100
C_PUT_INTO_PRISON 22181
C_KICK_CHANNEL_MEMBER 42289
C_REQUEST_ACHIEVEMENT_LIST 47878
C_REUQUEST_JOINED_CHANNEL_LIST 32632
C_INVALID_BUILD_VERSION 32520
C_COMMIT_ACCESSORY_TRANSFORM 39435
C_WRITE_BOARD 60838
C_REQUEST_RECEIVE_SERVANT_ADVENTURE_REWARD 55954
C_PURCHASE_PROD 21151
C_VIEW_INTER_PARTY_MATCH_DUNGEON_LIST 47747
C_LEARN_EP_PERK 20840
C_INGAME_CHANGE_USER_APPEARANCE_TRY 62038
CU_CHANGE_EP_PAGE 30083
C_APPLY_GUILD 41183
C_CHANGE_GUILDGROUP 33096
C_SET_GUILDGROUP_AUTHORITY 59525
C_MOVE_ITEM 54478
C_USE_JUMPGEAR 52152
C_START_MYTHICCRAFT 49851
C_REQUEST_NONDB_MYTHICITEM_TOOLTIP 35472
C_REQUEST_FLY_MOVE_INFO 40628
C_REQUEST_CHANGE_CHARACTER_NAME 21406
C_ADD_ITEM_TO_VM_BUY_BASKET 43487
C_TRY_NPC_INTERACTION 32410
C_PROMOTION_CANCEL 64001
C_LORD_REGISTER_INFO 40326
C_VOTE_HISTORY 64185
C_REQUEST_CHANGE_LOOKS_SERVANT 59400
C_REQUEST_SERVANT_ADVENTURE_LIST 32106
C_CHANGE_LOOKS_SERVANT 28408
C_COLLECTION_PICKEND 30218
C_REQUEST_SERVANT_LEAVING_FOR_ADVENTURE 48748
C_LORD_VOTE_CANDIDATE_LIST 35957
C_SURVEY_ANSWER 56694
C_REQUEST_VIP_STORE_ITEM_LIST 38090
C_DELETE_USER 50202
C_SHOW_NAME_PLATE_ICON 36255
C_ADMIN_GET_USER_INFO_LIST_BY_DISTANCE 23054
C_SERVER_TIME 48441
C_ADMIN_GMEVENT_OFF 34496
C_ADMIN_HOLD_CHARACTER 53342
C_ADMIN_VANISH_PET 28545
C_ADMIN_WARNING_MESSAGE 50500
C_BROADCAST_CLIMBING 23448
C_MEET_BOSS_INFO 45811
C_VIEW_BATTLEFIELD_STORE 57533
C_ADMIN_REMOVE_CUSTOM_BOOKMARK 54655
C_VIEW_INTER_PARTY_MATCH_BATTLEFIELD_LIST 38960
C_SELECT_CHANNEL 62335
C_REQUEST_CLIENT_CHAT_OPTION_SETTING 26153
C_USER_AIM_TO 48354
C_CONFIRM_INVITE_CODE 24752
C_REQUEST_CITY_WAR_MAP_INFO 29980
C_CRYSTAL_COMBINE_EXECUTE 44286
C_DIALOG_EVENT 63267
C_DELIVERY_STORE_ADD_BASKET 65509
C_DELIVERY_STORE_DEL_BASKET 50938
C_ENTER_DUNGEON 48692
C_DUNGEON_CLEAR_COUNT_LIST 23704
C_REQUEST_FIELD_POINT_REWARD 39121
C_UNREGISTER_COMBINE_ITEM 35940
C_STOP_FISHING 36662
C_COMBINE_ITEM 47720
C_REQUEST_ONGOING_FIELD_EVENT_LIST 63719
C_ACCEPT_FRIEND 54283
C_CHANGE_FRIEND_MEMO 40675
C_CHANGE_MY_STATE 28168
C_SIMPLE_TIP_DONT_REPEAT 61109
C_GROUP_DUEL_RECORD 34507
C_REQUEST_GUILD_LEVEL_RANKING 47385
C_GROUP_DUEL_BETTING 52486
C_GROUP_DUEL_CHANGE_REPRESENT 31234
C_GROUP_DUEL_DEL_BETTING_ITEM 38450
C_CITY_WAR_INFO_HISTROY 29961
C_GET_GUILD_QUEST_WEEKLY_REWARD 61971
C_REQUEST_LEARN_GUILD_PERK 21762
C_CHANGE_GROUP_DUEL_SETTING 46239
C_ADD_ITEM_TO_VM_SELL_BASKET 62788
C_SHOW_GUILD_QUEST_LIST 33890
C_REMOVE_ITEM_FROM_VM_SELL_BASKET 62249
C_VIEW_GUILD_WAR 29893
C_RQ_DEL_ITEM_FROM_DECOMPOSITION_CONTRACT 39915
C_ITEMSYNTHESIZER_REQUEST_CANCEL 32206
C_ITEMSYNTHESIZER_REQUEST_MATERIAL 42134
C_ITEMSYNTHESIZER_REQUEST_START 22079
C_CHANGE_ITEM_PASSIVE_LIST 42354
C_UNBIND_ITEM 26985
C_CAN_CREATE_USER 25362
C_REQUEST_NAME_PREEMPTION 20129
C_CANCEL_DELETE_USER 65084
C_GET_USER_GUILD_LOGO 22603
C_MAIN_MENU_COMMAND_EXEC 37964
C_REQUEST_MEGAPHONE 53410
C_REQUEST_USER_ITEMLEVEL_INFO 28476
C_AVAILABLE_EVENT_MATCHING_LIST 53443
C_CHECK_EVENT_MATCHING_LIST_CHECKBOX 26850
C_EVENT_MATCHING_DUNGEON_DETAIL_INFO 59977
C_UNEQUIP_ITEM 39917
C_REQUEST_EVENT_MATCHING_TELEPORT 33555
C_REQUEST_REPUTATION_STORE_TELEPORT 62280
C_LIST_PARCEL 52485
C_CLOSE_SEND_PARCEL 28244
C_FINDNAME 31605
C_SET_SEND_PARCEL_TYPE 25574
C_SET_SEND_PARCEL_MONEY 33457
C_PETITION_FEEDBACK 24087
C_RIDE_PEGASUS 21813
C_PREMIUM_COMPOSE_CANCEL 37193
C_PREMIUM_COMPOSE_RESET 63344
C_RETURN_USER_GIFT 39907
C_PREMIUM_COMPOSE_ADD_ITEM 48132
C_PREMIUM_COMPOSE_DEL_ITEM 42791
C_EVENT_GUIDE 62572
C_ROLLBACK_QUEST 50000
C_SET_TARGET_INFO 21021
C_TOGGLE_TASK_INFO_WINDOW 43327
C_REQUEST_QUEST_BACKUP_ITEM 37128
C_REQUEST_SERVANT_INFO_LIST 23975
C_DELETE_SERVANT 27370
C_LIST_CHANNEL 26139
C_LORD_CANDIDATE_LIST 61076
C_REQUEST_DESPAWN_SERVANT 37484
C_USE_SERVANT_FEED_ITEM 23238
C_USE_RIGHT_ITEM 54060
C_START_SERVANT_ACTIVE_SKILL 30372
C_SERVANT_ABILITY 40631
C_REQUEST_SERVANT_LEVEL_UP 38748
C_REQUEST_SERVANT_COMPOSE 62144
C_REQUEST_SERVANT_EVOLUTION 47127
C_REQUEST_PET_CONSUME_EXP_ITEM 44477
C_PET_LEVEL_UP_ITEM_ADD_TO_LIST 55717
C_PET_LEVEL_UP_ITEM_REMOVE_FROM_LIST 48038
C_SKILL_LEARN_LIST 55726
C_RQ_SKILL_POLISHING_LIST 31107
C_RESPONSE_SPAWN_DROPITEM 44530
C_RQ_SKILL_POLISHING_UPGRADE_LEVEL 21557
C_REQUEST_STACK_ATTENDANCE_EVENT_INFO_UPDATE 50440
C_REQUEST_STACK_ATTENDANCE_EVENT_REWARD 29930
C_STORE_SELL_ADD_BASKET 34276
C_REJECT_CONTRACT 38485
C_RENAME_TELEPORT_TO_POS_LIST 50233
C_TRADE_BROKER_HIGHEST_ITEM_LEVEL 60155
C_TRADE_BROKER_REGISTER_ITEM 32372
C_TRADE_BROKER_SUGGEST_DEAL 42888
C_TRADE_BAG_CLOSE 54533
C_TRADE_BROKER_DEAL_PRICE_UPDATE 56191
C_SIMPLE_TIP_REPEAT_CHECK 63942
C_MOVE_WARE_POS 48865
C_SHARE_USER_PING 58340
C_SHOW_STYLE 24793
C_REQUEST_OTHERS_CARD_DATA_WITH_GAMEID 55579
C_REQUEST_OTHERS_CARD_DATA 41060
C_PLAY_TIME 31998
C_ADMIN_GM_SKILL 35145
C_ADMIN_GMEVENT_OX_QUIZ_NEXT_QUIZ 22096
C_ADMIN_GMEVENT_OX_QUIZ_NEXT_REPE_QUIZ 58604
C_UNREGISTER_REPAIR_ITEM 51187
C_REQUEST_GUILD_PERK_LIST 25504
C_UNREGISTER_VM_BUY_ITEM 27224
C_UNREGISTER_VM_SELL_ITEM 21995
C_RECV_PARCEL_ALL 43812
C_RQ_SKILL_POLISHING_EXP_INFO 44343
C_BATTLE_FIELD_POINT_STORE_COMMIT 55384
C_GUILD_STORE_COMMIT 26822
C_BATTLE_FIELD_POINT_STORE_BUY_ADD_BASKET 34108
C_GUILD_STORE_BUY_ADD_BASKET 51166
C_BATTLE_FIELD_POINT_STORE_BUY_DEL_BASKET 39262
C_GUILD_STORE_BUY_DEL_BASKET 28873
C_REQUEST_COOLTIME_TO_JOIN_GUILD 51652
C_ADMIN_GMEVENT_USER_KICK 53989
C_ADMIN_GMEVENT_USER_SUMMON 24563
C_REQUEST_RIGHT_ITEM_LIST 23733
C_ENTER_SCENARIO_DUNGEON 42854
C_STORE_BUY_ADD_BASKET 38021
C_MEDAL_STORE_BUY_ADD_BASKET 59026
C_POINT_STORE_BUY_ADD_BASKET 21945
C_DUNGEON_WORK_POINT_STORE_BUY_ADD_BASKET 51590
C_POLITICS_POINT_STORE_BUY_ADD_BASKET 52776
C_STORE_BUY_DEL_BASKET 22718
C_STORE_SELL_DEL_BASKET 38676
C_MEDAL_STORE_BUY_DEL_BASKET 38819
C_POINT_STORE_BUY_DEL_BASKET 24248
C_DUNGEON_WORK_POINT_STORE_BUY_DEL_BASKET 25196
C_POLITICS_POINT_STORE_BUY_DEL_BASKET 39423
C_ADMIN_REQUEST_USERINFO 39510
C_CUSTOM_USER_CUSTOMIZING 32894
C_REQUEST_GUILD_INFO_BEFORE_APPLY_GUILD 49222
C_EXPAND_INVEN_POCKET 22184
C_CHAT_REPORT 36304
C_ADMIN_GM_TELEPORT 60491
C_ADMIN_REQUEST_USERACTION 41947
C_EDIT_FRIEND_GROUP 43350
C_REQUEST_GUILD_LIST 34411
C_HARDWARE_INFO 37010
C_SEND_PARCEL 54713
C_START_GUILD_SKILL 52720
C_UPDATE_SKILL_SCRIPT 27146
C_TRADE_BROKER_BUY_IT_NOW 63085
C_TRADE_BROKER_HISTORY_ITEM_LIST_NEW 30388
C_TRADE_BROKER_WAITING_ITEM_LIST_NEW 36295
C_ADD_TRADE_BAG 58817
C_START_SKILL_BY_VEHICLE_EX 55528
C_GET_WARE_ITEM 34781
C_SET_SEND_PARCEL_ITEM 51775
C_ADD_CRYSTAL_COMBINE_MATERIAL 25460
C_DEL_CRYSTAL_COMBINE_MATERIAL 41940
CU_NEEDS_REMAP_4EAA 20138
SU_NEEDS_REMAP_4EBB 20155
CU_NEEDS_REMAP_4EEF 20207
SU_NEEDS_REMAP_4F49 20297
SU_NEEDS_REMAP_4F4B 20299
CU_NEEDS_REMAP_500D 20493
CU_NEEDS_REMAP_501B 20507
SU_NEEDS_REMAP_507C 20604
SU_NEEDS_REMAP_5101 20737
CU_NEEDS_REMAP_514E 20814
SU_NEEDS_REMAP_526E 21102
SU_NEEDS_REMAP_52B0 21168
SU_NEEDS_REMAP_52D0 21200
CU_NEEDS_REMAP_52D7 21207
CU_NEEDS_REMAP_532A 21290
SU_NEEDS_REMAP_538C 21388
CU_NEEDS_REMAP_5398 21400
SU_NEEDS_REMAP_53C0 21440
CU_NEEDS_REMAP_53C8 21448
SU_NEEDS_REMAP_5457 21591
CU_NEEDS_REMAP_549E 21662
SU_NEEDS_REMAP_54BE 21694
CU_NEEDS_REMAP_54D2 21714
SU_NEEDS_REMAP_54DD 21725
SU_NEEDS_REMAP_5509 21769
SU_NEEDS_REMAP_5525 21797
SU_NEEDS_REMAP_552E 21806
CU_NEEDS_REMAP_553D 21821
SU_NEEDS_REMAP_55E4 21988
CU_NEEDS_REMAP_5600 22016
SU_NEEDS_REMAP_5607 22023
CU_NEEDS_REMAP_5611 22033
SU_NEEDS_REMAP_5621 22049
CU_NEEDS_REMAP_571E 22302
CU_NEEDS_REMAP_573B 22331
SU_NEEDS_REMAP_574F 22351
CU_NEEDS_REMAP_5777 22391
SU_NEEDS_REMAP_5795 22421
CU_NEEDS_REMAP_57B3 22451
CU_NEEDS_REMAP_5892 22674
CU_NEEDS_REMAP_58CA 22730
CU_NEEDS_REMAP_595A 22874
SU_NEEDS_REMAP_596E 22894
CU_NEEDS_REMAP_5A0F 23055
CU_NEEDS_REMAP_5A6C 23148
CU_NEEDS_REMAP_5A80 23168
SU_NEEDS_REMAP_5B02 23298
CU_NEEDS_REMAP_5B4E 23374
CU_NEEDS_REMAP_5B51 23377
SU_NEEDS_REMAP_5BC4 23492
CU_NEEDS_REMAP_5BD8 23512
CU_NEEDS_REMAP_5C80 23680
SU_NEEDS_REMAP_5C9B 23707
CU_NEEDS_REMAP_5CDE 23774
CU_NEEDS_REMAP_5D0B 23819
CU_NEEDS_REMAP_5D5D 23901
SU_NEEDS_REMAP_5D74 23924
SU_NEEDS_REMAP_5DC3 24003
CU_NEEDS_REMAP_5DC8 24008
CU_NEEDS_REMAP_5E37 24119
SU_NEEDS_REMAP_5E70 24176
SU_NEEDS_REMAP_5E84 24196
CU_NEEDS_REMAP_5EA0 24224
CU_NEEDS_REMAP_5ED7 24279
SU_NEEDS_REMAP_5F20 24352
SU_NEEDS_REMAP_5F90 24464
SU_NEEDS_REMAP_5F9B 24475
SU_NEEDS_REMAP_5FAE 24494
SU_NEEDS_REMAP_5FD3 24531
SU_NEEDS_REMAP_601E 24606
SU_NEEDS_REMAP_602B 24619
SU_NEEDS_REMAP_60B8 24760
CU_NEEDS_REMAP_60C1 24769
CU_NEEDS_REMAP_60DD 24797
SU_NEEDS_REMAP_60DF 24799
SU_NEEDS_REMAP_61DB 25051
CU_NEEDS_REMAP_6308 25352
CU_NEEDS_REMAP_63FB 25595
SU_NEEDS_REMAP_6470 25712
SU_NEEDS_REMAP_648A 25738
CU_NEEDS_REMAP_65B8 26040
CU_NEEDS_REMAP_65C1 26049
CU_NEEDS_REMAP_65D2 26066
CU_NEEDS_REMAP_65F1 26097
CU_NEEDS_REMAP_660E 26126
CU_NEEDS_REMAP_6632 26162
SU_NEEDS_REMAP_664A 26186
CU_NEEDS_REMAP_6680 26240
CU_NEEDS_REMAP_66C2 26306
CU_NEEDS_REMAP_66C8 26312
SU_NEEDS_REMAP_66D0 26320
SU_NEEDS_REMAP_66FD 26365
CU_NEEDS_REMAP_6808 26632
SU_NEEDS_REMAP_6817 26647
CU_NEEDS_REMAP_6861 26721
CU_NEEDS_REMAP_6948 26952
SU_NEEDS_REMAP_69F3 27123
SU_NEEDS_REMAP_6A3E 27198
SU_NEEDS_REMAP_6A81 27265
CU_NEEDS_REMAP_6A85 27269
CU_NEEDS_REMAP_6A90 27280
CU_NEEDS_REMAP_6B57 27479
SU_NEEDS_REMAP_6C76 27766
SU_NEEDS_REMAP_6CB9 27833
CU_NEEDS_REMAP_6CBE 27838
SU_NEEDS_REMAP_6D00 27904
SU_NEEDS_REMAP_6D48 27976
CU_NEEDS_REMAP_6D89 28041
SU_NEEDS_REMAP_6D91 28049
SU_NEEDS_REMAP_6DE7 28135
CU_NEEDS_REMAP_6E39 28217
CU_NEEDS_REMAP_6E59 28249
CU_NEEDS_REMAP_6E62 28258
CU_NEEDS_REMAP_6E66 28262
CU_NEEDS_REMAP_6EFA 28410
CU_NEEDS_REMAP_6F34 28468
SU_NEEDS_REMAP_6F97 28567
SU_NEEDS_REMAP_6FB1 28593
SU_NEEDS_REMAP_6FBC 28604
CU_NEEDS_REMAP_7024 28708
CU_NEEDS_REMAP_704A 28746
SU_NEEDS_REMAP_7083 28803
CU_NEEDS_REMAP_7127 28967
CU_NEEDS_REMAP_716B 29035
CU_NEEDS_REMAP_71CB 29131
SU_NEEDS_REMAP_71FD 29181
SU_NEEDS_REMAP_7246 29254
CU_NEEDS_REMAP_7249 29257
SU_NEEDS_REMAP_7252 29266
SU_NEEDS_REMAP_725D 29277
SU_NEEDS_REMAP_72DC 29404
CU_NEEDS_REMAP_7385 29573
CU_NEEDS_REMAP_740A 29706
CU_NEEDS_REMAP_7424 29732
CU_NEEDS_REMAP_7467 29799
CU_NEEDS_REMAP_7483 29827
CU_NEEDS_REMAP_74B4 29876
CU_NEEDS_REMAP_74F5 29941
CU_NEEDS_REMAP_7532 30002
SU_NEEDS_REMAP_75CC 30156
CU_NEEDS_REMAP_761E 30238
CU_NEEDS_REMAP_7684 30340
CU_NEEDS_REMAP_7705 30469
CU_NEEDS_REMAP_779E 30622
CU_NEEDS_REMAP_77A9 30633
SU_NEEDS_REMAP_7801 30721
CU_NEEDS_REMAP_7833 30771
CU_NEEDS_REMAP_787A 30842
SU_NEEDS_REMAP_78CB 30923
SU_NEEDS_REMAP_791F 31007
CU_NEEDS_REMAP_7949 31049
CU_NEEDS_REMAP_795C 31068
SU_NEEDS_REMAP_7A2C 31276
SU_NEEDS_REMAP_7A76 31350
SU_NEEDS_REMAP_7A7C 31356
CU_NEEDS_REMAP_7AA8 31400
CU_NEEDS_REMAP_7B60 31584
SU_NEEDS_REMAP_7B63 31587
CU_NEEDS_REMAP_7B9D 31645
SU_NEEDS_REMAP_7C16 31766
CU_NEEDS_REMAP_7C3A 31802
SU_NEEDS_REMAP_7CEC 31980
SU_NEEDS_REMAP_7CF6 31990
CU_NEEDS_REMAP_7D73 32115
SU_NEEDS_REMAP_7DE0 32224
CU_NEEDS_REMAP_7E39 32313
SU_NEEDS_REMAP_7E4D 32333
CU_NEEDS_REMAP_7EE2 32482
SU_NEEDS_REMAP_7EE6 32486
SU_NEEDS_REMAP_7F8D 32653
CU_NEEDS_REMAP_7FFA 32762
CU_NEEDS_REMAP_8091 32913
CU_NEEDS_REMAP_811A 33050
SU_NEEDS_REMAP_814D 33101
CU_NEEDS_REMAP_81C3 33219
SU_NEEDS_REMAP_8243 33347
CU_NEEDS_REMAP_82B5 33461
CU_NEEDS_REMAP_8324 33572
CU_NEEDS_REMAP_8383 33667
SU_NEEDS_REMAP_83EC 33772
CU_NEEDS_REMAP_8442 33858
SU_NEEDS_REMAP_8458 33880
SU_NEEDS_REMAP_8485 33925
SU_NEEDS_REMAP_84FF 34047
SU_NEEDS_REMAP_85D9 34265
CU_NEEDS_REMAP_8613 34323
SU_NEEDS_REMAP_8626 34342
CU_NEEDS_REMAP_865C 34396
SU_NEEDS_REMAP_86D8 34520
SU_NEEDS_REMAP_8759 34649
CU_NEEDS_REMAP_875B 34651
CU_NEEDS_REMAP_875D 34653
CU_NEEDS_REMAP_8786 34694
CU_NEEDS_REMAP_87BB 34747
CU_NEEDS_REMAP_87C9 34761
CU_NEEDS_REMAP_8828 34856
CU_NEEDS_REMAP_8863 34915
SU_NEEDS_REMAP_886D 34925
SU_NEEDS_REMAP_889D 34973
SU_NEEDS_REMAP_88DA 35034
CU_NEEDS_REMAP_890C 35084
SU_NEEDS_REMAP_8979 35193
CU_NEEDS_REMAP_89AB 35243
SU_NEEDS_REMAP_89F6 35318
SU_NEEDS_REMAP_8A10 35344
SU_NEEDS_REMAP_8A1B 35355
SU_NEEDS_REMAP_8A40 35392
SU_NEEDS_REMAP_8ABB 35515
SU_NEEDS_REMAP_8B06 35590
SU_NEEDS_REMAP_8B30 35632
SU_NEEDS_REMAP_8BC0 35776
CU_NEEDS_REMAP_8BC6 35782
CU_NEEDS_REMAP_8BD9 35801
SU_NEEDS_REMAP_8C07 35847
CU_NEEDS_REMAP_8C0F 35855
SU_NEEDS_REMAP_8C6A 35946
CU_NEEDS_REMAP_8C79 35961
CU_NEEDS_REMAP_8CA1 36001
CU_NEEDS_REMAP_8CFB 36091
CU_NEEDS_REMAP_8CFF 36095
SU_NEEDS_REMAP_8D13 36115
CU_NEEDS_REMAP_8D51 36177
SU_NEEDS_REMAP_8E4C 36428
SU_NEEDS_REMAP_8E58 36440
SU_NEEDS_REMAP_8E82 36482
SU_NEEDS_REMAP_8E87 36487
CU_NEEDS_REMAP_8EF8 36600
CU_NEEDS_REMAP_8F03 36611
CU_NEEDS_REMAP_8F33 36659
SU_NEEDS_REMAP_8F76 36726
CU_NEEDS_REMAP_8F7B 36731
SU_NEEDS_REMAP_9021 36897
CU_NEEDS_REMAP_9063 36963
SU_NEEDS_REMAP_9136 37174
SU_NEEDS_REMAP_9165 37221
CU_NEEDS_REMAP_923E 37438
SU_NEEDS_REMAP_9260 37472
SU_NEEDS_REMAP_928D 37517
CU_NEEDS_REMAP_92E5 37605
SU_NEEDS_REMAP_92F6 37622
SU_NEEDS_REMAP_9313 37651
SU_NEEDS_REMAP_9317 37655
CU_NEEDS_REMAP_9376 37750
SU_NEEDS_REMAP_93D2 37842
SU_NEEDS_REMAP_93DB 37851
CU_NEEDS_REMAP_9428 37928
SU_NEEDS_REMAP_945B 37979
CU_NEEDS_REMAP_94F7 38135
CU_NEEDS_REMAP_9504 38148
SU_NEEDS_REMAP_9521 38177
SU_NEEDS_REMAP_956E 38254
CU_NEEDS_REMAP_961B 38427
CU_NEEDS_REMAP_9620 38432
CU_NEEDS_REMAP_96AD 38573
CU_NEEDS_REMAP_9770 38768
SU_NEEDS_REMAP_977E 38782
SU_NEEDS_REMAP_9783 38787
CU_NEEDS_REMAP_9822 38946
CU_NEEDS_REMAP_983A 38970
CU_NEEDS_REMAP_983B 38971
CU_NEEDS_REMAP_9876 39030
SU_NEEDS_REMAP_9899 39065
SU_NEEDS_REMAP_98D7 39127
CU_NEEDS_REMAP_996F 39279
CU_NEEDS_REMAP_99CC 39372
SU_NEEDS_REMAP_9A6C 39532
SU_NEEDS_REMAP_9A96 39574
CU_NEEDS_REMAP_9ACB 39627
CU_NEEDS_REMAP_9B58 39768
CU_NEEDS_REMAP_9B63 39779
CU_NEEDS_REMAP_9BBC 39868
SU_NEEDS_REMAP_9C2C 39980
CU_NEEDS_REMAP_9CB1 40113
SU_NEEDS_REMAP_9DDD 40413
SU_NEEDS_REMAP_9E2D 40493
SU_NEEDS_REMAP_9E6F 40559
SU_NEEDS_REMAP_9EAC 40620
SU_NEEDS_REMAP_9EF2 40690
SU_NEEDS_REMAP_9F13 40723
CU_NEEDS_REMAP_9F89 40841
SU_NEEDS_REMAP_9FB8 40888
SU_NEEDS_REMAP_A023 40995
CU_NEEDS_REMAP_A024 40996
CU_NEEDS_REMAP_A080 41088
SU_NEEDS_REMAP_A145 41285
SU_NEEDS_REMAP_A1A4 41380
SU_NEEDS_REMAP_A1A8 41384
SU_NEEDS_REMAP_A234 41524
CU_NEEDS_REMAP_A243 41539
SU_NEEDS_REMAP_A282 41602
CU_NEEDS_REMAP_A2CB 41675
SU_NEEDS_REMAP_A314 41748
CU_NEEDS_REMAP_A332 41778
CU_NEEDS_REMAP_A3F0 41968
SU_NEEDS_REMAP_A404 41988
CU_NEEDS_REMAP_A43F 42047
SU_NEEDS_REMAP_A44D 42061
CU_NEEDS_REMAP_A477 42103
SU_NEEDS_REMAP_A4EF 42223
SU_NEEDS_REMAP_A4FB 42235
SU_NEEDS_REMAP_A586 42374
SU_NEEDS_REMAP_A598 42392
CU_NEEDS_REMAP_A5DA 42458
SU_NEEDS_REMAP_A5F9 42489
SU_NEEDS_REMAP_A66B 42603
SU_NEEDS_REMAP_A68B 42635
SU_NEEDS_REMAP_A853 43091
SU_NEEDS_REMAP_A88C 43148
SU_NEEDS_REMAP_A8B7 43191
SU_NEEDS_REMAP_A8EC 43244
SU_NEEDS_REMAP_AA1E 43550
SU_NEEDS_REMAP_AA2B 43563
SU_NEEDS_REMAP_AA58 43608
CU_NEEDS_REMAP_AA7C 43644
SU_NEEDS_REMAP_AAB3 43699
SU_NEEDS_REMAP_AACD 43725
SU_NEEDS_REMAP_AB18 43800
SU_NEEDS_REMAP_AB5A 43866
CU_NEEDS_REMAP_ABCA 43978
SU_NEEDS_REMAP_AC8D 44173
CU_NEEDS_REMAP_ACA3 44195
CU_NEEDS_REMAP_ACE5 44261
SU_NEEDS_REMAP_AD06 44294
SU_NEEDS_REMAP_AD47 44359
CU_NEEDS_REMAP_AD66 44390
SU_NEEDS_REMAP_AD98 44440
CU_NEEDS_REMAP_ADE6 44518
CU_NEEDS_REMAP_AE31 44593
CU_NEEDS_REMAP_AE69 44649
SU_NEEDS_REMAP_AE7D 44669
CU_NEEDS_REMAP_AE96 44694
SU_NEEDS_REMAP_AEBD 44733
CU_NEEDS_REMAP_AEE0 44768
CU_NEEDS_REMAP_AF05 44805
SU_NEEDS_REMAP_AF5A 44890
SU_NEEDS_REMAP_AFBE 44990
CU_NEEDS_REMAP_AFD8 45016
CU_NEEDS_REMAP_AFEC 45036
SU_NEEDS_REMAP_AFFB 45051
CU_NEEDS_REMAP_B015 45077
SU_NEEDS_REMAP_B081 45185
CU_NEEDS_REMAP_B0B5 45237
SU_NEEDS_REMAP_B0BC 45244
SU_NEEDS_REMAP_B0FF 45311
CU_NEEDS_REMAP_B125 45349
SU_NEEDS_REMAP_B12D 45357
SU_NEEDS_REMAP_B150 45392
CU_NEEDS_REMAP_B157 45399
SU_NEEDS_REMAP_B218 45592
CU_NEEDS_REMAP_B241 45633
SU_NEEDS_REMAP_B2E3 45795
SU_NEEDS_REMAP_B304 45828
CU_NEEDS_REMAP_B313 45843
SU_NEEDS_REMAP_B348 45896
SU_NEEDS_REMAP_B371 45937
SU_NEEDS_REMAP_B380 45952
CU_NEEDS_REMAP_B3FD 46077
SU_NEEDS_REMAP_B4BA 46266
SU_NEEDS_REMAP_B4E1 46305
SU_NEEDS_REMAP_B501 46337
SU_NEEDS_REMAP_B5A2 46498
SU_NEEDS_REMAP_B65F 46687
CU_NEEDS_REMAP_B67A 46714
CU_NEEDS_REMAP_B6F8 46840
SU_NEEDS_REMAP_B767 46951
CU_NEEDS_REMAP_B77C 46972
SU_NEEDS_REMAP_B79E 47006
CU_NEEDS_REMAP_B7B4 47028
SU_NEEDS_REMAP_B7C3 47043
SU_NEEDS_REMAP_B7E6 47078
CU_NEEDS_REMAP_B86E 47214
CU_NEEDS_REMAP_B8BA 47290
CU_NEEDS_REMAP_B981 47489
SU_NEEDS_REMAP_B9B3 47539
SU_NEEDS_REMAP_B9DF 47583
CU_NEEDS_REMAP_BA6D 47725
CU_NEEDS_REMAP_BAA9 47785
SU_NEEDS_REMAP_BB74 47988
SU_NEEDS_REMAP_BBDC 48092
CU_NEEDS_REMAP_BC06 48134
CU_NEEDS_REMAP_BC64 48228
CU_NEEDS_REMAP_BC66 48230
CU_NEEDS_REMAP_BC8A 48266
SU_NEEDS_REMAP_BC9D 48285
CU_NEEDS_REMAP_BCDC 48348
SU_NEEDS_REMAP_BD04 48388
SU_NEEDS_REMAP_BD0F 48399
CU_NEEDS_REMAP_BD1C 48412
SU_NEEDS_REMAP_BD53 48467
CU_NEEDS_REMAP_BD59 48473
CU_NEEDS_REMAP_BDF8 48632
CU_NEEDS_REMAP_BE02 48642
SU_NEEDS_REMAP_BE47 48711
SU_NEEDS_REMAP_BE8E 48782
SU_NEEDS_REMAP_BEBA 48826
SU_NEEDS_REMAP_BF00 48896
SU_NEEDS_REMAP_BF20 48928
SU_NEEDS_REMAP_BF52 48978
SU_NEEDS_REMAP_BF6F 49007
CU_NEEDS_REMAP_BFEF 49135
CU_NEEDS_REMAP_C004 49156
SU_NEEDS_REMAP_C05A 49242
CU_NEEDS_REMAP_C09A 49306
CU_NEEDS_REMAP_C0D0 49360
SU_NEEDS_REMAP_C0D7 49367
CU_NEEDS_REMAP_C187 49543
SU_NEEDS_REMAP_C20F 49679
CU_NEEDS_REMAP_C216 49686
CU_NEEDS_REMAP_C2BA 49850
CU_NEEDS_REMAP_C2CD 49869
SU_NEEDS_REMAP_C330 49968
SU_NEEDS_REMAP_C33F 49983
SU_NEEDS_REMAP_C437 50231
SU_NEEDS_REMAP_C4CD 50381
SU_NEEDS_REMAP_C4EC 50412
SU_NEEDS_REMAP_C4FB 50427
CU_NEEDS_REMAP_C57F 50559
SU_NEEDS_REMAP_C5A5 50597
CU_NEEDS_REMAP_C65A 50778
CU_NEEDS_REMAP_C721 50977
CU_NEEDS_REMAP_C72D 50989
CU_NEEDS_REMAP_C78D 51085
SU_NEEDS_REMAP_C7D7 51159
CU_NEEDS_REMAP_C7F5 51189
SU_NEEDS_REMAP_C846 51270
SU_NEEDS_REMAP_C8A2 51362
SU_NEEDS_REMAP_C8B7 51383
SU_NEEDS_REMAP_C910 51472
SU_NEEDS_REMAP_C9E3 51683
SU_NEEDS_REMAP_C9FC 51708
CU_NEEDS_REMAP_CA40 51776
SU_NEEDS_REMAP_CB35 52021
CU_NEEDS_REMAP_CB60 52064
SU_NEEDS_REMAP_CB6E 52078
CU_NEEDS_REMAP_CB7E 52094
SU_NEEDS_REMAP_CBB7 52151
SU_NEEDS_REMAP_CC65 52325
SU_NEEDS_REMAP_CCA6 52390
CU_NEEDS_REMAP_CCD0 52432
SU_NEEDS_REMAP_CCE3 52451
CU_NEEDS_REMAP_CD30 52528
SU_NEEDS_REMAP_CDB1 52657
SU_NEEDS_REMAP_CDDC 52700
CU_NEEDS_REMAP_CE96 52886
SU_NEEDS_REMAP_CEB0 52912
SU_NEEDS_REMAP_CF56 53078
SU_NEEDS_REMAP_CF7C 53116
CU_NEEDS_REMAP_CFA6 53158
CU_NEEDS_REMAP_CFEE 53230
CU_NEEDS_REMAP_D032 53298
CU_NEEDS_REMAP_D10F 53519
CU_NEEDS_REMAP_D15B 53595
CU_NEEDS_REMAP_D1C3 53699
CU_NEEDS_REMAP_D1D1 53713
SU_NEEDS_REMAP_D1EE 53742
CU_NEEDS_REMAP_D203 53763
CU_NEEDS_REMAP_D213 53779
SU_NEEDS_REMAP_D290 53904
SU_NEEDS_REMAP_D29E 53918
CU_NEEDS_REMAP_D2AC 53932
CU_NEEDS_REMAP_D2DC 53980
CU_NEEDS_REMAP_D2E8 53992
CU_NEEDS_REMAP_D315 54037
SU_NEEDS_REMAP_D319 54041
SU_NEEDS_REMAP_D35B 54107
CU_NEEDS_REMAP_D38A 54154
SU_NEEDS_REMAP_D3D7 54231
CU_NEEDS_REMAP_D3D8 54232
CU_NEEDS_REMAP_D3F7 54263
SU_NEEDS_REMAP_D3FB 54267
CU_NEEDS_REMAP_D42C 54316
CU_NEEDS_REMAP_D434 54324
CU_NEEDS_REMAP_D43A 54330
SU_NEEDS_REMAP_D465 54373
CU_NEEDS_REMAP_D4C3 54467
SU_NEEDS_REMAP_D4D5 54485
CU_NEEDS_REMAP_D622 54818
CU_NEEDS_REMAP_D66D 54893
SU_NEEDS_REMAP_D687 54919
SU_NEEDS_REMAP_D694 54932
CU_NEEDS_REMAP_D6A0 54944
CU_NEEDS_REMAP_D6CA 54986
CU_NEEDS_REMAP_D780 55168
CU_NEEDS_REMAP_D7DF 55263
CU_NEEDS_REMAP_D804 55300
CU_NEEDS_REMAP_D80D 55309
CU_NEEDS_REMAP_D829 55337
SU_NEEDS_REMAP_D866 55398
CU_NEEDS_REMAP_D8A3 55459
SU_NEEDS_REMAP_D8E6 55526
SU_NEEDS_REMAP_D937 55607
CU_NEEDS_REMAP_D97D 55677
CU_NEEDS_REMAP_D980 55680
CU_NEEDS_REMAP_D9C4 55748
SU_NEEDS_REMAP_DA06 55814
CU_NEEDS_REMAP_DA21 55841
SU_NEEDS_REMAP_DA9F 55967
SU_NEEDS_REMAP_DB2B 56107
SU_NEEDS_REMAP_DB51 56145
CU_NEEDS_REMAP_DB53 56147
SU_NEEDS_REMAP_DB74 56180
SU_NEEDS_REMAP_DBA7 56231
CU_NEEDS_REMAP_DBE4 56292
CU_NEEDS_REMAP_DC1C 56348
SU_NEEDS_REMAP_DC3A 56378
CU_NEEDS_REMAP_DC60 56416
SU_NEEDS_REMAP_DC94 56468
CU_NEEDS_REMAP_DCAD 56493
CU_NEEDS_REMAP_DDD5 56789
CU_NEEDS_REMAP_DE3A 56890
CU_NEEDS_REMAP_DE54 56916
SU_NEEDS_REMAP_DE63 56931
SU_NEEDS_REMAP_DED3 57043
SU_NEEDS_REMAP_DF3C 57148
SU_NEEDS_REMAP_DF3F 57151
SU_NEEDS_REMAP_DF62 57186
CU_NEEDS_REMAP_DFAE 57262
CU_NEEDS_REMAP_E040 57408
SU_NEEDS_REMAP_E09B 57499
CU_NEEDS_REMAP_E0B9 57529
SU_NEEDS_REMAP_E0CF 57551
CU_NEEDS_REMAP_E0DC 57564
CU_NEEDS_REMAP_E170 57712
CU_NEEDS_REMAP_E17C 57724
SU_NEEDS_REMAP_E18D 57741
CU_NEEDS_REMAP_E18E 57742
SU_NEEDS_REMAP_E1BF 57791
SU_NEEDS_REMAP_E21C 57884
SU_NEEDS_REMAP_E226 57894
SU_NEEDS_REMAP_E239 57913
SU_NEEDS_REMAP_E25A 57946
CU_NEEDS_REMAP_E282 57986
CU_NEEDS_REMAP_E2C8 58056
CU_NEEDS_REMAP_E303 58115
CU_NEEDS_REMAP_E3EF 58351
SU_NEEDS_REMAP_E3FD 58365
SU_NEEDS_REMAP_E404 58372
SU_NEEDS_REMAP_E42A 58410
SU_NEEDS_REMAP_E459 58457
SU_NEEDS_REMAP_E51C 58652
SU_NEEDS_REMAP_E528 58664
SU_NEEDS_REMAP_E539 58681
CU_NEEDS_REMAP_E53F 58687
SU_NEEDS_REMAP_E55D 58717
SU_NEEDS_REMAP_E56C 58732
SU_NEEDS_REMAP_E581 58753
CU_NEEDS_REMAP_E5D4 58836
CU_NEEDS_REMAP_E5D8 58840
SU_NEEDS_REMAP_E5E6 58854
CU_NEEDS_REMAP_E61B 58907
SU_NEEDS_REMAP_E6D5 59093
CU_NEEDS_REMAP_E79A 59290
CU_NEEDS_REMAP_E868 59496
SU_NEEDS_REMAP_E86A 59498
SU_NEEDS_REMAP_E8A1 59553
SU_NEEDS_REMAP_E910 59664
SU_NEEDS_REMAP_E96D 59757
CU_NEEDS_REMAP_E9A4 59812
SU_NEEDS_REMAP_EA29 59945
CU_NEEDS_REMAP_EA4C 59980
SU_NEEDS_REMAP_EA91 60049
CU_NEEDS_REMAP_EB31 60209
CU_NEEDS_REMAP_EB34 60212
CU_NEEDS_REMAP_EB61 60257
SU_NEEDS_REMAP_EB63 60259
CU_NEEDS_REMAP_EB79 60281
SU_NEEDS_REMAP_EB7F 60287
CU_NEEDS_REMAP_EB80 60288
SU_NEEDS_REMAP_EB90 60304
CU_NEEDS_REMAP_EBA2 60322
SU_NEEDS_REMAP_EBA9 60329
CU_NEEDS_REMAP_EBBB 60347
CU_NEEDS_REMAP_EC0C 60428
CU_NEEDS_REMAP_EC3D 60477
SU_NEEDS_REMAP_EC5C 60508
CU_NEEDS_REMAP_ECE4 60644
CU_NEEDS_REMAP_ECFE 60670
CU_NEEDS_REMAP_ED03 60675
CU_NEEDS_REMAP_ED70 60784
SU_NEEDS_REMAP_EE40 60992
SU_NEEDS_REMAP_EE51 61009
CU_NEEDS_REMAP_EE5F 61023
SU_NEEDS_REMAP_EED5 61141
SU_NEEDS_REMAP_EFDB 61403
CU_NEEDS_REMAP_EFF2 61426
SU_NEEDS_REMAP_F0C0 61632
SU_NEEDS_REMAP_F0E1 61665
SU_NEEDS_REMAP_F0EF 61679
CU_NEEDS_REMAP_F1C6 61894
CU_NEEDS_REMAP_F205 61957
SU_NEEDS_REMAP_F210 61968
CU_NEEDS_REMAP_F241 62017
CU_NEEDS_REMAP_F290 62096
CU_NEEDS_REMAP_F294 62100
SU_NEEDS_REMAP_F2CE 62158
SU_NEEDS_REMAP_F41F 62495
CU_NEEDS_REMAP_F5B6 62902
CU_NEEDS_REMAP_F5C5 62917
CU_NEEDS_REMAP_F5E7 62951
SU_NEEDS_REMAP_F5EC 62956
CU_NEEDS_REMAP_F5F2 62962
SU_NEEDS_REMAP_F675 63093
CU_NEEDS_REMAP_F679 63097
CU_NEEDS_REMAP_F6D4 63188
CU_NEEDS_REMAP_F6D6 63190
SU_NEEDS_REMAP_F726 63270
CU_NEEDS_REMAP_F729 63273
CU_NEEDS_REMAP_F754 63316
SU_NEEDS_REMAP_F826 63526
CU_NEEDS_REMAP_F874 63604
CU_NEEDS_REMAP_F8A1 63649
CU_NEEDS_REMAP_F8A3 63651
SU_NEEDS_REMAP_F8E9 63721
CU_NEEDS_REMAP_F932 63794
CU_NEEDS_REMAP_FA31 64049
CU_NEEDS_REMAP_FA59 64089
CU_NEEDS_REMAP_FA5F 64095
SU_NEEDS_REMAP_FBA3 64419
SU_NEEDS_REMAP_FBCE 64462
CU_NEEDS_REMAP_FC1C 64540
SU_NEEDS_REMAP_FC48 64584
SU_NEEDS_REMAP_FC58 64600
CU_NEEDS_REMAP_FCFD 64765
CU_NEEDS_REMAP_FD48 64840
CU_NEEDS_REMAP_FD66 64870
CU_NEEDS_REMAP_FDD9 64985
SU_NEEDS_REMAP_FE93 65171
CU_NEEDS_REMAP_FEB5 65205
CU_NEEDS_REMAP_FEFD 65277
SU_NEEDS_REMAP_FF6A 65386
CU_NEEDS_REMAP_FF7E 65406
CU_NEEDS_REMAP_FFBA 65466
CU_NEEDS_REMAP_FFDB 65499
