I_TELEPORT 0
I_SPAWN_BARRACK_CHARACTER 1
I_GFX_COMMAND 17
I_GFX_ADMIN_COMMAND 18
I_INPUT_COMMAND 19
I_MOVE_KEY 20
I_SKILL_KEY 21
I_CLOSE_SERVER_CONNECTION 22
C_CHECK_VERSION 19900
S_CHECK_VERSION 19901
C_ADD_FRIEND 39434
C_ADMIN 56020
C_APPLY_PARTY 64946
C_ASK_INTERACTIVE 53488
C_BAN_PARTY_MEMBER 59387
C_BIND_ITEM_BEGIN_PROGRESS 55041
C_BIND_ITEM_EXECUTE 51439
C_BLOCK_USER 53188
C_CANCEL_CHANGE_USER_APPEARANCE 53688
C_CANCEL_CONTRACT 64433
C_CANCEL_SKILL 35034
C_CAN_LOCKON_TARGET 60286
C_CHANGE_PARTY_MANAGER 63778
C_CHANGE_PARTY_MEMBER_AUTHORITY 29612
C_CHAT 64182
C_COMMIT_CHANGE_USER_APPEARANCE 61605
C_COMPLETE_DAILY_EVENT 48543
C_COMPLETE_EXTRA_EVENT 25590
C_CONFIRM_UPDATE_NOTIFICATION 25588
C_CREST_APPLY 60163
C_CREST_APPLY_LIST 46888
C_DELETE_FRIEND 22406
C_DEL_ITEM 31412
C_DIALOG 31215
C_DISMISS_PARTY 62800
C_END_CLIMBING 36740
C_END_MOVIE 50154
C_GACHA_CANCEL 58413
C_GACHA_TRY 57740
C_GET_IN_SHUTTLE 36292
C_GET_OUT_SHUTTLE 57875
C_GET_USER_LIST 47611
C_HIT_USER_PROJECTILE 51970
C_INVITE_USER_TO_GUILD 36735
C_ITEM_COLORING_SET_COLOR 54227
C_LEAVE_PARTY 45148
C_LEAVE_PRIVATE_CHANNEL 49476
C_LOAD_TOPO_FIN 25417
C_LOGIN_ARBITER 31201
C_MERGE_ITEM 54307
C_MERGE_ITEM_EXECUTE 51297
C_NOTIFY_LOCATION_IN_ACTION 20224
C_NOTIFY_LOCATION_IN_DASH 50530
C_NOTIMELINE_SKILL 23401
C_NPC_CONTACT 33195
C_OP_COMMAND 47413
C_PARTY_APPLICATION_DENIED 25840
C_PARTY_MARKER 46935
C_PARTY_MATCH_WINDOW_CLOSED 60979
C_PLAYER_FLYING_LOCATION 46914
C_PLAYER_LOCATION 47846
C_PRESS_SKILL 54835
C_PUT_WARE_ITEM 54443
C_REGISTER_ENCHANT_ITEM 54402
C_REGISTER_EVOLUTION_ITEM 45862
C_REGISTER_PARTY_INFO 27494
C_REMOVE_BLOCKED_USER 33211
C_REPLY_THROUGH_ARBITER_CONTRACT 27472
C_REQUEST_ABNORMALITY_TOOLTIP_VALUE 52966
C_REQUEST_CANDIDATE_LIST 48257
C_REQUEST_CONTRACT 49320
C_REQUEST_ENCHANT 28169
C_REQUEST_EVOLUTION 30840
C_REQUEST_GAMESTAT_PING 31094
C_REQUEST_NONDB_ITEM_INFO 61086
C_REQUEST_PARTY_INFO 61755
C_REQUEST_PARTY_MATCH_INFO 24276
C_REQUEST_PARTY_MATCH_INFO_PAGE 25827
C_REQUEST_PARTY_MATCH_LINK 52601
C_REQUEST_PRIVATE_CHANNEL_INFO 62630
C_REQUEST_USER_PAPERDOLL_INFO 35603
C_REQUEST_USER_PAPERDOLL_INFO_WITH_GAMEID 32809
C_RESET_ALL_DUNGEON 49192
C_RETURN_TO_LOBBY 48416
C_REVIVE_NOW 39866
C_RQ_COMMIT_DECOMPOSITION_CONTRACT 31909
C_RQ_SKILL_POLISHING_CHANGE_OPTION 54576
C_RQ_START_SOCIAL_ON_PROGRESS_DECOMPOSITION 35009
C_SAVE_CLIENT_ACCOUNT_SETTING 25582
C_SAVE_CLIENT_USER_SETTING 60941
C_SECOND_PASSWORD_AUTH 31429
C_SELECT_USER 46505
C_SET_VISIBLE_RANGE 53926
C_SHOW_ITEMLIST 36528
C_SHOW_ITEM_TOOLTIP_EX 50911
C_SKILL_LEARN_LIST 49304
C_SKILL_LEARN_REQUEST 25601
C_SOCIAL 57925
C_START_COMBO_INSTANT_SKILL 57824
C_START_ENCHANT 21624
C_START_EVOLUTION 58598
C_START_INSTANCE_SKILL 52716
C_START_INSTANCE_SKILL_EX 52879
C_START_PRODUCE 60518
C_START_SKILL 24137
C_START_TARGETED_SKILL 47395
C_TRADE_BROKER_DEAL_CONFIRM 52367
C_TRADE_BROKER_REJECT_SUGGEST 34413
C_TRY_LOOT_DROPITEM 26641
C_UNMOUNT_VEHICLE 55604
C_UNREGISTER_ENCHANT_ITEM 56953
C_UNREGISTER_EVOLUTION_ITEM 42865
C_UNREGISTER_PARTY_INFO 25538
C_UPDATE_FRIEND_INFO 48154
C_UPDATE_REACTION_POS 23349
C_USE_ITEM 40479
C_USE_PREMIUM_SLOT 50600
C_VIEW_WARE 53845
C_VISIT_NEW_SECTION 34496
C_WHISPER 26477
S_ABNORMALITY_BEGIN 37394
S_ABNORMALITY_DAMAGE_ABSORB 44686
S_ABNORMALITY_END 60810
S_ABNORMALITY_FAIL 28721
S_ABNORMALITY_REFRESH 33818
S_ABNORMALITY_RESIST 31423
S_ABNORMALITY_SCALE_UP 27143
S_ABNORMALITY_TOOLTIP_VALUE 60495
S_ACCEPT_CONTRACT 40242
S_ACCOMPLISH_ACHIEVEMENT 29533
S_ACCOUNT_PACKAGE_LIST 27845
S_ACTION_END 29872
S_ACTION_STAGE 28277
S_ADMIN_HOLD_CHARACTER 51008
S_AERO 53778
S_AIR_REACTION_END 59126
S_ANNOUNCE_UPDATE_NOTIFICATION 21871
S_ANSWER_INTERACTIVE 57385
S_APPLY_TITLE 28167
S_ASK_BIDDING_RARE_ITEM 36664
S_ASK_TELEPORT 33647
S_AVAILABLE_EVENT_MATCHING_LIST 59291
S_AVAILABLE_SOCIAL_LIST 59920
S_BAN_PARTY 21314
S_BAN_PARTY_MEMBER 56099
S_BATTLE_FIELD_ENTRANCE_INFO 54863
S_BATTLE_FIELD_POINT_STORE_SELL_LIST 45221
S_BEGIN_THROUGH_ARBITER_CONTRACT 50129
S_BOSS_GAGE_INFO 49033
S_CANCEL_CONTRACT 60143
S_CANNOT_START_SKILL 24212
S_CAN_LOCKON_TARGET 54662
S_CHANGE_DESTPOS_PROJECTILE 62019
S_CHANGE_EP_EXP_DAILY_LIMIT 44480
S_CHANGE_EP_POINT 36479
S_CHANGE_FRIEND_STATE 31462
S_CHANGE_GUILD_CHIEF 41866
S_CHANGE_PARTY_MANAGER 43686
S_CHANGE_VOICE_USE_QAC 26945
S_CHAT 48009
S_CHECK_TO_READY_PARTY 51036
S_CHECK_TO_READY_PARTY_FIN 27773
S_CLEAR_ALL_HOLDED_ABNORMALITY 47692
S_COLLECTION_PICKEND 27556
S_COLLECTION_PICKSTART 47663
S_COMPLETE_EVENT_MATCHING_QUEST 63850
S_CONNECT_SKILL_ARROW 27818
S_CREATURE_CHANGE_HP 21732
S_CREATURE_LIFE 65266
S_CREATURE_ROTATE 34859
S_CREST_APPLY 38739
S_CREST_INFO 26133
S_CREST_MESSAGE 35435
S_CURRENT_CHANNEL 37587
S_CUSTOM_STYLE_SYSTEM_MESSAGE 44176
S_DEAD_LOCATION 21646
S_DECREASE_COOLTIME_SKILL 36418
S_DEFEND_SUCCESS 27710
S_DELETE_FRIEND 51031
S_DESPAWN_BONFIRE 49346
S_DESPAWN_BUILD_OBJECT 48425
S_DESPAWN_COLLECTION 29427
S_DESPAWN_DROPITEM 20134
S_DESPAWN_EVENT_SEED 22282
S_DESPAWN_NPC 38162
S_DESPAWN_PROJECTILE 37430
S_DESPAWN_SHUTTLE 32024
S_DESPAWN_USER 20921
S_DESTROY_GUILD_TOWER 46790
S_DIALOG 59732
S_DUNGEON_CAMERA_SET 25388
S_DUNGEON_CLEAR_COUNT_LIST 26240
S_DUNGEON_COOL_TIME_LIST 22342
S_DUNGEON_EVENT_MESSAGE 34280
S_EACH_SKILL_RESULT 63029
S_ENABLE_DISABLE_SELLABLE_ITEM_LIST 28268
S_END_CHANGE_USER_APPEARANCE 20459
S_END_PRODUCE 38118
S_END_USER_PROJECTILE 32818
S_ENTER_DUNGEON 34560
S_EP_SYSTEM_DAILY_EVENT_EXP_ON_OFF 46893
S_EXIT 26063
S_F2P_PremiumUser_Permission 59827
S_FACIAL_ATTACHMENT_BROADCAST 64120
S_FATIGABILITY_POINT 39745
S_FEARMOVE_END 22631
S_FEARMOVE_STAGE 52212
S_FIELD_EVENT_ON_ENTER 27182
S_FIELD_EVENT_ON_LEAVE 61862
S_FIELD_EVENT_PROGRESS_INFO 59493
S_FIELD_POINT_INFO 43982
S_FIN_INTER_PARTY_MATCH 20807
S_FIX_VEHICLE_PROGRESS 34552
S_FONT_SWAP_INFO 57183
S_FRIEND_LIST 37943
S_GACHA_END 58763
S_GACHA_START 54861
S_GET_IN_SHUTTLE 52120
S_GET_OUT_SHUTTLE 62841
S_GET_USER_GUILD_LOGO 21124
S_GET_USER_LIST 61637
S_GMEVENT_GUIDE_MESSAGE 34486
S_GMEVENT_OX_QUIZ_OPEN 61275
S_GMEVENT_OX_QUIZ_RESULT 31012
S_GMEVENT_RECV_REWARD 41464
S_GRANT_SKILL 51795
S_GROUP_NPC_LOCATION 53333
S_GUILD_MEMBER_LIST 58246
S_GUILD_NAME 58637
S_GUILD_STORE_SELL_LIST 28278
S_GUILD_TOWER_INFO 38358
S_HIT_COMBO 31213
S_HOLD_ABNORMALITY_ADD 37086
S_IMAGE_DATA 28269
S_INSTANCE_ARROW 31389
S_INSTANT_DASH 55302
S_INSTANT_MOVE 42857
S_INVEN_CHANGEDSLOT 27893
S_INVEN_USERDATA 55235
S_ITEMLIST 20380
S_ITEM_COLORING_BAG 27237
S_ITEM_CUSTOM_STRING 38950
S_ITEM_EXPLOSION_RESULT 59758
S_JOIN_PRIVATE_CHANNEL 33409
S_LEARN_EP_PERK 52432
S_LEAVE_GUILD 47028
S_LEAVE_PARTY 25360
S_LEAVE_PARTY_MEMBER 30549
S_LEAVE_PRIVATE_CHANNEL 62280
S_LOADING_SCREEN_CONTROL_INFO 27865
S_LOAD_ACHIEVEMENT_LIST 48726
S_LOAD_CLIENT_ACCOUNT_SETTING 34544
S_LOAD_CLIENT_USER_SETTING 51475
S_LOAD_DUNGEON_SOUND_HINT 31374
S_LOAD_EP_INFO 64929
S_LOAD_TOPO 43821
S_LOCKON_YOU 24564
S_LOGIN 43934
S_LOGIN_ACCOUNT_INFO 62353
S_LOGOUT_PARTY_MEMBER 42453
S_MOUNT_VEHICLE 20172
S_MOUNT_VEHICLE_EX 60288
S_MOVE_SHUTTLE 52952
S_MUTE 61967
S_NOCTAN_VARIATION_INFO 42537
S_NOTIFY_GUILD_QUEST_URGENT 63056
S_NOTIFY_TO_FRIENDS_WALK_INTO_SAME_AREA 47124
S_NPCGUILD_LIST 26014
S_NPC_CHANGE_MESH 58729
S_NPC_LOCATION 31514
S_NPC_MENU_SELECT 64336
S_NPC_OCCUPIER_INFO 36237
S_NPC_STATUS 20774
S_NPC_TARGET_USER 24852
S_OPEN_AWESOMIUM_WEB_URL 36498
S_OTHER_USER_APPLY_PARTY 45470
S_PARTY_INFO 23508
S_PARTY_MARKER 41201
S_PARTY_MATCH_LINK 61952
S_PARTY_MEMBER_ABNORMAL_ADD 59486
S_PARTY_MEMBER_ABNORMAL_CLEAR 26760
S_PARTY_MEMBER_ABNORMAL_DEL 64451
S_PARTY_MEMBER_ABNORMAL_REFRESH 46012
S_PARTY_MEMBER_BUFF_UPDATE 31076
S_PARTY_MEMBER_CHANGE_HP 30741
S_PARTY_MEMBER_CHANGE_MP 42822
S_PARTY_MEMBER_CHANGE_STAMINA 46435
S_PARTY_MEMBER_INFO 24164
S_PARTY_MEMBER_INTERVAL_POS_UPDATE 55990
S_PARTY_MEMBER_LIST 46654
S_PARTY_MEMBER_QUEST_DATA 59177
S_PARTY_MEMBER_STAT_UPDATE 38563
S_PLAYER_CHANGE_ACTPOINT 53879
S_PLAYER_CHANGE_ALL_PROF 63226
S_PLAYER_CHANGE_EP 55912
S_PLAYER_CHANGE_EXP 56094
S_PLAYER_CHANGE_FLIGHT_ENERGY 21763
S_PLAYER_CHANGE_MP 61564
S_PLAYER_CHANGE_PROF 49944
S_PLAYER_CHANGE_STAMINA 63696
S_PLAYER_RESET_EP 59949
S_PLAYER_STAT_UPDATE 36029
S_PLAY_ANIMATION 62940
S_PLAY_EFFECT 45278
S_PLAY_EVENT_SOUND 40071
S_PLAY_MOVIE 21150
S_PLAY_SOUND 39294
S_PLAY_SOUND_BYNAME 39121
S_POINT_STORE_SELL_LIST 49306
S_POST_PROCESS 29944
S_PREMIUM_SLOT_DATALIST 52956
S_PREMIUM_SLOT_OFF 59880
S_PREPARE_EXIT 50010
S_PREPARE_RETURN_TO_LOBBY 37857
S_PRIVATE_CHANNEL_NOTICE 58744
S_PRIVATE_CHAT 52361
S_PRODUCE_CRITICAL 62197
S_QUEST_BALLOON 44805
S_QUEST_VILLAGER_INFO 26870
S_REGISTER_ENCHANT_ITEM 52867
S_REGISTER_EVOLUTION_ITEM 32116
S_REJECT_CONTRACT 21180
S_REMOVE_EFFECT 30637
S_REPLY_CLIENT_CHAT_OPTION_SETTING 64039
S_REPLY_NONDB_ITEM_INFO 50036
S_REPLY_REQUEST_CONTRACT 24049
S_REQUEST_CITY_WAR_MAP_INFO 23419
S_REQUEST_CITY_WAR_MAP_INFO_DETAIL 56529
S_REQUEST_CONTRACT 52466
S_REQUEST_DESPAWN_SERVANT 27385
S_REQUEST_PRIVATE_CHANNEL_INFO 46069
S_REQUEST_REACTION_POS_TICK 32212
S_REQUEST_SECOND_PASSWORD_AUTH 33426
S_REQUEST_SERVANT_INFO_LIST 21049
S_REQUEST_SPAWN_SERVANT 25909
S_RESET_EP_PERK 34816
S_RESPONSE_GAMESTAT_PONG 30772
S_RESULT_BIDDING_DICE_THROW 22784
S_RESULT_EVENT_SEED 63135
S_RESULT_ITEM_BIDDING 40752
S_RETURN_TO_LOBBY 52971
S_RP_SKILL_POLISHING_LIST 51401
S_SELECT_USER 53031
S_SHORTCUT_CHANGE 57448
S_SHOW_AWESOMIUMWEB_SHOP 62976
S_SHOW_CANDIDATE_LIST 48349
S_SHOW_HP 35687
S_SHOW_ITEM_TOOLTIP 57614
S_SHOW_PARTY_MATCH_INFO 39082
S_SHOW_PEGASUS_MAP 38301
S_SHOW_USER_EP_INFO 38641
S_SKILL_ATTENTION_TARGET 59821
S_SKILL_CATEGORY 62789
S_SKILL_LEARN_LIST 41016
S_SKILL_LEARN_RESULT 45966
S_SKILL_LIST 51218
S_SOCIAL 45177
S_SPAWN_BONFIRE 59238
S_SPAWN_BUILD_OBJECT 22596
S_SPAWN_COLLECTION 50203
S_SPAWN_DOOR 22959
S_SPAWN_DROPITEM 35661
S_SPAWN_EVENT_SEED 40467
S_SPAWN_ME 31068
S_SPAWN_NPC 55230
S_SPAWN_PROJECTILE 54849
S_SPAWN_SHUTTLE 58843
S_SPAWN_USER 46076
S_SPAWN_WORKOBJECT 34069
S_START_ACTION_SCRIPT 36120
S_START_CHANGE_USER_APPEARANCE 42609
S_START_CLIENT_CUSTOM_SKILL 53259
S_START_CLIMBING 29894
S_START_COOLTIME_ITEM 48998
S_START_COOLTIME_SKILL 47393
S_START_INVERSE_CAPTURE 54612
S_START_PRODUCE 31205
S_START_USER_PROJECTILE 61590
S_STEER_DEBUG_COMMAND 40001
S_STICK_TO_USER_END 42505
S_STICK_TO_USER_START 44966
S_STORE_SELL_LIST 62403
S_SUCCESS_COUNTER 45029
S_SYSTEM_MESSAGE 25276
S_SYSTEM_MESSAGE_LOOT_ITEM 44921
S_SYSTEM_MESSAGE_LOOT_SPECIAL_ITEM 26592
S_TARGET_INFO 27707
S_TBA_SELECT_USER 65507
S_TELEPORT_TO_CAMP 35917
S_TIMEOVER_CONTRACT 45091
S_TRADE_BROKER_DEAL_INFO_UPDATE 28906
S_TRADE_BROKER_DEAL_SUGGESTED 59040
S_TRADE_BROKER_REQUEST_DEAL_RESULT 38684
S_UNICAST_TRANSFORM_DATA 39105
S_UNMOUNT_VEHICLE 26268
S_UNMOUNT_VEHICLE_EX 53803
S_UPDATE_ACHIEVEMENT_PROGRESS 54927
S_UPDATE_EVENT_SEED_STATE 23054
S_UPDATE_FRIEND_INFO 22551
S_UPDATE_GUILD_QUEST_STATUS 41423
S_UPDATE_NPCGUILD 33866
S_USER_APPEARANCE_CHANGE 42081
S_USER_BLOCK_LIST 58109
S_USER_CHANGE_FACE_CUSTOM 61105
S_USER_CHANGE_NAME 22195
S_USER_DEATH 47041
S_USER_EFFECT 39646
S_USER_EXTERNAL_CHANGE 50813
S_USER_LEVELUP 41736
S_USER_LOCATION 21691
S_USER_LOCATION_IN_ACTION 60321
S_USER_MOVETYPE 32421
S_USER_PAPERDOLL_INFO 52172
S_USER_SITUATION 53810
S_USER_STATUS 45129
S_USER_WEAPON_APPEARANCE_CHANGE 51708
S_VIEW_PARTY_INVITE 56136
S_VIEW_WARE_EX 49713
S_VISIT_NEW_SECTION 39735
S_VOTE_RESET_ALL_DUNGEON 23186
S_WEAK_POINT 25563
S_WHISPER 61183
TTB_S_CHANGE_HERO 37851
TTB_S_LOAD_EP_PAGE 38864
S_OPEN_TERAPASS_UI 60260
S_CLAIM_TERAPASS_REWARD 43020
S_ABNORMALITY_EXTRA 58279
S_ACTIVATE_CARD_COMBINE_LIST 57433
S_ACTIVATE_CARD_COMBINE_LIST_DATA 63211
S_ADMIN_CHECK_USERNAME 37527
S_ADMIN_GM_SKILL 62092
S_ARENA_END_FIGHT 20414
S_ARENA_FIGHTER_CHANGE_HP 65245
S_ARTISAN_RECIPE_LIST 62981
S_ARTISAN_SKILL_LIST 61161
S_BATTLE_FIELD_PARTY_MARKER 54974
S_BATTLE_FIELD_PARTY_MARKER_CLEAR 20652
S_BATTLE_FIELD_SCORE 43615
S_BATTLE_FIELD_STATE 56751
S_BATTLE_FIELD_STRONGHOLD_NONE_STATE 51633
S_BOARD_ITEM_LIST 57597
S_CANNON_BATTLE_FIELD_CRASH_DOOR 48415
S_CANNON_BATTLE_FIELD_GUARDTOWER_STATUS 35502
S_CHANGE_CARD_PRESET 29647
S_CHANGE_CITY_WAR_STATE 28501
S_CITY_WAR_NPC_INFO 58410
S_DEACTIVATE_CARD_COMBINE_LIST 46775
S_DELETE_GUILD_TOWER_MY_GUILD 40009
S_END_LEVEL_COMPENSATION 54909
S_ENEMY_BATTLE_FIELD_COMMANDER_CHANGED 43967
S_FIN_KUMAS_BATTLE_FIELD 64595
S_FIN_ROUND_PVE_BATTLE_FIELD 46213
S_FREE_FIGHT_BATTLE_FIELD_MY_WARPOINT_INFO 37263
S_HUDDLE_ADDING 27885
S_INCREASE_CARD_PRESET 21689
S_INIT_KUMAS_BOSS_INFO 61413
S_INIT_ROUND_PVE_BATTLE_FIELD 37693
S_INIT_ROUND_PVP_BATTLE_FIELD 21876
S_INIT_SNOW_EVENT_BATTLE_FIELD 43689
S_INIT_WORLD_OF_TANK_BATTLE_FIELD 24973
S_KUMAS_BOSS_CHANGE_INFO 61782
S_MOUNT_CARD 36638
S_NOTIFY_ACTIVE_BUILD_TERRITORY_STATE 26618
S_PLAYTIME 54020
S_PLAYTIME_EVENT_REWARD_DATA 60577
S_PROMOTION_INFO 37932
S_PROMOTION_PROCESS 48084
S_PROMOTION_SUCCESS 26876
S_RECEIVE_COLLECTION_BOOK_REWARD 38401
S_REQUEST_JOINED_CHANNEL_LIST 44592
S_REWARDNPC_SPAWN_ALARM 30203
S_ROUND_PVE_CLOSE_SKILL_UI 48406
S_ROUND_PVE_OPEN_SKILL_UI 23394
S_ROUND_RESULT 37740
S_ROUND_START 36687
S_SEND_ROUND_PVE_SKILL_LIST 54949
S_SET_RECIPE_BOOKMARK 58581
S_SHOW_ARTISAN_MENU 42678
S_SNOW_EVENT_BATTLE_FIELD_SPAWN_USER 24752
S_STAGE_RESULT 61500
S_START_CHAT_BAN 50964
S_START_LEVEL_COMPENSATION 45967
S_START_ROUND_PVE_ROUND 34186
S_TOKEN_POINT_STATUS 22736
S_UNMOUNT_CARD 25192
S_CONFIRM_INVITE_CODE_BUTTON 31789
S_INVITE_CODE_EXPIRE_TIME 30915
S_INVITE_COMPENSATION_GUIDE 40534
S_INVITE_FRIEND_CODE 40433
S_SET_AWESOMIUM_WEB_URL 59495
S_BOSS_GAGE_PRIORITY 55263
S_CHANGE_MODE 35079
S_CHANGE_NAME_STRING 21620
S_CHANGE_PK_INFO 59557
S_CLEAR_WORLD_QUEST_VILLAGER_INFO 42420
S_COUPON_LIST 42650
S_DIRECTION_WEAKNESS_BEGIN 44351
S_DIRECTION_WEAKNESS_END 40777
S_DUNGEON_NEWBIE 56346
S_HIDE_HP 42099
S_LOAD_HINT 45068
S_MY_DESCRIPTION 63645
S_PARTY_NOTIFY_MY_POSITION 52175
S_PLAYER_CHANGE_DRAIN 32911
S_REQUEST_DEMOLIST_GUILD_TOWER_POPUP 61370
S_SET_VISIBLE 33879
S_SHOW_GAGE 58018
S_SHOW_NAME_PLATE_ICON 27058
S_SOCIAL_CANCEL 43741
S_SYS_PARTY_INFO 57123
S_UPDATE_USER_AWAKEN_GRADE 56193
S_USER_ITEMLEVEL_INFO 63057
S_VILLAGE_LIST_TO_TELEPORT 64278
S_VISIT_NEW_TEL_CAMP 35629
S_WORLD_QUEST_VILLAGER_INFO 53479
S_CAST_FISHING_ROD 62329
S_DARK_RIFT_ALL_DESPAWN_WORLD_NOTI 63573
S_DARK_RIFT_AVAILABLE_QUEST_USER_COUNT 65167
S_DARK_RIFT_CHANGE_AREA_WORLD_NOTI 47635
S_DARK_RIFT_MAIN_DEFENCE_CHANGE_HP 55698
S_DARK_RIFT_QUEST_INFO 53687
S_DARK_RIFT_SYNC_TIME 64335
S_DIALOG_EVENT 50047
S_DUNGEON_UI_HIGHLIGHT 52037
S_DUNGEON_VISIBLE_BG 30402
S_DUNGEON_WORK_ENTER 43084
S_DUNGEON_WORK_LIST 64156
S_DUNGEON_WORK_RESULT 39809
S_DUNGEON_WORK_UPDATE 65430
S_ENCHANT_SCROLL_RESULT 56507
S_END_DARKRIFT_USER_HP 39250
S_EVENT_INFO 38911
S_FAIL_ENCHANT 20786
S_FESTIVAL_LIST 38653
S_FEUDAL_LORD_FLAG_INFO 42821
S_FIELD_EVENT_GUIDE 38066
S_FIELD_EVENT_PROGRESS_TIMER 35011
S_FIELD_POINT_REWARD_INFO_LIST 47138
S_FISHING_BITE 56641
S_FISHING_CATCH 48577
S_GAMBLE_CHANGE_BET_ITEM 34977
S_GAMBLE_END 33141
S_GAMBLE_RESULT 45237
S_GET_ATTENDANCE_REWARD 25381
S_GET_EVENT_DETAIL 30464
SU_TERA_LAG_LOG_STRING 45471
S_MAIN_MENU_COMMAND 28615
SU_NEW_IM_2 56101
SU_NEW_IM_7 50274
SU_NEW_IM_6 28019
SU_NEW_IM_5 21804
SU_NEW_IM_3 24701
SU_NEW_IM_4 36654
S_OPEN_EPPERK_RESET_POPUP 64678
S_OPEN_EXPAND_INVEN_WINDOW 58071
S_REPLY_RET_VILLAGE_INFO 25612
S_REQUEST_DUNGEON_MATCHING_UI 42153
S_SEND_USER_PLAY_TIME 33934
SU_TERA_LAG_LOG_INFO 31255
S_SET_NEW_TERA_USER 27436
S_SHOW_DARKRIFT_USER_HP 46002
S_SPAWN_GAMBLE_BOX 41538
S_SPAWN_PET 43716
S_START_FISHING_CHARGE 40060
S_START_FISHING_MINIGAME 59887
S_STORE_BASKET 33442
S_STR_EVALUATE_LIST 29642
S_STYLE_SHOP_BUY_TCAT_ITEM 61248
S_SUGGEST_DARK_RIFT_PARTY_MATCHING 35487
S_TERRITORY_STEP_ENTER 25654
S_TERRITORY_STEP_LEAVE 53575
S_TERRITORY_STEP_PROGRESS 33040
S_UPDATE_EVENT_SYSTEM 64746
S_USER_ITEM_EQUIP_CHANGER 29770
S_VIEW_INTER_PARTY_MATCH_DUNGEON_LIST 62292
S_VILLAGER_BUFF_INFO 20687
S_WATCHED_MOVIES 41125
S_CHECK_TO_OPPOSITE_DECLARE_GUILD_WAR 34403
S_COUNTDOWN_GROUP_DUEL 30542
S_CREATE_GUILD_RESULT 28828
S_GMEVENT_END_EVENT 31133
S_GMEVENT_OFF_GUIDE_MESSAGE 25510
S_GMEVENT_OX_QUIZ_USER_STATUS 47153
S_GMEVENT_OX_REPE_QUIZ_OPEN 34446
S_GMEVENT_WRITE_EVENTBOARD 54575
S_GROUP_DUEL_FIN 41788
S_GROUP_DUEL_INIT 28764
S_GUILD_APPLY_COUNT 28296
S_OPEN_GUILD_LOGO_WINDOW 47616
S_REMOVE_GUILD_GROUP 32455
S_REMOVE_GUILD_MEMBER 63222
S_REQUEST_COOLTIME_TO_JOIN_GUILD 20802
S_REQUEST_JOIN_GUILD_NOTICE 56422
S_RESULT_GROUP_DUEL_MSG 50633
S_SET_GUILD_JOIN_CONDITION 25498
S_START_GUILD_WAR 47754
S_UPDATE_GUILD_GROUP 62725
S_BONFIRE_STATUS 29012
S_COMPLETE_CHRONOSCROLL_USE 47085
S_COMPLETE_QUEST 31926
S_CONTRACT_PET_LEVEL_UP_ITEM_LIST_UPDATE 30616
S_DAILY_QUEST_COMPLETE_COUNT 44233
S_DUNGEON_LOOK_AT_NPC 42934
S_DUNGEON_VEHICLE_REPAIRABLE 47419
S_END_PEGASUS 45491
S_END_STYLE_SHOP_MARK_PRODUCT 58331
S_EQUIP_SERVANT_ITEM 28228
S_FINDNAME 41215
S_GUARD_PK_POLICY 22651
S_INGAME_CHANGE_USER_APPEARANCE_START 45392
S_INIT_SEREN_GUIDE 23188
S_INTERACTION_RESULT 46661
S_LORD_OPEN_CANDIDATE_WINDOW 44684
S_LORD_OPEN_REGISTER_WINDOW 20635
S_LORD_OPEN_VOTE_WINDOW 23554
S_LORD_POLICY_SET 46293
S_LORD_RANK_INFO 38452
S_LORD_REGISTER_INFO 23068
S_LORD_TAX_SET 56976
S_LORD_VOTE_CANDIDATE_LIST 43001
S_MINIGAME_RANK_END_POINT 56073
S_MINIGAME_START 62018
S_NOTIFY_BATTLE_FIELD_CHAT_BAN 57132
S_NPC_INTERACTION_COMBO_INFO 50107
S_NPC_PARTIAL_DESTRUCT 27679
S_NPC_PART_BLINK 57655
S_NPC_PART_BREAK_ACTIVE 21826
S_OPEN_GUARD_INFO_WINDOW 27024
S_PARCEL_READ_RECV_STATUS 30193
S_PETITION_CHAT_BEGIN 56678
S_PETITION_CHAT_GM_MESSAGE 49538
S_PETITION_CHECK_CREATABLE 47363
S_PETITION_CHECK_SURVEYABLE 45262
S_PETITION_COMPLETE 50172
S_PETITION_CREATE 49311
S_PETITION_FORCE_CREATE 49035
S_PETITION_INFO 20564
S_PREMIUM_COMPOSE_ADD_ITEM 34937
S_PREMIUM_COMPOSE_DEL_ITEM 60850
S_PREMIUM_COMPOSE_RESET 28732
S_PREMIUM_COMPOSE_RESULT 47301
S_PREMIUM_COMPOSE_START 52135
S_PREMIUM_COMPOSE_UI_INFO 56959
S_USER_PVP_RANKING 32008
S_QUEST_INFO 65099
S_REQUEST_SERVANT_COMPOSE 56606
S_REQUEST_SERVANT_EVOLUTION 48345
S_REQUEST_SERVANT_LEVEL_UP 57408
S_RESPONSE_SERVANT_ADVENTURE_END_TIME_BY_FIELD_ID 65075
S_RESPONSE_SERVANT_ADVENTURE_LIST 51509
S_RESPONSE_SERVANT_ADVENTURE_REDUCE_TIME 62058
S_RESULT_BATTLE_FIELD_CHAT_BAN 65118
S_RESULT_ITEM_COLORING 36467
S_RESULT_SEREN_GUIDE 33673
S_RETURN_USER 39573
S_RETURN_USER_REWARD_END 64414
S_REWRITE_ITEM_STRING 53346
S_SET_FLY_MOVE_INFO 44568
S_SET_SEND_PARCEL_ITEM 61259
S_SET_SEND_PARCEL_MONEY 30209
S_SPAWN_REMOTE_PROJECTILE 26555
S_START_PEGASUS 28126
S_TASK_INFO_GUARD 45399
S_TOGGLE_TASK_INFO_WINDOW 61371
S_UPDATE_SERVANT_INFO 42901
S_UPDATE_STYLE_SHOP_MARK_PRODUCT 23025
S_USE_CHRONOSCROLL_RESULT 21756
S_USE_JUMPGEAR 34033
S_ADMIN_NOTICE 33783
S_ADMIN_VIP_TEST 24847
S_BREAK_SHIELD_END 45326
S_BUY_VIP_STORE_ITEM_SUCCESS 22471
S_CAMERA_SHAKE 27340
S_CANCEL_PREPARE_CHANGE_USER_APPEARANCE 43124
S_CAN_CREATE_USER 55897
S_CHANGE_USER_NAME_RESULT 43006
S_CHECK_USERNAME 32196
S_CREATE_USER 63265
S_DUNGEON_CHANGE_NPC_ANIMSET 41794
S_EMITTER 41604
S_EMITTER_SET_Z 65078
S_END_FIX_SPIRIT 40274
S_END_FIX_VEHICLE 30798
S_END_STACK_ATTENDANCE_EVENT_INFO 59783
S_FIX_SPIRIT_COMPLETE 48812
S_FIX_SPIRIT_PROGRESS 46545
S_INSTANT_CATCH 29442
S_INSTANT_THROW 23122
S_INTEREST_INFO 51621
SU_USER_LOOT_ITEM 61892
S_MATERIAL_PARAM_CHANGE 57569
S_NAME_PREEMPTION_EVENT_INFO 22876
S_NOTIFY_USER_SKILL_POLISHING_LEVEL_UP 53021
S_NPC_SCALE 28798
S_NPC_TRANSLATIONZ 26773
S_OP_COMMAND 60178
S_PING 40805
S_PLAYER_AUTOPILOT 40353
S_PLAYER_CHANGE_NOCTAN_COUNT 53098
S_PLAYER_VEHICLE_EX_STAT_UPDATE 27274
S_PLAY_MAGNETIC 21840
S_POSITION_SWAP 60398
S_PREPARE_DONE_WORKOBJECT 24471
S_PROTECT 33439
S_PUSHED_BY_SHIELD 52552
S_REMAIN_PLAY_TIME 58897
S_REMOVE_SOUND_BYNAME 37404
S_REQUEST_UPDATE_CUSTOM_USER_CUSTOMIZING 36829
S_RESET_SKILL 62074
S_SAVE_CLIENT_UI_SETTING 58227
S_SECOND_PASSWORD_AUTH_RESULT 60079
S_SECOND_PASSWORD_REGISTER_RESULT 30421
S_SEND_VIP_SYSTEM_INFO 46116
S_SET_WORKOBJECT 27417
S_SHOW_REVIVE_UI 32815
S_SKILL_CHASE_EFFECT_TARGET 34561
S_SKILL_FORGET 59752
S_SKILL_PERIOD 36367
S_SKILL_TARGETING_AREA 31769
S_START_COOLTIME_SERVANT_SKILL 64481
S_START_FIX_SPIRIT 29683
S_START_FIX_VEHICLE 46494
S_START_STACK_ATTENDANCE_EVENT_INFO 58772
S_SWITCH_INFO 43227
S_SYSTEM_REWARD_MESSAGE 24106
S_TRADE_BROKER_BUY_IT_NOW 51584
S_TRADE_BROKER_SUGGEST_DEAL 65102
S_TUTORIAL_PLAY_FINISHED 28101
S_VEHICLE_EX_ARROW 47983
S_WAITING_LIST 54692
S_WORK_WORKOBJECT 25322
S_SURVEY_QUESTION 36045
S_CLIENT_COMMAND 43896
S_DUNGEON_GUIDE_ON 28089
S_CANCEL_RETURN_TO_LOBBY 27716
S_CANCEL_SELECT_CHANNEL 58062
S_FISHING_CATCH_FAIL 24630
S_FISHING_STOP 28226
S_GUILD_INFO 49975
S_GUILD_LEVEL_INFO_CHANGED 22994
S_GUILD_MONEY_INFO_CHANGED 54078
S_GUILD_QUEST_LIST 34966
S_GUILD_WARE_HISTORY 41939
S_SHOW_GUILD_QUEST_LIST 54318
S_START_GUILD_QUEST 21809
S_REQUEST_NAME_PREEMPTION 36470
S_RQ_SKILL_POLISHING_CHANGE_OPTION 50311
S_USER_REPORT 28644
S_CHAT_REPORT 40114
S_TRADE_BROKER_CALC_NOTIFY 62041
S_ADMIN_CUSTOM_BOOKMARK_LIST 33683
S_ADMIN_DEFAULT_BOOKMARK_LIST 22122
S_ADMIN_GET_USERINFO_INVEN 32689
S_ADMIN_GET_USERINFO_SKILL 52179
S_ADMIN_GET_USERINFO_WAREHOUSE 22429
S_ADMIN_GET_USER_INFO_BY_DBID 35296
S_ADMIN_GMEVENT_STATUS 25610
S_ARENA_FIGHT_ABNORMALITY_BEGIN 24272
S_ARENA_FIGHT_ABNORMALITY_END 23690
S_ARENA_FIGHT_ABNORMALITY_REFRESH 38110
S_ARENA_OPTIMIZATION 54820
S_ARENA_RESULT 22229
S_ARENA_START_FIGHT 40413
S_BATTLE_FIELD_RESULT 51095
S_BATTLE_FIELD_START_OCCUPATION 51319
S_BATTLE_FIELD_STRONGHOLD_EVENT 21778
S_CARD_DATA 59764
S_CITYWAR_WARNING_UNDERATTACK 46865
S_FIN_WORLD_OF_TANK_BATTLE_FIELD 59680
S_FIN_ROUND_PVE_ROUND 55201
S_FIN_ROUND_PVP_BATTLE_FIELD 51952
S_FIN_SNOW_EVENT_BATTLE_FIELD 37282
S_FIN_KUMAS_BOSS_BATTLE_FIELD 56493
S_FREE_FIGHT_BATTLE_FIELD_BOARD 21957
S_HOLD_ABNORMALITY_REMOVE 22340
S_INIT_STRONGHOLD_OCCUPATION_BATTLE_FIELD 46507
S_PLAYTIME_EVENT_END 25228
S_REGISTER_CARD 23514
S_REQUEST_CITY_WAR_MAP_INFO_END 23109
S_ROUND_PVE_SCORE 48774
S_ROUND_PVP_BATTLE_FIELD_BOARD 48764
S_BYE_PET 26103
S_CANCEL_EXIT 33131
S_COUPON_DATA 23093
S_COUPON_NOTIFY 50126
S_DONE_TEL_CAMP 57492
S_LIST_CHANNEL 22914
S_NPC_SITUATION 46064
S_PREPARE_SELECT_CHANNEL 28746
S_SELECT_CHANNEL 26481
S_SHOW_NPC_TO_MAP 48497
S_USE_COUPON 21731
S_WELCOME_PET_OWNER 30376
S_ADD_INTER_PARTY_MATCH_POOL 31582
S_ATTENDANCE_EVENT_REWARD_COUNT 61942
S_BATTLE_FIELD_POINT_STORE_BASKET 28650
SU_REQUEST_ELIN_EVENT_DETAIL 44982
S_DARK_RIFT_CLEAR_MAP_MARKER_WORLD_NOTI 54435
S_DARK_RIFT_DEFENCE_OBJECT_CHANGE_HP 29880
S_DARK_RIFT_DEFENCE_OBJECT_INIT 29010
S_DARK_RIFT_DESPAWN_WORLD_NOTI 24476
S_DARK_RIFT_DESTORY_OBJECT 55078
S_DARK_RIFT_JOIN_LIST 36451
S_DUNGEON_STATUS 40392
S_DARK_RIFT_REWARD_RESULT 53391
S_DARK_RIFT_SPAWN_WORLD_NOTI 51193
S_DESPAWN_PET 48138
S_DESPAWN_STATUE 42959
S_DIALOG_CLOSE 41579
S_DUNGEON_WORK_POINT_STORE_BASKET 29170
S_DUNGEON_WORK_POINT_STORE_SELL_LIST 56435
S_END_RESTORE_CUSTOMIZING_PARTS_SHAPE 37057
S_EVENT_GUIDE 20939
S_FIELD_EVENT_CHANNEL_FULL_GUIDE 33274
S_FIELD_EVENT_RANK_LIST 44821
S_GROUP_DUEL_CURRENT_BETTING_ITEM 58485
S_GUILD_STORE_BASKET 44751
S_MEDAL_STORE_BASKET 34165
S_MEDAL_STORE_SELL_LIST 51481
S_NEED_WAREHOUSE_COMMISION 64020
S_ONGOING_FIELD_EVENT_LIST 58670
S_PLAYER_LACK_OF_ACTPOINT 27987
S_POINT_STORE_BASKET 39693
S_POLITICS_POINT_STORE_BASKET 44053
S_POLITICS_POINT_STORE_SELL_LIST 64530
S_REGISTER_COMBINE_ITEM 40375
S_SHOW_DUNGEON_RETRY_UI 64712
S_SHOW_TRADE_ITEM 30704
S_SHOW_TRADE_LOG 35638
S_SPAWN_STATUE 58523
S_SUCCESS_STYLE_SHOP_BUY_REPUTATION_ITEM 20533
S_TAX_INFO 62526
S_INGAMESHOP_PRODUCT_SUBPROD 29598
S_INGAMESHOP_PRODUCT_TAG 39601
S_UPDATE_GAMBLE_BOX_STATE 64723
S_CHECK_TO_DECLARE_GUILD_WAR 56279
S_GMEVENT_ENTER_EVENT 43343
S_GMEVENT_OX_REPE_QUIZ_RESULT 28227
S_GUILD_APPLY_LIST 44636
S_GUILD_HISTORY 63923
S_GUILD_LEVEL_RANKING_LIST 35002
S_GUILD_PERK_LIST 48391
S_GUILD_POINT_INFO_CHANGED 35678
S_GMEVENT_START_EVENT 45311
S_RESULT_LEARN_GUILD_PERK 59712
S_UPDATE_GUILD_MEMBER 36712
S_CANT_FLY_ANYMORE 63020
S_COMPLETE_LOOP_QUEST 29202
S_CURRENT_ELECTION_STATE 43880
S_CURR_FLY_MOVE_INFO 57060
S_DUNGEON_CONSOLE_EVENT 35253
S_RANK_POINT_STATUS 42495
S_DUNGEON_TIMER 57979
S_EVENT_MATCHING_BATTLEFIELD_DETAIL_INFO 59850
S_EVENT_MATCHING_DUNGEON_DETAIL_INFO 64147
S_EVENT_QUEST_SUMMARY 62855
S_FAIL_LOOT_NON_OWNERSHIP 20077
S_REQUEST_INGAMESTORE_PRODUCT_DETAIL 57772
S_REQUEST_INGAMESTORE_SALE_PRODUCTLIST 65043
S_ITEMSYNTHESIZER_MATERIAL 44820
S_ITEMSYNTHESIZER_RESULT 23994
S_MASSTIGE_STATUS 56374
S_MERGE_PARTY_TO_RAID 46800
S_SEND_CHANGE_REPUTATION_POINT 24756
S_PETITION_CHAT_END 34185
S_RESET_ALL_PRODUCT_MARK_EVENT 27994
S_RESPONSE_SERVANT_CANCEL_ADVENTURE 49364
S_RESPONSE_SERVANT_LEAVING_FOR_ADVENTURE 62154
S_RESPONSE_USE_PREMIUM_SLOT 20820
S_UPDATE_PARTY_MEMBER_QUEST_DATA 48281
S_UPDATE_QUEST 30864
S_CREST_UPGRADE_INFO 39336
S_ADMIN_PRIVILEGE 26150
S_ADMIN_WARNING_MESSAGE 48835
S_CREST_ASK_DISAPPLY_ALL 39869
S_CREST_CHANGE_FAIL 64675
S_DEFAULT_ANIM_CHANGE 56213
S_EVENT_DIALOG 21909
S_FIX_VEHICLE_COMPLETE 25693
S_INSTANT_PULL 22074
S_LOGIN_ARBITER 36634
S_MATERIAL_CHANGE 24192
S_POST_PROCESS_MATERIAL 31858
S_SIMPLE_TIP_REPEAT_CHECK 55045
S_SYSTEM_MESSAGE_CUSTOM 62595
S_TRADE_BROKER_HIGHEST_ITEM_LEVEL 50609
S_TRADE_BROKER_HISTORY_ITEM_LIST 43486
S_TRADE_BROKER_INPUT_PRICE 27022
S_TRADE_BROKER_REGISTERED_ITEM_LIST 41558
S_TRADE_BROKER_SOLD_ITEM_LIST 59488
S_TRADE_BROKER_WAITING_ITEM_LIST 34952
S_USER_AIM 41870
S_PARCEL_REPORT 53963
SU_RESONANCE_DUNGEON 33436
C_ADMIN_CHECK_USERNAME 44750
C_ADMIN_KILL_NPC 47719
C_TOGGLE_GROUP_DUEL_SLOT 40359
C_SHOW_QUEST_INFO_DIALOG 33799
C_CREATE_GROUP_DUEL 44461
C_REQUEST_SHARE_QUEST 62666
C_WAREHOUSE_AUTO_SORT 23762
C_REQUEST_DICE_THROW 50051
C_JOIN_GROUP_DUEL 41398
C_KICK_CHANNEL_MEMBER 23599
C_REQUEST_ACHIEVEMENT_LIST 21841
C_REUQUEST_JOINED_CHANNEL_LIST 54945
C_INVALID_BUILD_VERSION 61205
C_COMMIT_ACCESSORY_TRANSFORM 28504
CU_RESONANCE_DUNGEON 22171
C_REQUEST_RECEIVE_SERVANT_ADVENTURE_REWARD 54456
CU_CLEAR_CARDS_MENU 59770
CU_START_FUSION 22793
CU_ADD_CARD_TO_FUSION_MENU 24396
C_CHANGE_CARD_PRESET 59969
C_PURCHASE_PROD 29282
C_VIEW_INTER_PARTY_MATCH_DUNGEON_LIST 53792
C_LEARN_EP_PERK 22700
C_INGAME_CHANGE_USER_APPEARANCE_TRY 40315
CU_REQUEST_ELIN_EVENT_DETAIL 62741
CU_COMMIT_ELIN_EVENT 58186
CU_CHANGE_EP_PAGE 30102
C_APPLY_GUILD 33718
C_CHANGE_GUILDGROUP 38485
C_REQUEST_DEMOLISH_GUILD_TOWER 20957
C_SET_GUILDGROUP_AUTHORITY 41719
C_MOVE_ITEM 42634
C_USE_JUMPGEAR 60396
C_REQUEST_NONDB_MYTHICITEM_TOOLTIP 64993
C_REQUEST_FLY_MOVE_INFO 46389
C_REQUEST_CHANGE_CHARACTER_NAME 62972
C_ADD_ITEM_TO_VM_BUY_BASKET 43339
C_TRY_NPC_INTERACTION 33164
C_LORD_REGISTER_INFO 51687
C_VOTE_HISTORY 57396
C_REQUEST_CHANGE_LOOKS_SERVANT 34437
C_REQUEST_SERVANT_ADVENTURE_LIST 63438
C_CHANGE_LOOKS_SERVANT 37541
C_COLLECTION_PICKEND 30239
C_REQUEST_SERVANT_LEAVING_FOR_ADVENTURE 41112
C_LORD_VOTE_CANDIDATE_LIST 36157
C_SURVEY_ANSWER 45414
C_REQUEST_VIP_STORE_ITEM_LIST 37917
C_DELETE_USER 37152
C_SHOW_NAME_PLATE_ICON 45806
C_ADMIN_REQUEST_USERINFO 35285
C_ADMIN_GET_USER_INFO_LIST_BY_DISTANCE 47947
C_SERVER_TIME 41603
C_ADMIN_GMEVENT_OFF 56692
C_ADMIN_HOLD_CHARACTER 39284
C_ADMIN_VANISH_PET 36694
C_ADMIN_WARNING_MESSAGE 42770
C_BROADCAST_CLIMBING 32487
C_VIEW_BATTLEFIELD_STORE 45763
C_ADMIN_REMOVE_CUSTOM_BOOKMARK 24214
C_VIEW_INTER_PARTY_MATCH_BATTLEFIELD_LIST 33404
C_SELECT_CHANNEL 38326
C_USER_AIM_TO 38992
C_CONFIRM_INVITE_CODE 31681
C_REQUEST_CITY_WAR_MAP_INFO 55777
C_CRYSTAL_COMBINE_EXECUTE 30694
C_DIALOG_EVENT 46088
C_DELIVERY_STORE_ADD_BASKET 60478
C_DELIVERY_STORE_DEL_BASKET 28455
C_ENTER_DUNGEON 47017
C_DUNGEON_CLEAR_COUNT_LIST 60075
C_REQUEST_FIELD_POINT_REWARD 41721
C_UNREGISTER_COMBINE_ITEM 27798
C_STOP_FISHING 43274
C_COMBINE_ITEM 21500
C_REQUEST_ONGOING_FIELD_EVENT_LIST 48829
C_ACCEPT_FRIEND 28423
C_CHANGE_FRIEND_MEMO 63518
C_CHANGE_MY_STATE 62937
C_SIMPLE_TIP_DONT_REPEAT 50766
C_REQUEST_GUILD_INFO 39989
C_GROUP_DUEL_RECORD 35685
C_REQUEST_GUILD_LEVEL_RANKING 28604
C_GROUP_DUEL_BETTING 47494
C_GROUP_DUEL_CHANGE_REPRESENT 32056
C_GROUP_DUEL_DEL_BETTING_ITEM 23521
C_CITY_WAR_INFO_HISTROY 59207
C_GET_GUILD_QUEST_WEEKLY_REWARD 31469
C_REQUEST_LEARN_GUILD_PERK 24567
C_CHANGE_GROUP_DUEL_SETTING 23230
C_ADD_ITEM_TO_VM_SELL_BASKET 51419
C_SHOW_GUILD_QUEST_LIST 42094
C_VIEW_GUILD_WAR 58256
C_RQ_DEL_ITEM_FROM_DECOMPOSITION_CONTRACT 54768
C_CHANGE_ITEM_PASSIVE_LIST 49259
C_ITEMSYNTHESIZER_REQUEST_CANCEL 24286
C_ITEMSYNTHESIZER_REQUEST_MATERIAL 59211
C_ITEMSYNTHESIZER_REQUEST_START 20038
C_UNBIND_ITEM 56017
C_CAN_CREATE_USER 42719
C_REQUEST_NAME_PREEMPTION 30717
C_CANCEL_DELETE_USER 57324
C_GET_USER_GUILD_LOGO 42593
C_MAIN_MENU_COMMAND_EXEC 34928
C_REQUEST_MEGAPHONE 58822
C_REQUEST_USER_ITEMLEVEL_INFO 26967
C_AVAILABLE_EVENT_MATCHING_LIST 31889
C_CHECK_EVENT_MATCHING_LIST_CHECKBOX 44656
C_EVENT_MATCHING_DUNGEON_DETAIL_INFO 58919
C_UNEQUIP_ITEM 24273
C_REQUEST_EVENT_MATCHING_TELEPORT 64660
C_REQUEST_REPUTATION_STORE_TELEPORT 29973
C_LIST_PARCEL 22140
C_CLOSE_SEND_PARCEL 61497
C_FINDNAME 22102
C_SET_SEND_PARCEL_TYPE 45766
C_SET_SEND_PARCEL_MONEY 45044
C_PETITION_FEEDBACK 38597
C_RIDE_PEGASUS 57868
C_PREMIUM_COMPOSE_CANCEL 33027
C_PREMIUM_COMPOSE_RESET 29286
C_RETURN_USER_GIFT 35645
C_PREMIUM_COMPOSE_ADD_ITEM 32551
C_PREMIUM_COMPOSE_DEL_ITEM 23464
C_ROLLBACK_QUEST 54322
C_SET_TARGET_INFO 45742
C_TOGGLE_TASK_INFO_WINDOW 58630
C_REQUEST_QUEST_BACKUP_ITEM 37495
C_REQUEST_SERVANT_INFO_LIST 52875
C_DELETE_SERVANT 48947
C_LIST_CHANNEL 22134
C_LORD_CANDIDATE_LIST 34278
C_REQUEST_DESPAWN_SERVANT 29129
C_ENTER_SCENARIO_DUNGEON 48755
C_USE_RIGHT_ITEM 56648
C_START_SERVANT_ACTIVE_SKILL 45353
C_SERVANT_ABILITY 51287
C_REQUEST_SERVANT_LEVEL_UP 59407
C_REQUEST_SERVANT_COMPOSE 52855
C_REQUEST_SERVANT_EVOLUTION 56902
C_REQUEST_PET_CONSUME_EXP_ITEM 47066
C_PET_LEVEL_UP_ITEM_ADD_TO_LIST 29407
C_PET_LEVEL_UP_ITEM_REMOVE_FROM_LIST 63892
C_RQ_SKILL_POLISHING_LIST 24659
C_RESPONSE_SPAWN_DROPITEM 64281
C_RQ_SKILL_POLISHING_UPGRADE_LEVEL 46118
C_REQUEST_STACK_ATTENDANCE_EVENT_INFO_UPDATE 21395
C_REQUEST_STACK_ATTENDANCE_EVENT_REWARD 36517
C_REJECT_CONTRACT 45943
C_RENAME_TELEPORT_TO_POS_LIST 26837
C_TRADE_BROKER_HIGHEST_ITEM_LEVEL 63130
C_TRADE_BAG_CLOSE 52331
C_TRADE_BROKER_REGISTER_ITEM 51925
C_TRADE_BROKER_DEAL_PRICE_UPDATE 55278
C_TRADE_BROKER_SUGGEST_DEAL 47982
C_SHARE_USER_PING 36491
C_CLAIM_TERAPASS_REWARD 30273
C_ADMIN_GMEVENT_OX_QUIZ_NEXT_QUIZ 22778
C_ADMIN_GMEVENT_OX_QUIZ_NEXT_REPE_QUIZ 32588
C_UNREGISTER_REPAIR_ITEM 32779
C_REQUEST_START_GUILD_QUEST 40037
C_REQUEST_FINISH_GUILD_QUEST 57976
C_UNREGISTER_VM_BUY_ITEM 52559
C_UNREGISTER_VM_SELL_ITEM 52897
C_RECV_PARCEL_ALL 28282
C_RQ_SKILL_POLISHING_EXP_INFO 60141
C_BATTLE_FIELD_POINT_STORE_COMMIT 60988
C_GUILD_STORE_COMMIT 27423
C_BATTLE_FIELD_POINT_STORE_BUY_ADD_BASKET 60815
C_GUILD_STORE_BUY_ADD_BASKET 52533
C_BATTLE_FIELD_POINT_STORE_BUY_DEL_BASKET 20535
C_GUILD_STORE_BUY_DEL_BASKET 22079
C_TRADE_BROKER_HISTORY_ITEM_LIST_PAGE 41609
C_TRADE_BROKER_WAITING_ITEM_LIST_PAGE 51454
C_TRADE_BROKER_HISTORY_ITEM_LIST_SORT 49415
C_TRADE_BROKER_WAITING_ITEM_LIST_SORT 35457
C_REQUEST_COOLTIME_TO_JOIN_GUILD 37640
C_ADMIN_GMEVENT_USER_KICK 34192
C_MEET_BOSS_INFO 50552
C_REQUEST_GUILD_PERK_LIST 43862
C_STORE_BUY_DEL_BASKET 32923
C_STORE_SELL_DEL_BASKET 53198
C_MEDAL_STORE_BUY_DEL_BASKET 54879
C_POINT_STORE_BUY_DEL_BASKET 49355
C_DUNGEON_WORK_POINT_STORE_BUY_DEL_BASKET 22677
C_POLITICS_POINT_STORE_BUY_DEL_BASKET 31894
C_CUSTOM_USER_CUSTOMIZING 40685
C_REQUEST_GUILD_INFO_BEFORE_APPLY_GUILD 46247
C_EXPAND_INVEN_POCKET 63171
C_CHAT_REPORT 47093
C_ADMIN_GM_TELEPORT 60035
C_ADMIN_REQUEST_USERACTION 40659
C_EDIT_FRIEND_GROUP 64495
C_REQUEST_GUILD_LIST 30584
C_HARDWARE_INFO 50185
C_SEND_PARCEL 53497
C_START_GUILD_SKILL 64393
C_ADD_TRADE_BAG 58549
C_TRADE_BROKER_BUY_IT_NOW 37885
C_TRADE_BROKER_HISTORY_ITEM_LIST_NEW 26755
C_TRADE_BROKER_WAITING_ITEM_LIST_NEW 62580
C_GET_WARE_ITEM 33127
C_START_SKILL_BY_VEHICLE_EX 55209
C_SET_SEND_PARCEL_ITEM 37557
C_ADD_CRYSTAL_COMBINE_MATERIAL 61092
C_DEL_CRYSTAL_COMBINE_MATERIAL 29906
SU_NEEDS_REMAP_4E58 20056
SU_NEEDS_REMAP_4E9D 20125
SU_NEEDS_REMAP_4F0D 20237
SU_NEEDS_REMAP_4F11 20241
CU_NEEDS_REMAP_4F2F 20271
SU_NEEDS_REMAP_4FDB 20443
CU_NEEDS_REMAP_4FE3 20451
SU_NEEDS_REMAP_4FF2 20466
CU_NEEDS_REMAP_5023 20515
CU_NEEDS_REMAP_503F 20543
SU_NEEDS_REMAP_5052 20562
CU_NEEDS_REMAP_507D 20605
SU_NEEDS_REMAP_50A8 20648
SU_NEEDS_REMAP_50D3 20691
CU_NEEDS_REMAP_510E 20750
CU_NEEDS_REMAP_5169 20841
SU_NEEDS_REMAP_5178 20856
SU_NEEDS_REMAP_5184 20868
CU_NEEDS_REMAP_51C2 20930
SU_NEEDS_REMAP_51D5 20949
CU_NEEDS_REMAP_525C 21084
SU_NEEDS_REMAP_5313 21267
SU_NEEDS_REMAP_5318 21272
SU_NEEDS_REMAP_532F 21295
SU_NEEDS_REMAP_5374 21364
CU_NEEDS_REMAP_5385 21381
CU_NEEDS_REMAP_5397 21399
SU_NEEDS_REMAP_53A3 21411
SU_NEEDS_REMAP_53BE 21438
SU_NEEDS_REMAP_5431 21553
CU_NEEDS_REMAP_5454 21588
CU_NEEDS_REMAP_5486 21638
SU_NEEDS_REMAP_54AD 21677
SU_NEEDS_REMAP_5592 21906
CU_NEEDS_REMAP_55B6 21942
CU_NEEDS_REMAP_5618 22040
CU_NEEDS_REMAP_563B 22075
SU_NEEDS_REMAP_5657 22103
CU_NEEDS_REMAP_56EC 22252
SU_NEEDS_REMAP_56F7 22263
SU_NEEDS_REMAP_5700 22272
SU_NEEDS_REMAP_5750 22352
CU_NEEDS_REMAP_5752 22354
SU_NEEDS_REMAP_576B 22379
CU_NEEDS_REMAP_576F 22383
CU_NEEDS_REMAP_57A8 22440
SU_NEEDS_REMAP_57B0 22448
SU_NEEDS_REMAP_57C3 22467
CU_NEEDS_REMAP_5840 22592
SU_NEEDS_REMAP_5841 22593
SU_NEEDS_REMAP_584C 22604
SU_NEEDS_REMAP_58BC 22716
SU_NEEDS_REMAP_5917 22807
SU_NEEDS_REMAP_5933 22835
SU_NEEDS_REMAP_59AC 22956
CU_NEEDS_REMAP_5A0C 23052
SU_NEEDS_REMAP_5A7D 23165
CU_NEEDS_REMAP_5A9A 23194
SU_NEEDS_REMAP_5AD4 23252
SU_NEEDS_REMAP_5AED 23277
SU_NEEDS_REMAP_5B55 23381
CU_NEEDS_REMAP_5B5A 23386
SU_NEEDS_REMAP_5B5E 23390
CU_NEEDS_REMAP_5B86 23430
SU_NEEDS_REMAP_5B89 23433
CU_NEEDS_REMAP_5B94 23444
CU_NEEDS_REMAP_5C00 23552
SU_NEEDS_REMAP_5C0D 23565
CU_NEEDS_REMAP_5C52 23634
SU_NEEDS_REMAP_5C6C 23660
CU_NEEDS_REMAP_5C73 23667
CU_NEEDS_REMAP_5C75 23669
CU_NEEDS_REMAP_5C76 23670
CU_NEEDS_REMAP_5CD3 23763
SU_NEEDS_REMAP_5CEC 23788
CU_NEEDS_REMAP_5D18 23832
CU_NEEDS_REMAP_5D4B 23883
CU_NEEDS_REMAP_5D4F 23887
SU_NEEDS_REMAP_5D57 23895
SU_NEEDS_REMAP_5D5A 23898
SU_NEEDS_REMAP_5D6F 23919
SU_NEEDS_REMAP_5DC5 24005
SU_NEEDS_REMAP_5DED 24045
CU_NEEDS_REMAP_5DF5 24053
SU_NEEDS_REMAP_5E01 24065
SU_NEEDS_REMAP_5E42 24130
CU_NEEDS_REMAP_5EAC 24236
SU_NEEDS_REMAP_5EC2 24258
CU_NEEDS_REMAP_5EDF 24287
SU_NEEDS_REMAP_5EEA 24298
SU_NEEDS_REMAP_5EF2 24306
SU_NEEDS_REMAP_5F44 24388
CU_NEEDS_REMAP_5F72 24434
CU_NEEDS_REMAP_5F74 24436
CU_NEEDS_REMAP_5FD4 24532
CU_NEEDS_REMAP_600C 24588
CU_NEEDS_REMAP_6022 24610
SU_NEEDS_REMAP_605F 24671
CU_NEEDS_REMAP_607B 24699
SU_NEEDS_REMAP_6126 24870
CU_NEEDS_REMAP_6150 24912
CU_NEEDS_REMAP_6152 24914
SU_NEEDS_REMAP_618A 24970
SU_NEEDS_REMAP_61B3 25011
CU_NEEDS_REMAP_61C3 25027
CU_NEEDS_REMAP_6228 25128
SU_NEEDS_REMAP_625F 25183
SU_NEEDS_REMAP_6261 25185
SU_NEEDS_REMAP_627D 25213
SU_NEEDS_REMAP_6295 25237
CU_NEEDS_REMAP_629F 25247
CU_NEEDS_REMAP_6334 25396
CU_NEEDS_REMAP_634D 25421
CU_NEEDS_REMAP_6393 25491
CU_NEEDS_REMAP_63A8 25512
CU_NEEDS_REMAP_63AE 25518
SU_NEEDS_REMAP_63CC 25548
SU_NEEDS_REMAP_6407 25607
CU_NEEDS_REMAP_6408 25608
CU_NEEDS_REMAP_645B 25691
SU_NEEDS_REMAP_64EA 25834
CU_NEEDS_REMAP_654D 25933
SU_NEEDS_REMAP_659A 26010
SU_NEEDS_REMAP_6685 26245
CU_NEEDS_REMAP_66A7 26279
SU_NEEDS_REMAP_66C3 26307
SU_NEEDS_REMAP_66DA 26330
CU_NEEDS_REMAP_66DB 26331
CU_NEEDS_REMAP_6707 26375
SU_NEEDS_REMAP_670A 26378
CU_NEEDS_REMAP_6721 26401
SU_NEEDS_REMAP_6759 26457
CU_NEEDS_REMAP_6762 26466
CU_NEEDS_REMAP_67A0 26528
SU_NEEDS_REMAP_67D9 26585
CU_NEEDS_REMAP_6812 26642
SU_NEEDS_REMAP_681F 26655
SU_NEEDS_REMAP_6853 26707
CU_NEEDS_REMAP_686A 26730
SU_NEEDS_REMAP_6898 26776
SU_NEEDS_REMAP_68A0 26784
CU_NEEDS_REMAP_68AF 26799
SU_NEEDS_REMAP_68C7 26823
CU_NEEDS_REMAP_68DD 26845
CU_NEEDS_REMAP_6900 26880
CU_NEEDS_REMAP_6925 26917
SU_NEEDS_REMAP_695D 26973
CU_NEEDS_REMAP_69C7 27079
CU_NEEDS_REMAP_69D9 27097
CU_NEEDS_REMAP_69E7 27111
CU_NEEDS_REMAP_6A33 27187
CU_NEEDS_REMAP_6A8D 27277
CU_NEEDS_REMAP_6ADB 27355
SU_NEEDS_REMAP_6B2A 27434
SU_NEEDS_REMAP_6B44 27460
SU_NEEDS_REMAP_6B47 27463
CU_NEEDS_REMAP_6C20 27680
CU_NEEDS_REMAP_6C6B 27755
CU_NEEDS_REMAP_6D2E 27950
CU_NEEDS_REMAP_6D65 28005
CU_NEEDS_REMAP_6D69 28009
CU_NEEDS_REMAP_6D76 28022
SU_NEEDS_REMAP_6D99 28057
CU_NEEDS_REMAP_6DA3 28067
SU_NEEDS_REMAP_6E28 28200
CU_NEEDS_REMAP_6E5D 28253
CU_NEEDS_REMAP_6E62 28258
CU_NEEDS_REMAP_6EBE 28350
SU_NEEDS_REMAP_6EDD 28381
CU_NEEDS_REMAP_6EDE 28382
SU_NEEDS_REMAP_6EE2 28386
CU_NEEDS_REMAP_6F37 28471
SU_NEEDS_REMAP_6F54 28500
SU_NEEDS_REMAP_6F60 28512
CU_NEEDS_REMAP_6FB6 28598
SU_NEEDS_REMAP_6FC9 28617
CU_NEEDS_REMAP_6FD1 28625
CU_NEEDS_REMAP_6FD5 28629
SU_NEEDS_REMAP_6FEB 28651
CU_NEEDS_REMAP_6FED 28653
SU_NEEDS_REMAP_70C6 28870
SU_NEEDS_REMAP_70DC 28892
SU_NEEDS_REMAP_7110 28944
SU_NEEDS_REMAP_715B 29019
SU_NEEDS_REMAP_719B 29083
SU_NEEDS_REMAP_71E3 29155
SU_NEEDS_REMAP_7223 29219
SU_NEEDS_REMAP_7248 29256
SU_NEEDS_REMAP_7251 29265
CU_NEEDS_REMAP_729C 29340
SU_NEEDS_REMAP_7354 29524
SU_NEEDS_REMAP_7361 29537
SU_NEEDS_REMAP_73C6 29638
CU_NEEDS_REMAP_73E4 29668
CU_NEEDS_REMAP_73E8 29672
SU_NEEDS_REMAP_73EE 29678
CU_NEEDS_REMAP_7401 29697
SU_NEEDS_REMAP_7420 29728
CU_NEEDS_REMAP_7422 29730
SU_NEEDS_REMAP_7423 29731
SU_NEEDS_REMAP_7452 29778
SU_NEEDS_REMAP_7466 29798
SU_NEEDS_REMAP_74A8 29864
SU_NEEDS_REMAP_74C2 29890
CU_NEEDS_REMAP_7535 30005
SU_NEEDS_REMAP_754F 30031
CU_NEEDS_REMAP_757E 30078
SU_NEEDS_REMAP_75BD 30141
SU_NEEDS_REMAP_75C7 30151
SU_NEEDS_REMAP_760D 30221
CU_NEEDS_REMAP_765B 30299
SU_NEEDS_REMAP_768D 30349
SU_NEEDS_REMAP_7696 30358
CU_NEEDS_REMAP_769C 30364
SU_NEEDS_REMAP_76C8 30408
SU_NEEDS_REMAP_76CF 30415
SU_NEEDS_REMAP_76EC 30444
SU_NEEDS_REMAP_76ED 30445
CU_NEEDS_REMAP_7766 30566
SU_NEEDS_REMAP_77A3 30627
CU_NEEDS_REMAP_77FE 30718
CU_NEEDS_REMAP_781E 30750
CU_NEEDS_REMAP_7883 30851
SU_NEEDS_REMAP_78B9 30905
SU_NEEDS_REMAP_78C1 30913
CU_NEEDS_REMAP_78C5 30917
SU_NEEDS_REMAP_78D2 30930
SU_NEEDS_REMAP_78E5 30949
SU_NEEDS_REMAP_795A 31066
CU_NEEDS_REMAP_79BB 31163
CU_NEEDS_REMAP_79F8 31224
CU_NEEDS_REMAP_7A11 31249
CU_NEEDS_REMAP_7A95 31381
SU_NEEDS_REMAP_7AB6 31414
SU_NEEDS_REMAP_7AEC 31468
SU_NEEDS_REMAP_7B2A 31530
SU_NEEDS_REMAP_7B62 31586
SU_NEEDS_REMAP_7B63 31587
SU_NEEDS_REMAP_7B7F 31615
CU_NEEDS_REMAP_7B80 31616
CU_NEEDS_REMAP_7B9B 31643
SU_NEEDS_REMAP_7BC6 31686
SU_NEEDS_REMAP_7C24 31780
CU_NEEDS_REMAP_7C27 31783
SU_NEEDS_REMAP_7C2A 31786
SU_NEEDS_REMAP_7C3B 31803
SU_NEEDS_REMAP_7C85 31877
SU_NEEDS_REMAP_7C9F 31903
CU_NEEDS_REMAP_7CA7 31911
CU_NEEDS_REMAP_7CEA 31978
CU_NEEDS_REMAP_7CEC 31980
SU_NEEDS_REMAP_7CF8 31992
CU_NEEDS_REMAP_7D42 32066
SU_NEEDS_REMAP_7D46 32070
CU_NEEDS_REMAP_7D48 32072
SU_NEEDS_REMAP_7D83 32131
CU_NEEDS_REMAP_7DA3 32163
SU_NEEDS_REMAP_7DAE 32174
CU_NEEDS_REMAP_7DE3 32227
CU_NEEDS_REMAP_7E3C 32316
CU_NEEDS_REMAP_7E6A 32362
CU_NEEDS_REMAP_7E76 32374
SU_NEEDS_REMAP_7ED8 32472
SU_NEEDS_REMAP_7EDD 32477
SU_NEEDS_REMAP_7F62 32610
SU_NEEDS_REMAP_7F8B 32651
CU_NEEDS_REMAP_7FC8 32712
CU_NEEDS_REMAP_7FE8 32744
CU_NEEDS_REMAP_8023 32803
SU_NEEDS_REMAP_8036 32822
CU_NEEDS_REMAP_80B3 32947
CU_NEEDS_REMAP_80E7 32999
CU_NEEDS_REMAP_810B 33035
SU_NEEDS_REMAP_810C 33036
SU_NEEDS_REMAP_811E 33054
CU_NEEDS_REMAP_8138 33080
SU_NEEDS_REMAP_814C 33100
SU_NEEDS_REMAP_8153 33107
SU_NEEDS_REMAP_816E 33134
SU_NEEDS_REMAP_8202 33282
SU_NEEDS_REMAP_8226 33318
CU_NEEDS_REMAP_8272 33394
CU_NEEDS_REMAP_82CA 33482
CU_NEEDS_REMAP_83D3 33747
SU_NEEDS_REMAP_83D6 33750
SU_NEEDS_REMAP_843B 33851
CU_NEEDS_REMAP_8470 33904
SU_NEEDS_REMAP_84DB 34011
SU_NEEDS_REMAP_850A 34058
SU_NEEDS_REMAP_8518 34072
CU_NEEDS_REMAP_851E 34078
CU_NEEDS_REMAP_8524 34084
SU_NEEDS_REMAP_8533 34099
SU_NEEDS_REMAP_854D 34125
SU_NEEDS_REMAP_8550 34128
CU_NEEDS_REMAP_85C2 34242
CU_NEEDS_REMAP_85E2 34274
CU_NEEDS_REMAP_8603 34307
SU_NEEDS_REMAP_863E 34366
SU_NEEDS_REMAP_872E 34606
SU_NEEDS_REMAP_8741 34625
SU_NEEDS_REMAP_8788 34696
SU_NEEDS_REMAP_8799 34713
CU_NEEDS_REMAP_87E2 34786
SU_NEEDS_REMAP_884A 34890
SU_NEEDS_REMAP_8869 34921
CU_NEEDS_REMAP_88BF 35007
SU_NEEDS_REMAP_88E8 35048
SU_NEEDS_REMAP_895C 35164
CU_NEEDS_REMAP_8970 35184
SU_NEEDS_REMAP_8A2E 35374
SU_NEEDS_REMAP_8A55 35413
SU_NEEDS_REMAP_8A72 35442
CU_NEEDS_REMAP_8A80 35456
SU_NEEDS_REMAP_8A9C 35484
SU_NEEDS_REMAP_8AE3 35555
CU_NEEDS_REMAP_8B20 35616
SU_NEEDS_REMAP_8B78 35704
CU_NEEDS_REMAP_8B9B 35739
SU_NEEDS_REMAP_8BD0 35792
CU_NEEDS_REMAP_8C14 35860
SU_NEEDS_REMAP_8C2E 35886
CU_NEEDS_REMAP_8C7C 35964
CU_NEEDS_REMAP_8CF6 36086
SU_NEEDS_REMAP_8CFF 36095
CU_NEEDS_REMAP_8D19 36121
SU_NEEDS_REMAP_8DB3 36275
CU_NEEDS_REMAP_8DCA 36298
CU_NEEDS_REMAP_8E14 36372
CU_NEEDS_REMAP_8E22 36386
CU_NEEDS_REMAP_8E43 36419
SU_NEEDS_REMAP_8EB9 36537
SU_NEEDS_REMAP_8EBD 36541
SU_NEEDS_REMAP_8EC6 36550
CU_NEEDS_REMAP_8EE8 36584
CU_NEEDS_REMAP_8F17 36631
CU_NEEDS_REMAP_8F37 36663
CU_NEEDS_REMAP_8F3A 36666
SU_NEEDS_REMAP_8F41 36673
CU_NEEDS_REMAP_8F82 36738
CU_NEEDS_REMAP_8FC6 36806
CU_NEEDS_REMAP_8FE0 36832
SU_NEEDS_REMAP_9052 36946
CU_NEEDS_REMAP_9067 36967
SU_NEEDS_REMAP_908A 37002
CU_NEEDS_REMAP_90E4 37092
CU_NEEDS_REMAP_90FF 37119
SU_NEEDS_REMAP_915B 37211
CU_NEEDS_REMAP_917B 37243
SU_NEEDS_REMAP_9191 37265
CU_NEEDS_REMAP_924B 37451
SU_NEEDS_REMAP_92DD 37597
CU_NEEDS_REMAP_932D 37677
CU_NEEDS_REMAP_9354 37716
SU_NEEDS_REMAP_935C 37724
SU_NEEDS_REMAP_937B 37755
CU_NEEDS_REMAP_93DE 37854
CU_NEEDS_REMAP_93F0 37872
CU_NEEDS_REMAP_93FF 37887
CU_NEEDS_REMAP_9413 37907
CU_NEEDS_REMAP_9463 37987
SU_NEEDS_REMAP_948D 38029
CU_NEEDS_REMAP_949E 38046
SU_NEEDS_REMAP_9519 38169
SU_NEEDS_REMAP_952C 38188
CU_NEEDS_REMAP_9537 38199
SU_NEEDS_REMAP_955C 38236
SU_NEEDS_REMAP_9574 38260
SU_NEEDS_REMAP_9578 38264
SU_NEEDS_REMAP_9595 38293
SU_NEEDS_REMAP_959C 38300
SU_NEEDS_REMAP_95AE 38318
SU_NEEDS_REMAP_963F 38463
CU_NEEDS_REMAP_9646 38470
CU_NEEDS_REMAP_96E6 38630
CU_NEEDS_REMAP_96F5 38645
CU_NEEDS_REMAP_9705 38661
CU_NEEDS_REMAP_9728 38696
CU_NEEDS_REMAP_976D 38765
SU_NEEDS_REMAP_97F0 38896
SU_NEEDS_REMAP_97F3 38899
CU_NEEDS_REMAP_9820 38944
CU_NEEDS_REMAP_9865 39013
CU_NEEDS_REMAP_9875 39029
SU_NEEDS_REMAP_98C6 39110
CU_NEEDS_REMAP_98F9 39161
CU_NEEDS_REMAP_98FE 39166
SU_NEEDS_REMAP_995E 39262
CU_NEEDS_REMAP_997C 39292
CU_NEEDS_REMAP_99B7 39351
SU_NEEDS_REMAP_99DC 39388
SU_NEEDS_REMAP_99E3 39395
SU_NEEDS_REMAP_9A34 39476
SU_NEEDS_REMAP_9A39 39481
SU_NEEDS_REMAP_9A78 39544
CU_NEEDS_REMAP_9A7B 39547
SU_NEEDS_REMAP_9AB8 39608
CU_NEEDS_REMAP_9AC9 39625
CU_NEEDS_REMAP_9ACA 39626
CU_NEEDS_REMAP_9B3F 39743
SU_NEEDS_REMAP_9B5D 39773
SU_NEEDS_REMAP_9B7F 39807
SU_NEEDS_REMAP_9BA4 39844
SU_NEEDS_REMAP_9BDC 39900
SU_NEEDS_REMAP_9BF4 39924
CU_NEEDS_REMAP_9C0D 39949
SU_NEEDS_REMAP_9C39 39993
SU_NEEDS_REMAP_9C5F 40031
SU_NEEDS_REMAP_9CF0 40176
CU_NEEDS_REMAP_9D67 40295
SU_NEEDS_REMAP_9D81 40321
SU_NEEDS_REMAP_9D8D 40333
SU_NEEDS_REMAP_9DDE 40414
CU_NEEDS_REMAP_9DFA 40442
CU_NEEDS_REMAP_9E07 40455
SU_NEEDS_REMAP_9E27 40487
SU_NEEDS_REMAP_9E45 40517
CU_NEEDS_REMAP_9E54 40532
SU_NEEDS_REMAP_9E6E 40558
SU_NEEDS_REMAP_9E92 40594
CU_NEEDS_REMAP_9E98 40600
SU_NEEDS_REMAP_9ECE 40654
CU_NEEDS_REMAP_9EF0 40688
CU_NEEDS_REMAP_9F06 40710
SU_NEEDS_REMAP_9F6E 40814
SU_NEEDS_REMAP_9FE8 40936
SU_NEEDS_REMAP_A00B 40971
SU_NEEDS_REMAP_A020 40992
SU_NEEDS_REMAP_A056 41046
SU_NEEDS_REMAP_A078 41080
SU_NEEDS_REMAP_A093 41107
CU_NEEDS_REMAP_A099 41113
SU_NEEDS_REMAP_A0B4 41140
CU_NEEDS_REMAP_A0F8 41208
CU_NEEDS_REMAP_A120 41248
SU_NEEDS_REMAP_A134 41268
CU_NEEDS_REMAP_A187 41351
SU_NEEDS_REMAP_A18F 41359
CU_NEEDS_REMAP_A1A5 41381
SU_NEEDS_REMAP_A1D4 41428
SU_NEEDS_REMAP_A1E1 41441
CU_NEEDS_REMAP_A1E3 41443
CU_NEEDS_REMAP_A205 41477
CU_NEEDS_REMAP_A211 41489
SU_NEEDS_REMAP_A2D2 41682
CU_NEEDS_REMAP_A2F6 41718
SU_NEEDS_REMAP_A309 41737
SU_NEEDS_REMAP_A30B 41739
CU_NEEDS_REMAP_A37F 41855
SU_NEEDS_REMAP_A383 41859
SU_NEEDS_REMAP_A402 41986
SU_NEEDS_REMAP_A40C 41996
CU_NEEDS_REMAP_A414 42004
CU_NEEDS_REMAP_A416 42006
CU_NEEDS_REMAP_A450 42064
CU_NEEDS_REMAP_A476 42102
CU_NEEDS_REMAP_A4C4 42180
SU_NEEDS_REMAP_A4C5 42181
SU_NEEDS_REMAP_A500 42240
SU_NEEDS_REMAP_A51B 42267
CU_NEEDS_REMAP_A535 42293
CU_NEEDS_REMAP_A54B 42315
SU_NEEDS_REMAP_A5A6 42406
CU_NEEDS_REMAP_A5C3 42435
SU_NEEDS_REMAP_A5DB 42459
SU_NEEDS_REMAP_A5F2 42482
CU_NEEDS_REMAP_A646 42566
CU_NEEDS_REMAP_A648 42568
CU_NEEDS_REMAP_A676 42614
CU_NEEDS_REMAP_A6DD 42717
SU_NEEDS_REMAP_A71F 42783
CU_NEEDS_REMAP_A761 42849
SU_NEEDS_REMAP_A7B2 42930
CU_NEEDS_REMAP_A7F1 42993
SU_NEEDS_REMAP_A823 43043
CU_NEEDS_REMAP_A846 43078
SU_NEEDS_REMAP_A866 43110
SU_NEEDS_REMAP_A867 43111
CU_NEEDS_REMAP_A87D 43133
SU_NEEDS_REMAP_A8BA 43194
SU_NEEDS_REMAP_A8BB 43195
CU_NEEDS_REMAP_A902 43266
CU_NEEDS_REMAP_A916 43286
SU_NEEDS_REMAP_A926 43302
SU_NEEDS_REMAP_A92A 43306
CU_NEEDS_REMAP_A92C 43308
SU_NEEDS_REMAP_A946 43334
SU_NEEDS_REMAP_A991 43409
CU_NEEDS_REMAP_A9A9 43433
CU_NEEDS_REMAP_A9D1 43473
SU_NEEDS_REMAP_AA42 43586
CU_NEEDS_REMAP_AA4B 43595
SU_NEEDS_REMAP_AA76 43638
SU_NEEDS_REMAP_AA89 43657
CU_NEEDS_REMAP_AADB 43739
SU_NEEDS_REMAP_AAFA 43770
SU_NEEDS_REMAP_AB03 43779
SU_NEEDS_REMAP_AB15 43797
CU_NEEDS_REMAP_AB21 43809
CU_NEEDS_REMAP_AB5B 43867
SU_NEEDS_REMAP_ABC2 43970
SU_NEEDS_REMAP_AC0D 44045
SU_NEEDS_REMAP_AC10 44048
CU_NEEDS_REMAP_AC26 44070
SU_NEEDS_REMAP_AC3E 44094
CU_NEEDS_REMAP_AC77 44151
CU_NEEDS_REMAP_AC91 44177
CU_NEEDS_REMAP_ACCC 44236
CU_NEEDS_REMAP_ACE9 44265
CU_NEEDS_REMAP_AD03 44291
SU_NEEDS_REMAP_AD1F 44319
SU_NEEDS_REMAP_AD27 44327
CU_NEEDS_REMAP_AD63 44387
CU_NEEDS_REMAP_AD7C 44412
SU_NEEDS_REMAP_AD87 44423
SU_NEEDS_REMAP_ADBE 44478
SU_NEEDS_REMAP_ADE7 44519
SU_NEEDS_REMAP_AE0F 44559
CU_NEEDS_REMAP_AE74 44660
SU_NEEDS_REMAP_AE84 44676
SU_NEEDS_REMAP_AEA9 44713
CU_NEEDS_REMAP_AEAA 44714
CU_NEEDS_REMAP_AEAE 44718
SU_NEEDS_REMAP_AFC7 44999
SU_NEEDS_REMAP_B00B 45067
SU_NEEDS_REMAP_B038 45112
CU_NEEDS_REMAP_B047 45127
SU_NEEDS_REMAP_B063 45155
CU_NEEDS_REMAP_B096 45206
SU_NEEDS_REMAP_B098 45208
CU_NEEDS_REMAP_B0DB 45275
SU_NEEDS_REMAP_B10C 45324
SU_NEEDS_REMAP_B1B2 45490
CU_NEEDS_REMAP_B1D4 45524
CU_NEEDS_REMAP_B1E0 45536
SU_NEEDS_REMAP_B1F2 45554
CU_NEEDS_REMAP_B232 45618
SU_NEEDS_REMAP_B233 45619
SU_NEEDS_REMAP_B260 45664
SU_NEEDS_REMAP_B277 45687
CU_NEEDS_REMAP_B2D6 45782
CU_NEEDS_REMAP_B301 45825
SU_NEEDS_REMAP_B33A 45882
SU_NEEDS_REMAP_B366 45926
CU_NEEDS_REMAP_B396 45974
SU_NEEDS_REMAP_B3AC 45996
SU_NEEDS_REMAP_B3B7 46007
CU_NEEDS_REMAP_B3C9 46025
CU_NEEDS_REMAP_B41B 46107
SU_NEEDS_REMAP_B42A 46122
SU_NEEDS_REMAP_B467 46183
SU_NEEDS_REMAP_B49F 46239
SU_NEEDS_REMAP_B4A0 46240
CU_NEEDS_REMAP_B4C1 46273
SU_NEEDS_REMAP_B4DE 46302
CU_NEEDS_REMAP_B4F1 46321
CU_NEEDS_REMAP_B4F3 46323
CU_NEEDS_REMAP_B567 46439
CU_NEEDS_REMAP_B568 46440
CU_NEEDS_REMAP_B5DC 46556
SU_NEEDS_REMAP_B5F9 46585
CU_NEEDS_REMAP_B603 46595
SU_NEEDS_REMAP_B66F 46703
SU_NEEDS_REMAP_B7A7 47015
CU_NEEDS_REMAP_B7BA 47034
CU_NEEDS_REMAP_B7EE 47086
SU_NEEDS_REMAP_B8E4 47332
SU_NEEDS_REMAP_B900 47360
CU_NEEDS_REMAP_B925 47397
CU_NEEDS_REMAP_B98B 47499
CU_NEEDS_REMAP_B9F7 47607
SU_NEEDS_REMAP_BA49 47689
SU_NEEDS_REMAP_BAD3 47827
CU_NEEDS_REMAP_BB02 47874
CU_NEEDS_REMAP_BB20 47904
CU_NEEDS_REMAP_BB73 47987
CU_NEEDS_REMAP_BBE3 48099
SU_NEEDS_REMAP_BBFE 48126
CU_NEEDS_REMAP_BC38 48184
CU_NEEDS_REMAP_BCA7 48295
SU_NEEDS_REMAP_BCC7 48327
SU_NEEDS_REMAP_BCDA 48346
SU_NEEDS_REMAP_BD1C 48412
SU_NEEDS_REMAP_BD44 48452
SU_NEEDS_REMAP_BD6D 48493
SU_NEEDS_REMAP_BD75 48501
CU_NEEDS_REMAP_BD8F 48527
SU_NEEDS_REMAP_BE17 48663
SU_NEEDS_REMAP_BE2C 48684
CU_NEEDS_REMAP_BEB2 48818
SU_NEEDS_REMAP_BEDA 48858
SU_NEEDS_REMAP_BEFA 48890
SU_NEEDS_REMAP_BF26 48934
SU_NEEDS_REMAP_BF28 48936
CU_NEEDS_REMAP_BF30 48944
CU_NEEDS_REMAP_BF6F 49007
SU_NEEDS_REMAP_BFA7 49063
SU_NEEDS_REMAP_BFB2 49074
CU_NEEDS_REMAP_BFEE 49134
CU_NEEDS_REMAP_C000 49152
SU_NEEDS_REMAP_C002 49154
CU_NEEDS_REMAP_C026 49190
SU_NEEDS_REMAP_C042 49218
CU_NEEDS_REMAP_C070 49264
CU_NEEDS_REMAP_C080 49280
SU_NEEDS_REMAP_C08C 49292
SU_NEEDS_REMAP_C0A1 49313
CU_NEEDS_REMAP_C0C8 49352
CU_NEEDS_REMAP_C10F 49423
CU_NEEDS_REMAP_C12D 49453
CU_NEEDS_REMAP_C137 49463
SU_NEEDS_REMAP_C164 49508
SU_NEEDS_REMAP_C21E 49694
SU_NEEDS_REMAP_C239 49721
CU_NEEDS_REMAP_C275 49781
SU_NEEDS_REMAP_C2A7 49831
SU_NEEDS_REMAP_C2B6 49846
SU_NEEDS_REMAP_C2D7 49879
SU_NEEDS_REMAP_C339 49977
SU_NEEDS_REMAP_C392 50066
SU_NEEDS_REMAP_C3BD 50109
SU_NEEDS_REMAP_C3BE 50110
SU_NEEDS_REMAP_C3E0 50144
CU_NEEDS_REMAP_C3E8 50152
SU_NEEDS_REMAP_C3F1 50161
SU_NEEDS_REMAP_C44E 50254
CU_NEEDS_REMAP_C486 50310
CU_NEEDS_REMAP_C488 50312
SU_NEEDS_REMAP_C514 50452
SU_NEEDS_REMAP_C531 50481
CU_NEEDS_REMAP_C545 50501
SU_NEEDS_REMAP_C564 50532
CU_NEEDS_REMAP_C56F 50543
CU_NEEDS_REMAP_C58D 50573
SU_NEEDS_REMAP_C5D7 50647
CU_NEEDS_REMAP_C5F4 50676
CU_NEEDS_REMAP_C5F6 50678
CU_NEEDS_REMAP_C5FC 50684
CU_NEEDS_REMAP_C612 50706
SU_NEEDS_REMAP_C632 50738
SU_NEEDS_REMAP_C67C 50812
SU_NEEDS_REMAP_C682 50818
SU_NEEDS_REMAP_C782 51074
CU_NEEDS_REMAP_C7BE 51134
SU_NEEDS_REMAP_C85A 51290
CU_NEEDS_REMAP_C879 51321
SU_NEEDS_REMAP_C881 51329
CU_NEEDS_REMAP_C88E 51342
SU_NEEDS_REMAP_C8B7 51383
CU_NEEDS_REMAP_C8C0 51392
CU_NEEDS_REMAP_C8C3 51395
SU_NEEDS_REMAP_C8CA 51402
CU_NEEDS_REMAP_C8CD 51405
CU_NEEDS_REMAP_C8DC 51420
SU_NEEDS_REMAP_C8E8 51432
CU_NEEDS_REMAP_C8FF 51455
SU_NEEDS_REMAP_C916 51478
SU_NEEDS_REMAP_C91F 51487
CU_NEEDS_REMAP_C92F 51503
CU_NEEDS_REMAP_C95F 51551
CU_NEEDS_REMAP_C966 51558
SU_NEEDS_REMAP_C9E1 51681
CU_NEEDS_REMAP_CA20 51744
CU_NEEDS_REMAP_CA45 51781
CU_NEEDS_REMAP_CA55 51797
SU_NEEDS_REMAP_CAC8 51912
SU_NEEDS_REMAP_CAEC 51948
SU_NEEDS_REMAP_CAED 51949
CU_NEEDS_REMAP_CAF5 51957
SU_NEEDS_REMAP_CB38 52024
SU_NEEDS_REMAP_CB84 52100
SU_NEEDS_REMAP_CBAA 52138
SU_NEEDS_REMAP_CC26 52262
CU_NEEDS_REMAP_CC63 52323
SU_NEEDS_REMAP_CC8B 52363
SU_NEEDS_REMAP_CCB7 52407
SU_NEEDS_REMAP_CCD2 52434
CU_NEEDS_REMAP_CCEC 52460
SU_NEEDS_REMAP_CD15 52501
CU_NEEDS_REMAP_CD3D 52541
SU_NEEDS_REMAP_CD53 52563
SU_NEEDS_REMAP_CDA5 52645
CU_NEEDS_REMAP_CDA9 52649
SU_NEEDS_REMAP_CDB0 52656
CU_NEEDS_REMAP_CDC5 52677
SU_NEEDS_REMAP_CDE2 52706
CU_NEEDS_REMAP_CE63 52835
SU_NEEDS_REMAP_CEA2 52898
SU_NEEDS_REMAP_CEB2 52914
SU_NEEDS_REMAP_CF22 53026
CU_NEEDS_REMAP_CF39 53049
CU_NEEDS_REMAP_CF51 53073
CU_NEEDS_REMAP_CF7B 53115
SU_NEEDS_REMAP_CF8F 53135
SU_NEEDS_REMAP_CF9C 53148
CU_NEEDS_REMAP_CFE5 53221
SU_NEEDS_REMAP_D025 53285
CU_NEEDS_REMAP_D0B3 53427
CU_NEEDS_REMAP_D0FC 53500
CU_NEEDS_REMAP_D124 53540
SU_NEEDS_REMAP_D1C7 53703
CU_NEEDS_REMAP_D205 53765
SU_NEEDS_REMAP_D206 53766
SU_NEEDS_REMAP_D207 53767
CU_NEEDS_REMAP_D245 53829
CU_NEEDS_REMAP_D253 53843
CU_NEEDS_REMAP_D25B 53851
SU_NEEDS_REMAP_D269 53865
SU_NEEDS_REMAP_D276 53878
SU_NEEDS_REMAP_D297 53911
CU_NEEDS_REMAP_D36A 54122
CU_NEEDS_REMAP_D38D 54157
CU_NEEDS_REMAP_D39C 54172
SU_NEEDS_REMAP_D3C8 54216
SU_NEEDS_REMAP_D3CB 54219
SU_NEEDS_REMAP_D3E5 54245
SU_NEEDS_REMAP_D3EA 54250
SU_NEEDS_REMAP_D40A 54282
SU_NEEDS_REMAP_D45B 54363
SU_NEEDS_REMAP_D4A9 54441
SU_NEEDS_REMAP_D4DF 54495
SU_NEEDS_REMAP_D572 54642
CU_NEEDS_REMAP_D5B2 54706
SU_NEEDS_REMAP_D5E1 54753
SU_NEEDS_REMAP_D601 54785
CU_NEEDS_REMAP_D61D 54813
SU_NEEDS_REMAP_D627 54823
SU_NEEDS_REMAP_D6B4 54964
SU_NEEDS_REMAP_D723 55075
SU_NEEDS_REMAP_D77D 55165
CU_NEEDS_REMAP_D7B3 55219
CU_NEEDS_REMAP_D7BA 55226
CU_NEEDS_REMAP_D80D 55309
CU_NEEDS_REMAP_D81C 55324
SU_NEEDS_REMAP_D82E 55342
SU_NEEDS_REMAP_D82F 55343
CU_NEEDS_REMAP_D839 55353
CU_NEEDS_REMAP_D861 55393
SU_NEEDS_REMAP_D872 55410
CU_NEEDS_REMAP_D89D 55453
CU_NEEDS_REMAP_D8A7 55463
SU_NEEDS_REMAP_D8C4 55492
SU_NEEDS_REMAP_D8CD 55501
SU_NEEDS_REMAP_D8FD 55549
SU_NEEDS_REMAP_D92B 55595
SU_NEEDS_REMAP_D937 55607
SU_NEEDS_REMAP_D95E 55646
CU_NEEDS_REMAP_D973 55667
CU_NEEDS_REMAP_D995 55701
SU_NEEDS_REMAP_D9BC 55740
SU_NEEDS_REMAP_D9C8 55752
SU_NEEDS_REMAP_DA00 55808
SU_NEEDS_REMAP_DA0B 55819
SU_NEEDS_REMAP_DA28 55848
SU_NEEDS_REMAP_DA2E 55854
SU_NEEDS_REMAP_DA67 55911
CU_NEEDS_REMAP_DA86 55942
CU_NEEDS_REMAP_DAA2 55970
CU_NEEDS_REMAP_DAA9 55977
CU_NEEDS_REMAP_DACF 56015
SU_NEEDS_REMAP_DAD0 56016
CU_NEEDS_REMAP_DB0D 56077
SU_NEEDS_REMAP_DC52 56402
SU_NEEDS_REMAP_DC6E 56430
CU_NEEDS_REMAP_DC74 56436
CU_NEEDS_REMAP_DC89 56457
CU_NEEDS_REMAP_DCC4 56516
SU_NEEDS_REMAP_DCD0 56528
CU_NEEDS_REMAP_DD02 56578
CU_NEEDS_REMAP_DD47 56647
CU_NEEDS_REMAP_DDB3 56755
SU_NEEDS_REMAP_DDD8 56792
CU_NEEDS_REMAP_DDF2 56818
CU_NEEDS_REMAP_DDF7 56823
SU_NEEDS_REMAP_DE06 56838
SU_NEEDS_REMAP_DE33 56883
SU_NEEDS_REMAP_DE42 56898
SU_NEEDS_REMAP_DE48 56904
SU_NEEDS_REMAP_DE73 56947
CU_NEEDS_REMAP_DE9A 56986
CU_NEEDS_REMAP_DEBB 57019
CU_NEEDS_REMAP_DEE7 57063
CU_NEEDS_REMAP_DEF9 57081
CU_NEEDS_REMAP_DF03 57091
SU_NEEDS_REMAP_DF72 57202
CU_NEEDS_REMAP_DFAC 57260
CU_NEEDS_REMAP_DFDF 57311
CU_NEEDS_REMAP_E04B 57419
SU_NEEDS_REMAP_E058 57432
SU_NEEDS_REMAP_E05F 57439
SU_NEEDS_REMAP_E073 57459
SU_NEEDS_REMAP_E08E 57486
CU_NEEDS_REMAP_E0A7 57511
SU_NEEDS_REMAP_E142 57666
SU_NEEDS_REMAP_E166 57702
CU_NEEDS_REMAP_E177 57719
CU_NEEDS_REMAP_E1C1 57793
SU_NEEDS_REMAP_E1C2 57794
CU_NEEDS_REMAP_E1EF 57839
CU_NEEDS_REMAP_E243 57923
CU_NEEDS_REMAP_E247 57927
SU_NEEDS_REMAP_E250 57936
CU_NEEDS_REMAP_E312 58130
CU_NEEDS_REMAP_E353 58195
SU_NEEDS_REMAP_E360 58208
SU_NEEDS_REMAP_E36C 58220
CU_NEEDS_REMAP_E383 58243
SU_NEEDS_REMAP_E3F4 58356
SU_NEEDS_REMAP_E457 58455
SU_NEEDS_REMAP_E45F 58463
SU_NEEDS_REMAP_E463 58467
SU_NEEDS_REMAP_E46F 58479
CU_NEEDS_REMAP_E47F 58495
CU_NEEDS_REMAP_E485 58501
SU_NEEDS_REMAP_E4C0 58560
CU_NEEDS_REMAP_E4E1 58593
SU_NEEDS_REMAP_E4EC 58604
SU_NEEDS_REMAP_E537 58679
CU_NEEDS_REMAP_E557 58711
CU_NEEDS_REMAP_E586 58758
SU_NEEDS_REMAP_E5EE 58862
SU_NEEDS_REMAP_E67C 59004
CU_NEEDS_REMAP_E68D 59021
SU_NEEDS_REMAP_E6E8 59112
CU_NEEDS_REMAP_E705 59141
SU_NEEDS_REMAP_E744 59204
SU_NEEDS_REMAP_E764 59236
SU_NEEDS_REMAP_E76B 59243
CU_NEEDS_REMAP_E771 59249
CU_NEEDS_REMAP_E777 59255
SU_NEEDS_REMAP_E77D 59261
CU_NEEDS_REMAP_E7BF 59327
SU_NEEDS_REMAP_E83C 59452
SU_NEEDS_REMAP_E8A2 59554
CU_NEEDS_REMAP_E8C4 59588
SU_NEEDS_REMAP_E8E8 59624
CU_NEEDS_REMAP_E91D 59677
SU_NEEDS_REMAP_E925 59685
CU_NEEDS_REMAP_E93A 59706
CU_NEEDS_REMAP_E977 59767
CU_NEEDS_REMAP_E988 59784
CU_NEEDS_REMAP_E995 59797
CU_NEEDS_REMAP_E9E3 59875
SU_NEEDS_REMAP_EA16 59926
SU_NEEDS_REMAP_EA19 59929
CU_NEEDS_REMAP_EA24 59940
SU_NEEDS_REMAP_EA55 59989
CU_NEEDS_REMAP_EA96 60054
CU_NEEDS_REMAP_EAAE 60078
SU_NEEDS_REMAP_EAD1 60113
SU_NEEDS_REMAP_EB47 60231
SU_NEEDS_REMAP_EB4F 60239
SU_NEEDS_REMAP_EBBB 60347
SU_NEEDS_REMAP_EBF4 60404
SU_NEEDS_REMAP_EC5C 60508
SU_NEEDS_REMAP_EC5E 60510
SU_NEEDS_REMAP_EC69 60521
SU_NEEDS_REMAP_EC6B 60523
SU_NEEDS_REMAP_EC79 60537
SU_NEEDS_REMAP_ECD5 60629
SU_NEEDS_REMAP_ED0D 60685
SU_NEEDS_REMAP_ED27 60711
CU_NEEDS_REMAP_EDE3 60899
SU_NEEDS_REMAP_EDFA 60922
SU_NEEDS_REMAP_EE3A 60986
CU_NEEDS_REMAP_EE3F 60991
CU_NEEDS_REMAP_EE64 61028
SU_NEEDS_REMAP_EE83 61059
CU_NEEDS_REMAP_EE84 61060
SU_NEEDS_REMAP_EEBC 61116
CU_NEEDS_REMAP_EF12 61202
CU_NEEDS_REMAP_EF24 61220
SU_NEEDS_REMAP_EF2E 61230
SU_NEEDS_REMAP_EFE3 61411
SU_NEEDS_REMAP_F00F 61455
SU_NEEDS_REMAP_F049 61513
SU_NEEDS_REMAP_F083 61571
SU_NEEDS_REMAP_F11B 61723
CU_NEEDS_REMAP_F164 61796
CU_NEEDS_REMAP_F1D9 61913
CU_NEEDS_REMAP_F1EB 61931
CU_NEEDS_REMAP_F2A6 62118
SU_NEEDS_REMAP_F2AB 62123
SU_NEEDS_REMAP_F2C6 62150
SU_NEEDS_REMAP_F2ED 62189
CU_NEEDS_REMAP_F315 62229
SU_NEEDS_REMAP_F323 62243
CU_NEEDS_REMAP_F351 62289
SU_NEEDS_REMAP_F36A 62314
SU_NEEDS_REMAP_F398 62360
SU_NEEDS_REMAP_F3C4 62404
CU_NEEDS_REMAP_F3C9 62409
CU_NEEDS_REMAP_F4A8 62632
CU_NEEDS_REMAP_F51D 62749
SU_NEEDS_REMAP_F536 62774
CU_NEEDS_REMAP_F547 62791
SU_NEEDS_REMAP_F582 62850
SU_NEEDS_REMAP_F597 62871
SU_NEEDS_REMAP_F5B3 62899
CU_NEEDS_REMAP_F5F9 62969
SU_NEEDS_REMAP_F60F 62991
SU_NEEDS_REMAP_F66C 63084
CU_NEEDS_REMAP_F6BD 63165
CU_NEEDS_REMAP_F716 63254
CU_NEEDS_REMAP_F758 63320
SU_NEEDS_REMAP_F75D 63325
SU_NEEDS_REMAP_F7D7 63447
SU_NEEDS_REMAP_F7E2 63458
SU_NEEDS_REMAP_F846 63558
CU_NEEDS_REMAP_F87F 63615
CU_NEEDS_REMAP_F8A7 63655
SU_NEEDS_REMAP_F902 63746
SU_NEEDS_REMAP_F93A 63802
CU_NEEDS_REMAP_F93E 63806
SU_NEEDS_REMAP_F94E 63822
SU_NEEDS_REMAP_F98B 63883
SU_NEEDS_REMAP_F9B9 63929
SU_NEEDS_REMAP_F9ED 63981
CU_NEEDS_REMAP_FA11 64017
CU_NEEDS_REMAP_FA5C 64092
SU_NEEDS_REMAP_FA6F 64111
SU_NEEDS_REMAP_FA97 64151
SU_NEEDS_REMAP_FAA7 64167
SU_NEEDS_REMAP_FAA9 64169
SU_NEEDS_REMAP_FAF6 64246
CU_NEEDS_REMAP_FB8E 64398
SU_NEEDS_REMAP_FBA1 64417
CU_NEEDS_REMAP_FBC4 64452
SU_NEEDS_REMAP_FBC6 64454
CU_NEEDS_REMAP_FBDE 64478
SU_NEEDS_REMAP_FC02 64514
SU_NEEDS_REMAP_FC05 64517
SU_NEEDS_REMAP_FC17 64535
CU_NEEDS_REMAP_FC3A 64570
SU_NEEDS_REMAP_FC73 64627
CU_NEEDS_REMAP_FCAB 64683
SU_NEEDS_REMAP_FCD6 64726
SU_NEEDS_REMAP_FCFD 64765
CU_NEEDS_REMAP_FD0F 64783
CU_NEEDS_REMAP_FD21 64801
SU_NEEDS_REMAP_FD25 64805
SU_NEEDS_REMAP_FD94 64916
SU_NEEDS_REMAP_FDB3 64947
SU_NEEDS_REMAP_FDD2 64978
SU_NEEDS_REMAP_FE0F 65039
SU_NEEDS_REMAP_FE5D 65117
SU_NEEDS_REMAP_FE61 65121
CU_NEEDS_REMAP_FE7B 65147
CU_NEEDS_REMAP_FED3 65235
SU_NEEDS_REMAP_FEF9 65273
CU_NEEDS_REMAP_FF12 65298
SU_NEEDS_REMAP_FF1D 65309
CU_NEEDS_REMAP_FF1E 65310
SU_NEEDS_REMAP_FF5B 65371
CU_NEEDS_REMAP_FF68 65384
SU_NEEDS_REMAP_FFB2 65458
CU_NEEDS_REMAP_FFED 65517
