I_TELEPORT 0
I_SPAWN_BARRACK_CHARACTER 1
I_GFX_COMMAND 17
I_GFX_ADMIN_COMMAND 18
I_INPUT_COMMAND 19
I_MOVE_KEY 20
I_SKILL_KEY 21
I_CLOSE_SERVER_CONNECTION 22
C_CHECK_VERSION 19900
S_CHECK_VERSION 19901
S_CLAIM_TERAPASS_REWARD 58980
S_START_STACK_ATTENDANCE_EVENT_INFO 41943
S_ADMIN_CHECK_USERNAME 26912
S_ABNORMALITY_BEGIN 28864
S_ABNORMALITY_DAMAGE_ABSORB 41344
S_ABNORMALITY_END 62939
S_ABNORMALITY_EXTRA 26389
S_ABNORMALITY_FAIL 39621
S_ABNORMALITY_REFRESH 23878
S_ABNORMALITY_RESIST 54567
S_ABNORMALITY_SCALE_UP 35706
S_ABNORMALITY_TOOLTIP_VALUE 36040
S_ACCOMPLISH_ACHIEVEMENT 61873
S_ADMIN_GET_USERINFO_INVEN 49354
S_ADMIN_GET_USERINFO_WAREHOUSE 42102
S_ADMIN_GM_SKILL 61469
S_ADMIN_HOLD_CHARACTER 20890
S_APPLY_TITLE 38979
S_ARENA_END_FIGHT 53460
S_ARENA_FIGHTER_CHANGE_HP 43620
S_ARENA_OPTIMIZATION 55547
S_ARENA_START_FIGHT 36594
S_ARTISAN_RECIPE_LIST 52614
S_BATTLE_FIELD_ENTRANCE_INFO 47445
S_BATTLE_FIELD_PARTY_MARKER_CLEAR 60784
S_BATTLE_FIELD_SCORE 52126
S_BATTLE_FIELD_STATE 37444
S_BATTLE_FIELD_STRONGHOLD_NONE_STATE 50282
S_CANNON_BATTLE_FIELD_CRASH_DOOR 35251
S_END_LEVEL_COMPENSATION 59115
S_END_PRODUCE 47497
S_ENEMY_BATTLE_FIELD_COMMANDER_CHANGED 36966
S_FATIGABILITY_POINT 26552
S_FIN_KUMAS_BATTLE_FIELD 33796
S_FREE_FIGHT_BATTLE_FIELD_MY_WARPOINT_INFO 47518
S_HUDDLE_ADDING 38167
S_INIT_KUMAS_BOSS_INFO 27358
S_INIT_ROUND_PVE_BATTLE_FIELD 26579
S_INIT_ROUND_PVP_BATTLE_FIELD 50154
S_INIT_SNOW_EVENT_BATTLE_FIELD 55080
S_INIT_STRONGHOLD_OCCUPATION_BATTLE_FIELD 23663
S_INIT_WORLD_OF_TANK_BATTLE_FIELD 28385
S_LOAD_ACHIEVEMENT_LIST 59301
S_LOAD_DUNGEON_SOUND_HINT 23060
S_PLAYTIME 26051
S_PLAYTIME_EVENT_END 38047
S_PLAYTIME_EVENT_REWARD_DATA 51517
S_PRODUCE_CRITICAL 51265
S_PROMOTION_INFO 59536
S_PROMOTION_PROCESS 64625
S_PROMOTION_SUCCESS 37951
S_REWARDNPC_SPAWN_ALARM 51178
S_ROUND_PVE_CLOSE_SKILL_UI 52734
S_ROUND_PVE_OPEN_SKILL_UI 35019
S_ROUND_PVE_SCORE 46877
S_ROUND_RESULT 61459
S_ROUND_START 29558
S_RP_ADD_ITEM_TO_DECOMPOSITION_CONTRACT 24154
S_RP_COMMIT_DECOMPOSITION_CONTRACT 53170
S_START_PRODUCE 26065
S_START_ROUND_PVE_ROUND 64972
S_TOKEN_POINT_STATUS 58329
S_UPDATE_ACHIEVEMENT_PROGRESS 62799
S_USER_CHANGE_FACE_CUSTOM 35091
S_USER_PAPERDOLL_INFO 30294
S_VISIT_NEW_SECTION 41127
S_BOARD_ITEM_LIST 44670
S_CHANGE_CARD_PRESET 62220
S_CHANGE_FRIEND_STATE 37557
S_CHAT 41194
S_COLLECTION_PICKEND 50072
S_COLLECTION_PICKSTART 48399
S_CONFIRM_INVITE_CODE_BUTTON 29336
S_DELETE_FRIEND 48016
S_DELETE_GUILD_TOWER_MY_GUILD 23595
S_DESTROY_GUILD_TOWER 44034
S_FRIEND_LIST 42617
S_INCREASE_CARD_PRESET 21352
S_JOIN_PRIVATE_CHANNEL 35545
S_LEAVE_PRIVATE_CHANNEL 62525
S_MUTE 63362
S_NOTIFY_ACTIVE_BUILD_TERRITORY_STATE 45004
S_NOTIFY_TO_FRIENDS_WALK_INTO_SAME_AREA 30620
S_OPEN_AWESOMIUM_WEB_URL 37466
S_PRIVATE_CHANNEL_NOTICE 40205
S_PRIVATE_CHAT 61937
S_RECEIVE_COLLECTION_BOOK_REWARD 34192
S_REQUEST_CITY_WAR_MAP_INFO 58871
S_REQUEST_CITY_WAR_MAP_INFO_DETAIL 45083
S_REQUEST_CITY_WAR_MAP_INFO_END 40468
S_REQUEST_JOINED_CHANNEL_LIST 39504
S_REQUEST_PRIVATE_CHANNEL_INFO 26690
S_CANCEL_SELECT_CHANNEL 28599
S_CHANGE_MODE 62250
S_SHOW_AWESOMIUMWEB_SHOP 40612
S_SPAWN_COLLECTION 53622
S_START_CHAT_BAN 58007
S_UNMOUNT_CARD 56488
S_WHISPER 38682
S_BOSS_GAGE_INFO 44362
S_BOSS_GAGE_PRIORITY 33704
S_BYE_PET 49169
S_CHANGE_PK_INFO 30241
S_CHANGE_VOICE_USE_QAC 64964
S_CLEAR_WORLD_QUEST_VILLAGER_INFO 21930
S_COUPON_LIST 54018
S_CREATURE_CHANGE_HP 54676
S_NPC_RESISTANCE 59389
S_CREATURE_LIFE 25044
S_CURRENT_CHANNEL 57159
S_DEAD_LOCATION 20066
S_DIRECTION_WEAKNESS_BEGIN 33400
S_DIRECTION_WEAKNESS_END 38385
S_DUNGEON_NEWBIE 22780
S_ENABLE_DISABLE_SELLABLE_ITEM_LIST 61523
S_EXIT 53659
S_FACIAL_ATTACHMENT_BROADCAST 26724
S_HIDE_HP 51394
S_HIT_COMBO 20436
S_INSTANT_MOVE 49010
S_LOAD_CLIENT_ACCOUNT_SETTING 49444
S_LOAD_CLIENT_USER_SETTING 52548
S_LOAD_HINT 39125
S_LOAD_TOPO 47256
S_LOGIN 37454
S_MY_DESCRIPTION 30361
S_NPC_OCCUPIER_INFO 24505
S_NPC_SITUATION 58660
S_NPC_STATUS 27319
S_NPC_TARGET_USER 20509
S_PARTY_NOTIFY_MY_POSITION 53400
S_PLAYER_CHANGE_ACTPOINT 22629
S_PLAYER_CHANGE_ALL_PROF 24627
S_PLAYER_CHANGE_DRAIN 64484
S_PLAYER_CHANGE_EXP 55825
S_PLAYER_CHANGE_FLIGHT_ENERGY 39146
S_PLAYER_CHANGE_MP 54885
S_PLAYER_CHANGE_PROF 50670
S_PLAYER_CHANGE_STAMINA 45670
S_PLAYER_STAT_UPDATE 59898
S_QUEST_VILLAGER_INFO 63629
S_REQUEST_DEMOLIST_GUILD_TOWER_POPUP 49361
S_SET_VISIBLE 24441
S_SHOW_GAGE 35401
S_SHOW_HP 27499
S_SHOW_NAME_PLATE_ICON 63237
S_SHOW_PEGASUS_MAP 64663
S_SOCIAL 39301
S_SOCIAL_CANCEL 49996
S_SYS_PARTY_INFO 30087
S_TELEPORT_TO_CAMP 46246
S_UPDATE_USER_AWAKEN_GRADE 55463
S_USER_APPEARANCE_CHANGE 50832
S_USER_CHANGE_NAME 63670
S_USER_DEATH 64054
S_USER_EFFECT 44498
S_USER_EXTERNAL_CHANGE 61352
S_USER_ITEMLEVEL_INFO 35197
S_USER_LEVELUP 62303
S_USER_SITUATION 23269
S_USER_STATUS 35787
S_USER_WEAPON_APPEARANCE_CHANGE 58150
S_VILLAGE_LIST_TO_TELEPORT 22269
S_VISIT_NEW_TEL_CAMP 40044
S_WEAK_POINT 42346
S_WELCOME_PET_OWNER 46029
S_WORLD_QUEST_VILLAGER_INFO 46740
S_ADD_INTER_PARTY_MATCH_POOL 29603
S_ANNOUNCE_UPDATE_NOTIFICATION 59093
S_ATTENDANCE_EVENT_REWARD_COUNT 62236
S_BEGIN_THROUGH_ARBITER_CONTRACT 40054
S_DARK_RIFT_DESPAWN_WORLD_NOTI 58587
S_CHANGE_EP_EXP_DAILY_LIMIT 47579
S_CHANGE_EP_POINT 27959
TTB_S_CHANGE_HERO 63684
S_DARK_RIFT_ALL_DESPAWN_WORLD_NOTI 44640
S_DARK_RIFT_CHANGE_AREA_WORLD_NOTI 52245
S_DARK_RIFT_MAIN_DEFENCE_CHANGE_HP 28726
S_DARK_RIFT_QUEST_INFO 27485
S_DESPAWN_NPC 39310
S_DESPAWN_PET 38268
S_DESPAWN_USER 32415
S_DIALOG 35032
S_DIALOG_EVENT 59240
S_DUNGEON_VISIBLE_BG 60070
S_DUNGEON_WORK_ENTER 51924
S_DUNGEON_WORK_LIST 57756
S_DUNGEON_WORK_RESULT 37778
S_DUNGEON_WORK_UPDATE 48157
S_ENCHANT_SCROLL_RESULT 53867
S_END_DARKRIFT_USER_HP 46662
S_ENTER_DUNGEON 20174
S_EP_SYSTEM_DAILY_EVENT_EXP_ON_OFF 36140
S_EVENT_GUIDE 52211
S_EVENT_INFO 46707
S_FAIL_ENCHANT 50769
S_FESTIVAL_LIST 60694
S_FEUDAL_LORD_FLAG_INFO 57672
S_FIELD_EVENT_GUIDE 27770
S_FIELD_EVENT_ON_ENTER 23252
S_FIELD_EVENT_ON_LEAVE 45581
S_FIELD_EVENT_PROGRESS_TIMER 51597
S_FIELD_POINT_INFO 58556
S_FIELD_POINT_REWARD_INFO_LIST 37166
S_FIN_INTER_PARTY_MATCH 22644
S_GACHA_END 63878
S_GACHA_START 30913
S_GAMBLE_CHANGE_BET_ITEM 55888
S_GAMBLE_END 45492
S_GAMBLE_RESULT 37870
S_GET_ATTENDANCE_REWARD 42885
S_GET_EVENT_DETAIL 46564
SU_TERA_LAG_LOG_STRING 30883
S_GUILD_TOWER_INFO 48543
S_LEARN_EP_PERK 49583
S_LOAD_EP_INFO 60923
TTB_S_LOAD_EP_PAGE 22867
S_MAIN_MENU_COMMAND 47214
SU_NEW_IM_2 64353
SU_NEW_IM_7 25705
SU_NEW_IM_6 29041
SU_NEW_IM_5 30505
SU_NEW_IM_3 50788
SU_NEW_IM_4 64669
S_NPC_MENU_SELECT 35312
S_OPEN_EPPERK_RESET_POPUP 49440
S_OPEN_EXPAND_INVEN_WINDOW 54975
S_PLAYER_CHANGE_EP 35121
S_PLAYER_RESET_EP 53044
S_REPLY_NONDB_ITEM_INFO 50932
S_REPLY_RET_VILLAGE_INFO 39468
S_REQUEST_CONTRACT 24428
S_REQUEST_DESPAWN_SERVANT 57453
S_REQUEST_DUNGEON_MATCHING_UI 54581
S_REQUEST_SPAWN_SERVANT 46664
S_RESET_EP_PERK 56245
S_RESPONSE_GAMESTAT_PONG 25608
S_RESULT_EVENT_SEED 43202
S_SEND_USER_PLAY_TIME 24139
SU_TERA_LAG_LOG_INFO 40586
S_SET_NEW_TERA_USER 31748
S_SHORTCUT_CHANGE 46425
S_SHOW_DARKRIFT_USER_HP 53102
S_SHOW_ITEM_TOOLTIP 21228
S_SHOW_USER_EP_INFO 43432
S_SPAWN_BUILD_OBJECT 52644
S_SPAWN_EVENT_SEED 57012
S_SPAWN_GAMBLE_BOX 33930
S_SPAWN_ME 64411
S_SPAWN_NPC 36514
S_SPAWN_PET 55084
S_SPAWN_USER 61100
S_START_FISHING_CHARGE 41816
S_START_FISHING_MINIGAME 55398
S_STORE_BASKET 23632
S_STORE_SELL_LIST 38643
S_STR_EVALUATE_LIST 30986
S_STYLE_SHOP_BUY_TCAT_ITEM 29819
S_SUCCESS_STYLE_SHOP_BUY_REPUTATION_ITEM 55503
S_SUGGEST_DARK_RIFT_PARTY_MATCHING 43104
S_TAX_INFO 64759
S_TERRITORY_STEP_ENTER 39108
S_TERRITORY_STEP_LEAVE 60594
S_TERRITORY_STEP_PROGRESS 26799
S_TIMEOVER_CONTRACT 46620
S_GMEVENT_START_EVENT 28021
S_VIEW_WARE_EX 61295
S_VILLAGER_BUFF_INFO 53913
S_WATCHED_MOVIES 47791
S_CHANGE_GUILD_CHIEF 60419
S_CHECK_TO_OPPOSITE_DECLARE_GUILD_WAR 49285
S_COUNTDOWN_GROUP_DUEL 26915
S_CREATE_GUILD_RESULT 52396
S_GMEVENT_END_EVENT 50233
S_GMEVENT_ENTER_EVENT 51932
S_GMEVENT_GUIDE_MESSAGE 33741
S_GMEVENT_OFF_GUIDE_MESSAGE 23010
S_GMEVENT_OX_QUIZ_OPEN 46895
S_GMEVENT_OX_QUIZ_RESULT 36029
S_GMEVENT_OX_QUIZ_USER_STATUS 53755
S_GMEVENT_OX_REPE_QUIZ_OPEN 60354
S_GMEVENT_OX_REPE_QUIZ_RESULT 26783
S_GMEVENT_RECV_REWARD 22883
S_GUILD_NAME 26382
S_IMAGE_DATA 35145
S_LEAVE_GUILD 21269
S_OPEN_GUILD_LOGO_WINDOW 55556
S_REMOVE_GUILD_GROUP 45379
S_REMOVE_GUILD_MEMBER 51198
S_REPLY_SET_GUILD_WANTED_WRITING 37553
S_REQUEST_COOLTIME_TO_JOIN_GUILD 56607
S_UPDATE_QUEST 52203
S_REQUEST_JOIN_GUILD_NOTICE 24087
S_RESULT_GROUP_DUEL_MSG 23785
S_SET_GUILD_JOIN_CONDITION 55134
S_START_GUILD_WAR 28776
S_UPDATE_GUILD_GROUP 21449
S_UPDATE_GUILD_MEMBER 38813
S_BAN_PARTY 62469
S_BAN_PARTY_MEMBER 46146
S_BONFIRE_STATUS 31423
S_CANT_FLY_ANYMORE 47881
S_CHANGE_DESTPOS_PROJECTILE 25245
S_CHANGE_PARTY_MANAGER 43704
S_CHECK_TO_READY_PARTY 61723
S_COMPLETE_CHRONOSCROLL_USE 53300
S_COMPLETE_LOOP_QUEST 36567
S_CONTRACT_PET_LEVEL_UP_ITEM_LIST_UPDATE 58092
S_CREATURE_ROTATE 39432
S_CURRENT_ELECTION_STATE 23388
S_DAILY_QUEST_COMPLETE_COUNT 33050
S_DESPAWN_PROJECTILE 30212
S_DUNGEON_CONSOLE_EVENT 37841
S_DUNGEON_EVENT_MESSAGE 53331
S_DUNGEON_LOOK_AT_NPC 34964
S_DUNGEON_VEHICLE_REPAIRABLE 53535
S_END_PEGASUS 41995
S_END_STYLE_SHOP_MARK_PRODUCT 30929
S_END_USER_PROJECTILE 58382
S_FAIL_LOOT_NON_OWNERSHIP 53119
S_FEARMOVE_END 27536
S_FEARMOVE_STAGE 33074
S_GROUP_NPC_LOCATION 56221
S_GUARD_PK_POLICY 28916
S_INGAME_CHANGE_USER_APPEARANCE_START 34813
S_INIT_SEREN_GUIDE 42315
S_INTERACTION_RESULT 43085
S_ITEM_CUSTOM_STRING 46567
S_ITEM_EXPLOSION_RESULT 57825
S_LEAVE_PARTY 38188
S_LEAVE_PARTY_MEMBER 58215
S_LOGOUT_PARTY_MEMBER 61020
S_MASSTIGE_STATUS 44206
S_MINIGAME_RANK_END_POINT 37930
S_MINIGAME_START 37971
S_MOUNT_VEHICLE 56417
S_NOTIFY_BATTLE_FIELD_CHAT_BAN 62302
S_NPC_INTERACTION_COMBO_INFO 50703
S_NPC_LOCATION 38214
S_NPC_PARTIAL_DESTRUCT 51861
S_NPC_PART_BLINK 41443
S_NPC_PART_BREAK_ACTIVE 60450
S_OPEN_GUARD_INFO_WINDOW 32752
S_PARCEL_READ_RECV_STATUS 42146
S_PARTY_INFO 64257
S_PARTY_MEMBER_ABNORMAL_CLEAR 27944
S_PARTY_MEMBER_ABNORMAL_DEL 53161
S_PARTY_MEMBER_BUFF_UPDATE 47762
S_PARTY_MEMBER_INFO 51835
S_PARTY_MEMBER_INTERVAL_POS_UPDATE 38430
S_PARTY_MEMBER_LIST 46899
S_PARTY_MEMBER_STAT_UPDATE 30616
S_PETITION_CHAT_BEGIN 48448
S_PETITION_CHAT_END 30840
S_PETITION_CHAT_GM_MESSAGE 43814
S_PETITION_CHECK_CREATABLE 20423
S_PETITION_CHECK_SURVEYABLE 61943
S_PETITION_COMPLETE 21348
S_PETITION_CREATE 51180
S_PETITION_FORCE_CREATE 51506
S_PETITION_INFO 54343
S_PREMIUM_COMPOSE_ADD_ITEM 58006
S_PREMIUM_COMPOSE_DEL_ITEM 44052
S_PREMIUM_COMPOSE_RESET 24432
S_PREMIUM_COMPOSE_RESULT 42751
S_PREMIUM_COMPOSE_START 47493
S_PREMIUM_COMPOSE_UI_INFO 22017
S_USER_PVP_RANKING 28123
S_QUEST_BALLOON 39657
S_REQUEST_SERVANT_EVOLUTION 20678
S_REQUEST_SERVANT_INFO_LIST 35640
S_REQUEST_SERVANT_LEVEL_UP 39619
S_RESULT_ITEM_COLORING 38578
S_RESULT_SEREN_GUIDE 50209
S_RETURN_USER 25849
S_RETURN_USER_REWARD_END 60985
S_REWRITE_ITEM_STRING 50045
S_SET_FLY_MOVE_INFO 43213
S_SET_SEND_PARCEL_ITEM 51382
S_SET_SEND_PARCEL_MONEY 21261
S_SHOW_CANDIDATE_LIST 42212
S_SHOW_PARTY_MATCH_INFO 38070
S_SPAWN_BONFIRE 58281
S_SPAWN_DROPITEM 56871
S_SPAWN_PROJECTILE 59821
S_SPAWN_REMOTE_PROJECTILE 54289
S_START_CLIMBING 28639
S_START_PEGASUS 58675
S_START_USER_PROJECTILE 27567
S_TASK_INFO_GUARD 22857
S_TOGGLE_TASK_INFO_WINDOW 49316
S_UNMOUNT_VEHICLE 61164
S_UPDATE_STYLE_SHOP_MARK_PRODUCT 25345
S_USER_LOCATION 42667
S_USER_LOCATION_IN_ACTION 27696
S_USER_MOVETYPE 48635
S_USE_CHRONOSCROLL_RESULT 35257
S_USE_JUMPGEAR 46312
S_VIEW_PARTY_INVITE 53890
S_ACTION_END 50613
S_ACTION_STAGE 39877
S_ADMIN_PRIVILEGE 45254
S_ADMIN_VIP_TEST 40323
S_AERO 35881
S_AIR_REACTION_END 39149
S_ASK_TELEPORT 59623
S_AVAILABLE_SOCIAL_LIST 43307
S_BREAK_SHIELD_END 65316
S_BUY_VIP_STORE_ITEM_SUCCESS 24996
S_CAMERA_SHAKE 51760
S_CANCEL_PREPARE_CHANGE_USER_APPEARANCE 62992
S_CANNOT_START_SKILL 38625
S_CAN_CREATE_USER 51407
S_CAN_LOCKON_TARGET 24590
S_CHANGE_USER_NAME_RESULT 44063
S_CHECK_USERNAME 60519
S_CONNECT_SKILL_ARROW 62766
S_CREATE_USER 21098
S_CREST_APPLY 20516
S_CUSTOM_STYLE_SYSTEM_MESSAGE 24331
S_DECREASE_COOLTIME_SKILL 29498
S_DEFAULT_ANIM_CHANGE 29668
S_DEFEND_SUCCESS 39612
S_DESPAWN_SHUTTLE 28312
S_DUNGEON_CHANGE_NPC_ANIMSET 59065
S_EMITTER 28399
S_EMITTER_SET_Z 26786
S_END_CHANGE_USER_APPEARANCE 64636
S_END_FIX_SPIRIT 25844
S_END_FIX_VEHICLE 43970
S_END_STACK_ATTENDANCE_EVENT_INFO 60190
S_EVENT_DIALOG 43377
S_FIX_SPIRIT_COMPLETE 46876
S_FIX_SPIRIT_PROGRESS 31685
S_FIX_VEHICLE_COMPLETE 35974
S_FIX_VEHICLE_PROGRESS 50548
S_GET_IN_SHUTTLE 46908
S_GET_OUT_SHUTTLE 27070
S_GET_USER_GUILD_LOGO 44283
S_GRANT_SKILL 60935
S_INSTANCE_ARROW 24142
S_INSTANT_CATCH 52834
S_INSTANT_DASH 42263
S_INSTANT_THROW 30540
S_INTEREST_INFO 22891
S_LOADING_SCREEN_CONTROL_INFO 44204
S_LOCKON_YOU 27760
S_LOGIN_ACCOUNT_INFO 56026
SU_USER_LOOT_ITEM 22844
S_MATERIAL_CHANGE 36859
S_MATERIAL_PARAM_CHANGE 38307
S_MOVE_SHUTTLE 55834
S_NAME_PREEMPTION_EVENT_INFO 56784
S_NOCTAN_VARIATION_INFO 33045
S_NOTIFY_USER_SKILL_POLISHING_LEVEL_UP 63413
S_NPC_CHANGE_MESH 31482
S_NPC_SCALE 34907
S_NPC_TRANSLATIONZ 59936
S_OP_COMMAND 24435
S_PING 33666
S_PLAYER_AUTOPILOT 64961
S_PLAYER_CHANGE_NOCTAN_COUNT 22766
S_PLAYER_VEHICLE_EX_STAT_UPDATE 48672
S_PLAY_ANIMATION 44884
S_PLAY_EFFECT 25018
S_PLAY_EVENT_SOUND 65308
S_PLAY_MAGNETIC 47750
S_PLAY_MOVIE 24184
S_PLAY_SOUND 40460
S_PLAY_SOUND_BYNAME 60681
S_POSITION_SWAP 50298
S_POST_PROCESS 60800
S_POST_PROCESS_MATERIAL 42730
S_PROTECT 53980
S_PUSHED_BY_SHIELD 50824
S_REMAIN_PLAY_TIME 50996
S_REMOVE_EFFECT 27413
S_REPLY_CLIENT_CHAT_OPTION_SETTING 61974
S_REQUEST_REACTION_POS_TICK 34489
S_SAVE_CLIENT_UI_SETTING 39623
S_SECOND_PASSWORD_AUTH_RESULT 20737
S_SECOND_PASSWORD_REGISTER_RESULT 24892
S_SELECT_USER 58624
S_SEND_VIP_SYSTEM_INFO 50918
S_SET_WORKOBJECT 41517
S_SHOW_REVIVE_UI 21387
S_SIMPLE_TIP_REPEAT_CHECK 55461
S_SKILL_ATTENTION_TARGET 22286
S_SKILL_CATEGORY 46426
S_SKILL_CHASE_EFFECT_TARGET 31285
S_SKILL_FORGET 36182
S_SKILL_LEARN_LIST 26351
S_SKILL_LEARN_RESULT 53804
S_SKILL_LIST 36388
S_SKILL_PERIOD 32214
S_SKILL_TARGETING_AREA 32996
S_SPAWN_SHUTTLE 29848
S_SPAWN_WORKOBJECT 49862
S_START_ACTION_SCRIPT 21382
S_START_CLIENT_CUSTOM_SKILL 23697
S_START_COOLTIME_ITEM 31932
S_START_COOLTIME_SERVANT_SKILL 27697
S_START_COOLTIME_SKILL 39438
S_START_FIX_SPIRIT 42727
S_START_FIX_VEHICLE 37680
S_START_INVERSE_CAPTURE 26004
S_STICK_TO_USER_END 62778
S_STICK_TO_USER_START 39271
S_SUCCESS_COUNTER 61137
S_SWITCH_INFO 53392
S_SYSTEM_MESSAGE 58071
S_SYSTEM_MESSAGE_CUSTOM 41150
S_SYSTEM_MESSAGE_LOOT_ITEM 22544
S_SYSTEM_MESSAGE_LOOT_SPECIAL_ITEM 46988
S_SYSTEM_REWARD_MESSAGE 53959
S_TARGET_INFO 25094
S_TBA_SELECT_USER 54834
S_TRADE_BROKER_BUY_IT_NOW 51147
S_TRADE_BROKER_DEAL_INFO_UPDATE 42242
S_TRADE_BROKER_HIGHEST_ITEM_LEVEL 52856
S_TRADE_BROKER_SUGGEST_DEAL 63855
S_TUTORIAL_PLAY_FINISHED 54825
S_UNICAST_TRANSFORM_DATA 60998
S_VEHICLE_EX_ARROW 45963
S_WORK_WORKOBJECT 49387
S_SURVEY_QUESTION 59526
S_CLIENT_COMMAND 63598
S_STEER_DEBUG_COMMAND 61083
S_DUNGEON_CLEAR_COUNT_LIST 21614
S_ADMIN_GET_USER_INFO_BY_DBID 46955
S_ADMIN_GMEVENT_STATUS 60961
S_HOLD_ABNORMALITY_ADD 52918
S_HOLD_ABNORMALITY_REMOVE 29160
S_INVEN_CHANGEDSLOT 22049
S_SHOW_TRADE_ITEM 51116
S_SHOW_TRADE_LOG 49147
S_INGAMESHOP_PRODUCT_SUBPROD 23438
S_INGAMESHOP_PRODUCT_TAG 30895
S_PET_INFO_CHANGE 23378
S_ASK_BIDDING_RARE_ITEM 56086
S_NPCGUILD_LIST 50964
S_PREMIUM_SLOT_DATALIST 29862
S_PREMIUM_SLOT_OFF 21763
S_CREST_INFO 47705
S_CREST_MESSAGE 40524
S_PREPARE_RETURN_TO_LOBBY 38599
S_PREPARE_SELECT_CHANNEL 34976
S_RETURN_TO_LOBBY 56186
S_SELECT_CHANNEL 47010
S_INVEN_USERDATA 50283
S_ITEMLIST 26128
S_GUILD_INFO 40957
S_GUILD_LEVEL_INFO_CHANGED 24883
S_GUILD_MEMBER_LIST 44295
S_GUILD_MONEY_INFO_CHANGED 39763
S_GUILD_QUEST_LIST 43204
S_GUILD_WARE_HISTORY 39153
S_SHOW_GUILD_QUEST_LIST 26268
S_START_GUILD_QUEST 40230
S_PARTY_MEMBER_CHANGE_MP 44840
S_PARTY_MEMBER_CHANGE_STAMINA 62218
S_REQUEST_SECOND_PASSWORD_AUTH 55467
S_TRADE_BROKER_HISTORY_ITEM_LIST 52826
S_TRADE_BROKER_INPUT_PRICE 52920
S_USER_REPORT 52992
S_CHAT_REPORT 44509
SU_RESONANCE_DUNGEON 45912
S_DUNGEON_COOL_TIME_LIST 32725
S_REJECT_CONTRACT 34625
S_EQUIP_SERVANT_ITEM 33658
S_FONT_SWAP_INFO 56447
S_UPDATE_GUILD_QUEST_STATUS 56729
S_GUILD_APPLY_COUNT 27983
S_ADMIN_GET_USERINFO_SKILL 55355
S_ARENA_FIGHT_ABNORMALITY_BEGIN 37416
S_ARENA_FIGHT_ABNORMALITY_END 23977
S_ARENA_FIGHT_ABNORMALITY_REFRESH 28772
S_ARENA_RESULT 47814
S_BATTLE_FIELD_RESULT 20056
S_BATTLE_FIELD_START_OCCUPATION 25891
S_BATTLE_FIELD_STRONGHOLD_EVENT 29593
S_CLEAR_ALL_HOLDED_ABNORMALITY 52624
S_ROUND_PVP_BATTLE_FIELD_BOARD 38137
S_DESPAWN_COLLECTION 61625
S_UPDATE_FRIEND_INFO 27727
S_USER_BLOCK_LIST 57568
S_COUPON_DATA 55691
S_COUPON_NOTIFY 58687
S_DONE_TEL_CAMP 33596
S_LIST_CHANNEL 57432
S_PARTY_MARKER 42816
S_PREPARE_EXIT 27347
S_SHOW_NPC_TO_MAP 36806
S_USE_COUPON 28765
S_ACCEPT_CONTRACT 33558
S_BATTLE_FIELD_POINT_STORE_BASKET 32424
S_BATTLE_FIELD_POINT_STORE_SELL_LIST 64099
S_CANCEL_CONTRACT 45335
SU_REQUEST_ELIN_EVENT_DETAIL 22771
S_RANK_POINT_STATUS 42872
S_DESPAWN_BUILD_OBJECT 40700
S_DESPAWN_EVENT_SEED 21272
S_DESPAWN_STATUE 49477
S_DIALOG_CLOSE 41021
S_DUNGEON_WORK_POINT_STORE_BASKET 29549
S_DUNGEON_WORK_POINT_STORE_SELL_LIST 58176
S_FIELD_EVENT_CHANNEL_FULL_GUIDE 53592
S_FIELD_EVENT_PROGRESS_INFO 46950
S_FIELD_EVENT_RANK_LIST 32356
S_GROUP_DUEL_CURRENT_BETTING_ITEM 21354
S_GUILD_STORE_BASKET 45766
S_GUILD_STORE_SELL_LIST 48203
S_MEDAL_STORE_BASKET 38949
S_MEDAL_STORE_SELL_LIST 50772
S_NEED_WAREHOUSE_COMMISION 38238
S_ONGOING_FIELD_EVENT_LIST 31283
S_PLAYER_LACK_OF_ACTPOINT 49840
S_POINT_STORE_BASKET 64565
S_POINT_STORE_SELL_LIST 37719
S_DARK_RIFT_CLEAR_MAP_MARKER_WORLD_NOTI 32867
S_REGISTER_ENCHANT_ITEM 49593
S_REGISTER_EVOLUTION_ITEM 52792
S_REPLY_REQUEST_CONTRACT 32876
S_SHOW_DUNGEON_RETRY_UI 26566
S_SPAWN_DOOR 65107
S_SPAWN_STATUE 41701
S_UPDATE_EVENT_SEED_STATE 43072
S_CHECK_TO_DECLARE_GUILD_WAR 42893
S_GUILD_LEVEL_RANKING_LIST 20253
S_GUILD_PERK_LIST 20132
S_GUILD_POINT_INFO_CHANGED 48275
S_NOTIFY_GUILD_QUEST_URGENT 38767
S_REPLY_GUILD_LIST 23521
S_REPLY_GUILD_WANTED_WRITING_LIST 32482
S_REPLY_INVITE_GUILD_LIST 51938
S_RESULT_LEARN_GUILD_PERK 52001
S_AVAILABLE_EVENT_MATCHING_LIST 47293
S_CHECK_TO_READY_PARTY_FIN 29308
S_COMPLETE_EVENT_MATCHING_QUEST 53700
S_CURR_FLY_MOVE_INFO 22777
S_DESPAWN_BONFIRE 35234
S_DESPAWN_DROPITEM 23966
S_DUNGEON_CAMERA_SET 42213
S_F2P_PremiumUser_Permission 58017
S_ITEMSYNTHESIZER_MATERIAL 34711
S_ITEMSYNTHESIZER_RESULT 26987
S_ITEM_COLORING_BAG 41818
S_MERGE_PARTY_TO_RAID 51596
S_SEND_CHANGE_REPUTATION_POINT 65493
S_OTHER_USER_APPLY_PARTY 35889
S_PARTY_MATCH_LINK 24792
S_PARTY_MEMBER_ABNORMAL_ADD 56629
S_PARTY_MEMBER_ABNORMAL_REFRESH 49498
S_PARTY_MEMBER_CHANGE_HP 23967
S_PARTY_MEMBER_QUEST_DATA 56657
S_REQUEST_SERVANT_COMPOSE 63359
S_RESET_ALL_PRODUCT_MARK_EVENT 43195
S_RESULT_BIDDING_DICE_THROW 58221
S_RESULT_ITEM_BIDDING 62628
S_PET_DURABILITY_CHANGE 50865
S_UPDATE_NPCGUILD 46287
S_ADMIN_NOTICE 24653
S_VOTE_RESET_ALL_DUNGEON 55384
S_ACCOUNT_PACKAGE_LIST 51365
S_CREST_ASK_DISAPPLY_ALL 45178
S_CREST_CHANGE_FAIL 35588
S_EACH_SKILL_RESULT 35250
S_GET_USER_LIST 39197
S_INSTANT_PULL 48036
S_LOGIN_ARBITER 43140
S_MOUNT_VEHICLE_EX 55627
S_RP_SKILL_POLISHING_LIST 56668
S_START_CHANGE_USER_APPEARANCE 36930
S_TRADE_BROKER_CALC_NOTIFY 25020
S_TRADE_BROKER_DEAL_SUGGESTED 61199
S_TRADE_BROKER_REGISTERED_ITEM_LIST 46314
S_TRADE_BROKER_REQUEST_DEAL_RESULT 41733
S_TRADE_BROKER_SOLD_ITEM_LIST 23709
S_TRADE_BROKER_WAITING_ITEM_LIST 43021
C_NOTIFY_LOCATION_IN_ACTION 43184
C_ADMIN_CHECK_USERNAME 64470
C_ADMIN_KILL_NPC 22184
C_REQUEST_USER_PAPERDOLL_INFO_WITH_GAMEID 36421
C_BAN_PARTY_MEMBER 47380
C_DISMISS_PARTY 38993
C_UNMOUNT_VEHICLE 20553
C_TOGGLE_GROUP_DUEL_SLOT 20348
C_SHOW_QUEST_INFO_DIALOG 21684
C_CREATE_GROUP_DUEL 39070
C_REQUEST_SHARE_QUEST 60661
C_REQUEST_ABNORMALITY_TOOLTIP_VALUE 44762
C_WAREHOUSE_AUTO_SORT 60380
C_REQUEST_GUILD_INFO_BEFORE_APPLY_GUILD 22297
C_KICK_CHANNEL_MEMBER 57326
C_LEAVE_PARTY 29769
C_LEAVE_PRIVATE_CHANNEL 32985
C_REUQUEST_JOINED_CHANNEL_LIST 61918
C_GET_USER_LIST 49866
C_INVALID_BUILD_VERSION 42604
C_COMMIT_ACCESSORY_TRANSFORM 35529
C_PLAYER_LOCATION 50765
CU_RESONANCE_DUNGEON 27526
CU_CLEAR_CARDS_MENU 27253
CU_START_FUSION 40186
C_CHANGE_CARD_PRESET 38710
C_PURCHASE_PROD 52901
C_VIEW_INTER_PARTY_MATCH_DUNGEON_LIST 41986
C_CANCEL_CONTRACT 38261
C_INGAME_CHANGE_USER_APPEARANCE_TRY 22863
CU_REQUEST_ELIN_EVENT_DETAIL 43978
CU_COMMIT_ELIN_EVENT 32127
C_GACHA_TRY 55836
C_SET_GUILDGROUP_AUTHORITY 45206
C_LOAD_TOPO_FIN 37250
C_DEL_ITEM 20184
C_SHOW_ITEMLIST 46091
C_MERGE_ITEM 38786
C_MOVE_ITEM 32502
C_REQUEST_NONDB_MYTHICITEM_TOOLTIP 24692
C_REQUEST_FLY_MOVE_INFO 49251
C_REQUEST_CHANGE_CHARACTER_NAME 49128
C_MYTHICCRAFT_REGISTER_TARGET_ITEM 20130
C_MYTHICCRAFT_REGISTER_MATERIAL_ITEM 38132
C_TRY_NPC_INTERACTION 35025
C_NOTIMELINE_SKILL 65003
C_UPDATE_REACTION_POS 43306
C_CANCEL_SKILL 62742
C_USE_PREMIUM_SLOT 33383
C_START_INSTANCE_SKILL_EX 33777
C_LORD_REGISTER_INFO 54954
C_VOTE_HISTORY 35753
C_REQUEST_CHANGE_LOOKS_SERVANT 52361
C_REQUEST_SERVANT_ADVENTURE_LIST 47725
C_SURVEY_ANSWER 46362
C_MERGE_ITEM_EXECUTE 63985
C_HIT_USER_PROJECTILE 40770
C_REQUEST_VIP_STORE_ITEM_LIST 23558
C_DELETE_USER 65513
C_ADMIN_GET_USER_INFO_LIST_BY_DISTANCE 46872
C_SERVER_TIME 31943
C_ADMIN_GMEVENT_OFF 30419
C_ADMIN_HOLD_CHARACTER 24407
C_ADMIN_VANISH_PET 64528
C_ADMIN_WARNING_MESSAGE 21362
C_BROADCAST_CLIMBING 34703
C_END_CLIMBING 35909
C_MEET_BOSS_INFO 42138
C_VIEW_BATTLEFIELD_STORE 55690
C_REVIVE_NOW 51575
C_VIEW_INTER_PARTY_MATCH_BATTLEFIELD_LIST 54188
C_REQUEST_PRIVATE_CHANNEL_INFO 39774
C_NOTIFY_LOCATION_IN_DASH 37086
C_DIALOG_EVENT 52629
C_SET_VISIBLE_RANGE 38644
C_ENTER_DUNGEON 37199
C_DUNGEON_CLEAR_COUNT_LIST 51350
C_RESET_ALL_DUNGEON 30524
C_REQUEST_FIELD_POINT_REWARD 40275
C_REQUEST_ENCHANT 41226
C_UNREGISTER_COMBINE_ITEM 35890
C_REGISTER_ENCHANT_ITEM 40864
C_REGISTER_EVOLUTION_ITEM 37434
C_STOP_FISHING 27578
C_CAST_FISHING_ROD 41769
C_COMBINE_ITEM 59411
C_REQUEST_ONGOING_FIELD_EVENT_LIST 20893
C_ACCEPT_FRIEND 57988
C_DELETE_FRIEND 40109
C_ADD_FRIEND 54643
C_CHANGE_FRIEND_MEMO 36668
C_CHANGE_MY_STATE 33265
C_UPDATE_FRIEND_INFO 54924
C_SIMPLE_TIP_DONT_REPEAT 33350
C_REQUEST_GAMESTAT_PING 30221
C_REQUEST_GUILD_LEVEL_RANKING 64911
C_GROUP_DUEL_BETTING 63096
C_GROUP_DUEL_CHANGE_REPRESENT 22666
C_GROUP_DUEL_DEL_BETTING_ITEM 46726
C_CITY_WAR_INFO_HISTROY 25075
C_GET_GUILD_QUEST_WEEKLY_REWARD 57867
C_REQUEST_LEARN_GUILD_PERK 51728
C_CHAT 55478
C_SHOW_GUILD_QUEST_LIST 24191
C_VIEW_GUILD_WAR 61874
C_ITEMSYNTHESIZER_REQUEST_CANCEL 62988
C_ITEMSYNTHESIZER_REQUEST_MATERIAL 59119
C_UNBIND_ITEM 27433
C_CAN_CREATE_USER 41834
C_SELECT_USER 42040
C_CANCEL_DELETE_USER 47751
C_GET_USER_GUILD_LOGO 64624
C_MAIN_MENU_COMMAND_EXEC 36764
C_RETURN_TO_LOBBY 61481
C_CAN_LOCKON_TARGET 63920
C_REQUEST_MEGAPHONE 56037
C_AVAILABLE_EVENT_MATCHING_LIST 27277
C_COMPLETE_EXTRA_EVENT 47420
C_CHECK_EVENT_MATCHING_LIST_CHECKBOX 40753
C_COMPLETE_DAILY_EVENT 26960
C_EVENT_MATCHING_DUNGEON_DETAIL_INFO 39572
C_UNEQUIP_ITEM 49200
C_REQUEST_EVENT_MATCHING_TELEPORT 26295
C_REQUEST_REPUTATION_STORE_TELEPORT 26216
C_LIST_PARCEL 59753
C_CLOSE_SEND_PARCEL 21435
C_SET_SEND_PARCEL_TYPE 50503
C_APPLY_PARTY 27720
C_PARTY_APPLICATION_DENIED 30351
C_REQUEST_PARTY_INFO 51717
C_UNREGISTER_PARTY_INFO 41660
C_REGISTER_PARTY_INFO 37322
C_REQUEST_CANDIDATE_LIST 65406
C_PLAYER_FLYING_LOCATION 24822
C_CHANGE_PARTY_MEMBER_AUTHORITY 25836
C_PREMIUM_COMPOSE_CANCEL 50925
C_RETURN_USER_GIFT 62503
C_PREMIUM_COMPOSE_ADD_ITEM 43297
C_PREMIUM_COMPOSE_DEL_ITEM 57761
C_BIND_ITEM_BEGIN_PROGRESS 37519
C_START_PRODUCE 41439
C_SET_TARGET_INFO 41390
C_REQUEST_QUEST_BACKUP_ITEM 59034
C_REQUEST_SERVANT_INFO_LIST 22113
C_LORD_CANDIDATE_LIST 24839
C_REQUEST_DESPAWN_SERVANT 40045
C_REQUEST_PARTY_MATCH_INFO_PAGE 39174
C_ENTER_SCENARIO_DUNGEON 37660
C_REQUEST_PARTY_MATCH_INFO 45384
C_SERVANT_ABILITY 64444
C_CANCEL_CHANGE_USER_APPEARANCE 61791
C_REQUEST_SERVANT_LEVEL_UP 33090
C_REQUEST_SERVANT_COMPOSE 57557
C_REQUEST_SERVANT_EVOLUTION 64014
C_REQUEST_PET_CONSUME_EXP_ITEM 56480
C_PET_LEVEL_UP_ITEM_ADD_TO_LIST 51694
C_PET_LEVEL_UP_ITEM_REMOVE_FROM_LIST 31335
C_RQ_SKILL_POLISHING_LIST 34844
C_RESPONSE_SPAWN_DROPITEM 34965
C_SKILL_LEARN_LIST 43090
C_RQ_SKILL_POLISHING_CHANGE_OPTION 37219
C_SOCIAL 28380
C_REQUEST_STACK_ATTENDANCE_EVENT_INFO_UPDATE 25424
C_REQUEST_STACK_ATTENDANCE_EVENT_REWARD 49749
C_REJECT_CONTRACT 21297
C_SHOW_ITEM_TOOLTIP_EX 23786
C_REQUEST_NONDB_ITEM_INFO 37903
C_TRADE_BROKER_DEAL_CONFIRM 58448
C_TRADE_BROKER_REJECT_SUGGEST 62697
C_TRADE_BROKER_REGISTER_ITEM 29094
C_NPC_CONTACT 54732
C_CONFIRM_UPDATE_NOTIFICATION 47073
C_REMOVE_BLOCKED_USER 22445
C_BLOCK_USER 23799
C_VIEW_WARE 54227
C_GACHA_CANCEL 47106
C_RQ_ADD_ITEM_TO_DECOMPOSITION_CONTRACT 39403
C_REQUEST_USER_PAPERDOLL_INFO 47904
C_WHISPER 26878
C_PRESS_SKILL 41052
C_VISIT_NEW_SECTION 39472
C_SECOND_PASSWORD_AUTH 24025
C_GET_OUT_SHUTTLE 31854
C_GET_IN_SHUTTLE 46124
C_ADMIN 29488
C_OP_COMMAND 32596
C_DIALOG 46848
C_UNREGISTER_EVOLUTION_ITEM 45011
C_UNREGISTER_REPAIR_ITEM 50750
C_REQUEST_EVOLUTION 43845
C_START_EVOLUTION 47670
C_RQ_COMMIT_DECOMPOSITION_CONTRACT 44507
C_BIND_ITEM_EXECUTE 42624
C_BATTLE_FIELD_POINT_STORE_BUY_ADD_BASKET 39329
C_GUILD_STORE_BUY_ADD_BASKET 36264
C_PONG 37822
C_UNREGISTER_ENCHANT_ITEM 51153
C_START_ENCHANT 42338
C_REQUEST_GUILD_PERK_LIST 22686
C_REQUEST_PARTY_MATCH_LINK 29219
C_USE_ITEM 26248
C_REPLY_THROUGH_ARBITER_CONTRACT 46078
C_EXPAND_INVEN_POCKET 61694
C_START_TARGETED_SKILL 63587
C_START_COMBO_INSTANT_SKILL 54304
C_START_INSTANCE_SKILL 42488
C_CHAT_REPORT 34055
C_ADMIN_GM_TELEPORT 48453
C_ADMIN_REQUEST_USERACTION 58943
C_REQUEST_CONTRACT 51294
C_EDIT_FRIEND_GROUP 24556
C_REQUEST_GUILD_LIST 35865
C_HARDWARE_INFO 43849
C_LOGIN_ARBITER 40075
C_SEND_PARCEL 27763
C_COMMIT_CHANGE_USER_APPEARANCE 59506
C_CREST_APPLY_LIST 21048
C_START_GUILD_SKILL 49326
C_START_SKILL 58123
C_SKILL_LEARN_REQUEST 31672
C_ADD_TRADE_BAG 48377
C_TRADE_BROKER_BUY_IT_NOW 64352
C_TRADE_BROKER_HISTORY_ITEM_LIST_NEW 51851
C_TRADE_BROKER_WAITING_ITEM_LIST_NEW 52441
C_GET_WARE_ITEM 31578
C_PUT_WARE_ITEM 42809
C_SAVE_CLIENT_ACCOUNT_SETTING 23131
C_SAVE_CLIENT_USER_SETTING 38700
C_SET_SEND_PARCEL_ITEM 21271
C_ADD_CRYSTAL_COMBINE_MATERIAL 56152
C_DEL_CRYSTAL_COMBINE_MATERIAL 37925
C_END_FISHING_MINIGAME 24818
SU_NEEDS_REMAP_4E3A 20026
SU_NEEDS_REMAP_4E4B 20043
SU_NEEDS_REMAP_4E9B 20123
CU_NEEDS_REMAP_4EB8 20152
SU_NEEDS_REMAP_4ED3 20179
SU_NEEDS_REMAP_4F0E 20238
CU_NEEDS_REMAP_4F12 20242
SU_NEEDS_REMAP_4F32 20274
SU_NEEDS_REMAP_4F3D 20285
SU_NEEDS_REMAP_4F6C 20332
SU_NEEDS_REMAP_4F88 20360
SU_NEEDS_REMAP_4FC8 20424
SU_NEEDS_REMAP_4FD3 20435
SU_NEEDS_REMAP_4FD5 20437
SU_NEEDS_REMAP_4FF9 20473
CU_NEEDS_REMAP_5003 20483
SU_NEEDS_REMAP_5070 20592
SU_NEEDS_REMAP_50B5 20661
SU_NEEDS_REMAP_50DD 20701
SU_NEEDS_REMAP_5103 20739
SU_NEEDS_REMAP_5115 20757
SU_NEEDS_REMAP_5138 20792
SU_NEEDS_REMAP_517B 20859
CU_NEEDS_REMAP_51A6 20902
SU_NEEDS_REMAP_51D6 20950
SU_NEEDS_REMAP_51E1 20961
SU_NEEDS_REMAP_51E7 20967
SU_NEEDS_REMAP_51E8 20968
SU_NEEDS_REMAP_5210 21008
CU_NEEDS_REMAP_5219 21017
CU_NEEDS_REMAP_5225 21029
CU_NEEDS_REMAP_523C 21052
SU_NEEDS_REMAP_52A8 21160
SU_NEEDS_REMAP_52FA 21242
CU_NEEDS_REMAP_5321 21281
CU_NEEDS_REMAP_535D 21341
CU_NEEDS_REMAP_53A6 21414
SU_NEEDS_REMAP_53B5 21429
SU_NEEDS_REMAP_53C6 21446
CU_NEEDS_REMAP_53DF 21471
CU_NEEDS_REMAP_53F0 21488
SU_NEEDS_REMAP_5400 21504
CU_NEEDS_REMAP_5420 21536
CU_NEEDS_REMAP_5468 21608
CU_NEEDS_REMAP_5480 21632
SU_NEEDS_REMAP_5484 21636
SU_NEEDS_REMAP_54B2 21682
SU_NEEDS_REMAP_54C5 21701
SU_NEEDS_REMAP_54F4 21748
CU_NEEDS_REMAP_5508 21768
CU_NEEDS_REMAP_5559 21849
SU_NEEDS_REMAP_5571 21873
SU_NEEDS_REMAP_557A 21882
SU_NEEDS_REMAP_5587 21895
CU_NEEDS_REMAP_55B0 21936
CU_NEEDS_REMAP_55B5 21941
SU_NEEDS_REMAP_5646 22086
CU_NEEDS_REMAP_568A 22154
CU_NEEDS_REMAP_5699 22169
SU_NEEDS_REMAP_56A4 22180
CU_NEEDS_REMAP_56A5 22181
CU_NEEDS_REMAP_56C4 22212
CU_NEEDS_REMAP_56D9 22233
CU_NEEDS_REMAP_570B 22283
SU_NEEDS_REMAP_573B 22331
SU_NEEDS_REMAP_573E 22334
SU_NEEDS_REMAP_574B 22347
SU_NEEDS_REMAP_574D 22349
SU_NEEDS_REMAP_5762 22370
SU_NEEDS_REMAP_57C7 22471
SU_NEEDS_REMAP_580D 22541
SU_NEEDS_REMAP_5823 22563
CU_NEEDS_REMAP_585D 22621
CU_NEEDS_REMAP_5877 22647
SU_NEEDS_REMAP_58DA 22746
CU_NEEDS_REMAP_5914 22804
SU_NEEDS_REMAP_5933 22835
CU_NEEDS_REMAP_595C 22876
CU_NEEDS_REMAP_5964 22884
CU_NEEDS_REMAP_599E 22942
SU_NEEDS_REMAP_59B4 22964
CU_NEEDS_REMAP_59E7 23015
SU_NEEDS_REMAP_59FC 23036
CU_NEEDS_REMAP_59FD 23037
SU_NEEDS_REMAP_5A0D 23053
CU_NEEDS_REMAP_5A3E 23102
SU_NEEDS_REMAP_5A4D 23117
SU_NEEDS_REMAP_5A57 23127
CU_NEEDS_REMAP_5A61 23137
SU_NEEDS_REMAP_5B0C 23308
SU_NEEDS_REMAP_5B28 23336
SU_NEEDS_REMAP_5B44 23364
SU_NEEDS_REMAP_5B67 23399
SU_NEEDS_REMAP_5B87 23431
SU_NEEDS_REMAP_5BB8 23480
CU_NEEDS_REMAP_5BCD 23501
CU_NEEDS_REMAP_5BD6 23510
SU_NEEDS_REMAP_5C19 23577
CU_NEEDS_REMAP_5C20 23584
SU_NEEDS_REMAP_5C33 23603
SU_NEEDS_REMAP_5C40 23616
SU_NEEDS_REMAP_5C4C 23628
SU_NEEDS_REMAP_5C52 23634
CU_NEEDS_REMAP_5C78 23672
SU_NEEDS_REMAP_5C83 23683
CU_NEEDS_REMAP_5CE1 23777
SU_NEEDS_REMAP_5CF8 23800
CU_NEEDS_REMAP_5CFA 23802
SU_NEEDS_REMAP_5D2B 23851
SU_NEEDS_REMAP_5D65 23909
SU_NEEDS_REMAP_5D78 23928
SU_NEEDS_REMAP_5D9C 23964
SU_NEEDS_REMAP_5E13 24083
CU_NEEDS_REMAP_5E3A 24122
SU_NEEDS_REMAP_5EAF 24239
CU_NEEDS_REMAP_5EB6 24246
CU_NEEDS_REMAP_5F04 24324
CU_NEEDS_REMAP_5F11 24337
SU_NEEDS_REMAP_5F1E 24350
CU_NEEDS_REMAP_5F25 24357
SU_NEEDS_REMAP_5F28 24360
SU_NEEDS_REMAP_5F9B 24475
CU_NEEDS_REMAP_5F9D 24477
SU_NEEDS_REMAP_5FA7 24487
SU_NEEDS_REMAP_6003 24579
CU_NEEDS_REMAP_6008 24584
SU_NEEDS_REMAP_6020 24608
SU_NEEDS_REMAP_6048 24648
CU_NEEDS_REMAP_6077 24695
CU_NEEDS_REMAP_609B 24731
SU_NEEDS_REMAP_60B2 24754
CU_NEEDS_REMAP_618A 24970
CU_NEEDS_REMAP_61D1 25041
CU_NEEDS_REMAP_621D 25117
SU_NEEDS_REMAP_6250 25168
CU_NEEDS_REMAP_6258 25176
SU_NEEDS_REMAP_62D8 25304
SU_NEEDS_REMAP_62EC 25324
SU_NEEDS_REMAP_6300 25344
CU_NEEDS_REMAP_630D 25357
CU_NEEDS_REMAP_6342 25410
SU_NEEDS_REMAP_6371 25457
CU_NEEDS_REMAP_63BA 25530
SU_NEEDS_REMAP_63F3 25587
CU_NEEDS_REMAP_649E 25758
SU_NEEDS_REMAP_649F 25759
SU_NEEDS_REMAP_650B 25867
SU_NEEDS_REMAP_650F 25871
CU_NEEDS_REMAP_6544 25924
CU_NEEDS_REMAP_6590 26000
SU_NEEDS_REMAP_65A8 26024
SU_NEEDS_REMAP_65AD 26029
SU_NEEDS_REMAP_65D2 26066
SU_NEEDS_REMAP_65F6 26102
SU_NEEDS_REMAP_660C 26124
CU_NEEDS_REMAP_661E 26142
SU_NEEDS_REMAP_6621 26145
SU_NEEDS_REMAP_6653 26195
CU_NEEDS_REMAP_6678 26232
SU_NEEDS_REMAP_667D 26237
CU_NEEDS_REMAP_66F2 26354
SU_NEEDS_REMAP_670D 26381
SU_NEEDS_REMAP_673A 26426
CU_NEEDS_REMAP_674E 26446
CU_NEEDS_REMAP_6750 26448
SU_NEEDS_REMAP_6752 26450
CU_NEEDS_REMAP_675E 26462
CU_NEEDS_REMAP_6760 26464
CU_NEEDS_REMAP_6770 26480
CU_NEEDS_REMAP_6773 26483
CU_NEEDS_REMAP_67A0 26528
SU_NEEDS_REMAP_67D4 26580
SU_NEEDS_REMAP_6821 26657
SU_NEEDS_REMAP_684A 26698
SU_NEEDS_REMAP_6863 26723
CU_NEEDS_REMAP_6887 26759
SU_NEEDS_REMAP_68C0 26816
SU_NEEDS_REMAP_68E6 26854
SU_NEEDS_REMAP_6999 27033
SU_NEEDS_REMAP_6ABF 27327
CU_NEEDS_REMAP_6ACF 27343
SU_NEEDS_REMAP_6AE6 27366
CU_NEEDS_REMAP_6B1D 27421
SU_NEEDS_REMAP_6B2F 27439
SU_NEEDS_REMAP_6B50 27472
SU_NEEDS_REMAP_6B5C 27484
CU_NEEDS_REMAP_6B71 27505
SU_NEEDS_REMAP_6B8F 27535
CU_NEEDS_REMAP_6BB9 27577
CU_NEEDS_REMAP_6BC0 27584
SU_NEEDS_REMAP_6BD4 27604
CU_NEEDS_REMAP_6BEB 27627
SU_NEEDS_REMAP_6C03 27651
CU_NEEDS_REMAP_6C23 27683
CU_NEEDS_REMAP_6C25 27685
SU_NEEDS_REMAP_6C5E 27742
CU_NEEDS_REMAP_6C7F 27775
SU_NEEDS_REMAP_6C92 27794
SU_NEEDS_REMAP_6CA4 27812
CU_NEEDS_REMAP_6CAD 27821
CU_NEEDS_REMAP_6CBB 27835
SU_NEEDS_REMAP_6CF0 27888
SU_NEEDS_REMAP_6D17 27927
SU_NEEDS_REMAP_6D45 27973
SU_NEEDS_REMAP_6DA1 28065
SU_NEEDS_REMAP_6DB9 28089
CU_NEEDS_REMAP_6DDE 28126
SU_NEEDS_REMAP_6DE0 28128
CU_NEEDS_REMAP_6E19 28185
SU_NEEDS_REMAP_6E23 28195
CU_NEEDS_REMAP_6E2E 28206
CU_NEEDS_REMAP_6E3A 28218
CU_NEEDS_REMAP_6E60 28256
SU_NEEDS_REMAP_6E72 28274
SU_NEEDS_REMAP_6EC9 28361
SU_NEEDS_REMAP_6ECD 28365
SU_NEEDS_REMAP_6F07 28423
CU_NEEDS_REMAP_6F87 28551
SU_NEEDS_REMAP_6FBC 28604
SU_NEEDS_REMAP_6FBF 28607
CU_NEEDS_REMAP_6FE8 28648
SU_NEEDS_REMAP_6FEF 28655
SU_NEEDS_REMAP_705F 28767
CU_NEEDS_REMAP_70AC 28844
CU_NEEDS_REMAP_7115 28949
SU_NEEDS_REMAP_71A0 29088
CU_NEEDS_REMAP_71C4 29124
SU_NEEDS_REMAP_71E6 29158
CU_NEEDS_REMAP_71EE 29166
SU_NEEDS_REMAP_722C 29228
SU_NEEDS_REMAP_7254 29268
CU_NEEDS_REMAP_7269 29289
CU_NEEDS_REMAP_72AE 29358
SU_NEEDS_REMAP_72B6 29366
SU_NEEDS_REMAP_72B9 29369
SU_NEEDS_REMAP_72C5 29381
SU_NEEDS_REMAP_72E0 29408
SU_NEEDS_REMAP_72ED 29421
CU_NEEDS_REMAP_72F2 29426
CU_NEEDS_REMAP_732C 29484
SU_NEEDS_REMAP_7384 29572
SU_NEEDS_REMAP_73A7 29607
SU_NEEDS_REMAP_73BB 29627
CU_NEEDS_REMAP_7417 29719
SU_NEEDS_REMAP_7455 29781
CU_NEEDS_REMAP_7458 29784
SU_NEEDS_REMAP_748D 29837
CU_NEEDS_REMAP_74A3 29859
CU_NEEDS_REMAP_74A7 29863
SU_NEEDS_REMAP_74D7 29911
SU_NEEDS_REMAP_74EC 29932
SU_NEEDS_REMAP_74F7 29943
CU_NEEDS_REMAP_7509 29961
SU_NEEDS_REMAP_7515 29973
CU_NEEDS_REMAP_751B 29979
CU_NEEDS_REMAP_751C 29980
SU_NEEDS_REMAP_7523 29987
CU_NEEDS_REMAP_7532 30002
CU_NEEDS_REMAP_7583 30083
SU_NEEDS_REMAP_75E6 30182
SU_NEEDS_REMAP_75F5 30197
CU_NEEDS_REMAP_7625 30245
SU_NEEDS_REMAP_7637 30263
CU_NEEDS_REMAP_7663 30307
CU_NEEDS_REMAP_767C 30332
SU_NEEDS_REMAP_768B 30347
SU_NEEDS_REMAP_7696 30358
CU_NEEDS_REMAP_769D 30365
CU_NEEDS_REMAP_76A1 30369
SU_NEEDS_REMAP_76E6 30438
CU_NEEDS_REMAP_7768 30568
SU_NEEDS_REMAP_778F 30607
SU_NEEDS_REMAP_7843 30787
CU_NEEDS_REMAP_7859 30809
SU_NEEDS_REMAP_787F 30847
SU_NEEDS_REMAP_788C 30860
CU_NEEDS_REMAP_789B 30875
CU_NEEDS_REMAP_78A5 30885
SU_NEEDS_REMAP_78B8 30904
SU_NEEDS_REMAP_78D5 30933
SU_NEEDS_REMAP_78F2 30962
SU_NEEDS_REMAP_791A 31002
SU_NEEDS_REMAP_7924 31012
CU_NEEDS_REMAP_797E 31102
CU_NEEDS_REMAP_7999 31129
CU_NEEDS_REMAP_799C 31132
CU_NEEDS_REMAP_79B2 31154
SU_NEEDS_REMAP_79F7 31223
SU_NEEDS_REMAP_7A18 31256
SU_NEEDS_REMAP_7A28 31272
SU_NEEDS_REMAP_7A48 31304
SU_NEEDS_REMAP_7A85 31365
CU_NEEDS_REMAP_7ACD 31437
SU_NEEDS_REMAP_7ADC 31452
SU_NEEDS_REMAP_7AFB 31483
CU_NEEDS_REMAP_7B15 31509
SU_NEEDS_REMAP_7B4A 31562
SU_NEEDS_REMAP_7B61 31585
CU_NEEDS_REMAP_7B7E 31614
SU_NEEDS_REMAP_7BB4 31668
SU_NEEDS_REMAP_7BD2 31698
CU_NEEDS_REMAP_7C26 31782
SU_NEEDS_REMAP_7C4E 31822
SU_NEEDS_REMAP_7C74 31860
SU_NEEDS_REMAP_7CBE 31934
SU_NEEDS_REMAP_7CBF 31935
CU_NEEDS_REMAP_7CF0 31984
CU_NEEDS_REMAP_7D12 32018
CU_NEEDS_REMAP_7D15 32021
CU_NEEDS_REMAP_7D5C 32092
SU_NEEDS_REMAP_7D83 32131
SU_NEEDS_REMAP_7DD5 32213
SU_NEEDS_REMAP_7DF8 32248
SU_NEEDS_REMAP_7E28 32296
SU_NEEDS_REMAP_7E81 32385
SU_NEEDS_REMAP_7EE7 32487
SU_NEEDS_REMAP_7EFB 32507
CU_NEEDS_REMAP_7F29 32553
CU_NEEDS_REMAP_7F36 32566
CU_NEEDS_REMAP_7F5F 32607
CU_NEEDS_REMAP_7F82 32642
SU_NEEDS_REMAP_7F83 32643
CU_NEEDS_REMAP_8005 32773
SU_NEEDS_REMAP_8052 32850
CU_NEEDS_REMAP_8055 32853
SU_NEEDS_REMAP_805D 32861
SU_NEEDS_REMAP_80B2 32946
CU_NEEDS_REMAP_80CA 32970
SU_NEEDS_REMAP_80CE 32974
CU_NEEDS_REMAP_8101 33025
SU_NEEDS_REMAP_815D 33117
CU_NEEDS_REMAP_816B 33131
CU_NEEDS_REMAP_8175 33141
SU_NEEDS_REMAP_81A7 33191
CU_NEEDS_REMAP_81B0 33200
CU_NEEDS_REMAP_81DA 33242
SU_NEEDS_REMAP_81FE 33278
SU_NEEDS_REMAP_8234 33332
SU_NEEDS_REMAP_8264 33380
SU_NEEDS_REMAP_82A2 33442
CU_NEEDS_REMAP_82CB 33483
SU_NEEDS_REMAP_8326 33574
CU_NEEDS_REMAP_8339 33593
SU_NEEDS_REMAP_833A 33594
CU_NEEDS_REMAP_8366 33638
SU_NEEDS_REMAP_837F 33663
SU_NEEDS_REMAP_8383 33667
SU_NEEDS_REMAP_8397 33687
SU_NEEDS_REMAP_846A 33898
SU_NEEDS_REMAP_849D 33949
CU_NEEDS_REMAP_84A8 33960
CU_NEEDS_REMAP_84B3 33971
CU_NEEDS_REMAP_84D7 34007
CU_NEEDS_REMAP_84E5 34021
SU_NEEDS_REMAP_84E6 34022
SU_NEEDS_REMAP_850B 34059
CU_NEEDS_REMAP_857E 34174
CU_NEEDS_REMAP_8591 34193
SU_NEEDS_REMAP_85AB 34219
CU_NEEDS_REMAP_860F 34319
CU_NEEDS_REMAP_8638 34360
SU_NEEDS_REMAP_8647 34375
SU_NEEDS_REMAP_865A 34394
SU_NEEDS_REMAP_8682 34434
CU_NEEDS_REMAP_869D 34461
SU_NEEDS_REMAP_86CC 34508
CU_NEEDS_REMAP_86E1 34529
CU_NEEDS_REMAP_86FD 34557
SU_NEEDS_REMAP_8760 34656
SU_NEEDS_REMAP_876A 34666
SU_NEEDS_REMAP_877A 34682
SU_NEEDS_REMAP_87C6 34758
SU_NEEDS_REMAP_8834 34868
CU_NEEDS_REMAP_883B 34875
SU_NEEDS_REMAP_88B2 34994
CU_NEEDS_REMAP_88F3 35059
SU_NEEDS_REMAP_8901 35073
CU_NEEDS_REMAP_893F 35135
SU_NEEDS_REMAP_897B 35195
CU_NEEDS_REMAP_89D8 35288
CU_NEEDS_REMAP_8A3B 35387
CU_NEEDS_REMAP_8A47 35399
CU_NEEDS_REMAP_8A4F 35407
CU_NEEDS_REMAP_8A51 35409
CU_NEEDS_REMAP_8A83 35459
CU_NEEDS_REMAP_8A99 35481
CU_NEEDS_REMAP_8AA2 35490
CU_NEEDS_REMAP_8ABB 35515
SU_NEEDS_REMAP_8AFE 35582
SU_NEEDS_REMAP_8B19 35609
SU_NEEDS_REMAP_8B31 35633
SU_NEEDS_REMAP_8B5A 35674
CU_NEEDS_REMAP_8BF6 35830
SU_NEEDS_REMAP_8C24 35876
CU_NEEDS_REMAP_8C3A 35898
CU_NEEDS_REMAP_8CA9 36009
SU_NEEDS_REMAP_8CB0 36016
SU_NEEDS_REMAP_8CE9 36073
CU_NEEDS_REMAP_8D16 36118
CU_NEEDS_REMAP_8D6C 36204
SU_NEEDS_REMAP_8D94 36244
CU_NEEDS_REMAP_8E25 36389
SU_NEEDS_REMAP_8E35 36405
CU_NEEDS_REMAP_8E5B 36443
CU_NEEDS_REMAP_8E65 36453
SU_NEEDS_REMAP_8E7F 36479
CU_NEEDS_REMAP_8E86 36486
CU_NEEDS_REMAP_8EC6 36550
CU_NEEDS_REMAP_8EC7 36551
CU_NEEDS_REMAP_8F11 36625
CU_NEEDS_REMAP_8F3A 36666
SU_NEEDS_REMAP_8F73 36723
CU_NEEDS_REMAP_8FC5 36805
CU_NEEDS_REMAP_8FD4 36820
SU_NEEDS_REMAP_8FEE 36846
CU_NEEDS_REMAP_8FFA 36858
SU_NEEDS_REMAP_9002 36866
CU_NEEDS_REMAP_9005 36869
SU_NEEDS_REMAP_906C 36972
SU_NEEDS_REMAP_90B4 37044
SU_NEEDS_REMAP_90D1 37073
CU_NEEDS_REMAP_90D6 37078
CU_NEEDS_REMAP_9142 37186
CU_NEEDS_REMAP_916A 37226
CU_NEEDS_REMAP_9185 37253
CU_NEEDS_REMAP_91A9 37289
CU_NEEDS_REMAP_9202 37378
CU_NEEDS_REMAP_9215 37397
SU_NEEDS_REMAP_9217 37399
SU_NEEDS_REMAP_9237 37431
SU_NEEDS_REMAP_9273 37491
SU_NEEDS_REMAP_92CC 37580
SU_NEEDS_REMAP_92D3 37587
CU_NEEDS_REMAP_92ED 37613
CU_NEEDS_REMAP_92F4 37620
CU_NEEDS_REMAP_9325 37669
CU_NEEDS_REMAP_9363 37731
SU_NEEDS_REMAP_9374 37748
CU_NEEDS_REMAP_93DC 37852
CU_NEEDS_REMAP_942E 37934
SU_NEEDS_REMAP_949E 38046
CU_NEEDS_REMAP_94CD 38093
CU_NEEDS_REMAP_94E4 38116
SU_NEEDS_REMAP_94F2 38130
SU_NEEDS_REMAP_9574 38260
CU_NEEDS_REMAP_9588 38280
CU_NEEDS_REMAP_95AF 38319
CU_NEEDS_REMAP_95B7 38327
SU_NEEDS_REMAP_95CE 38350
SU_NEEDS_REMAP_95D0 38352
CU_NEEDS_REMAP_95D1 38353
SU_NEEDS_REMAP_95D6 38358
SU_NEEDS_REMAP_95E5 38373
SU_NEEDS_REMAP_95EB 38379
CU_NEEDS_REMAP_95F2 38386
SU_NEEDS_REMAP_961B 38427
SU_NEEDS_REMAP_963A 38458
SU_NEEDS_REMAP_964C 38476
CU_NEEDS_REMAP_9656 38486
CU_NEEDS_REMAP_9657 38487
CU_NEEDS_REMAP_9685 38533
CU_NEEDS_REMAP_968A 38538
CU_NEEDS_REMAP_96AE 38574
SU_NEEDS_REMAP_96C2 38594
CU_NEEDS_REMAP_96EF 38639
CU_NEEDS_REMAP_96FE 38654
SU_NEEDS_REMAP_9719 38681
SU_NEEDS_REMAP_9728 38696
SU_NEEDS_REMAP_973F 38719
CU_NEEDS_REMAP_9759 38745
SU_NEEDS_REMAP_975F 38751
CU_NEEDS_REMAP_97A0 38816
SU_NEEDS_REMAP_97A1 38817
SU_NEEDS_REMAP_97B6 38838
SU_NEEDS_REMAP_9800 38912
CU_NEEDS_REMAP_981A 38938
SU_NEEDS_REMAP_982E 38958
CU_NEEDS_REMAP_9834 38964
CU_NEEDS_REMAP_9842 38978
SU_NEEDS_REMAP_984A 38986
CU_NEEDS_REMAP_98A3 39075
SU_NEEDS_REMAP_98B8 39096
CU_NEEDS_REMAP_98CE 39118
SU_NEEDS_REMAP_98FB 39163
SU_NEEDS_REMAP_9921 39201
SU_NEEDS_REMAP_9926 39206
SU_NEEDS_REMAP_9929 39209
SU_NEEDS_REMAP_993C 39228
CU_NEEDS_REMAP_9973 39283
CU_NEEDS_REMAP_9982 39298
CU_NEEDS_REMAP_9998 39320
CU_NEEDS_REMAP_999A 39322
CU_NEEDS_REMAP_99AD 39341
SU_NEEDS_REMAP_99B7 39351
CU_NEEDS_REMAP_99D2 39378
CU_NEEDS_REMAP_99EE 39406
SU_NEEDS_REMAP_99F8 39416
CU_NEEDS_REMAP_9A07 39431
SU_NEEDS_REMAP_9A43 39491
SU_NEEDS_REMAP_9A4B 39499
CU_NEEDS_REMAP_9AB1 39601
SU_NEEDS_REMAP_9ACA 39626
SU_NEEDS_REMAP_9AFA 39674
CU_NEEDS_REMAP_9B12 39698
SU_NEEDS_REMAP_9B28 39720
SU_NEEDS_REMAP_9B3C 39740
CU_NEEDS_REMAP_9B51 39761
CU_NEEDS_REMAP_9BE9 39913
SU_NEEDS_REMAP_9BEF 39919
CU_NEEDS_REMAP_9BFA 39930
SU_NEEDS_REMAP_9C37 39991
CU_NEEDS_REMAP_9C4A 40010
CU_NEEDS_REMAP_9C55 40021
CU_NEEDS_REMAP_9C59 40025
CU_NEEDS_REMAP_9C61 40033
SU_NEEDS_REMAP_9C83 40067
SU_NEEDS_REMAP_9C96 40086
CU_NEEDS_REMAP_9CF3 40179
SU_NEEDS_REMAP_9D0E 40206
SU_NEEDS_REMAP_9D3B 40251
SU_NEEDS_REMAP_9D4A 40266
CU_NEEDS_REMAP_9DA8 40360
SU_NEEDS_REMAP_9DEE 40430
SU_NEEDS_REMAP_9E33 40499
CU_NEEDS_REMAP_9E3E 40510
SU_NEEDS_REMAP_9E64 40548
CU_NEEDS_REMAP_9E72 40562
CU_NEEDS_REMAP_9EA9 40617
CU_NEEDS_REMAP_9EB4 40628
CU_NEEDS_REMAP_9EDB 40667
SU_NEEDS_REMAP_9F25 40741
SU_NEEDS_REMAP_9F80 40832
SU_NEEDS_REMAP_9F9C 40860
SU_NEEDS_REMAP_A02D 41005
SU_NEEDS_REMAP_A046 41030
SU_NEEDS_REMAP_A04A 41034
CU_NEEDS_REMAP_A08C 41100
SU_NEEDS_REMAP_A0BF 41151
SU_NEEDS_REMAP_A0D7 41175
CU_NEEDS_REMAP_A0EC 41196
SU_NEEDS_REMAP_A0F2 41202
SU_NEEDS_REMAP_A108 41224
SU_NEEDS_REMAP_A114 41236
SU_NEEDS_REMAP_A132 41266
SU_NEEDS_REMAP_A150 41296
SU_NEEDS_REMAP_A151 41297
CU_NEEDS_REMAP_A165 41317
CU_NEEDS_REMAP_A1DC 41436
SU_NEEDS_REMAP_A248 41544
CU_NEEDS_REMAP_A250 41552
SU_NEEDS_REMAP_A292 41618
CU_NEEDS_REMAP_A2CE 41678
SU_NEEDS_REMAP_A306 41734
SU_NEEDS_REMAP_A405 41989
CU_NEEDS_REMAP_A417 42007
CU_NEEDS_REMAP_A47C 42108
SU_NEEDS_REMAP_A4A0 42144
CU_NEEDS_REMAP_A4AF 42159
CU_NEEDS_REMAP_A4DD 42205
CU_NEEDS_REMAP_A4F4 42228
SU_NEEDS_REMAP_A508 42248
SU_NEEDS_REMAP_A566 42342
CU_NEEDS_REMAP_A584 42372
SU_NEEDS_REMAP_A58A 42378
CU_NEEDS_REMAP_A59A 42394
CU_NEEDS_REMAP_A5A0 42400
SU_NEEDS_REMAP_A5E0 42464
SU_NEEDS_REMAP_A5E6 42470
CU_NEEDS_REMAP_A628 42536
CU_NEEDS_REMAP_A62F 42543
CU_NEEDS_REMAP_A64D 42573
SU_NEEDS_REMAP_A661 42593
CU_NEEDS_REMAP_A68D 42637
CU_NEEDS_REMAP_A69E 42654
CU_NEEDS_REMAP_A6DE 42718
CU_NEEDS_REMAP_A6E0 42720
CU_NEEDS_REMAP_A6F1 42737
SU_NEEDS_REMAP_A6FD 42749
CU_NEEDS_REMAP_A725 42789
SU_NEEDS_REMAP_A72A 42794
CU_NEEDS_REMAP_A733 42803
SU_NEEDS_REMAP_A790 42896
SU_NEEDS_REMAP_A79A 42906
SU_NEEDS_REMAP_A7BF 42943
SU_NEEDS_REMAP_A86E 43118
SU_NEEDS_REMAP_A87B 43131
CU_NEEDS_REMAP_A897 43159
CU_NEEDS_REMAP_A8C5 43205
SU_NEEDS_REMAP_A8D1 43217
CU_NEEDS_REMAP_A999 43417
SU_NEEDS_REMAP_A9CC 43468
SU_NEEDS_REMAP_A9F7 43511
SU_NEEDS_REMAP_A9FF 43519
SU_NEEDS_REMAP_AA05 43525
SU_NEEDS_REMAP_AA2B 43563
SU_NEEDS_REMAP_AA34 43572
CU_NEEDS_REMAP_AA3F 43583
SU_NEEDS_REMAP_AA5D 43613
SU_NEEDS_REMAP_AA95 43669
SU_NEEDS_REMAP_AB17 43799
SU_NEEDS_REMAP_AB54 43860
CU_NEEDS_REMAP_AB80 43904
SU_NEEDS_REMAP_AB92 43922
SU_NEEDS_REMAP_ABD4 43988
CU_NEEDS_REMAP_ABE8 44008
CU_NEEDS_REMAP_AC5D 44125
SU_NEEDS_REMAP_AC75 44149
CU_NEEDS_REMAP_ACDF 44255
SU_NEEDS_REMAP_ACE5 44261
SU_NEEDS_REMAP_AD30 44336
SU_NEEDS_REMAP_AD39 44345
CU_NEEDS_REMAP_AD9D 44445
SU_NEEDS_REMAP_ADA5 44453
SU_NEEDS_REMAP_ADBA 44474
SU_NEEDS_REMAP_ADC0 44480
CU_NEEDS_REMAP_AE13 44563
SU_NEEDS_REMAP_AE1D 44573
CU_NEEDS_REMAP_AE20 44576
SU_NEEDS_REMAP_AE36 44598
SU_NEEDS_REMAP_AE50 44624
SU_NEEDS_REMAP_AE64 44644
CU_NEEDS_REMAP_AE75 44661
CU_NEEDS_REMAP_AEDE 44766
SU_NEEDS_REMAP_AEF8 44792
CU_NEEDS_REMAP_AF14 44820
SU_NEEDS_REMAP_AF42 44866
SU_NEEDS_REMAP_AF4B 44875
CU_NEEDS_REMAP_AF6A 44906
SU_NEEDS_REMAP_AF8F 44943
SU_NEEDS_REMAP_AFE4 45028
CU_NEEDS_REMAP_AFE9 45033
CU_NEEDS_REMAP_B01C 45084
SU_NEEDS_REMAP_B034 45108
CU_NEEDS_REMAP_B03A 45114
CU_NEEDS_REMAP_B056 45142
SU_NEEDS_REMAP_B060 45152
SU_NEEDS_REMAP_B0A7 45223
SU_NEEDS_REMAP_B0B5 45237
CU_NEEDS_REMAP_B0FC 45308
SU_NEEDS_REMAP_B11A 45338
SU_NEEDS_REMAP_B133 45363
SU_NEEDS_REMAP_B142 45378
SU_NEEDS_REMAP_B146 45382
SU_NEEDS_REMAP_B14E 45390
SU_NEEDS_REMAP_B168 45416
CU_NEEDS_REMAP_B17C 45436
SU_NEEDS_REMAP_B17E 45438
CU_NEEDS_REMAP_B1B8 45496
CU_NEEDS_REMAP_B1C8 45512
CU_NEEDS_REMAP_B1DB 45531
SU_NEEDS_REMAP_B25E 45662
CU_NEEDS_REMAP_B263 45667
SU_NEEDS_REMAP_B26F 45679
CU_NEEDS_REMAP_B2AE 45742
SU_NEEDS_REMAP_B2FB 45819
CU_NEEDS_REMAP_B31B 45851
CU_NEEDS_REMAP_B351 45905
CU_NEEDS_REMAP_B438 46136
SU_NEEDS_REMAP_B449 46153
SU_NEEDS_REMAP_B455 46165
SU_NEEDS_REMAP_B48D 46221
SU_NEEDS_REMAP_B4AD 46253
SU_NEEDS_REMAP_B55B 46427
SU_NEEDS_REMAP_B5A1 46497
SU_NEEDS_REMAP_B63C 46652
CU_NEEDS_REMAP_B662 46690
SU_NEEDS_REMAP_B66D 46701
SU_NEEDS_REMAP_B683 46723
CU_NEEDS_REMAP_B687 46727
CU_NEEDS_REMAP_B688 46728
CU_NEEDS_REMAP_B70C 46860
CU_NEEDS_REMAP_B717 46871
CU_NEEDS_REMAP_B730 46896
SU_NEEDS_REMAP_B73A 46906
SU_NEEDS_REMAP_B7C6 47046
CU_NEEDS_REMAP_B7F1 47089
CU_NEEDS_REMAP_B80B 47115
SU_NEEDS_REMAP_B829 47145
CU_NEEDS_REMAP_B837 47159
CU_NEEDS_REMAP_B873 47219
CU_NEEDS_REMAP_B890 47248
CU_NEEDS_REMAP_B8B6 47286
CU_NEEDS_REMAP_B8BE 47294
SU_NEEDS_REMAP_B8D5 47317
CU_NEEDS_REMAP_B8DD 47325
SU_NEEDS_REMAP_B8EB 47339
SU_NEEDS_REMAP_B8F0 47344
CU_NEEDS_REMAP_B912 47378
CU_NEEDS_REMAP_B939 47417
SU_NEEDS_REMAP_B946 47430
CU_NEEDS_REMAP_B979 47481
CU_NEEDS_REMAP_B998 47512
CU_NEEDS_REMAP_B9BE 47550
SU_NEEDS_REMAP_B9E5 47589
SU_NEEDS_REMAP_BA18 47640
SU_NEEDS_REMAP_BA38 47672
CU_NEEDS_REMAP_BA3C 47676
CU_NEEDS_REMAP_BA5C 47708
SU_NEEDS_REMAP_BA8A 47754
SU_NEEDS_REMAP_BA93 47763
CU_NEEDS_REMAP_BA98 47768
CU_NEEDS_REMAP_BA99 47769
SU_NEEDS_REMAP_BABA 47802
SU_NEEDS_REMAP_BAC0 47808
CU_NEEDS_REMAP_BAC1 47809
SU_NEEDS_REMAP_BAE4 47844
CU_NEEDS_REMAP_BAF1 47857
SU_NEEDS_REMAP_BB15 47893
CU_NEEDS_REMAP_BBD9 48089
SU_NEEDS_REMAP_BBF5 48117
CU_NEEDS_REMAP_BC0C 48140
SU_NEEDS_REMAP_BC1F 48159
SU_NEEDS_REMAP_BC24 48164
SU_NEEDS_REMAP_BC37 48183
SU_NEEDS_REMAP_BC92 48274
SU_NEEDS_REMAP_BC99 48281
CU_NEEDS_REMAP_BCB3 48307
CU_NEEDS_REMAP_BCBF 48319
SU_NEEDS_REMAP_BCC5 48325
CU_NEEDS_REMAP_BCD9 48345
CU_NEEDS_REMAP_BCDE 48350
SU_NEEDS_REMAP_BCE5 48357
CU_NEEDS_REMAP_BD1B 48411
CU_NEEDS_REMAP_BD5B 48475
CU_NEEDS_REMAP_BD85 48517
SU_NEEDS_REMAP_BD8B 48523
CU_NEEDS_REMAP_BDA8 48552
SU_NEEDS_REMAP_BDB0 48560
CU_NEEDS_REMAP_BE6C 48748
CU_NEEDS_REMAP_BE80 48768
SU_NEEDS_REMAP_BE8F 48783
SU_NEEDS_REMAP_BE90 48784
CU_NEEDS_REMAP_BE96 48790
SU_NEEDS_REMAP_BEA3 48803
SU_NEEDS_REMAP_BEB2 48818
SU_NEEDS_REMAP_BEBC 48828
SU_NEEDS_REMAP_BEC8 48840
SU_NEEDS_REMAP_BEDF 48863
SU_NEEDS_REMAP_BEFC 48892
CU_NEEDS_REMAP_BF23 48931
CU_NEEDS_REMAP_BF56 48982
SU_NEEDS_REMAP_BFDA 49114
CU_NEEDS_REMAP_C025 49189
CU_NEEDS_REMAP_C036 49206
CU_NEEDS_REMAP_C04F 49231
CU_NEEDS_REMAP_C099 49305
CU_NEEDS_REMAP_C09A 49306
SU_NEEDS_REMAP_C0D4 49364
CU_NEEDS_REMAP_C0E0 49376
SU_NEEDS_REMAP_C149 49481
CU_NEEDS_REMAP_C178 49528
CU_NEEDS_REMAP_C194 49556
SU_NEEDS_REMAP_C1D5 49621
CU_NEEDS_REMAP_C1F8 49656
SU_NEEDS_REMAP_C1F9 49657
CU_NEEDS_REMAP_C279 49785
SU_NEEDS_REMAP_C29D 49821
CU_NEEDS_REMAP_C2B1 49841
CU_NEEDS_REMAP_C2B9 49849
SU_NEEDS_REMAP_C2C4 49860
SU_NEEDS_REMAP_C2F2 49906
SU_NEEDS_REMAP_C330 49968
SU_NEEDS_REMAP_C332 49970
SU_NEEDS_REMAP_C394 50068
SU_NEEDS_REMAP_C3F5 50165
SU_NEEDS_REMAP_C416 50198
SU_NEEDS_REMAP_C418 50200
SU_NEEDS_REMAP_C43C 50236
CU_NEEDS_REMAP_C498 50328
CU_NEEDS_REMAP_C49D 50333
CU_NEEDS_REMAP_C49E 50334
CU_NEEDS_REMAP_C4A6 50342
SU_NEEDS_REMAP_C4AC 50348
CU_NEEDS_REMAP_C4CC 50380
CU_NEEDS_REMAP_C4CF 50383
SU_NEEDS_REMAP_C4D6 50390
SU_NEEDS_REMAP_C4E3 50403
SU_NEEDS_REMAP_C501 50433
SU_NEEDS_REMAP_C508 50440
SU_NEEDS_REMAP_C50A 50442
CU_NEEDS_REMAP_C512 50450
CU_NEEDS_REMAP_C580 50560
SU_NEEDS_REMAP_C59C 50588
CU_NEEDS_REMAP_C5C3 50627
SU_NEEDS_REMAP_C5D9 50649
SU_NEEDS_REMAP_C600 50688
CU_NEEDS_REMAP_C606 50694
SU_NEEDS_REMAP_C611 50705
SU_NEEDS_REMAP_C676 50806
SU_NEEDS_REMAP_C683 50819
CU_NEEDS_REMAP_C697 50839
SU_NEEDS_REMAP_C71A 50970
CU_NEEDS_REMAP_C7BA 51130
CU_NEEDS_REMAP_C7D8 51160
SU_NEEDS_REMAP_C7E3 51171
CU_NEEDS_REMAP_C7E7 51175
CU_NEEDS_REMAP_C850 51280
SU_NEEDS_REMAP_C862 51298
SU_NEEDS_REMAP_C877 51319
CU_NEEDS_REMAP_C8AD 51373
SU_NEEDS_REMAP_C8AE 51374
CU_NEEDS_REMAP_C8B5 51381
SU_NEEDS_REMAP_C903 51459
CU_NEEDS_REMAP_C919 51481
SU_NEEDS_REMAP_C948 51528
SU_NEEDS_REMAP_C999 51609
CU_NEEDS_REMAP_C9B6 51638
SU_NEEDS_REMAP_C9F3 51699
SU_NEEDS_REMAP_CA53 51795
SU_NEEDS_REMAP_CA85 51845
CU_NEEDS_REMAP_CA8A 51850
CU_NEEDS_REMAP_CAB0 51888
SU_NEEDS_REMAP_CAFD 51965
CU_NEEDS_REMAP_CB27 52007
SU_NEEDS_REMAP_CB7A 52090
CU_NEEDS_REMAP_CB9B 52123
CU_NEEDS_REMAP_CBE9 52201
SU_NEEDS_REMAP_CC32 52274
SU_NEEDS_REMAP_CC33 52275
SU_NEEDS_REMAP_CC72 52338
SU_NEEDS_REMAP_CCE4 52452
SU_NEEDS_REMAP_CCE6 52454
SU_NEEDS_REMAP_CCEC 52460
SU_NEEDS_REMAP_CCF6 52470
CU_NEEDS_REMAP_CD27 52519
CU_NEEDS_REMAP_CD6D 52589
SU_NEEDS_REMAP_CDBB 52667
SU_NEEDS_REMAP_CDE9 52713
SU_NEEDS_REMAP_CE04 52740
SU_NEEDS_REMAP_CE40 52800
CU_NEEDS_REMAP_CE70 52848
SU_NEEDS_REMAP_CEAF 52911
SU_NEEDS_REMAP_CEF3 52979
CU_NEEDS_REMAP_CEF5 52981
CU_NEEDS_REMAP_CEF7 52983
CU_NEEDS_REMAP_CF2A 53034
CU_NEEDS_REMAP_CF7D 53117
CU_NEEDS_REMAP_CF81 53121
SU_NEEDS_REMAP_CFC1 53185
SU_NEEDS_REMAP_CFD5 53205
CU_NEEDS_REMAP_CFE6 53222
SU_NEEDS_REMAP_CFE8 53224
SU_NEEDS_REMAP_D005 53253
CU_NEEDS_REMAP_D037 53303
CU_NEEDS_REMAP_D051 53329
SU_NEEDS_REMAP_D058 53336
CU_NEEDS_REMAP_D07E 53374
CU_NEEDS_REMAP_D0B0 53424
SU_NEEDS_REMAP_D0C3 53443
SU_NEEDS_REMAP_D0DE 53470
SU_NEEDS_REMAP_D124 53540
SU_NEEDS_REMAP_D133 53555
SU_NEEDS_REMAP_D154 53588
SU_NEEDS_REMAP_D166 53606
CU_NEEDS_REMAP_D1B3 53683
SU_NEEDS_REMAP_D1D7 53719
CU_NEEDS_REMAP_D1ED 53741
SU_NEEDS_REMAP_D213 53779
CU_NEEDS_REMAP_D21E 53790
SU_NEEDS_REMAP_D28D 53901
SU_NEEDS_REMAP_D291 53905
SU_NEEDS_REMAP_D2BA 53946
CU_NEEDS_REMAP_D2C4 53956
SU_NEEDS_REMAP_D31C 54044
CU_NEEDS_REMAP_D337 54071
CU_NEEDS_REMAP_D3A2 54178
CU_NEEDS_REMAP_D3AD 54189
CU_NEEDS_REMAP_D3AF 54191
SU_NEEDS_REMAP_D412 54290
SU_NEEDS_REMAP_D44D 54349
CU_NEEDS_REMAP_D451 54353
CU_NEEDS_REMAP_D476 54390
CU_NEEDS_REMAP_D47B 54395
SU_NEEDS_REMAP_D47D 54397
CU_NEEDS_REMAP_D483 54403
SU_NEEDS_REMAP_D49E 54430
SU_NEEDS_REMAP_D4BA 54458
SU_NEEDS_REMAP_D4E4 54500
SU_NEEDS_REMAP_D4F1 54513
SU_NEEDS_REMAP_D52F 54575
SU_NEEDS_REMAP_D545 54597
CU_NEEDS_REMAP_D556 54614
CU_NEEDS_REMAP_D585 54661
SU_NEEDS_REMAP_D59A 54682
CU_NEEDS_REMAP_D5A3 54691
CU_NEEDS_REMAP_D5B2 54706
SU_NEEDS_REMAP_D5DE 54750
SU_NEEDS_REMAP_D5FD 54781
SU_NEEDS_REMAP_D624 54820
CU_NEEDS_REMAP_D6CE 54990
SU_NEEDS_REMAP_D6D0 54992
SU_NEEDS_REMAP_D703 55043
CU_NEEDS_REMAP_D714 55060
CU_NEEDS_REMAP_D7F5 55285
SU_NEEDS_REMAP_D7F9 55289
SU_NEEDS_REMAP_D864 55396
SU_NEEDS_REMAP_D8B3 55475
CU_NEEDS_REMAP_D8B8 55480
SU_NEEDS_REMAP_D8D8 55512
SU_NEEDS_REMAP_D8F7 55543
CU_NEEDS_REMAP_D91F 55583
SU_NEEDS_REMAP_D954 55636
SU_NEEDS_REMAP_D956 55638
CU_NEEDS_REMAP_D95C 55644
SU_NEEDS_REMAP_D96C 55660
SU_NEEDS_REMAP_D9A6 55718
CU_NEEDS_REMAP_D9AC 55724
CU_NEEDS_REMAP_D9EF 55791
CU_NEEDS_REMAP_DA1B 55835
SU_NEEDS_REMAP_DA26 55846
CU_NEEDS_REMAP_DA34 55860
SU_NEEDS_REMAP_DA40 55872
CU_NEEDS_REMAP_DA87 55943
CU_NEEDS_REMAP_DA8E 55950
SU_NEEDS_REMAP_DAAD 55981
SU_NEEDS_REMAP_DAD5 56021
SU_NEEDS_REMAP_DAF0 56048
SU_NEEDS_REMAP_DAF3 56051
SU_NEEDS_REMAP_DB25 56101
CU_NEEDS_REMAP_DB2D 56109
SU_NEEDS_REMAP_DB39 56121
SU_NEEDS_REMAP_DB55 56149
SU_NEEDS_REMAP_DB65 56165
SU_NEEDS_REMAP_DB7C 56188
CU_NEEDS_REMAP_DB89 56201
CU_NEEDS_REMAP_DBDB 56283
SU_NEEDS_REMAP_DBE7 56295
SU_NEEDS_REMAP_DC3C 56380
CU_NEEDS_REMAP_DC93 56467
CU_NEEDS_REMAP_DCE5 56549
CU_NEEDS_REMAP_DCF3 56563
SU_NEEDS_REMAP_DD4C 56652
SU_NEEDS_REMAP_DD91 56721
CU_NEEDS_REMAP_DD98 56728
CU_NEEDS_REMAP_DDA6 56742
CU_NEEDS_REMAP_DDD7 56791
SU_NEEDS_REMAP_DDE9 56809
CU_NEEDS_REMAP_DDF5 56821
CU_NEEDS_REMAP_DDFB 56827
SU_NEEDS_REMAP_DE7A 56954
CU_NEEDS_REMAP_DE98 56984
CU_NEEDS_REMAP_DF37 57143
CU_NEEDS_REMAP_DF68 57192
SU_NEEDS_REMAP_DF9F 57247
CU_NEEDS_REMAP_E014 57364
SU_NEEDS_REMAP_E01A 57370
CU_NEEDS_REMAP_E036 57398
SU_NEEDS_REMAP_E043 57411
CU_NEEDS_REMAP_E05A 57434
CU_NEEDS_REMAP_E093 57491
CU_NEEDS_REMAP_E0BD 57533
SU_NEEDS_REMAP_E0D9 57561
CU_NEEDS_REMAP_E124 57636
SU_NEEDS_REMAP_E132 57650
SU_NEEDS_REMAP_E136 57654
CU_NEEDS_REMAP_E193 57747
SU_NEEDS_REMAP_E197 57751
SU_NEEDS_REMAP_E1A2 57762
SU_NEEDS_REMAP_E1BD 57789
CU_NEEDS_REMAP_E244 57924
SU_NEEDS_REMAP_E247 57927
SU_NEEDS_REMAP_E250 57936
SU_NEEDS_REMAP_E252 57938
SU_NEEDS_REMAP_E28A 57994
SU_NEEDS_REMAP_E2B2 58034
SU_NEEDS_REMAP_E2CF 58063
SU_NEEDS_REMAP_E2EA 58090
CU_NEEDS_REMAP_E2F8 58104
SU_NEEDS_REMAP_E31B 58139
SU_NEEDS_REMAP_E328 58152
CU_NEEDS_REMAP_E331 58161
SU_NEEDS_REMAP_E34D 58189
CU_NEEDS_REMAP_E350 58192
CU_NEEDS_REMAP_E356 58198
SU_NEEDS_REMAP_E35B 58203
CU_NEEDS_REMAP_E38B 58251
SU_NEEDS_REMAP_E392 58258
SU_NEEDS_REMAP_E3D2 58322
CU_NEEDS_REMAP_E3EB 58347
SU_NEEDS_REMAP_E42B 58411
SU_NEEDS_REMAP_E42E 58414
SU_NEEDS_REMAP_E433 58419
CU_NEEDS_REMAP_E43C 58428
SU_NEEDS_REMAP_E471 58481
CU_NEEDS_REMAP_E48B 58507
CU_NEEDS_REMAP_E55E 58718
SU_NEEDS_REMAP_E560 58720
CU_NEEDS_REMAP_E576 58742
SU_NEEDS_REMAP_E5D1 58833
CU_NEEDS_REMAP_E5E4 58852
SU_NEEDS_REMAP_E60F 58895
CU_NEEDS_REMAP_E61D 58909
CU_NEEDS_REMAP_E62C 58924
CU_NEEDS_REMAP_E638 58936
SU_NEEDS_REMAP_E647 58951
CU_NEEDS_REMAP_E650 58960
SU_NEEDS_REMAP_E67C 59004
SU_NEEDS_REMAP_E68E 59022
SU_NEEDS_REMAP_E699 59033
CU_NEEDS_REMAP_E6A4 59044
SU_NEEDS_REMAP_E6C0 59072
CU_NEEDS_REMAP_E6D1 59089
CU_NEEDS_REMAP_E6FE 59134
SU_NEEDS_REMAP_E718 59160
CU_NEEDS_REMAP_E726 59174
SU_NEEDS_REMAP_E756 59222
CU_NEEDS_REMAP_E790 59280
CU_NEEDS_REMAP_E81B 59419
CU_NEEDS_REMAP_E85D 59485
SU_NEEDS_REMAP_E92B 59691
SU_NEEDS_REMAP_E940 59712
CU_NEEDS_REMAP_E9B3 59827
CU_NEEDS_REMAP_E9E7 59879
SU_NEEDS_REMAP_E9F5 59893
SU_NEEDS_REMAP_EA59 59993
SU_NEEDS_REMAP_EA63 60003
CU_NEEDS_REMAP_EA76 60022
CU_NEEDS_REMAP_EABA 60090
CU_NEEDS_REMAP_EAD6 60118
CU_NEEDS_REMAP_EB04 60164
CU_NEEDS_REMAP_EB1A 60186
SU_NEEDS_REMAP_EB4C 60236
CU_NEEDS_REMAP_EB60 60256
SU_NEEDS_REMAP_EB66 60262
SU_NEEDS_REMAP_EB6F 60271
CU_NEEDS_REMAP_EB73 60275
CU_NEEDS_REMAP_EB75 60277
CU_NEEDS_REMAP_EB9E 60318
SU_NEEDS_REMAP_EBB0 60336
SU_NEEDS_REMAP_EBBA 60346
SU_NEEDS_REMAP_EBBF 60351
SU_NEEDS_REMAP_EBC3 60355
SU_NEEDS_REMAP_EC0B 60427
SU_NEEDS_REMAP_EC14 60436
SU_NEEDS_REMAP_EC54 60500
SU_NEEDS_REMAP_ECA9 60585
CU_NEEDS_REMAP_ECBD 60605
SU_NEEDS_REMAP_ECC8 60616
SU_NEEDS_REMAP_ED0A 60682
SU_NEEDS_REMAP_ED0D 60685
SU_NEEDS_REMAP_ED43 60739
CU_NEEDS_REMAP_ED58 60760
SU_NEEDS_REMAP_ED6C 60780
CU_NEEDS_REMAP_EDBF 60863
CU_NEEDS_REMAP_EDF6 60918
SU_NEEDS_REMAP_EE18 60952
CU_NEEDS_REMAP_EE79 61049
CU_NEEDS_REMAP_EE81 61057
SU_NEEDS_REMAP_EEBA 61114
SU_NEEDS_REMAP_EED9 61145
CU_NEEDS_REMAP_EF03 61187
CU_NEEDS_REMAP_EF15 61205
CU_NEEDS_REMAP_EF8A 61322
CU_NEEDS_REMAP_EFAC 61356
SU_NEEDS_REMAP_EFB0 61360
SU_NEEDS_REMAP_EFC8 61384
CU_NEEDS_REMAP_EFCA 61386
SU_NEEDS_REMAP_EFF9 61433
CU_NEEDS_REMAP_F027 61479
SU_NEEDS_REMAP_F039 61497
SU_NEEDS_REMAP_F059 61529
CU_NEEDS_REMAP_F06A 61546
CU_NEEDS_REMAP_F082 61570
SU_NEEDS_REMAP_F08C 61580
CU_NEEDS_REMAP_F0FC 61692
SU_NEEDS_REMAP_F158 61784
SU_NEEDS_REMAP_F16E 61806
CU_NEEDS_REMAP_F1E6 61926
SU_NEEDS_REMAP_F1EE 61934
SU_NEEDS_REMAP_F1F6 61942
SU_NEEDS_REMAP_F208 61960
SU_NEEDS_REMAP_F239 62009
SU_NEEDS_REMAP_F240 62016
SU_NEEDS_REMAP_F251 62033
SU_NEEDS_REMAP_F2D1 62161
CU_NEEDS_REMAP_F2E8 62184
CU_NEEDS_REMAP_F2F3 62195
SU_NEEDS_REMAP_F32C 62252
CU_NEEDS_REMAP_F36F 62319
CU_NEEDS_REMAP_F396 62358
SU_NEEDS_REMAP_F3CA 62410
CU_NEEDS_REMAP_F3CC 62412
CU_NEEDS_REMAP_F3DA 62426
SU_NEEDS_REMAP_F450 62544
CU_NEEDS_REMAP_F49F 62623
SU_NEEDS_REMAP_F4AF 62639
CU_NEEDS_REMAP_F4B4 62644
SU_NEEDS_REMAP_F4BD 62653
SU_NEEDS_REMAP_F4F5 62709
SU_NEEDS_REMAP_F51E 62750
SU_NEEDS_REMAP_F53E 62782
CU_NEEDS_REMAP_F566 62822
SU_NEEDS_REMAP_F567 62823
SU_NEEDS_REMAP_F573 62835
CU_NEEDS_REMAP_F5D1 62929
SU_NEEDS_REMAP_F5F1 62961
SU_NEEDS_REMAP_F5F9 62969
SU_NEEDS_REMAP_F60A 62986
SU_NEEDS_REMAP_F615 62997
SU_NEEDS_REMAP_F654 63060
SU_NEEDS_REMAP_F6AE 63150
SU_NEEDS_REMAP_F6B3 63155
SU_NEEDS_REMAP_F6B6 63158
CU_NEEDS_REMAP_F6C8 63176
CU_NEEDS_REMAP_F6EF 63215
CU_NEEDS_REMAP_F719 63257
SU_NEEDS_REMAP_F721 63265
CU_NEEDS_REMAP_F759 63321
CU_NEEDS_REMAP_F768 63336
SU_NEEDS_REMAP_F7B7 63415
SU_NEEDS_REMAP_F862 63586
SU_NEEDS_REMAP_F868 63592
CU_NEEDS_REMAP_F87C 63612
SU_NEEDS_REMAP_F886 63622
CU_NEEDS_REMAP_F899 63641
SU_NEEDS_REMAP_F8C5 63685
SU_NEEDS_REMAP_F8D4 63700
SU_NEEDS_REMAP_F935 63797
SU_NEEDS_REMAP_F96A 63850
CU_NEEDS_REMAP_F97A 63866
CU_NEEDS_REMAP_F97D 63869
CU_NEEDS_REMAP_F97E 63870
CU_NEEDS_REMAP_F9C3 63939
CU_NEEDS_REMAP_FA56 64086
SU_NEEDS_REMAP_FA5B 64091
CU_NEEDS_REMAP_FA9B 64155
CU_NEEDS_REMAP_FAEF 64239
SU_NEEDS_REMAP_FAF2 64242
CU_NEEDS_REMAP_FAFA 64250
CU_NEEDS_REMAP_FB39 64313
CU_NEEDS_REMAP_FB3B 64315
CU_NEEDS_REMAP_FB46 64326
CU_NEEDS_REMAP_FB84 64388
SU_NEEDS_REMAP_FB98 64408
SU_NEEDS_REMAP_FB9C 64412
SU_NEEDS_REMAP_FBDF 64479
SU_NEEDS_REMAP_FC33 64563
SU_NEEDS_REMAP_FC34 64564
SU_NEEDS_REMAP_FC4E 64590
CU_NEEDS_REMAP_FC73 64627
SU_NEEDS_REMAP_FC88 64648
CU_NEEDS_REMAP_FC90 64656
SU_NEEDS_REMAP_FCB4 64692
SU_NEEDS_REMAP_FCBB 64699
SU_NEEDS_REMAP_FCE8 64744
CU_NEEDS_REMAP_FCEA 64746
CU_NEEDS_REMAP_FD00 64768
SU_NEEDS_REMAP_FD05 64773
SU_NEEDS_REMAP_FD39 64825
CU_NEEDS_REMAP_FD50 64848
SU_NEEDS_REMAP_FD53 64851
SU_NEEDS_REMAP_FD5F 64863
SU_NEEDS_REMAP_FD63 64867
SU_NEEDS_REMAP_FD6B 64875
CU_NEEDS_REMAP_FD73 64883
CU_NEEDS_REMAP_FD7D 64893
SU_NEEDS_REMAP_FD95 64917
CU_NEEDS_REMAP_FD98 64920
SU_NEEDS_REMAP_FDA7 64935
SU_NEEDS_REMAP_FDBA 64954
CU_NEEDS_REMAP_FDC3 64963
SU_NEEDS_REMAP_FDF4 65012
CU_NEEDS_REMAP_FDF7 65015
CU_NEEDS_REMAP_FE11 65041
CU_NEEDS_REMAP_FE26 65062
SU_NEEDS_REMAP_FE4A 65098
CU_NEEDS_REMAP_FECC 65228
SU_NEEDS_REMAP_FED5 65237
CU_NEEDS_REMAP_FF0B 65291
CU_NEEDS_REMAP_FF62 65378
SU_NEEDS_REMAP_FFBE 65470
SU_NEEDS_REMAP_FFDA 65498
CU_NEEDS_REMAP_FFDE 65502
