I_TELEPORT 0
I_SPAWN_BARRACK_CHARACTER 1
I_GFX_COMMAND 17
I_GFX_ADMIN_COMMAND 18
I_INPUT_COMMAND 19
I_MOVE_KEY 20
I_SKILL_KEY 21
I_CLOSE_SERVER_CONNECTION 22
C_CHECK_VERSION 19900
S_CHECK_VERSION 19901
C_ADD_FRIEND 35461
C_ADMIN 54257
C_APPLY_PARTY 37667
C_ASK_INTERACTIVE 63257
C_BAN_PARTY_MEMBER 20332
C_BIND_ITEM_BEGIN_PROGRESS 47065
C_BIND_ITEM_EXECUTE 24468
C_BLOCK_USER 63960
C_CANCEL_CHANGE_USER_APPEARANCE 43669
C_CANCEL_CONTRACT 28204
C_CANCEL_SKILL 36999
C_CAN_LOCKON_TARGET 58081
C_CHANGE_PARTY_MANAGER 59351
C_CHANGE_PARTY_MEMBER_AUTHORITY 49910
C_CHAT 20475
C_COMMIT_CHANGE_USER_APPEARANCE 35888
C_COMPLETE_DAILY_EVENT 51800
C_COMPLETE_EXTRA_EVENT 50266
C_CONFIRM_UPDATE_NOTIFICATION 48454
C_CREST_APPLY 25853
C_CREST_APPLY_LIST 53377
C_DELETE_FRIEND 40721
C_DEL_ITEM 49255
C_DIALOG 36787
C_DISMISS_PARTY 61242
C_END_CLIMBING 59660
C_END_MOVIE 44760
C_GACHA_CANCEL 30987
C_GACHA_TRY 28716
C_GET_IN_SHUTTLE 36253
C_GET_OUT_SHUTTLE 55047
C_GET_USER_LIST 50928
C_HIT_USER_PROJECTILE 31478
C_INVITE_USER_TO_GUILD 20084
C_ITEM_COLORING_SET_COLOR 28258
C_LEAVE_PARTY 33568
C_LEAVE_PRIVATE_CHANNEL 24527
C_LOAD_TOPO_FIN 55275
C_LOGIN_ARBITER 27025
C_MERGE_ITEM 57723
C_MERGE_ITEM_EXECUTE 22185
C_NOTIFY_LOCATION_IN_ACTION 45124
C_NOTIFY_LOCATION_IN_DASH 28046
C_NOTIMELINE_SKILL 26918
C_NPC_CONTACT 53601
C_OP_COMMAND 46560
C_PARTY_APPLICATION_DENIED 59560
C_PARTY_MARKER 59486
C_PARTY_MATCH_WINDOW_CLOSED 31802
C_PLAYER_FLYING_LOCATION 37899
C_PLAYER_LOCATION 60569
C_PRESS_SKILL 43155
C_PUT_WARE_ITEM 54858
C_REGISTER_ENCHANT_ITEM 45384
C_REGISTER_EVOLUTION_ITEM 38337
C_REGISTER_PARTY_INFO 30954
C_REMOVE_BLOCKED_USER 65140
C_REPLY_THROUGH_ARBITER_CONTRACT 32575
C_REQUEST_ABNORMALITY_TOOLTIP_VALUE 32535
C_REQUEST_CANDIDATE_LIST 61207
C_REQUEST_CONTRACT 52553
C_REQUEST_ENCHANT 50897
C_REQUEST_EVOLUTION 58331
C_REQUEST_GAMESTAT_PING 25953
C_REQUEST_NONDB_ITEM_INFO 53588
C_REQUEST_PARTY_INFO 59783
C_REQUEST_PARTY_MATCH_INFO 59334
C_REQUEST_PARTY_MATCH_INFO_PAGE 54568
C_REQUEST_PARTY_MATCH_LINK 25600
C_REQUEST_PRIVATE_CHANNEL_INFO 48822
C_REQUEST_USER_PAPERDOLL_INFO 52239
C_REQUEST_USER_PAPERDOLL_INFO_WITH_GAMEID 65098
C_RESET_ALL_DUNGEON 29657
C_RETURN_TO_LOBBY 46459
C_REVIVE_NOW 26039
C_RQ_COMMIT_DECOMPOSITION_CONTRACT 43695
C_RQ_SKILL_POLISHING_CHANGE_OPTION 20188
C_RQ_START_SOCIAL_ON_PROGRESS_DECOMPOSITION 41348
C_SAVE_CLIENT_ACCOUNT_SETTING 56283
C_SAVE_CLIENT_USER_SETTING 20224
C_SECOND_PASSWORD_AUTH 57065
C_SELECT_USER 33646
C_SET_VISIBLE_RANGE 62220
C_SHOW_ITEMLIST 43445
C_SHOW_ITEM_TOOLTIP_EX 54100
C_SKILL_LEARN_LIST 36156
C_SKILL_LEARN_REQUEST 60064
C_SOCIAL 23614
C_START_COMBO_INSTANT_SKILL 30613
C_START_ENCHANT 60257
C_START_EVOLUTION 60012
C_START_INSTANCE_SKILL 28182
C_START_INSTANCE_SKILL_EX 33028
C_START_PRODUCE 50516
C_START_SKILL 21685
C_START_TARGETED_SKILL 39202
C_TRADE_BROKER_DEAL_CONFIRM 56212
C_TRADE_BROKER_REJECT_SUGGEST 40416
C_TRY_LOOT_DROPITEM 64993
C_UNMOUNT_VEHICLE 35746
C_UNREGISTER_ENCHANT_ITEM 52696
C_UNREGISTER_EVOLUTION_ITEM 24573
C_UNREGISTER_PARTY_INFO 52982
C_UPDATE_FRIEND_INFO 45895
C_UPDATE_REACTION_POS 65518
C_USE_ITEM 62413
C_USE_PREMIUM_SLOT 50393
C_VIEW_WARE 54086
C_VISIT_NEW_SECTION 20085
C_WHISPER 35662
S_ABNORMALITY_BEGIN 40595
S_ABNORMALITY_DAMAGE_ABSORB 32974
S_ABNORMALITY_END 56933
S_ABNORMALITY_FAIL 44425
S_ABNORMALITY_REFRESH 34522
S_ABNORMALITY_RESIST 35635
S_ABNORMALITY_SCALE_UP 25958
S_ABNORMALITY_TOOLTIP_VALUE 63401
S_ACCEPT_CONTRACT 37924
S_ACCOMPLISH_ACHIEVEMENT 53693
S_ACCOUNT_PACKAGE_LIST 36559
S_ACTION_END 48432
S_ACTION_STAGE 62515
S_ADMIN_HOLD_CHARACTER 22320
S_AERO 23366
S_AIR_REACTION_END 31273
S_ANNOUNCE_UPDATE_NOTIFICATION 56864
S_ANSWER_INTERACTIVE 39212
S_APPLY_TITLE 21083
S_ASK_BIDDING_RARE_ITEM 55826
S_ASK_TELEPORT 34029
S_AVAILABLE_EVENT_MATCHING_LIST 25264
S_AVAILABLE_SOCIAL_LIST 38217
S_BAN_PARTY 31156
S_BAN_PARTY_MEMBER 38489
S_BATTLE_FIELD_ENTRANCE_INFO 65185
S_BATTLE_FIELD_POINT_STORE_SELL_LIST 32997
S_BEGIN_THROUGH_ARBITER_CONTRACT 50900
S_BOSS_GAGE_INFO 25286
S_CANCEL_CONTRACT 41206
S_CANNOT_START_SKILL 58829
S_CAN_LOCKON_TARGET 45685
S_CHANGE_DESTPOS_PROJECTILE 27260
S_CHANGE_EP_EXP_DAILY_LIMIT 37737
S_CHANGE_EP_POINT 27281
S_CHANGE_FRIEND_STATE 55602
S_CHANGE_GUILD_CHIEF 55834
S_CHANGE_PARTY_MANAGER 42680
S_CHANGE_VOICE_USE_QAC 53964
S_CHAT 61600
S_CHECK_TO_READY_PARTY 60447
S_CHECK_TO_READY_PARTY_FIN 50518
S_CLEAR_ALL_HOLDED_ABNORMALITY 54436
S_COLLECTION_PICKEND 33382
S_COLLECTION_PICKSTART 36545
S_COMPLETE_EVENT_MATCHING_QUEST 49295
S_CONNECT_SKILL_ARROW 59931
S_CREATURE_CHANGE_HP 60222
S_CREATURE_LIFE 27569
S_CREATURE_ROTATE 38321
S_CREST_APPLY 49587
S_CREST_INFO 25483
S_CREST_MESSAGE 53193
S_CURRENT_CHANNEL 50595
S_CUSTOM_STYLE_SYSTEM_MESSAGE 40197
S_DEAD_LOCATION 57777
S_DECREASE_COOLTIME_SKILL 39811
S_DEFEND_SUCCESS 30529
S_DELETE_FRIEND 41984
S_DESPAWN_BONFIRE 63646
S_DESPAWN_BUILD_OBJECT 37869
S_DESPAWN_COLLECTION 47232
S_DESPAWN_DROPITEM 54670
S_DESPAWN_EVENT_SEED 57245
S_DESPAWN_NPC 27138
S_DESPAWN_PROJECTILE 52680
S_DESPAWN_SHUTTLE 55263
S_DESPAWN_USER 41548
S_DESTROY_GUILD_TOWER 34369
S_DIALOG 40764
S_DUNGEON_CAMERA_SET 61605
S_DUNGEON_CLEAR_COUNT_LIST 64742
S_DUNGEON_COOL_TIME_LIST 38288
S_DUNGEON_EVENT_MESSAGE 61218
S_EACH_SKILL_RESULT 42017
S_ENABLE_DISABLE_SELLABLE_ITEM_LIST 20145
S_END_CHANGE_USER_APPEARANCE 50196
S_END_PRODUCE 51463
S_END_USER_PROJECTILE 52841
S_ENTER_DUNGEON 58669
S_EP_SYSTEM_DAILY_EVENT_EXP_ON_OFF 54374
S_EXIT 27137
S_F2P_PremiumUser_Permission 50179
S_FACIAL_ATTACHMENT_BROADCAST 47722
S_FATIGABILITY_POINT 20591
S_FEARMOVE_END 40425
S_FEARMOVE_STAGE 34796
S_FIELD_EVENT_ON_ENTER 51555
S_FIELD_EVENT_ON_LEAVE 37349
S_FIELD_EVENT_PROGRESS_INFO 32829
S_FIELD_POINT_INFO 59935
S_FIN_INTER_PARTY_MATCH 48027
S_FIX_VEHICLE_PROGRESS 20618
S_FONT_SWAP_INFO 51853
S_FRIEND_LIST 65260
S_GACHA_END 35215
S_GACHA_START 50999
S_GET_IN_SHUTTLE 59304
S_GET_OUT_SHUTTLE 57914
S_GET_USER_GUILD_LOGO 38696
S_GET_USER_LIST 58968
S_GMEVENT_GUIDE_MESSAGE 54722
S_GMEVENT_OX_QUIZ_OPEN 64990
S_GMEVENT_OX_QUIZ_RESULT 62622
S_GMEVENT_RECV_REWARD 51833
S_GRANT_SKILL 28722
S_GROUP_NPC_LOCATION 57562
S_GUILD_MEMBER_LIST 36285
S_GUILD_NAME 54077
S_GUILD_STORE_SELL_LIST 42582
S_GUILD_TOWER_INFO 63817
S_HIT_COMBO 54124
S_HOLD_ABNORMALITY_ADD 20392
S_IMAGE_DATA 38888
S_INSTANCE_ARROW 26464
S_INSTANT_DASH 39544
S_INSTANT_MOVE 30484
S_INVEN_CHANGEDSLOT 54789
S_INVEN_USERDATA 31479
S_ITEMLIST 53152
S_ITEM_COLORING_BAG 54756
S_ITEM_CUSTOM_STRING 58722
S_ITEM_EXPLOSION_RESULT 59686
S_JOIN_PRIVATE_CHANNEL 59656
S_LEARN_EP_PERK 50483
S_LEAVE_GUILD 28503
S_LEAVE_PARTY 55285
S_LEAVE_PARTY_MEMBER 60777
S_LEAVE_PRIVATE_CHANNEL 26997
S_LOADING_SCREEN_CONTROL_INFO 60690
S_LOAD_ACHIEVEMENT_LIST 63796
S_LOAD_CLIENT_ACCOUNT_SETTING 42795
S_LOAD_CLIENT_USER_SETTING 53921
S_LOAD_DUNGEON_SOUND_HINT 50843
S_LOAD_EP_INFO 47345
S_LOAD_TOPO 65429
S_LOCKON_YOU 55369
S_LOGIN 51270
S_LOGIN_ACCOUNT_INFO 45235
S_LOGOUT_PARTY_MEMBER 55547
S_MOUNT_VEHICLE 24056
S_MOUNT_VEHICLE_EX 60595
S_MOVE_SHUTTLE 61512
S_MUTE 50952
S_NOCTAN_VARIATION_INFO 33731
S_NOTIFY_GUILD_QUEST_URGENT 65163
S_NOTIFY_TO_FRIENDS_WALK_INTO_SAME_AREA 35801
S_NPCGUILD_LIST 27436
S_NPC_CHANGE_MESH 55908
S_NPC_LOCATION 24349
S_NPC_MENU_SELECT 47118
S_NPC_OCCUPIER_INFO 49095
S_NPC_STATUS 61711
S_NPC_TARGET_USER 22283
S_OPEN_AWESOMIUM_WEB_URL 28050
S_OTHER_USER_APPLY_PARTY 60741
S_PARTY_INFO 50081
S_PARTY_MARKER 41735
S_PARTY_MATCH_LINK 58342
S_PARTY_MEMBER_ABNORMAL_ADD 26158
S_PARTY_MEMBER_ABNORMAL_CLEAR 37561
S_PARTY_MEMBER_ABNORMAL_DEL 28361
S_PARTY_MEMBER_ABNORMAL_REFRESH 63830
S_PARTY_MEMBER_BUFF_UPDATE 59567
S_PARTY_MEMBER_CHANGE_HP 21474
S_PARTY_MEMBER_CHANGE_MP 51354
S_PARTY_MEMBER_CHANGE_STAMINA 51583
S_PARTY_MEMBER_INFO 41439
S_PARTY_MEMBER_INTERVAL_POS_UPDATE 44644
S_PARTY_MEMBER_LIST 32366
S_PARTY_MEMBER_QUEST_DATA 45869
S_PARTY_MEMBER_STAT_UPDATE 34696
S_PLAYER_CHANGE_ACTPOINT 20055
S_PLAYER_CHANGE_ALL_PROF 53590
S_PLAYER_CHANGE_EP 58453
S_PLAYER_CHANGE_EXP 36160
S_PLAYER_CHANGE_FLIGHT_ENERGY 59680
S_PLAYER_CHANGE_MP 62009
S_PLAYER_CHANGE_PROF 30497
S_PLAYER_CHANGE_STAMINA 23391
S_PLAYER_RESET_EP 32673
S_PLAYER_STAT_UPDATE 21513
S_PLAY_ANIMATION 57776
S_PLAY_EFFECT 45069
S_PLAY_EVENT_SOUND 63696
S_PLAY_MOVIE 50600
S_PLAY_SOUND 62518
S_PLAY_SOUND_BYNAME 64649
S_POINT_STORE_SELL_LIST 41640
S_POST_PROCESS 45808
S_PREMIUM_SLOT_DATALIST 31278
S_PREMIUM_SLOT_OFF 27731
S_PREPARE_EXIT 62621
S_PREPARE_RETURN_TO_LOBBY 26573
S_PRIVATE_CHANNEL_NOTICE 42270
S_PRIVATE_CHAT 59566
S_PRODUCE_CRITICAL 45648
S_QUEST_BALLOON 23948
S_QUEST_VILLAGER_INFO 44905
S_REGISTER_ENCHANT_ITEM 22429
S_REGISTER_EVOLUTION_ITEM 30245
S_REJECT_CONTRACT 57852
S_REMOVE_EFFECT 35811
S_REPLY_CLIENT_CHAT_OPTION_SETTING 36383
S_REPLY_NONDB_ITEM_INFO 39178
S_REPLY_REQUEST_CONTRACT 56256
S_REQUEST_CITY_WAR_MAP_INFO 57885
S_REQUEST_CITY_WAR_MAP_INFO_DETAIL 56160
S_REQUEST_CONTRACT 61482
S_REQUEST_DESPAWN_SERVANT 50220
S_REQUEST_PRIVATE_CHANNEL_INFO 55261
S_REQUEST_REACTION_POS_TICK 54388
S_REQUEST_SECOND_PASSWORD_AUTH 56287
S_REQUEST_SERVANT_INFO_LIST 31063
S_REQUEST_SPAWN_SERVANT 55282
S_RESET_EP_PERK 23928
S_RESPONSE_GAMESTAT_PONG 34090
S_RESULT_BIDDING_DICE_THROW 52709
S_RESULT_EVENT_SEED 62982
S_RESULT_ITEM_BIDDING 30568
S_RETURN_TO_LOBBY 30657
S_RP_SKILL_POLISHING_LIST 54248
S_SELECT_USER 56621
S_SHORTCUT_CHANGE 46426
S_SHOW_AWESOMIUMWEB_SHOP 58110
S_SHOW_CANDIDATE_LIST 55102
S_SHOW_HP 54036
S_SHOW_ITEM_TOOLTIP 54467
S_SHOW_PARTY_MATCH_INFO 50645
S_SHOW_PEGASUS_MAP 47752
S_SHOW_USER_EP_INFO 56743
S_SKILL_ATTENTION_TARGET 63138
S_SKILL_CATEGORY 36855
S_SKILL_LEARN_LIST 65144
S_SKILL_LEARN_RESULT 55211
S_SKILL_LIST 60991
S_SOCIAL 40109
S_SPAWN_BONFIRE 52900
S_SPAWN_BUILD_OBJECT 52990
S_SPAWN_COLLECTION 51309
S_SPAWN_DOOR 46050
S_SPAWN_DROPITEM 49956
S_SPAWN_EVENT_SEED 22832
S_SPAWN_ME 53231
S_SPAWN_NPC 41117
S_SPAWN_PROJECTILE 32621
S_SPAWN_SHUTTLE 22716
S_SPAWN_USER 63718
S_SPAWN_WORKOBJECT 58105
S_START_ACTION_SCRIPT 48804
S_START_CHANGE_USER_APPEARANCE 28098
S_START_CLIENT_CUSTOM_SKILL 55863
S_START_CLIMBING 25641
S_START_COOLTIME_ITEM 47622
S_START_COOLTIME_SKILL 58062
S_START_INVERSE_CAPTURE 54606
S_START_PRODUCE 46155
S_START_USER_PROJECTILE 35166
S_STEER_DEBUG_COMMAND 60785
S_STICK_TO_USER_END 51480
S_STICK_TO_USER_START 24083
S_STORE_SELL_LIST 33631
S_SUCCESS_COUNTER 21378
S_SYSTEM_MESSAGE 35201
S_SYSTEM_MESSAGE_LOOT_ITEM 44671
S_SYSTEM_MESSAGE_LOOT_SPECIAL_ITEM 60151
S_TARGET_INFO 24342
S_TBA_SELECT_USER 34998
S_TELEPORT_TO_CAMP 54032
S_TIMEOVER_CONTRACT 24768
S_TRADE_BROKER_DEAL_INFO_UPDATE 42711
S_TRADE_BROKER_DEAL_SUGGESTED 64443
S_TRADE_BROKER_REQUEST_DEAL_RESULT 27002
S_UNICAST_TRANSFORM_DATA 30425
S_UNMOUNT_VEHICLE 64971
S_UNMOUNT_VEHICLE_EX 63171
S_UPDATE_ACHIEVEMENT_PROGRESS 43455
S_UPDATE_EVENT_SEED_STATE 45864
S_UPDATE_FRIEND_INFO 39692
S_UPDATE_GUILD_QUEST_STATUS 39639
S_UPDATE_NPCGUILD 46375
S_USER_APPEARANCE_CHANGE 37584
S_USER_BLOCK_LIST 46705
S_USER_CHANGE_FACE_CUSTOM 44593
S_USER_CHANGE_NAME 21314
S_USER_DEATH 30908
S_USER_EFFECT 42769
S_USER_EXTERNAL_CHANGE 60748
S_USER_LEVELUP 20054
S_USER_LOCATION 55563
S_USER_LOCATION_IN_ACTION 39732
S_USER_MOVETYPE 22432
S_USER_PAPERDOLL_INFO 23277
S_USER_SITUATION 39768
S_USER_STATUS 49940
S_USER_WEAPON_APPEARANCE_CHANGE 25877
S_VIEW_PARTY_INVITE 31912
S_VIEW_WARE_EX 38781
S_VISIT_NEW_SECTION 20642
S_VOTE_RESET_ALL_DUNGEON 33376
S_WEAK_POINT 61094
S_WHISPER 20785
TTB_S_CHANGE_HERO 44740
TTB_S_LOAD_EP_PAGE 65122
S_NPC_RESISTANCE 36067
C_PONG 44490
S_PING 63428
S_TRADE_BROKER_WAITING_ITEM_LIST 49880
C_TRADE_BROKER_BUY_IT_NOW 25183
S_CARD_DATA 46541
C_SKIP_QUEST_LEVEL 63378
C_CHECK_USERNAME 55232
C_CREATE_USER 46749
S_CLAIM_TERAPASS_REWARD 38826
S_ABNORMALITY_EXTRA 25465
S_ADMIN_GET_USERINFO_INVEN 38368
S_ADMIN_GET_USERINFO_WAREHOUSE 28862
S_ADMIN_GM_SKILL 25296
S_ARENA_END_FIGHT 21329
S_ARENA_FIGHTER_CHANGE_HP 58638
S_ARENA_OPTIMIZATION 48536
S_ARTISAN_RECIPE_LIST 58182
S_BATTLE_FIELD_PARTY_MARKER_CLEAR 57987
S_BATTLE_FIELD_STRONGHOLD_NONE_STATE 47811
S_BOARD_ITEM_LIST 62811
S_CANNON_BATTLE_FIELD_CRASH_DOOR 59945
S_CHANGE_CARD_PRESET 32812
S_END_LEVEL_COMPENSATION 47568
S_ENEMY_BATTLE_FIELD_COMMANDER_CHANGED 56794
S_FIN_KUMAS_BATTLE_FIELD 61035
S_FREE_FIGHT_BATTLE_FIELD_MY_WARPOINT_INFO 61563
S_HUDDLE_ADDING 53631
S_INCREASE_CARD_PRESET 29374
S_PLAYTIME 62378
S_PLAYTIME_EVENT_END 22511
S_PLAYTIME_EVENT_REWARD_DATA 46933
S_PROMOTION_PROCESS 43793
S_RECEIVE_COLLECTION_BOOK_REWARD 30533
S_RP_ADD_ITEM_TO_DECOMPOSITION_CONTRACT 40072
S_CONFIRM_INVITE_CODE_BUTTON 48894
S_DELETE_GUILD_TOWER_MY_GUILD 37377
S_NOTIFY_ACTIVE_BUILD_TERRITORY_STATE 53258
S_REQUEST_CITY_WAR_MAP_INFO_END 40194
S_REQUEST_JOINED_CHANNEL_LIST 30370
S_START_CHAT_BAN 51757
S_BYE_PET 26761
S_CHANGE_PK_INFO 35070
S_CLEAR_WORLD_QUEST_VILLAGER_INFO 30306
S_DIRECTION_WEAKNESS_BEGIN 36632
S_DIRECTION_WEAKNESS_END 49936
S_DUNGEON_NEWBIE 29874
S_HIDE_HP 44313
S_MY_DESCRIPTION 46562
S_PLAYER_CHANGE_DRAIN 60300
S_SET_VISIBLE 49274
S_SHOW_NAME_PLATE_ICON 33166
S_SOCIAL_CANCEL 28034
S_UPDATE_USER_AWAKEN_GRADE 53240
S_USER_ITEMLEVEL_INFO 32015
S_WELCOME_PET_OWNER 21860
S_ATTENDANCE_EVENT_REWARD_COUNT 39215
S_DARK_RIFT_ALL_DESPAWN_WORLD_NOTI 58718
S_DARK_RIFT_CHANGE_AREA_WORLD_NOTI 41056
S_DARK_RIFT_MAIN_DEFENCE_CHANGE_HP 48994
S_DARK_RIFT_QUEST_INFO 30016
S_DUNGEON_VISIBLE_BG 24738
S_ENCHANT_SCROLL_RESULT 56750
S_END_DARKRIFT_USER_HP 28915
S_FESTIVAL_LIST 44626
S_FIELD_EVENT_PROGRESS_TIMER 40808
S_FIELD_POINT_REWARD_INFO_LIST 22701
S_GAMBLE_END 34888
SU_TERA_LAG_LOG_STRING 31730
SU_NEW_IM_5 53981
S_OPEN_EPPERK_RESET_POPUP 45172
S_OPEN_EXPAND_INVEN_WINDOW 53784
S_REQUEST_DUNGEON_MATCHING_UI 55635
S_SEND_USER_PLAY_TIME 43927
S_SET_NEW_TERA_USER 39246
S_SPAWN_PET 40618
S_START_FISHING_CHARGE 48957
S_STORE_BASKET 39725
S_STYLE_SHOP_BUY_TCAT_ITEM 49603
S_SUCCESS_STYLE_SHOP_BUY_REPUTATION_ITEM 47939
S_TAX_INFO 64641
S_COUNTDOWN_GROUP_DUEL 46997
S_GMEVENT_END_EVENT 34004
S_GMEVENT_ENTER_EVENT 63307
S_GMEVENT_OFF_GUIDE_MESSAGE 28236
S_REMOVE_GUILD_GROUP 36882
S_REMOVE_GUILD_MEMBER 60833
S_REQUEST_COOLTIME_TO_JOIN_GUILD 20388
S_REQUEST_JOIN_GUILD_NOTICE 65102
S_START_GUILD_WAR 26543
S_BONFIRE_STATUS 58314
S_CANT_FLY_ANYMORE 47574
S_COMPLETE_LOOP_QUEST 56168
S_CONTRACT_PET_LEVEL_UP_ITEM_LIST_UPDATE 24347
S_END_PEGASUS 41413
S_END_STYLE_SHOP_MARK_PRODUCT 46100
S_GUARD_PK_POLICY 45025
S_MASSTIGE_STATUS 43673
S_MINIGAME_RANK_END_POINT 63455
S_MINIGAME_START 52380
S_NOTIFY_BATTLE_FIELD_CHAT_BAN 47771
S_PETITION_CHAT_END 33449
S_PETITION_CHECK_CREATABLE 63617
S_PETITION_CHECK_SURVEYABLE 49225
S_PETITION_FORCE_CREATE 47426
S_PETITION_INFO 23623
S_PREMIUM_COMPOSE_DEL_ITEM 42972
S_PREMIUM_COMPOSE_RESET 44670
S_PREMIUM_COMPOSE_RESULT 34988
S_PREMIUM_COMPOSE_UI_INFO 25648
S_USER_PVP_RANKING 30669
S_REQUEST_SERVANT_EVOLUTION 48360
S_SET_FLY_MOVE_INFO 26256
S_SET_SEND_PARCEL_MONEY 64531
S_SPAWN_REMOTE_PROJECTILE 27722
S_START_PEGASUS 48829
S_TASK_INFO_GUARD 56094
S_UPDATE_STYLE_SHOP_MARK_PRODUCT 28673
S_USE_CHRONOSCROLL_RESULT 32616
S_ADMIN_PRIVILEGE 50406
S_BUY_VIP_STORE_ITEM_SUCCESS 65395
S_CAMERA_SHAKE 40994
S_CANCEL_PREPARE_CHANGE_USER_APPEARANCE 29698
S_CHANGE_USER_NAME_RESULT 46920
S_CHECK_USERNAME 61525
S_CREATE_USER 53188
S_EMITTER_SET_Z 53344
S_END_FIX_SPIRIT 28820
S_END_FIX_VEHICLE 26973
S_END_STACK_ATTENDANCE_EVENT_INFO 33591
S_EVENT_DIALOG 21211
S_FIX_SPIRIT_COMPLETE 36560
S_FIX_SPIRIT_PROGRESS 42121
S_FIX_VEHICLE_COMPLETE 61988
S_INSTANT_CATCH 27068
S_INSTANT_THROW 38971
SU_USER_LOOT_ITEM 30190
S_NAME_PREEMPTION_EVENT_INFO 47042
S_NOTIFY_USER_SKILL_POLISHING_LEVEL_UP 32426
S_NPC_SCALE 46817
S_NPC_TRANSLATIONZ 52168
S_PLAYER_CHANGE_NOCTAN_COUNT 57173
S_PROTECT 58919
S_PUSHED_BY_SHIELD 54647
S_REMAIN_PLAY_TIME 46478
S_SAVE_CLIENT_UI_SETTING 52195
S_START_FIX_SPIRIT 45656
S_START_FIX_VEHICLE 44069
S_TRADE_BROKER_BUY_IT_NOW 29012
S_TRADE_BROKER_HIGHEST_ITEM_LEVEL 42413
S_TRADE_BROKER_SUGGEST_DEAL 61234
S_TUTORIAL_PLAY_FINISHED 46506
S_VEHICLE_EX_ARROW 52337
S_WORK_WORKOBJECT 54345
S_SURVEY_QUESTION 41061
S_ADMIN_GET_USER_INFO_BY_DBID 58600
S_ADMIN_GMEVENT_STATUS 32013
S_INGAMESHOP_PRODUCT_SUBPROD 63299
S_INGAMESHOP_PRODUCT_TAG 29297
S_REQUEST_INGAMESTORE_PRODUCT_DETAIL 20282
S_REQUEST_INGAMESTORE_SALE_PRODUCTLIST 54099
S_GUILD_INFO 51334
S_GUILD_LEVEL_INFO_CHANGED 61609
S_GUILD_QUEST_LIST 41192
S_GUILD_WARE_HISTORY 45552
S_ITEMSYNTHESIZER_MATERIAL 60939
S_ITEMSYNTHESIZER_RESULT 56211
S_TRADE_BROKER_HISTORY_ITEM_LIST 57845
S_TRADE_BROKER_INPUT_PRICE 41639
S_USER_REPORT 22102
S_CHAT_REPORT 58036
S_ADMIN_CHECK_USERNAME 49049
S_ADMIN_NOTICE 42132
S_UPDATE_QUEST 23418
S_TRADE_BROKER_CALC_NOTIFY 60787
S_CANCEL_SELECT_CHANNEL 53860
S_DARK_RIFT_CLEAR_MAP_MARKER_WORLD_NOTI 23629
S_DARK_RIFT_DESPAWN_WORLD_NOTI 55183
S_GUILD_APPLY_COUNT 61040
S_EQUIP_SERVANT_ITEM 42186
S_USER_AIM 44589
S_REQUEST_SERVANT_COMPOSE 65127
S_ADMIN_GET_USERINFO_SKILL 22606
S_ARENA_FIGHT_ABNORMALITY_BEGIN 27357
S_ARENA_FIGHT_ABNORMALITY_END 28180
S_ARENA_FIGHT_ABNORMALITY_REFRESH 59841
S_ARENA_RESULT 40500
S_ARENA_START_FIGHT 64665
S_BATTLE_FIELD_RESULT 55507
S_BATTLE_FIELD_SCORE 24686
S_BATTLE_FIELD_START_OCCUPATION 35611
S_BATTLE_FIELD_STATE 64408
S_BATTLE_FIELD_STRONGHOLD_EVENT 56376
S_HOLD_ABNORMALITY_REMOVE 41290
S_INIT_KUMAS_BOSS_INFO 22017
S_INIT_ROUND_PVE_BATTLE_FIELD 32755
S_INIT_ROUND_PVP_BATTLE_FIELD 29693
S_INIT_SNOW_EVENT_BATTLE_FIELD 20019
S_INIT_STRONGHOLD_OCCUPATION_BATTLE_FIELD 60689
S_INIT_WORLD_OF_TANK_BATTLE_FIELD 44502
S_PROMOTION_INFO 56881
S_PROMOTION_SUCCESS 52103
S_REWARDNPC_SPAWN_ALARM 53110
S_ROUND_PVE_CLOSE_SKILL_UI 33051
S_ROUND_PVE_OPEN_SKILL_UI 39324
S_ROUND_PVE_SCORE 40134
S_ROUND_PVP_BATTLE_FIELD_BOARD 38586
S_ROUND_RESULT 47340
S_ROUND_START 30997
S_RP_COMMIT_DECOMPOSITION_CONTRACT 31575
S_RP_DEL_ITEM_FROM_DECOMPOSITION_CONTRACT 21742
S_START_ROUND_PVE_ROUND 64281
S_TOKEN_POINT_STATUS 58170
S_UNMOUNT_CARD 54746
S_BOSS_GAGE_PRIORITY 62313
S_COUPON_DATA 37695
S_COUPON_LIST 42235
S_COUPON_NOTIFY 49875
S_DONE_TEL_CAMP 26538
S_LIST_CHANNEL 51702
S_LOAD_HINT 37982
S_NPC_SITUATION 34337
S_PARTY_NOTIFY_MY_POSITION 31413
S_PREPARE_SELECT_CHANNEL 63183
S_REQUEST_DEMOLIST_GUILD_TOWER_POPUP 27629
S_SELECT_CHANNEL 23028
S_SHOW_GAGE 39137
S_SHOW_NPC_TO_MAP 21995
S_SYS_PARTY_INFO 28764
S_USE_COUPON 43086
S_VILLAGE_LIST_TO_TELEPORT 62325
S_VISIT_NEW_TEL_CAMP 45794
S_WORLD_QUEST_VILLAGER_INFO 60351
S_ADD_INTER_PARTY_MATCH_POOL 50135
S_BATTLE_FIELD_POINT_STORE_BASKET 28551
SU_REQUEST_ELIN_EVENT_DETAIL 42509
S_DUNGEON_STATUS 26646
S_DESPAWN_PET 60365
S_DESPAWN_STATUE 29391
S_DIALOG_CLOSE 29198
S_DIALOG_EVENT 22715
S_DUNGEON_WORK_ENTER 63713
S_DUNGEON_WORK_LIST 61006
S_DUNGEON_WORK_POINT_STORE_BASKET 44930
S_DUNGEON_WORK_POINT_STORE_SELL_LIST 62308
S_DUNGEON_WORK_RESULT 33566
S_DUNGEON_WORK_UPDATE 36013
S_END_RESTORE_CUSTOMIZING_PARTS_SHAPE 47970
S_EVENT_GUIDE 55590
S_EVENT_INFO 38600
S_FAIL_ENCHANT 27901
S_FEUDAL_LORD_FLAG_INFO 44020
S_FIELD_EVENT_CHANNEL_FULL_GUIDE 39967
S_FIELD_EVENT_GUIDE 29419
S_FIELD_EVENT_RANK_LIST 62884
S_GAMBLE_CHANGE_BET_ITEM 21041
S_GAMBLE_RESULT 56142
S_GET_ATTENDANCE_REWARD 32467
S_GET_EVENT_DETAIL 29423
S_GROUP_DUEL_CURRENT_BETTING_ITEM 33411
S_GUILD_STORE_BASKET 48764
S_MAIN_MENU_COMMAND 61537
SU_NEW_IM_2 28532
SU_NEW_IM_7 22645
SU_NEW_IM_6 35097
SU_NEW_IM_3 45358
SU_NEW_IM_4 36604
S_MEDAL_STORE_BASKET 28021
S_MEDAL_STORE_SELL_LIST 23425
S_NEED_WAREHOUSE_COMMISION 34586
S_ONGOING_FIELD_EVENT_LIST 51041
S_PLAYER_LACK_OF_ACTPOINT 39099
S_POINT_STORE_BASKET 49736
S_REPLY_RET_VILLAGE_INFO 55270
SU_TERA_LAG_LOG_INFO 44964
S_SHOW_DARKRIFT_USER_HP 39764
S_SHOW_DUNGEON_RETRY_UI 56890
S_SHOW_TRADE_ITEM 59245
S_SHOW_TRADE_LOG 59323
S_SPAWN_GAMBLE_BOX 22797
S_SPAWN_STATUE 28463
S_START_FISHING_MINIGAME 63156
S_STR_EVALUATE_LIST 35296
S_SUGGEST_DARK_RIFT_PARTY_MATCHING 43430
S_TERRITORY_STEP_ENTER 43594
S_TERRITORY_STEP_LEAVE 52167
S_TERRITORY_STEP_PROGRESS 62021
S_VILLAGER_BUFF_INFO 57485
S_WATCHED_MOVIES 35529
S_CHECK_TO_DECLARE_GUILD_WAR 23840
S_CHECK_TO_OPPOSITE_DECLARE_GUILD_WAR 29091
S_CREATE_GUILD_RESULT 49489
S_GMEVENT_OX_QUIZ_USER_STATUS 44373
S_GMEVENT_OX_REPE_QUIZ_OPEN 20426
S_GMEVENT_OX_REPE_QUIZ_RESULT 63469
S_GUILD_LEVEL_RANKING_LIST 28845
S_GUILD_MONEY_INFO_CHANGED 61622
S_GUILD_PERK_LIST 63170
S_GUILD_POINT_INFO_CHANGED 24125
S_OPEN_GUILD_LOGO_WINDOW 42063
S_GMEVENT_START_EVENT 28062
S_RESULT_GROUP_DUEL_MSG 33231
S_RESULT_LEARN_GUILD_PERK 28030
S_SET_GUILD_JOIN_CONDITION 52653
S_SHOW_GUILD_QUEST_LIST 38522
S_START_GUILD_QUEST 37308
S_UPDATE_GUILD_GROUP 52948
S_UPDATE_GUILD_MEMBER 40048
S_COMPLETE_CHRONOSCROLL_USE 50157
S_CURRENT_ELECTION_STATE 25832
S_CURR_FLY_MOVE_INFO 44108
S_DAILY_QUEST_COMPLETE_COUNT 40790
S_DUNGEON_CONSOLE_EVENT 27720
S_DUNGEON_LOOK_AT_NPC 30040
S_RANK_POINT_STATUS 35011
S_DUNGEON_TIMER 26957
S_DUNGEON_VEHICLE_REPAIRABLE 37656
S_FAIL_LOOT_NON_OWNERSHIP 26958
S_INGAME_CHANGE_USER_APPEARANCE_START 63900
S_INIT_SEREN_GUIDE 63992
S_INTERACTION_RESULT 31094
S_MERGE_PARTY_TO_RAID 63909
S_NPC_INTERACTION_COMBO_INFO 55415
S_NPC_PARTIAL_DESTRUCT 47027
S_NPC_PART_BLINK 33989
S_NPC_PART_BREAK_ACTIVE 48424
S_SEND_CHANGE_REPUTATION_POINT 35779
S_OPEN_GUARD_INFO_WINDOW 56106
S_PARCEL_READ_RECV_STATUS 41688
S_PETITION_CHAT_BEGIN 33238
S_PETITION_CHAT_GM_MESSAGE 53445
S_PETITION_COMPLETE 22767
S_PETITION_CREATE 47104
S_PREMIUM_COMPOSE_ADD_ITEM 34448
S_PREMIUM_COMPOSE_START 58531
S_REQUEST_SERVANT_LEVEL_UP 29906
S_RESET_ALL_PRODUCT_MARK_EVENT 64193
S_RESULT_ITEM_COLORING 21994
S_RESULT_SEREN_GUIDE 65232
S_RETURN_USER 50071
S_RETURN_USER_REWARD_END 33257
S_REWRITE_ITEM_STRING 26002
S_SET_SEND_PARCEL_ITEM 28639
S_TOGGLE_TASK_INFO_WINDOW 64685
S_USE_JUMPGEAR 41053
S_CREST_UPGRADE_INFO 38378
S_ADMIN_VIP_TEST 30416
S_ADMIN_WARNING_MESSAGE 39140
S_BREAK_SHIELD_END 24929
S_CAN_CREATE_USER 26953
S_CREST_ASK_DISAPPLY_ALL 62083
S_CREST_CHANGE_FAIL 30712
S_DEFAULT_ANIM_CHANGE 52485
S_DUNGEON_CHANGE_NPC_ANIMSET 54256
S_EMITTER 62184
S_INSTANT_PULL 31882
S_INTEREST_INFO 31238
S_LOGIN_ARBITER 20467
S_MATERIAL_CHANGE 50019
S_MATERIAL_PARAM_CHANGE 63870
S_OP_COMMAND 45756
S_PLAYER_AUTOPILOT 25373
S_PLAYER_VEHICLE_EX_STAT_UPDATE 25441
S_PLAY_MAGNETIC 40056
S_POSITION_SWAP 57431
S_SECOND_PASSWORD_AUTH_RESULT 60980
S_SECOND_PASSWORD_REGISTER_RESULT 21182
S_SEND_VIP_SYSTEM_INFO 41798
S_SET_WORKOBJECT 38576
S_SHOW_REVIVE_UI 37116
S_SIMPLE_TIP_REPEAT_CHECK 64455
S_SKILL_CHASE_EFFECT_TARGET 29783
S_SKILL_FORGET 53383
S_SKILL_PERIOD 33978
S_SKILL_TARGETING_AREA 35792
S_START_COOLTIME_SERVANT_SKILL 34233
S_START_STACK_ATTENDANCE_EVENT_INFO 56353
S_SWITCH_INFO 53719
S_SYSTEM_MESSAGE_CUSTOM 42876
S_SYSTEM_REWARD_MESSAGE 31537
S_TRADE_BROKER_REGISTERED_ITEM_LIST 35125
S_TRADE_BROKER_SOLD_ITEM_LIST 48898
S_PARCEL_REPORT 59388
S_CLIENT_COMMAND 65366
SU_RESONANCE_DUNGEON 38233
S_CHANGE_MODE 62061
C_ADMIN_CHECK_USERNAME 27900
C_ADMIN_KILL_NPC 27736
C_TOGGLE_GROUP_DUEL_SLOT 21237
C_SHOW_QUEST_INFO_DIALOG 59309
C_REQUEST_SHARE_QUEST 32645
C_WAREHOUSE_AUTO_SORT 57317
CU_CLEAR_CARDS_MENU 57629
CU_CHANGE_EP_PAGE 42112
C_REQUEST_NONDB_MYTHICITEM_TOOLTIP 23498
C_REQUEST_FLY_MOVE_INFO 52228
C_REQUEST_SERVANT_ADVENTURE_LIST 53216
C_REQUEST_CHANGE_LOOKS_SERVANT 37696
C_REQUEST_VIP_STORE_ITEM_LIST 49493
C_DELETE_USER 62521
C_ADMIN_GET_USER_INFO_LIST_BY_DISTANCE 59488
C_ADMIN_GMEVENT_OFF 22958
C_ADMIN_HOLD_CHARACTER 26392
C_SERVER_TIME 41198
C_ADMIN_VANISH_PET 61538
C_VIEW_INTER_PARTY_MATCH_BATTLEFIELD_LIST 62952
C_DIALOG_EVENT 34665
C_ENTER_DUNGEON 45414
C_REQUEST_FIELD_POINT_REWARD 30589
C_CHANGE_MY_STATE 24785
C_SIMPLE_TIP_DONT_REPEAT 34182
C_REQUEST_GUILD_LEVEL_RANKING 64720
C_GROUP_DUEL_BETTING 31280
C_VIEW_GUILD_WAR 35577
C_ITEMSYNTHESIZER_REQUEST_CANCEL 30145
C_ITEMSYNTHESIZER_REQUEST_MATERIAL 51707
C_UNBIND_ITEM 28557
C_CAN_CREATE_USER 20390
C_CANCEL_DELETE_USER 41773
C_GET_USER_GUILD_LOGO 29697
C_MAIN_MENU_COMMAND_EXEC 38601
C_REQUEST_MEGAPHONE 59312
C_AVAILABLE_EVENT_MATCHING_LIST 20515
C_EVENT_MATCHING_DUNGEON_DETAIL_INFO 48047
C_CLOSE_SEND_PARCEL 64707
C_SET_SEND_PARCEL_TYPE 20985
C_LIST_PARCEL 44724
C_PREMIUM_COMPOSE_CANCEL 24057
C_RETURN_USER_GIFT 37514
C_SET_TARGET_INFO 43014
C_REQUEST_QUEST_BACKUP_ITEM 32456
C_LORD_CANDIDATE_LIST 42093
C_ENTER_SCENARIO_DUNGEON 40420
C_REQUEST_SERVANT_INFO_LIST 27645
C_SERVANT_ABILITY 26694
C_RQ_SKILL_POLISHING_LIST 34019
C_REQUEST_STACK_ATTENDANCE_EVENT_INFO_UPDATE 63535
C_RESPONSE_SPAWN_DROPITEM 44184
C_TRADE_BROKER_REGISTER_ITEM 30777
C_CREATE_GROUP_DUEL 37636
C_SHOW_GUILD_QUEST_LIST 42217
C_CHECK_EVENT_MATCHING_LIST_CHECKBOX 52721
C_REQUEST_GUILD_INFO_BEFORE_APPLY_GUILD 47356
C_KICK_CHANNEL_MEMBER 22078
C_REUQUEST_JOINED_CHANNEL_LIST 65476
C_INVALID_BUILD_VERSION 33280
C_COMMIT_ACCESSORY_TRANSFORM 64542
S_POST_PROCESS_MATERIAL 38887
CU_RESONANCE_DUNGEON 30038
CU_START_FUSION 36695
CU_ADD_CARD_TO_FUSION_MENU 23891
C_CHANGE_CARD_PRESET 37750
C_PURCHASE_PROD 39186
C_INGAME_CHANGE_USER_APPEARANCE_TRY 43124
CU_REQUEST_ELIN_EVENT_DETAIL 30664
CU_COMMIT_ELIN_EVENT 31817
C_REQUEST_CHANGE_CHARACTER_NAME 60734
C_ADD_ITEM_TO_VM_BUY_BASKET 34670
C_TRY_NPC_INTERACTION 43949
C_LORD_REGISTER_INFO 48123
C_VOTE_HISTORY 48312
C_SURVEY_ANSWER 65369
C_ADMIN_WARNING_MESSAGE 57531
C_BROADCAST_CLIMBING 44077
C_MEET_BOSS_INFO 40873
C_VIEW_BATTLEFIELD_STORE 28724
C_ADMIN_REMOVE_CUSTOM_BOOKMARK 22456
C_VIEW_INTER_PARTY_MATCH_DUNGEON_LIST 35816
C_DUNGEON_CLEAR_COUNT_LIST 29001
C_UNREGISTER_REPAIR_ITEM 52556
C_STOP_FISHING 65273
C_CAST_FISHING_ROD 61895
C_COMBINE_ITEM 51715
C_REQUEST_ONGOING_FIELD_EVENT_LIST 38219
C_UNREGISTER_COMBINE_ITEM 61350
C_ACCEPT_FRIEND 21135
C_CHANGE_FRIEND_MEMO 47411
C_SET_GUILDGROUP_AUTHORITY 52005
C_REJECT_CONTRACT 55146
C_GROUP_DUEL_DEL_BETTING_ITEM 28561
C_GROUP_DUEL_CHANGE_REPRESENT 47958
C_CITY_WAR_INFO_HISTROY 63421
C_REQUEST_GUILD_PERK_LIST 48247
C_GET_GUILD_QUEST_WEEKLY_REWARD 28001
C_REQUEST_LEARN_GUILD_PERK 45934
C_MOVE_ITEM 54985
C_UNEQUIP_ITEM 62111
C_REQUEST_EVENT_MATCHING_TELEPORT 26653
C_REQUEST_REPUTATION_STORE_TELEPORT 34744
C_PREMIUM_COMPOSE_ADD_ITEM 58747
C_PREMIUM_COMPOSE_DEL_ITEM 20433
C_REQUEST_DESPAWN_SERVANT 53295
C_REQUEST_SERVANT_LEVEL_UP 35276
C_REQUEST_SERVANT_COMPOSE 61589
C_REQUEST_SERVANT_EVOLUTION 63218
C_REQUEST_PET_CONSUME_EXP_ITEM 52563
C_PET_LEVEL_UP_ITEM_ADD_TO_LIST 47275
C_PET_LEVEL_UP_ITEM_REMOVE_FROM_LIST 37344
C_REQUEST_STACK_ATTENDANCE_EVENT_REWARD 51023
C_BATTLE_FIELD_POINT_STORE_BUY_ADD_BASKET 47372
C_GUILD_STORE_BUY_ADD_BASKET 32690
C_STORE_BUY_DEL_BASKET 38046
C_STORE_SELL_DEL_BASKET 53956
C_MEDAL_STORE_BUY_DEL_BASKET 40755
C_POINT_STORE_BUY_DEL_BASKET 44598
C_DUNGEON_WORK_POINT_STORE_BUY_DEL_BASKET 43979
C_POLITICS_POINT_STORE_BUY_DEL_BASKET 32436
C_BATTLE_FIELD_POINT_STORE_BUY_DEL_BASKET 61669
C_GUILD_STORE_BUY_DEL_BASKET 53792
C_EXPAND_INVEN_POCKET 34269
C_CHAT_REPORT 40856
C_ADD_CRYSTAL_COMBINE_MATERIAL 46971
C_DEL_CRYSTAL_COMBINE_MATERIAL 37729
C_END_FISHING_MINIGAME 42327
C_EDIT_FRIEND_GROUP 27932
C_REQUEST_GUILD_LIST 53041
C_RQ_ADD_ITEM_TO_DECOMPOSITION_CONTRACT 61205
C_HARDWARE_INFO 65508
C_SEND_PARCEL 58096
C_SET_SEND_PARCEL_ITEM 49247
C_START_GUILD_SKILL 34936
C_ADD_TRADE_BAG 64212
C_TRADE_BROKER_HISTORY_ITEM_LIST_NEW 20234
C_TRADE_BROKER_WAITING_ITEM_LIST_NEW 62427
C_GET_WARE_ITEM 41339
CU_NEEDS_REMAP_4E26 20006
CU_NEEDS_REMAP_4E3B 20027
CU_NEEDS_REMAP_4E3D 20029
SU_NEEDS_REMAP_4E61 20065
CU_NEEDS_REMAP_4E97 20119
CU_NEEDS_REMAP_4EDD 20189
CU_NEEDS_REMAP_4F14 20244
CU_NEEDS_REMAP_4F5B 20315
CU_NEEDS_REMAP_4F66 20326
SU_NEEDS_REMAP_4F68 20328
CU_NEEDS_REMAP_4F73 20339
CU_NEEDS_REMAP_4F93 20371
CU_NEEDS_REMAP_4FD7 20439
SU_NEEDS_REMAP_4FEF 20463
CU_NEEDS_REMAP_500B 20491
SU_NEEDS_REMAP_5075 20597
SU_NEEDS_REMAP_50AA 20650
SU_NEEDS_REMAP_50B0 20656
SU_NEEDS_REMAP_50C7 20679
SU_NEEDS_REMAP_50F5 20725
SU_NEEDS_REMAP_5103 20739
CU_NEEDS_REMAP_5116 20758
CU_NEEDS_REMAP_515C 20828
CU_NEEDS_REMAP_5186 20870
SU_NEEDS_REMAP_51C2 20930
CU_NEEDS_REMAP_51E9 20969
CU_NEEDS_REMAP_520A 21002
SU_NEEDS_REMAP_5254 21076
SU_NEEDS_REMAP_5263 21091
CU_NEEDS_REMAP_5295 21141
CU_NEEDS_REMAP_52B5 21173
SU_NEEDS_REMAP_52FB 21243
SU_NEEDS_REMAP_5309 21257
SU_NEEDS_REMAP_533D 21309
SU_NEEDS_REMAP_53EA 21482
CU_NEEDS_REMAP_540E 21518
SU_NEEDS_REMAP_541E 21534
SU_NEEDS_REMAP_5450 21584
SU_NEEDS_REMAP_5478 21624
SU_NEEDS_REMAP_547B 21627
SU_NEEDS_REMAP_5484 21636
SU_NEEDS_REMAP_548F 21647
CU_NEEDS_REMAP_5497 21655
SU_NEEDS_REMAP_549D 21661
SU_NEEDS_REMAP_54B3 21683
CU_NEEDS_REMAP_54BD 21693
SU_NEEDS_REMAP_54C6 21702
SU_NEEDS_REMAP_54D0 21712
SU_NEEDS_REMAP_5504 21764
CU_NEEDS_REMAP_5508 21768
CU_NEEDS_REMAP_5517 21783
SU_NEEDS_REMAP_5566 21862
SU_NEEDS_REMAP_5568 21864
SU_NEEDS_REMAP_5575 21877
SU_NEEDS_REMAP_55C6 21958
CU_NEEDS_REMAP_55D8 21976
SU_NEEDS_REMAP_55D9 21977
SU_NEEDS_REMAP_5663 22115
CU_NEEDS_REMAP_567B 22139
CU_NEEDS_REMAP_56A2 22178
SU_NEEDS_REMAP_56C4 22212
CU_NEEDS_REMAP_56EE 22254
SU_NEEDS_REMAP_5700 22272
SU_NEEDS_REMAP_5713 22291
SU_NEEDS_REMAP_571A 22298
SU_NEEDS_REMAP_5727 22311
CU_NEEDS_REMAP_5732 22322
SU_NEEDS_REMAP_5764 22372
CU_NEEDS_REMAP_5777 22391
CU_NEEDS_REMAP_57B9 22457
SU_NEEDS_REMAP_582D 22573
SU_NEEDS_REMAP_5887 22663
CU_NEEDS_REMAP_58CF 22735
SU_NEEDS_REMAP_58F0 22768
SU_NEEDS_REMAP_58F2 22770
CU_NEEDS_REMAP_590B 22795
CU_NEEDS_REMAP_5916 22806
CU_NEEDS_REMAP_5920 22816
SU_NEEDS_REMAP_595F 22879
CU_NEEDS_REMAP_597A 22906
SU_NEEDS_REMAP_598E 22926
CU_NEEDS_REMAP_59A7 22951
SU_NEEDS_REMAP_59C7 22983
SU_NEEDS_REMAP_59DD 23005
SU_NEEDS_REMAP_59E7 23015
SU_NEEDS_REMAP_59E8 23016
SU_NEEDS_REMAP_5A00 23040
CU_NEEDS_REMAP_5A21 23073
SU_NEEDS_REMAP_5A22 23074
CU_NEEDS_REMAP_5A26 23078
SU_NEEDS_REMAP_5A3D 23101
SU_NEEDS_REMAP_5A72 23154
CU_NEEDS_REMAP_5A85 23173
SU_NEEDS_REMAP_5ACE 23246
SU_NEEDS_REMAP_5B13 23315
CU_NEEDS_REMAP_5B24 23332
SU_NEEDS_REMAP_5B2C 23340
CU_NEEDS_REMAP_5B65 23397
SU_NEEDS_REMAP_5B68 23400
SU_NEEDS_REMAP_5B89 23433
SU_NEEDS_REMAP_5B90 23440
CU_NEEDS_REMAP_5BD1 23505
CU_NEEDS_REMAP_5BD4 23508
SU_NEEDS_REMAP_5BEC 23532
SU_NEEDS_REMAP_5BF5 23541
CU_NEEDS_REMAP_5C4B 23627
CU_NEEDS_REMAP_5C52 23634
CU_NEEDS_REMAP_5CC5 23749
CU_NEEDS_REMAP_5CFF 23807
SU_NEEDS_REMAP_5D34 23860
CU_NEEDS_REMAP_5D4C 23884
SU_NEEDS_REMAP_5D6D 23917
CU_NEEDS_REMAP_5D77 23927
CU_NEEDS_REMAP_5D82 23938
CU_NEEDS_REMAP_5D87 23943
SU_NEEDS_REMAP_5D93 23955
CU_NEEDS_REMAP_5D9B 23963
SU_NEEDS_REMAP_5D9F 23967
CU_NEEDS_REMAP_5E01 24065
SU_NEEDS_REMAP_5E2F 24111
SU_NEEDS_REMAP_5E6F 24175
SU_NEEDS_REMAP_5E90 24208
SU_NEEDS_REMAP_5E92 24210
SU_NEEDS_REMAP_5EB4 24244
CU_NEEDS_REMAP_5ED5 24277
SU_NEEDS_REMAP_5EF9 24313
CU_NEEDS_REMAP_5F07 24327
CU_NEEDS_REMAP_5F11 24337
SU_NEEDS_REMAP_5F18 24344
CU_NEEDS_REMAP_5F47 24391
SU_NEEDS_REMAP_5FE9 24553
SU_NEEDS_REMAP_6029 24617
SU_NEEDS_REMAP_604B 24651
SU_NEEDS_REMAP_6077 24695
SU_NEEDS_REMAP_60A3 24739
SU_NEEDS_REMAP_60BE 24766
SU_NEEDS_REMAP_60F7 24823
SU_NEEDS_REMAP_610D 24845
SU_NEEDS_REMAP_6111 24849
SU_NEEDS_REMAP_6130 24880
CU_NEEDS_REMAP_6163 24931
CU_NEEDS_REMAP_6169 24937
SU_NEEDS_REMAP_61E6 25062
SU_NEEDS_REMAP_6271 25201
CU_NEEDS_REMAP_62C4 25284
SU_NEEDS_REMAP_62DD 25309
SU_NEEDS_REMAP_62E0 25312
CU_NEEDS_REMAP_6308 25352
CU_NEEDS_REMAP_632B 25387
SU_NEEDS_REMAP_635C 25436
SU_NEEDS_REMAP_6392 25490
CU_NEEDS_REMAP_640B 25611
CU_NEEDS_REMAP_645D 25693
SU_NEEDS_REMAP_645E 25694
SU_NEEDS_REMAP_64A1 25761
SU_NEEDS_REMAP_6502 25858
CU_NEEDS_REMAP_6506 25862
SU_NEEDS_REMAP_6565 25957
CU_NEEDS_REMAP_6567 25959
CU_NEEDS_REMAP_6573 25971
CU_NEEDS_REMAP_65C6 26054
CU_NEEDS_REMAP_65CE 26062
SU_NEEDS_REMAP_65DA 26074
CU_NEEDS_REMAP_6606 26118
SU_NEEDS_REMAP_6618 26136
CU_NEEDS_REMAP_6633 26163
CU_NEEDS_REMAP_663C 26172
SU_NEEDS_REMAP_6653 26195
CU_NEEDS_REMAP_6661 26209
SU_NEEDS_REMAP_6675 26229
CU_NEEDS_REMAP_6680 26240
SU_NEEDS_REMAP_669D 26269
SU_NEEDS_REMAP_66C8 26312
CU_NEEDS_REMAP_66D9 26329
CU_NEEDS_REMAP_672D 26413
SU_NEEDS_REMAP_67DA 26586
SU_NEEDS_REMAP_67E4 26596
CU_NEEDS_REMAP_67FF 26623
SU_NEEDS_REMAP_6832 26674
SU_NEEDS_REMAP_6836 26678
SU_NEEDS_REMAP_6876 26742
CU_NEEDS_REMAP_687C 26748
CU_NEEDS_REMAP_6892 26770
SU_NEEDS_REMAP_68FD 26877
SU_NEEDS_REMAP_6905 26885
SU_NEEDS_REMAP_6988 27016
SU_NEEDS_REMAP_698A 27018
CU_NEEDS_REMAP_6999 27033
SU_NEEDS_REMAP_69A4 27044
SU_NEEDS_REMAP_69D5 27093
CU_NEEDS_REMAP_69D9 27097
SU_NEEDS_REMAP_69F5 27125
CU_NEEDS_REMAP_6A32 27186
CU_NEEDS_REMAP_6A43 27203
CU_NEEDS_REMAP_6A4A 27210
SU_NEEDS_REMAP_6A51 27217
SU_NEEDS_REMAP_6B0E 27406
CU_NEEDS_REMAP_6B1B 27419
CU_NEEDS_REMAP_6B35 27445
SU_NEEDS_REMAP_6B6F 27503
SU_NEEDS_REMAP_6B77 27511
CU_NEEDS_REMAP_6B87 27527
SU_NEEDS_REMAP_6BA4 27556
CU_NEEDS_REMAP_6BBC 27580
SU_NEEDS_REMAP_6BD2 27602
CU_NEEDS_REMAP_6BE6 27622
SU_NEEDS_REMAP_6BFB 27643
SU_NEEDS_REMAP_6C08 27656
SU_NEEDS_REMAP_6C11 27665
CU_NEEDS_REMAP_6C5A 27738
SU_NEEDS_REMAP_6C5B 27739
CU_NEEDS_REMAP_6C9D 27805
CU_NEEDS_REMAP_6D33 27955
SU_NEEDS_REMAP_6D5D 27997
CU_NEEDS_REMAP_6D66 28006
SU_NEEDS_REMAP_6DA4 28068
SU_NEEDS_REMAP_6DAB 28075
CU_NEEDS_REMAP_6DFD 28157
CU_NEEDS_REMAP_6E58 28248
SU_NEEDS_REMAP_6E59 28249
SU_NEEDS_REMAP_6EBA 28346
SU_NEEDS_REMAP_6ED6 28374
SU_NEEDS_REMAP_6EDD 28381
SU_NEEDS_REMAP_6F33 28467
SU_NEEDS_REMAP_6F43 28483
SU_NEEDS_REMAP_6F86 28550
SU_NEEDS_REMAP_6F9C 28572
SU_NEEDS_REMAP_6F9F 28575
SU_NEEDS_REMAP_6FA3 28579
SU_NEEDS_REMAP_6FAD 28589
SU_NEEDS_REMAP_6FB1 28593
SU_NEEDS_REMAP_703B 28731
CU_NEEDS_REMAP_7086 28806
SU_NEEDS_REMAP_7091 28817
CU_NEEDS_REMAP_70A7 28839
SU_NEEDS_REMAP_70E8 28904
CU_NEEDS_REMAP_70F5 28917
SU_NEEDS_REMAP_7126 28966
SU_NEEDS_REMAP_7130 28976
SU_NEEDS_REMAP_7166 29030
SU_NEEDS_REMAP_71AC 29100
SU_NEEDS_REMAP_71BF 29119
SU_NEEDS_REMAP_71EF 29167
SU_NEEDS_REMAP_7292 29330
CU_NEEDS_REMAP_72B4 29364
SU_NEEDS_REMAP_72D2 29394
SU_NEEDS_REMAP_72E8 29416
CU_NEEDS_REMAP_737E 29566
SU_NEEDS_REMAP_73AB 29611
SU_NEEDS_REMAP_73CE 29646
CU_NEEDS_REMAP_73DD 29661
SU_NEEDS_REMAP_7429 29737
CU_NEEDS_REMAP_7437 29751
SU_NEEDS_REMAP_7471 29809
SU_NEEDS_REMAP_74C1 29889
SU_NEEDS_REMAP_7500 29952
CU_NEEDS_REMAP_754D 30029
SU_NEEDS_REMAP_7565 30053
SU_NEEDS_REMAP_756A 30058
SU_NEEDS_REMAP_7576 30070
SU_NEEDS_REMAP_7588 30088
SU_NEEDS_REMAP_759C 30108
CU_NEEDS_REMAP_75F3 30195
CU_NEEDS_REMAP_75F7 30199
SU_NEEDS_REMAP_7632 30258
SU_NEEDS_REMAP_7657 30295
SU_NEEDS_REMAP_76AE 30382
CU_NEEDS_REMAP_76CD 30413
SU_NEEDS_REMAP_76D3 30419
CU_NEEDS_REMAP_76FF 30463
SU_NEEDS_REMAP_7701 30465
SU_NEEDS_REMAP_7764 30564
SU_NEEDS_REMAP_7772 30578
CU_NEEDS_REMAP_7776 30582
SU_NEEDS_REMAP_7781 30593
CU_NEEDS_REMAP_7798 30616
CU_NEEDS_REMAP_77E7 30695
SU_NEEDS_REMAP_77F4 30708
SU_NEEDS_REMAP_7827 30759
CU_NEEDS_REMAP_783D 30781
SU_NEEDS_REMAP_7847 30791
CU_NEEDS_REMAP_7852 30802
SU_NEEDS_REMAP_785D 30813
CU_NEEDS_REMAP_7877 30839
SU_NEEDS_REMAP_7885 30853
SU_NEEDS_REMAP_7890 30864
SU_NEEDS_REMAP_78CD 30925
CU_NEEDS_REMAP_78F2 30962
SU_NEEDS_REMAP_791B 31003
CU_NEEDS_REMAP_7938 31032
CU_NEEDS_REMAP_793F 31039
CU_NEEDS_REMAP_79DE 31198
CU_NEEDS_REMAP_79F1 31217
SU_NEEDS_REMAP_79F8 31224
SU_NEEDS_REMAP_7A0B 31243
SU_NEEDS_REMAP_7A81 31361
SU_NEEDS_REMAP_7ACE 31438
CU_NEEDS_REMAP_7AD5 31445
SU_NEEDS_REMAP_7B35 31541
SU_NEEDS_REMAP_7B42 31554
CU_NEEDS_REMAP_7B85 31621
SU_NEEDS_REMAP_7BA4 31652
SU_NEEDS_REMAP_7BAF 31663
CU_NEEDS_REMAP_7BB4 31668
CU_NEEDS_REMAP_7C60 31840
CU_NEEDS_REMAP_7C9F 31903
CU_NEEDS_REMAP_7CB4 31924
SU_NEEDS_REMAP_7D01 32001
CU_NEEDS_REMAP_7D08 32008
SU_NEEDS_REMAP_7DD3 32211
SU_NEEDS_REMAP_7DF3 32243
SU_NEEDS_REMAP_7E14 32276
SU_NEEDS_REMAP_7E33 32307
SU_NEEDS_REMAP_7E73 32371
SU_NEEDS_REMAP_7E8A 32394
SU_NEEDS_REMAP_7EB5 32437
CU_NEEDS_REMAP_7EE0 32480
SU_NEEDS_REMAP_7F42 32578
CU_NEEDS_REMAP_7F48 32584
CU_NEEDS_REMAP_7F76 32630
CU_NEEDS_REMAP_7FD5 32725
CU_NEEDS_REMAP_8009 32777
SU_NEEDS_REMAP_8012 32786
CU_NEEDS_REMAP_803E 32830
SU_NEEDS_REMAP_8086 32902
SU_NEEDS_REMAP_8088 32904
SU_NEEDS_REMAP_8092 32914
CU_NEEDS_REMAP_80CC 32972
SU_NEEDS_REMAP_80D5 32981
SU_NEEDS_REMAP_80D9 32985
SU_NEEDS_REMAP_810C 33036
SU_NEEDS_REMAP_8149 33097
CU_NEEDS_REMAP_8162 33122
SU_NEEDS_REMAP_81A7 33191
SU_NEEDS_REMAP_81B5 33205
CU_NEEDS_REMAP_81CB 33227
SU_NEEDS_REMAP_81D5 33237
SU_NEEDS_REMAP_8218 33304
SU_NEEDS_REMAP_8221 33313
SU_NEEDS_REMAP_827E 33406
CU_NEEDS_REMAP_82C8 33480
CU_NEEDS_REMAP_82F2 33522
SU_NEEDS_REMAP_8324 33572
SU_NEEDS_REMAP_834E 33614
CU_NEEDS_REMAP_83B5 33717
SU_NEEDS_REMAP_83D9 33753
SU_NEEDS_REMAP_83EE 33774
SU_NEEDS_REMAP_849D 33949
SU_NEEDS_REMAP_84AD 33965
CU_NEEDS_REMAP_84D6 34006
CU_NEEDS_REMAP_84E5 34021
CU_NEEDS_REMAP_84F4 34036
SU_NEEDS_REMAP_852B 34091
SU_NEEDS_REMAP_853C 34108
CU_NEEDS_REMAP_8555 34133
SU_NEEDS_REMAP_856B 34155
CU_NEEDS_REMAP_857C 34172
SU_NEEDS_REMAP_85BB 34235
CU_NEEDS_REMAP_85DB 34267
SU_NEEDS_REMAP_8601 34305
CU_NEEDS_REMAP_8668 34408
SU_NEEDS_REMAP_867F 34431
SU_NEEDS_REMAP_869A 34458
SU_NEEDS_REMAP_8773 34675
CU_NEEDS_REMAP_87AB 34731
SU_NEEDS_REMAP_87B4 34740
SU_NEEDS_REMAP_87E9 34793
SU_NEEDS_REMAP_87FE 34814
CU_NEEDS_REMAP_8823 34851
CU_NEEDS_REMAP_883B 34875
SU_NEEDS_REMAP_88DA 35034
SU_NEEDS_REMAP_88EF 35055
SU_NEEDS_REMAP_8900 35072
SU_NEEDS_REMAP_8961 35169
CU_NEEDS_REMAP_8974 35188
CU_NEEDS_REMAP_89BE 35262
SU_NEEDS_REMAP_89C2 35266
CU_NEEDS_REMAP_8A28 35368
CU_NEEDS_REMAP_8A2B 35371
SU_NEEDS_REMAP_8A52 35410
CU_NEEDS_REMAP_8A90 35472
CU_NEEDS_REMAP_8B2E 35630
CU_NEEDS_REMAP_8B59 35673
SU_NEEDS_REMAP_8B5C 35676
CU_NEEDS_REMAP_8B5D 35677
SU_NEEDS_REMAP_8B91 35729
CU_NEEDS_REMAP_8B93 35731
SU_NEEDS_REMAP_8BA7 35751
SU_NEEDS_REMAP_8BB1 35761
SU_NEEDS_REMAP_8BC1 35777
SU_NEEDS_REMAP_8BD1 35793
SU_NEEDS_REMAP_8BD3 35795
SU_NEEDS_REMAP_8BFF 35839
SU_NEEDS_REMAP_8C0C 35852
SU_NEEDS_REMAP_8C15 35861
CU_NEEDS_REMAP_8C36 35894
SU_NEEDS_REMAP_8C5B 35931
SU_NEEDS_REMAP_8C86 35974
SU_NEEDS_REMAP_8C87 35975
SU_NEEDS_REMAP_8C96 35990
SU_NEEDS_REMAP_8CA1 36001
SU_NEEDS_REMAP_8CB4 36020
SU_NEEDS_REMAP_8CC1 36033
SU_NEEDS_REMAP_8CC7 36039
CU_NEEDS_REMAP_8CD7 36055
CU_NEEDS_REMAP_8D3F 36159
CU_NEEDS_REMAP_8D47 36167
CU_NEEDS_REMAP_8D4D 36173
CU_NEEDS_REMAP_8D70 36208
CU_NEEDS_REMAP_8D80 36224
CU_NEEDS_REMAP_8DDF 36319
CU_NEEDS_REMAP_8DE0 36320
CU_NEEDS_REMAP_8DFA 36346
CU_NEEDS_REMAP_8E29 36393
SU_NEEDS_REMAP_8E3E 36414
CU_NEEDS_REMAP_8E48 36424
CU_NEEDS_REMAP_8E73 36467
SU_NEEDS_REMAP_8E75 36469
CU_NEEDS_REMAP_8E7A 36474
CU_NEEDS_REMAP_8E8F 36495
SU_NEEDS_REMAP_8EF2 36594
SU_NEEDS_REMAP_8F08 36616
SU_NEEDS_REMAP_8F32 36658
CU_NEEDS_REMAP_8F38 36664
CU_NEEDS_REMAP_8F9C 36764
SU_NEEDS_REMAP_8FA4 36772
SU_NEEDS_REMAP_8FB7 36791
CU_NEEDS_REMAP_8FF3 36851
CU_NEEDS_REMAP_8FFF 36863
SU_NEEDS_REMAP_9037 36919
SU_NEEDS_REMAP_9042 36930
CU_NEEDS_REMAP_90B2 37042
SU_NEEDS_REMAP_90D2 37074
SU_NEEDS_REMAP_90FB 37115
SU_NEEDS_REMAP_90FD 37117
CU_NEEDS_REMAP_910D 37133
CU_NEEDS_REMAP_9117 37143
SU_NEEDS_REMAP_9120 37152
SU_NEEDS_REMAP_912A 37162
CU_NEEDS_REMAP_913B 37179
SU_NEEDS_REMAP_9184 37252
SU_NEEDS_REMAP_91BA 37306
SU_NEEDS_REMAP_91DE 37342
CU_NEEDS_REMAP_91E6 37350
CU_NEEDS_REMAP_91EB 37355
SU_NEEDS_REMAP_922C 37420
SU_NEEDS_REMAP_9261 37473
SU_NEEDS_REMAP_92CC 37580
SU_NEEDS_REMAP_92F3 37619
SU_NEEDS_REMAP_9365 37733
SU_NEEDS_REMAP_939C 37788
SU_NEEDS_REMAP_93D8 37848
CU_NEEDS_REMAP_9425 37925
CU_NEEDS_REMAP_9478 38008
SU_NEEDS_REMAP_949F 38047
CU_NEEDS_REMAP_94B7 38071
CU_NEEDS_REMAP_953F 38207
SU_NEEDS_REMAP_9540 38208
CU_NEEDS_REMAP_9560 38240
CU_NEEDS_REMAP_957E 38270
SU_NEEDS_REMAP_9588 38280
CU_NEEDS_REMAP_958E 38286
SU_NEEDS_REMAP_95B9 38329
SU_NEEDS_REMAP_95D5 38357
SU_NEEDS_REMAP_95E6 38374
CU_NEEDS_REMAP_95FD 38397
CU_NEEDS_REMAP_9602 38402
SU_NEEDS_REMAP_9605 38405
CU_NEEDS_REMAP_9614 38420
SU_NEEDS_REMAP_9689 38537
CU_NEEDS_REMAP_96A2 38562
CU_NEEDS_REMAP_96A9 38569
SU_NEEDS_REMAP_96F0 38640
CU_NEEDS_REMAP_9716 38678
CU_NEEDS_REMAP_9737 38711
CU_NEEDS_REMAP_9759 38745
CU_NEEDS_REMAP_97AF 38831
SU_NEEDS_REMAP_97B7 38839
CU_NEEDS_REMAP_97FF 38911
CU_NEEDS_REMAP_9801 38913
CU_NEEDS_REMAP_9837 38967
SU_NEEDS_REMAP_9875 39029
CU_NEEDS_REMAP_9876 39030
SU_NEEDS_REMAP_9877 39031
CU_NEEDS_REMAP_9889 39049
SU_NEEDS_REMAP_98BE 39102
CU_NEEDS_REMAP_98D2 39122
SU_NEEDS_REMAP_98D8 39128
CU_NEEDS_REMAP_98E6 39142
CU_NEEDS_REMAP_98EC 39148
CU_NEEDS_REMAP_9901 39169
CU_NEEDS_REMAP_9908 39176
SU_NEEDS_REMAP_9913 39187
SU_NEEDS_REMAP_9930 39216
CU_NEEDS_REMAP_995D 39261
SU_NEEDS_REMAP_9998 39320
SU_NEEDS_REMAP_999E 39326
SU_NEEDS_REMAP_99A7 39335
SU_NEEDS_REMAP_9A51 39505
CU_NEEDS_REMAP_9A56 39510
SU_NEEDS_REMAP_9A5A 39514
SU_NEEDS_REMAP_9A5B 39515
SU_NEEDS_REMAP_9A91 39569
SU_NEEDS_REMAP_9AAF 39599
CU_NEEDS_REMAP_9AC5 39621
CU_NEEDS_REMAP_9B5F 39775
SU_NEEDS_REMAP_9B8E 39822
CU_NEEDS_REMAP_9B92 39826
CU_NEEDS_REMAP_9B97 39831
CU_NEEDS_REMAP_9B99 39833
SU_NEEDS_REMAP_9BA3 39843
CU_NEEDS_REMAP_9BB8 39864
CU_NEEDS_REMAP_9BEB 39915
CU_NEEDS_REMAP_9BEC 39916
CU_NEEDS_REMAP_9BED 39917
CU_NEEDS_REMAP_9C27 39975
SU_NEEDS_REMAP_9C2E 39982
CU_NEEDS_REMAP_9C31 39985
SU_NEEDS_REMAP_9C63 40035
SU_NEEDS_REMAP_9CDE 40158
CU_NEEDS_REMAP_9CE8 40168
CU_NEEDS_REMAP_9D30 40240
CU_NEEDS_REMAP_9D35 40245
CU_NEEDS_REMAP_9D54 40276
SU_NEEDS_REMAP_9DA3 40355
CU_NEEDS_REMAP_9DCD 40397
SU_NEEDS_REMAP_9E0D 40461
CU_NEEDS_REMAP_9E19 40473
SU_NEEDS_REMAP_9E97 40599
SU_NEEDS_REMAP_9F08 40712
CU_NEEDS_REMAP_9F22 40738
CU_NEEDS_REMAP_9F3A 40762
SU_NEEDS_REMAP_9F9D 40861
SU_NEEDS_REMAP_9FB7 40887
SU_NEEDS_REMAP_A004 40964
SU_NEEDS_REMAP_A062 41058
CU_NEEDS_REMAP_A064 41060
CU_NEEDS_REMAP_A06E 41070
SU_NEEDS_REMAP_A077 41079
CU_NEEDS_REMAP_A079 41081
CU_NEEDS_REMAP_A087 41095
CU_NEEDS_REMAP_A0F3 41203
SU_NEEDS_REMAP_A0F5 41205
SU_NEEDS_REMAP_A12A 41258
SU_NEEDS_REMAP_A13F 41279
CU_NEEDS_REMAP_A152 41298
CU_NEEDS_REMAP_A1A5 41381
SU_NEEDS_REMAP_A202 41474
SU_NEEDS_REMAP_A20B 41483
CU_NEEDS_REMAP_A231 41521
SU_NEEDS_REMAP_A23D 41533
CU_NEEDS_REMAP_A25C 41564
CU_NEEDS_REMAP_A270 41584
CU_NEEDS_REMAP_A285 41605
SU_NEEDS_REMAP_A289 41609
SU_NEEDS_REMAP_A29F 41631
SU_NEEDS_REMAP_A2AE 41646
SU_NEEDS_REMAP_A2CF 41679
CU_NEEDS_REMAP_A2E3 41699
SU_NEEDS_REMAP_A2F7 41719
SU_NEEDS_REMAP_A306 41734
SU_NEEDS_REMAP_A30D 41741
CU_NEEDS_REMAP_A328 41768
CU_NEEDS_REMAP_A37C 41852
CU_NEEDS_REMAP_A381 41857
CU_NEEDS_REMAP_A396 41878
CU_NEEDS_REMAP_A3C0 41920
CU_NEEDS_REMAP_A3EB 41963
CU_NEEDS_REMAP_A416 42006
SU_NEEDS_REMAP_A466 42086
CU_NEEDS_REMAP_A49A 42138
SU_NEEDS_REMAP_A502 42242
CU_NEEDS_REMAP_A50F 42255
SU_NEEDS_REMAP_A53F 42303
CU_NEEDS_REMAP_A576 42358
SU_NEEDS_REMAP_A5AA 42410
CU_NEEDS_REMAP_A5C8 42440
SU_NEEDS_REMAP_A5CE 42446
CU_NEEDS_REMAP_A5E7 42471
CU_NEEDS_REMAP_A5E8 42472
SU_NEEDS_REMAP_A5FE 42494
SU_NEEDS_REMAP_A605 42501
SU_NEEDS_REMAP_A61E 42526
SU_NEEDS_REMAP_A62A 42538
SU_NEEDS_REMAP_A63C 42556
SU_NEEDS_REMAP_A679 42617
CU_NEEDS_REMAP_A683 42627
CU_NEEDS_REMAP_A689 42633
SU_NEEDS_REMAP_A6A5 42661
SU_NEEDS_REMAP_A6C1 42689
CU_NEEDS_REMAP_A6C3 42691
CU_NEEDS_REMAP_A6E1 42721
CU_NEEDS_REMAP_A6E2 42722
SU_NEEDS_REMAP_A6E5 42725
CU_NEEDS_REMAP_A713 42771
SU_NEEDS_REMAP_A720 42784
SU_NEEDS_REMAP_A727 42791
CU_NEEDS_REMAP_A75C 42844
SU_NEEDS_REMAP_A774 42868
SU_NEEDS_REMAP_A796 42902
SU_NEEDS_REMAP_A7AF 42927
SU_NEEDS_REMAP_A7E5 42981
SU_NEEDS_REMAP_A7FD 43005
CU_NEEDS_REMAP_A82F 43055
CU_NEEDS_REMAP_A852 43090
SU_NEEDS_REMAP_A85E 43102
SU_NEEDS_REMAP_A865 43109
CU_NEEDS_REMAP_A895 43157
CU_NEEDS_REMAP_A920 43296
CU_NEEDS_REMAP_A92E 43310
SU_NEEDS_REMAP_A94A 43338
SU_NEEDS_REMAP_A94B 43339
CU_NEEDS_REMAP_A985 43397
CU_NEEDS_REMAP_A9CB 43467
CU_NEEDS_REMAP_AA26 43558
CU_NEEDS_REMAP_AA53 43603
CU_NEEDS_REMAP_AA5A 43610
CU_NEEDS_REMAP_AA94 43668
CU_NEEDS_REMAP_AAA8 43688
SU_NEEDS_REMAP_AAF4 43764
SU_NEEDS_REMAP_AB68 43880
CU_NEEDS_REMAP_AB95 43925
SU_NEEDS_REMAP_AB9F 43935
SU_NEEDS_REMAP_ABCC 43980
CU_NEEDS_REMAP_AC0B 44043
SU_NEEDS_REMAP_ACEB 44267
CU_NEEDS_REMAP_ACEC 44268
SU_NEEDS_REMAP_AD32 44338
SU_NEEDS_REMAP_AD7A 44410
SU_NEEDS_REMAP_ADB5 44469
CU_NEEDS_REMAP_ADDE 44510
CU_NEEDS_REMAP_AE06 44550
SU_NEEDS_REMAP_AE22 44578
SU_NEEDS_REMAP_AEA1 44705
CU_NEEDS_REMAP_AEE7 44775
SU_NEEDS_REMAP_AEF4 44788
SU_NEEDS_REMAP_AF0A 44810
SU_NEEDS_REMAP_AF10 44816
SU_NEEDS_REMAP_AFD6 45014
CU_NEEDS_REMAP_AFDA 45018
SU_NEEDS_REMAP_B03A 45114
SU_NEEDS_REMAP_B071 45169
SU_NEEDS_REMAP_B0B6 45238
SU_NEEDS_REMAP_B0ED 45293
CU_NEEDS_REMAP_B0F4 45300
CU_NEEDS_REMAP_B134 45364
SU_NEEDS_REMAP_B1B1 45489
SU_NEEDS_REMAP_B1E7 45543
CU_NEEDS_REMAP_B20A 45578
SU_NEEDS_REMAP_B222 45602
CU_NEEDS_REMAP_B25E 45662
SU_NEEDS_REMAP_B279 45689
SU_NEEDS_REMAP_B2A3 45731
SU_NEEDS_REMAP_B2C3 45763
SU_NEEDS_REMAP_B306 45830
CU_NEEDS_REMAP_B331 45873
SU_NEEDS_REMAP_B35B 45915
SU_NEEDS_REMAP_B35E 45918
SU_NEEDS_REMAP_B389 45961
SU_NEEDS_REMAP_B39B 45979
CU_NEEDS_REMAP_B3A3 45987
SU_NEEDS_REMAP_B3A5 45989
SU_NEEDS_REMAP_B3BF 46015
SU_NEEDS_REMAP_B3EA 46058
SU_NEEDS_REMAP_B3EE 46062
CU_NEEDS_REMAP_B407 46087
SU_NEEDS_REMAP_B462 46178
SU_NEEDS_REMAP_B486 46214
CU_NEEDS_REMAP_B48C 46220
CU_NEEDS_REMAP_B496 46230
SU_NEEDS_REMAP_B498 46232
CU_NEEDS_REMAP_B4A8 46248
CU_NEEDS_REMAP_B4C6 46278
SU_NEEDS_REMAP_B570 46448
SU_NEEDS_REMAP_B5A0 46496
SU_NEEDS_REMAP_B5B2 46514
SU_NEEDS_REMAP_B5C4 46532
SU_NEEDS_REMAP_B5FC 46588
SU_NEEDS_REMAP_B64C 46668
SU_NEEDS_REMAP_B6B5 46773
SU_NEEDS_REMAP_B6E7 46823
CU_NEEDS_REMAP_B6F1 46833
SU_NEEDS_REMAP_B73B 46907
CU_NEEDS_REMAP_B745 46917
CU_NEEDS_REMAP_B7DE 47070
CU_NEEDS_REMAP_B7EE 47086
SU_NEEDS_REMAP_B82C 47148
SU_NEEDS_REMAP_B837 47159
SU_NEEDS_REMAP_B85D 47197
CU_NEEDS_REMAP_B87B 47227
SU_NEEDS_REMAP_B88F 47247
SU_NEEDS_REMAP_B8D5 47317
CU_NEEDS_REMAP_B8D7 47319
CU_NEEDS_REMAP_B8DD 47325
CU_NEEDS_REMAP_B92D 47405
SU_NEEDS_REMAP_B939 47417
CU_NEEDS_REMAP_B945 47429
SU_NEEDS_REMAP_B951 47441
CU_NEEDS_REMAP_B973 47475
SU_NEEDS_REMAP_B9A6 47526
SU_NEEDS_REMAP_B9BB 47547
CU_NEEDS_REMAP_B9D3 47571
CU_NEEDS_REMAP_B9DD 47581
CU_NEEDS_REMAP_BA31 47665
SU_NEEDS_REMAP_BA34 47668
CU_NEEDS_REMAP_BA36 47670
CU_NEEDS_REMAP_BA53 47699
SU_NEEDS_REMAP_BA76 47734
SU_NEEDS_REMAP_BAA0 47776
CU_NEEDS_REMAP_BAA8 47784
CU_NEEDS_REMAP_BACA 47818
CU_NEEDS_REMAP_BB37 47927
CU_NEEDS_REMAP_BB6D 47981
CU_NEEDS_REMAP_BB96 48022
CU_NEEDS_REMAP_BBB0 48048
CU_NEEDS_REMAP_BBBB 48059
CU_NEEDS_REMAP_BBC7 48071
CU_NEEDS_REMAP_BBD9 48089
SU_NEEDS_REMAP_BBDE 48094
SU_NEEDS_REMAP_BBEA 48106
SU_NEEDS_REMAP_BC07 48135
SU_NEEDS_REMAP_BC4A 48202
SU_NEEDS_REMAP_BC85 48261
CU_NEEDS_REMAP_BC8A 48266
SU_NEEDS_REMAP_BC96 48278
SU_NEEDS_REMAP_BCA9 48297
SU_NEEDS_REMAP_BCC2 48322
SU_NEEDS_REMAP_BD41 48449
CU_NEEDS_REMAP_BD5B 48475
SU_NEEDS_REMAP_BDB0 48560
CU_NEEDS_REMAP_BE15 48661
SU_NEEDS_REMAP_BE1A 48666
SU_NEEDS_REMAP_BE20 48672
SU_NEEDS_REMAP_BEBC 48828
CU_NEEDS_REMAP_BEBE 48830
SU_NEEDS_REMAP_BEEB 48875
SU_NEEDS_REMAP_BF52 48978
SU_NEEDS_REMAP_BF65 48997
SU_NEEDS_REMAP_BF89 49033
SU_NEEDS_REMAP_BF8A 49034
SU_NEEDS_REMAP_BF9C 49052
SU_NEEDS_REMAP_BFB4 49076
SU_NEEDS_REMAP_BFE6 49126
SU_NEEDS_REMAP_C024 49188
SU_NEEDS_REMAP_C079 49273
SU_NEEDS_REMAP_C091 49297
SU_NEEDS_REMAP_C0A3 49315
CU_NEEDS_REMAP_C0C0 49344
SU_NEEDS_REMAP_C0D5 49365
SU_NEEDS_REMAP_C0DF 49375
SU_NEEDS_REMAP_C0F9 49401
CU_NEEDS_REMAP_C10C 49420
SU_NEEDS_REMAP_C13B 49467
SU_NEEDS_REMAP_C173 49523
CU_NEEDS_REMAP_C19F 49567
CU_NEEDS_REMAP_C1E9 49641
SU_NEEDS_REMAP_C1EC 49644
SU_NEEDS_REMAP_C1F6 49654
SU_NEEDS_REMAP_C1FD 49661
CU_NEEDS_REMAP_C282 49794
CU_NEEDS_REMAP_C2B7 49847
SU_NEEDS_REMAP_C2F9 49913
SU_NEEDS_REMAP_C2FF 49919
SU_NEEDS_REMAP_C38E 50062
SU_NEEDS_REMAP_C396 50070
CU_NEEDS_REMAP_C3D0 50128
SU_NEEDS_REMAP_C426 50214
SU_NEEDS_REMAP_C474 50292
CU_NEEDS_REMAP_C49D 50333
SU_NEEDS_REMAP_C4D7 50391
CU_NEEDS_REMAP_C4E4 50404
CU_NEEDS_REMAP_C4E5 50405
SU_NEEDS_REMAP_C4F9 50425
CU_NEEDS_REMAP_C51C 50460
CU_NEEDS_REMAP_C573 50547
CU_NEEDS_REMAP_C580 50560
CU_NEEDS_REMAP_C5C8 50632
SU_NEEDS_REMAP_C609 50697
CU_NEEDS_REMAP_C634 50740
CU_NEEDS_REMAP_C659 50777
SU_NEEDS_REMAP_C678 50808
CU_NEEDS_REMAP_C6D2 50898
CU_NEEDS_REMAP_C6FD 50941
SU_NEEDS_REMAP_C707 50951
CU_NEEDS_REMAP_C739 51001
CU_NEEDS_REMAP_C758 51032
CU_NEEDS_REMAP_C793 51091
CU_NEEDS_REMAP_C809 51209
SU_NEEDS_REMAP_C82D 51245
CU_NEEDS_REMAP_C831 51249
CU_NEEDS_REMAP_C855 51285
SU_NEEDS_REMAP_C87A 51322
SU_NEEDS_REMAP_C903 51459
CU_NEEDS_REMAP_C909 51465
CU_NEEDS_REMAP_C970 51568
CU_NEEDS_REMAP_C982 51586
CU_NEEDS_REMAP_C998 51608
SU_NEEDS_REMAP_C9A9 51625
CU_NEEDS_REMAP_C9EE 51694
SU_NEEDS_REMAP_CA3B 51771
CU_NEEDS_REMAP_CA57 51799
SU_NEEDS_REMAP_CA67 51815
CU_NEEDS_REMAP_CA90 51856
CU_NEEDS_REMAP_CAD6 51926
SU_NEEDS_REMAP_CAEA 51946
CU_NEEDS_REMAP_CAED 51949
CU_NEEDS_REMAP_CB07 51975
SU_NEEDS_REMAP_CB42 52034
SU_NEEDS_REMAP_CB4C 52044
SU_NEEDS_REMAP_CB5A 52058
SU_NEEDS_REMAP_CB66 52070
SU_NEEDS_REMAP_CB74 52084
CU_NEEDS_REMAP_CB78 52088
SU_NEEDS_REMAP_CB79 52089
CU_NEEDS_REMAP_CBAE 52142
SU_NEEDS_REMAP_CC1A 52250
SU_NEEDS_REMAP_CC43 52291
SU_NEEDS_REMAP_CCD1 52433
CU_NEEDS_REMAP_CCFF 52479
CU_NEEDS_REMAP_CD0D 52493
SU_NEEDS_REMAP_CD12 52498
CU_NEEDS_REMAP_CD4B 52555
SU_NEEDS_REMAP_CD5A 52570
SU_NEEDS_REMAP_CD86 52614
CU_NEEDS_REMAP_CDB0 52656
SU_NEEDS_REMAP_CDB7 52663
SU_NEEDS_REMAP_CDEE 52718
CU_NEEDS_REMAP_CE01 52737
SU_NEEDS_REMAP_CE74 52852
CU_NEEDS_REMAP_CE76 52854
SU_NEEDS_REMAP_CEA7 52903
SU_NEEDS_REMAP_CEB1 52913
CU_NEEDS_REMAP_CECA 52938
CU_NEEDS_REMAP_CEDC 52956
CU_NEEDS_REMAP_CEE1 52961
SU_NEEDS_REMAP_CEEF 52975
SU_NEEDS_REMAP_CF10 53008
SU_NEEDS_REMAP_CF3E 53054
SU_NEEDS_REMAP_CF55 53077
CU_NEEDS_REMAP_CFA8 53160
CU_NEEDS_REMAP_CFFF 53247
SU_NEEDS_REMAP_D02D 53293
SU_NEEDS_REMAP_D042 53314
CU_NEEDS_REMAP_D05B 53339
CU_NEEDS_REMAP_D061 53345
SU_NEEDS_REMAP_D096 53398
CU_NEEDS_REMAP_D10F 53519
SU_NEEDS_REMAP_D13A 53562
SU_NEEDS_REMAP_D15D 53597
SU_NEEDS_REMAP_D199 53657
SU_NEEDS_REMAP_D1B0 53680
SU_NEEDS_REMAP_D1C1 53697
SU_NEEDS_REMAP_D216 53782
CU_NEEDS_REMAP_D22C 53804
SU_NEEDS_REMAP_D25B 53851
SU_NEEDS_REMAP_D281 53889
SU_NEEDS_REMAP_D2B2 53938
SU_NEEDS_REMAP_D2CD 53965
CU_NEEDS_REMAP_D2D5 53973
SU_NEEDS_REMAP_D2E3 53987
CU_NEEDS_REMAP_D2E9 53993
SU_NEEDS_REMAP_D321 54049
SU_NEEDS_REMAP_D3CF 54223
SU_NEEDS_REMAP_D3E1 54241
CU_NEEDS_REMAP_D405 54277
CU_NEEDS_REMAP_D413 54291
SU_NEEDS_REMAP_D42B 54315
CU_NEEDS_REMAP_D454 54356
CU_NEEDS_REMAP_D482 54402
SU_NEEDS_REMAP_D4AA 54442
CU_NEEDS_REMAP_D4D3 54483
CU_NEEDS_REMAP_D501 54529
SU_NEEDS_REMAP_D51A 54554
CU_NEEDS_REMAP_D539 54585
SU_NEEDS_REMAP_D559 54617
SU_NEEDS_REMAP_D575 54645
SU_NEEDS_REMAP_D599 54681
SU_NEEDS_REMAP_D5AF 54703
SU_NEEDS_REMAP_D5C1 54721
SU_NEEDS_REMAP_D5F2 54770
SU_NEEDS_REMAP_D610 54800
CU_NEEDS_REMAP_D62F 54831
CU_NEEDS_REMAP_D63B 54843
CU_NEEDS_REMAP_D63F 54847
CU_NEEDS_REMAP_D640 54848
SU_NEEDS_REMAP_D66B 54891
SU_NEEDS_REMAP_D6A5 54949
CU_NEEDS_REMAP_D6AB 54955
CU_NEEDS_REMAP_D6E2 55010
SU_NEEDS_REMAP_D6FB 55035
CU_NEEDS_REMAP_D70B 55051
CU_NEEDS_REMAP_D72D 55085
SU_NEEDS_REMAP_D736 55094
CU_NEEDS_REMAP_D789 55177
SU_NEEDS_REMAP_D7A2 55202
SU_NEEDS_REMAP_D822 55330
SU_NEEDS_REMAP_D82C 55340
SU_NEEDS_REMAP_D865 55397
CU_NEEDS_REMAP_D87D 55421
CU_NEEDS_REMAP_D89B 55451
CU_NEEDS_REMAP_D8AB 55467
CU_NEEDS_REMAP_D8AE 55470
SU_NEEDS_REMAP_D8C0 55488
SU_NEEDS_REMAP_D95B 55643
CU_NEEDS_REMAP_D9CE 55758
SU_NEEDS_REMAP_D9DF 55775
SU_NEEDS_REMAP_D9F0 55792
CU_NEEDS_REMAP_DA5E 55902
CU_NEEDS_REMAP_DAA9 55977
CU_NEEDS_REMAP_DAAF 55983
CU_NEEDS_REMAP_DAB9 55993
CU_NEEDS_REMAP_DACF 56015
CU_NEEDS_REMAP_DAE8 56040
CU_NEEDS_REMAP_DBAE 56238
SU_NEEDS_REMAP_DBB4 56244
SU_NEEDS_REMAP_DC44 56388
SU_NEEDS_REMAP_DC4A 56394
SU_NEEDS_REMAP_DC6E 56430
CU_NEEDS_REMAP_DC78 56440
SU_NEEDS_REMAP_DC7D 56445
CU_NEEDS_REMAP_DCA7 56487
SU_NEEDS_REMAP_DCA8 56488
SU_NEEDS_REMAP_DCC2 56514
CU_NEEDS_REMAP_DCFC 56572
SU_NEEDS_REMAP_DD12 56594
SU_NEEDS_REMAP_DD48 56648
CU_NEEDS_REMAP_DD76 56694
CU_NEEDS_REMAP_DD9E 56734
SU_NEEDS_REMAP_DDBA 56762
CU_NEEDS_REMAP_DDC0 56768
CU_NEEDS_REMAP_DDC1 56769
CU_NEEDS_REMAP_DDC7 56775
CU_NEEDS_REMAP_DE01 56833
SU_NEEDS_REMAP_DE0F 56847
SU_NEEDS_REMAP_DE1A 56858
CU_NEEDS_REMAP_DE44 56900
SU_NEEDS_REMAP_DE56 56918
SU_NEEDS_REMAP_DEBA 57018
SU_NEEDS_REMAP_DEDE 57054
CU_NEEDS_REMAP_DF05 57093
CU_NEEDS_REMAP_DF18 57112
SU_NEEDS_REMAP_DF73 57203
CU_NEEDS_REMAP_DF7E 57214
SU_NEEDS_REMAP_DFB2 57266
SU_NEEDS_REMAP_DFF9 57337
SU_NEEDS_REMAP_E003 57347
SU_NEEDS_REMAP_E034 57396
CU_NEEDS_REMAP_E06C 57452
CU_NEEDS_REMAP_E08E 57486
SU_NEEDS_REMAP_E09A 57498
SU_NEEDS_REMAP_E0AC 57516
SU_NEEDS_REMAP_E132 57650
CU_NEEDS_REMAP_E14B 57675
CU_NEEDS_REMAP_E1F3 57843
SU_NEEDS_REMAP_E208 57864
SU_NEEDS_REMAP_E218 57880
SU_NEEDS_REMAP_E2FD 58109
CU_NEEDS_REMAP_E340 58176
SU_NEEDS_REMAP_E379 58233
SU_NEEDS_REMAP_E3B6 58294
CU_NEEDS_REMAP_E412 58386
SU_NEEDS_REMAP_E427 58407
CU_NEEDS_REMAP_E45F 58463
CU_NEEDS_REMAP_E4AB 58539
SU_NEEDS_REMAP_E4B9 58553
CU_NEEDS_REMAP_E4D4 58580
SU_NEEDS_REMAP_E52E 58670
CU_NEEDS_REMAP_E54F 58703
CU_NEEDS_REMAP_E55C 58716
CU_NEEDS_REMAP_E5B0 58800
SU_NEEDS_REMAP_E5B1 58801
SU_NEEDS_REMAP_E5C3 58819
SU_NEEDS_REMAP_E5C5 58821
SU_NEEDS_REMAP_E5D5 58837
CU_NEEDS_REMAP_E621 58913
CU_NEEDS_REMAP_E632 58930
SU_NEEDS_REMAP_E655 58965
SU_NEEDS_REMAP_E659 58969
SU_NEEDS_REMAP_E662 58978
SU_NEEDS_REMAP_E677 58999
SU_NEEDS_REMAP_E6AC 59052
SU_NEEDS_REMAP_E6DB 59099
SU_NEEDS_REMAP_E70A 59146
CU_NEEDS_REMAP_E719 59161
SU_NEEDS_REMAP_E732 59186
CU_NEEDS_REMAP_E747 59207
SU_NEEDS_REMAP_E79C 59292
CU_NEEDS_REMAP_E7B5 59317
SU_NEEDS_REMAP_E7C2 59330
CU_NEEDS_REMAP_E7D3 59347
CU_NEEDS_REMAP_E7DC 59356
CU_NEEDS_REMAP_E823 59427
CU_NEEDS_REMAP_E829 59433
SU_NEEDS_REMAP_E833 59443
SU_NEEDS_REMAP_E853 59475
CU_NEEDS_REMAP_E85F 59487
SU_NEEDS_REMAP_E869 59497
SU_NEEDS_REMAP_E889 59529
CU_NEEDS_REMAP_E88E 59534
SU_NEEDS_REMAP_E896 59542
CU_NEEDS_REMAP_E8A6 59558
SU_NEEDS_REMAP_E8CB 59595
SU_NEEDS_REMAP_E8F2 59634
CU_NEEDS_REMAP_E900 59648
SU_NEEDS_REMAP_E977 59767
SU_NEEDS_REMAP_E97A 59770
SU_NEEDS_REMAP_E993 59795
SU_NEEDS_REMAP_E9C5 59845
CU_NEEDS_REMAP_E9DE 59870
CU_NEEDS_REMAP_E9FD 59901
SU_NEEDS_REMAP_EA06 59910
CU_NEEDS_REMAP_EA36 59958
SU_NEEDS_REMAP_EA40 59968
CU_NEEDS_REMAP_EA9B 60059
SU_NEEDS_REMAP_EA9E 60062
SU_NEEDS_REMAP_EAB0 60080
CU_NEEDS_REMAP_EB74 60276
CU_NEEDS_REMAP_EB90 60304
SU_NEEDS_REMAP_EBBC 60348
SU_NEEDS_REMAP_EC49 60489
CU_NEEDS_REMAP_ECB8 60600
CU_NEEDS_REMAP_ECCA 60618
SU_NEEDS_REMAP_ECDE 60638
CU_NEEDS_REMAP_ED3B 60731
CU_NEEDS_REMAP_ED5C 60764
CU_NEEDS_REMAP_ED81 60801
CU_NEEDS_REMAP_ED87 60807
CU_NEEDS_REMAP_EE0E 60942
SU_NEEDS_REMAP_EE1A 60954
SU_NEEDS_REMAP_EE99 61081
CU_NEEDS_REMAP_EEDD 61149
SU_NEEDS_REMAP_EFBF 61375
CU_NEEDS_REMAP_EFDA 61402
SU_NEEDS_REMAP_F000 61440
CU_NEEDS_REMAP_F00A 61450
CU_NEEDS_REMAP_F036 61494
SU_NEEDS_REMAP_F04A 61514
SU_NEEDS_REMAP_F04D 61517
CU_NEEDS_REMAP_F0AD 61613
CU_NEEDS_REMAP_F0C0 61632
CU_NEEDS_REMAP_F0C8 61640
SU_NEEDS_REMAP_F0EE 61678
SU_NEEDS_REMAP_F122 61730
SU_NEEDS_REMAP_F14E 61774
SU_NEEDS_REMAP_F157 61783
CU_NEEDS_REMAP_F15E 61790
SU_NEEDS_REMAP_F16B 61803
SU_NEEDS_REMAP_F17C 61820
SU_NEEDS_REMAP_F187 61831
CU_NEEDS_REMAP_F1AB 61867
CU_NEEDS_REMAP_F1AD 61869
SU_NEEDS_REMAP_F1DD 61917
CU_NEEDS_REMAP_F214 61972
SU_NEEDS_REMAP_F22B 61995
CU_NEEDS_REMAP_F237 62007
SU_NEEDS_REMAP_F2B5 62133
SU_NEEDS_REMAP_F2E4 62180
CU_NEEDS_REMAP_F312 62226
CU_NEEDS_REMAP_F32A 62250
SU_NEEDS_REMAP_F335 62261
SU_NEEDS_REMAP_F39B 62363
CU_NEEDS_REMAP_F39C 62364
SU_NEEDS_REMAP_F3B0 62384
SU_NEEDS_REMAP_F3EF 62447
SU_NEEDS_REMAP_F409 62473
SU_NEEDS_REMAP_F4B3 62643
SU_NEEDS_REMAP_F4B7 62647
SU_NEEDS_REMAP_F4D5 62677
CU_NEEDS_REMAP_F4DE 62686
SU_NEEDS_REMAP_F532 62770
SU_NEEDS_REMAP_F619 63001
SU_NEEDS_REMAP_F623 63011
SU_NEEDS_REMAP_F64C 63052
CU_NEEDS_REMAP_F6EF 63215
SU_NEEDS_REMAP_F702 63234
SU_NEEDS_REMAP_F753 63315
SU_NEEDS_REMAP_F756 63318
CU_NEEDS_REMAP_F785 63365
SU_NEEDS_REMAP_F7AB 63403
SU_NEEDS_REMAP_F7CB 63435
SU_NEEDS_REMAP_F7D9 63449
SU_NEEDS_REMAP_F7EF 63471
CU_NEEDS_REMAP_F802 63490
CU_NEEDS_REMAP_F875 63605
CU_NEEDS_REMAP_F969 63849
SU_NEEDS_REMAP_F989 63881
CU_NEEDS_REMAP_F9BD 63933
SU_NEEDS_REMAP_F9C5 63941
SU_NEEDS_REMAP_F9DA 63962
CU_NEEDS_REMAP_FA31 64049
SU_NEEDS_REMAP_FA4F 64079
CU_NEEDS_REMAP_FA6D 64109
CU_NEEDS_REMAP_FA8F 64143
CU_NEEDS_REMAP_FAF6 64246
CU_NEEDS_REMAP_FB00 64256
SU_NEEDS_REMAP_FB21 64289
CU_NEEDS_REMAP_FB39 64313
CU_NEEDS_REMAP_FB44 64324
SU_NEEDS_REMAP_FB5F 64351
SU_NEEDS_REMAP_FB8C 64396
CU_NEEDS_REMAP_FB9E 64414
SU_NEEDS_REMAP_FBB1 64433
CU_NEEDS_REMAP_FBF3 64499
CU_NEEDS_REMAP_FBF4 64500
SU_NEEDS_REMAP_FBFF 64511
SU_NEEDS_REMAP_FC1F 64543
CU_NEEDS_REMAP_FC4B 64587
SU_NEEDS_REMAP_FCA2 64674
SU_NEEDS_REMAP_FCEA 64746
CU_NEEDS_REMAP_FCEE 64750
CU_NEEDS_REMAP_FD2E 64814
SU_NEEDS_REMAP_FD51 64849
CU_NEEDS_REMAP_FD60 64864
SU_NEEDS_REMAP_FD83 64899
CU_NEEDS_REMAP_FD92 64914
SU_NEEDS_REMAP_FD95 64917
CU_NEEDS_REMAP_FDD0 64976
CU_NEEDS_REMAP_FDEE 65006
SU_NEEDS_REMAP_FE16 65046
CU_NEEDS_REMAP_FE32 65074
CU_NEEDS_REMAP_FE65 65125
CU_NEEDS_REMAP_FEB8 65208
CU_NEEDS_REMAP_FED8 65240
CU_NEEDS_REMAP_FEE7 65255
SU_NEEDS_REMAP_FF10 65296
CU_NEEDS_REMAP_FF63 65379
SU_NEEDS_REMAP_FF77 65399
CU_NEEDS_REMAP_FF7F 65407
SU_NEEDS_REMAP_FF92 65426
CU_NEEDS_REMAP_FF94 65428
CU_NEEDS_REMAP_FFA1 65441
CU_NEEDS_REMAP_FFAB 65451
CU_NEEDS_REMAP_FFB5 65461
CU_NEEDS_REMAP_FFD2 65490
SU_NEEDS_REMAP_FFFA 65530
