I_TELEPORT 0
I_SPAWN_BARRACK_CHARACTER 1
I_GFX_COMMAND 17
I_GFX_ADMIN_COMMAND 18
I_INPUT_COMMAND 19
I_MOVE_KEY 20
I_SKILL_KEY 21
I_CLOSE_SERVER_CONNECTION 22
C_CHECK_VERSION 19900
S_CHECK_VERSION 19901
S_CLAIM_TERAPASS_REWARD 35985
S_START_STACK_ATTENDANCE_EVENT_INFO 60598
S_ADMIN_CHECK_USERNAME 41143
S_ABNORMALITY_BEGIN 60614
S_ABNORMALITY_DAMAGE_ABSORB 29809
S_ABNORMALITY_END 37676
S_ABNORMALITY_EXTRA 28827
S_ABNORMALITY_FAIL 62651
S_ABNORMALITY_REFRESH 23271
S_ABNORMALITY_RESIST 39269
S_ABNORMALITY_SCALE_UP 42632
S_ABNORMALITY_TOOLTIP_VALUE 63628
S_ACCOMPLISH_ACHIEVEMENT 48205
S_ADMIN_GET_USERINFO_INVEN 38773
S_ADMIN_GET_USERINFO_WAREHOUSE 65266
S_ADMIN_GM_SKILL 52653
S_ADMIN_HOLD_CHARACTER 31350
S_APPLY_TITLE 29335
S_ARENA_END_FIGHT 58376
S_ARENA_FIGHTER_CHANGE_HP 32194
S_ARENA_OPTIMIZATION 53680
S_ARENA_START_FIGHT 30686
S_ARTISAN_RECIPE_LIST 47019
S_BATTLE_FIELD_ENTRANCE_INFO 64708
S_BATTLE_FIELD_PARTY_MARKER_CLEAR 35847
S_BATTLE_FIELD_SCORE 23209
S_BATTLE_FIELD_STATE 37084
S_BATTLE_FIELD_STRONGHOLD_NONE_STATE 47395
S_CANNON_BATTLE_FIELD_CRASH_DOOR 46360
S_END_LEVEL_COMPENSATION 21201
S_END_PRODUCE 56580
S_ENEMY_BATTLE_FIELD_COMMANDER_CHANGED 54844
S_FATIGABILITY_POINT 60046
S_FIN_KUMAS_BATTLE_FIELD 30097
S_FREE_FIGHT_BATTLE_FIELD_MY_WARPOINT_INFO 27971
S_HUDDLE_ADDING 27165
S_INIT_KUMAS_BOSS_INFO 24390
S_INIT_ROUND_PVE_BATTLE_FIELD 23665
S_INIT_ROUND_PVP_BATTLE_FIELD 30172
S_INIT_SNOW_EVENT_BATTLE_FIELD 50693
S_INIT_STRONGHOLD_OCCUPATION_BATTLE_FIELD 22603
S_INIT_WORLD_OF_TANK_BATTLE_FIELD 47876
S_LOAD_ACHIEVEMENT_LIST 22266
S_LOAD_DUNGEON_SOUND_HINT 58151
S_PLAYTIME 32808
S_PLAYTIME_EVENT_END 22501
S_PLAYTIME_EVENT_REWARD_DATA 44727
S_PRODUCE_CRITICAL 25271
S_PROMOTION_INFO 54948
S_PROMOTION_PROCESS 41369
S_PROMOTION_SUCCESS 52033
S_REWARDNPC_SPAWN_ALARM 54621
S_ROUND_PVE_CLOSE_SKILL_UI 39303
S_ROUND_PVE_OPEN_SKILL_UI 28720
S_ROUND_PVE_SCORE 25182
S_ROUND_RESULT 37603
S_ROUND_START 27736
S_RP_ADD_ITEM_TO_DECOMPOSITION_CONTRACT 42912
S_RP_COMMIT_DECOMPOSITION_CONTRACT 62605
S_START_PRODUCE 28145
S_START_ROUND_PVE_ROUND 35781
S_TOKEN_POINT_STATUS 63794
S_UPDATE_ACHIEVEMENT_PROGRESS 24554
S_USER_CHANGE_FACE_CUSTOM 33322
S_USER_PAPERDOLL_INFO 33619
S_VISIT_NEW_SECTION 44023
S_BOARD_ITEM_LIST 47316
S_CHANGE_CARD_PRESET 37594
S_CHANGE_FRIEND_STATE 48593
S_CHAT 31832
S_COLLECTION_PICKEND 32257
S_COLLECTION_PICKSTART 28759
S_CONFIRM_INVITE_CODE_BUTTON 52023
S_DELETE_FRIEND 31586
S_DELETE_GUILD_TOWER_MY_GUILD 26448
S_DESTROY_GUILD_TOWER 22259
S_FRIEND_LIST 55664
S_INCREASE_CARD_PRESET 56734
S_JOIN_PRIVATE_CHANNEL 33493
S_LEAVE_PRIVATE_CHANNEL 61597
S_MUTE 52785
S_NOTIFY_ACTIVE_BUILD_TERRITORY_STATE 22871
S_NOTIFY_TO_FRIENDS_WALK_INTO_SAME_AREA 59297
S_OPEN_AWESOMIUM_WEB_URL 56398
S_PRIVATE_CHANNEL_NOTICE 29048
S_PRIVATE_CHAT 37542
S_RECEIVE_COLLECTION_BOOK_REWARD 21557
S_REQUEST_CITY_WAR_MAP_INFO 22535
S_REQUEST_CITY_WAR_MAP_INFO_DETAIL 51007
S_REQUEST_JOINED_CHANNEL_LIST 54705
S_REQUEST_PRIVATE_CHANNEL_INFO 45538
S_CANCEL_SELECT_CHANNEL 53154
S_CHANGE_MODE 35819
S_SHOW_AWESOMIUMWEB_SHOP 56993
S_SPAWN_COLLECTION 34796
S_START_CHAT_BAN 58979
S_UNMOUNT_CARD 56457
S_WHISPER 55837
S_BOSS_GAGE_INFO 65172
S_BOSS_GAGE_PRIORITY 28338
S_BYE_PET 50592
S_CHANGE_PK_INFO 28480
S_CHANGE_VOICE_USE_QAC 48966
S_CLEAR_WORLD_QUEST_VILLAGER_INFO 35388
S_COUPON_LIST 50340
S_CREATURE_CHANGE_HP 27057
S_NPC_RESISTANCE 25149
S_CREATURE_LIFE 20668
S_CURRENT_CHANNEL 35011
S_DEAD_LOCATION 22492
S_DIRECTION_WEAKNESS_BEGIN 41509
S_DIRECTION_WEAKNESS_END 25532
S_DUNGEON_NEWBIE 41400
S_ENABLE_DISABLE_SELLABLE_ITEM_LIST 30591
S_EXIT 21814
S_FACIAL_ATTACHMENT_BROADCAST 41752
S_HIDE_HP 26991
S_HIT_COMBO 36747
S_INSTANT_MOVE 46431
S_LOAD_CLIENT_ACCOUNT_SETTING 33032
S_LOAD_CLIENT_USER_SETTING 35554
S_LOAD_HINT 35168
S_LOAD_TOPO 25066
S_LOGIN 30347
S_MY_DESCRIPTION 64992
S_NPC_OCCUPIER_INFO 48471
S_NPC_SITUATION 47978
S_NPC_STATUS 28556
S_NPC_TARGET_USER 31886
S_PARTY_NOTIFY_MY_POSITION 25245
S_PLAYER_CHANGE_ACTPOINT 56193
S_PLAYER_CHANGE_ALL_PROF 32880
S_PLAYER_CHANGE_DRAIN 42676
S_PLAYER_CHANGE_EXP 41701
S_PLAYER_CHANGE_FLIGHT_ENERGY 35979
S_PLAYER_CHANGE_MP 28897
S_PLAYER_CHANGE_PROF 37717
S_PLAYER_CHANGE_STAMINA 49730
S_PLAYER_STAT_UPDATE 33630
S_QUEST_VILLAGER_INFO 31760
S_REQUEST_DEMOLIST_GUILD_TOWER_POPUP 44998
S_SET_VISIBLE 62951
S_SHOW_GAGE 25100
S_SHOW_HP 37509
S_SHOW_NAME_PLATE_ICON 47142
S_SHOW_PEGASUS_MAP 63819
S_SOCIAL 56967
S_SOCIAL_CANCEL 32107
S_SYS_PARTY_INFO 53893
S_TELEPORT_TO_CAMP 34628
S_UPDATE_USER_AWAKEN_GRADE 33746
S_USER_APPEARANCE_CHANGE 60153
S_USER_CHANGE_NAME 22961
S_USER_DEATH 65386
S_USER_EFFECT 62226
S_USER_EXTERNAL_CHANGE 36469
S_USER_ITEMLEVEL_INFO 39592
S_USER_LEVELUP 51458
S_USER_SITUATION 23529
S_USER_STATUS 55188
S_USER_WEAPON_APPEARANCE_CHANGE 45856
S_VILLAGE_LIST_TO_TELEPORT 23648
S_VISIT_NEW_TEL_CAMP 44377
S_WEAK_POINT 39655
S_WELCOME_PET_OWNER 53693
S_WORLD_QUEST_VILLAGER_INFO 21176
S_ADD_INTER_PARTY_MATCH_POOL 35748
S_ANNOUNCE_UPDATE_NOTIFICATION 31791
S_ATTENDANCE_EVENT_REWARD_COUNT 26080
S_BEGIN_THROUGH_ARBITER_CONTRACT 38240
S_DARK_RIFT_DESPAWN_WORLD_NOTI 59048
S_CHANGE_EP_EXP_DAILY_LIMIT 58116
S_CHANGE_EP_POINT 33549
TTB_S_CHANGE_HERO 43000
S_DARK_RIFT_ALL_DESPAWN_WORLD_NOTI 56049
S_DARK_RIFT_CHANGE_AREA_WORLD_NOTI 33732
S_DARK_RIFT_MAIN_DEFENCE_CHANGE_HP 26045
S_DARK_RIFT_QUEST_INFO 60650
S_DESPAWN_NPC 48359
S_DESPAWN_PET 56352
S_DESPAWN_USER 22442
S_DIALOG 41861
S_DIALOG_EVENT 56730
S_DUNGEON_VISIBLE_BG 28176
S_DUNGEON_WORK_ENTER 22178
S_DUNGEON_WORK_LIST 40795
S_DUNGEON_WORK_RESULT 31114
S_DUNGEON_WORK_UPDATE 41256
S_ENCHANT_SCROLL_RESULT 58357
S_END_DARKRIFT_USER_HP 39971
S_ENTER_DUNGEON 31777
S_EP_SYSTEM_DAILY_EVENT_EXP_ON_OFF 31396
S_EVENT_GUIDE 39786
S_EVENT_INFO 59875
S_FAIL_ENCHANT 55463
S_FESTIVAL_LIST 45024
S_FEUDAL_LORD_FLAG_INFO 34500
S_FIELD_EVENT_GUIDE 65438
S_FIELD_EVENT_ON_ENTER 54387
S_FIELD_EVENT_ON_LEAVE 39418
S_FIELD_EVENT_PROGRESS_TIMER 45402
S_FIELD_POINT_INFO 57003
S_FIELD_POINT_REWARD_INFO_LIST 57556
S_FIN_INTER_PARTY_MATCH 20807
S_GACHA_END 54047
S_GACHA_START 42504
S_GAMBLE_CHANGE_BET_ITEM 48511
S_GAMBLE_END 60371
S_GAMBLE_RESULT 63299
S_GET_ATTENDANCE_REWARD 61136
S_GET_EVENT_DETAIL 55898
SU_TERA_LAG_LOG_STRING 64958
S_GUILD_TOWER_INFO 28343
S_LEARN_EP_PERK 48617
S_LOAD_EP_INFO 23341
TTB_S_LOAD_EP_PAGE 37901
S_MAIN_MENU_COMMAND 57784
SU_NEW_IM_2 48253
SU_NEW_IM_7 53039
SU_NEW_IM_6 54479
SU_NEW_IM_5 21929
SU_NEW_IM_3 62558
SU_NEW_IM_4 44364
S_NPC_MENU_SELECT 48480
S_OPEN_EPPERK_RESET_POPUP 49440
S_OPEN_EXPAND_INVEN_WINDOW 29402
S_PLAYER_CHANGE_EP 63248
S_PLAYER_RESET_EP 42979
S_REPLY_NONDB_ITEM_INFO 32246
S_REPLY_RET_VILLAGE_INFO 30329
S_REQUEST_CONTRACT 45349
S_REQUEST_DESPAWN_SERVANT 29490
S_REQUEST_DUNGEON_MATCHING_UI 64165
S_REQUEST_SPAWN_SERVANT 59998
S_RESET_EP_PERK 62687
S_RESPONSE_GAMESTAT_PONG 45084
S_RESULT_EVENT_SEED 35540
S_SEND_USER_PLAY_TIME 33303
SU_TERA_LAG_LOG_INFO 35223
S_SET_NEW_TERA_USER 26896
S_SHORTCUT_CHANGE 63546
S_SHOW_DARKRIFT_USER_HP 22780
S_SHOW_ITEM_TOOLTIP 38778
S_SHOW_USER_EP_INFO 50507
S_SPAWN_BUILD_OBJECT 65328
S_SPAWN_EVENT_SEED 63750
S_SPAWN_GAMBLE_BOX 52788
S_SPAWN_ME 22759
S_SPAWN_NPC 52005
S_SPAWN_PET 56646
S_SPAWN_USER 42735
S_START_FISHING_CHARGE 41814
S_START_FISHING_MINIGAME 20298
S_STORE_BASKET 54885
S_STORE_SELL_LIST 22963
S_STR_EVALUATE_LIST 27433
S_STYLE_SHOP_BUY_TCAT_ITEM 22530
S_SUCCESS_STYLE_SHOP_BUY_REPUTATION_ITEM 62734
S_SUGGEST_DARK_RIFT_PARTY_MATCHING 60215
S_TAX_INFO 45299
S_TERRITORY_STEP_ENTER 42472
S_TERRITORY_STEP_LEAVE 39803
S_TERRITORY_STEP_PROGRESS 29734
S_TIMEOVER_CONTRACT 24575
S_GMEVENT_START_EVENT 27824
S_VIEW_WARE_EX 33383
S_VILLAGER_BUFF_INFO 27782
S_WATCHED_MOVIES 65216
S_CHANGE_GUILD_CHIEF 21795
S_CHECK_TO_OPPOSITE_DECLARE_GUILD_WAR 56063
S_COUNTDOWN_GROUP_DUEL 65496
S_CREATE_GUILD_RESULT 26961
S_GMEVENT_END_EVENT 25472
S_GMEVENT_ENTER_EVENT 31968
S_GMEVENT_GUIDE_MESSAGE 35280
S_GMEVENT_OFF_GUIDE_MESSAGE 65365
S_GMEVENT_OX_QUIZ_OPEN 36737
S_GMEVENT_OX_QUIZ_RESULT 28385
S_GMEVENT_OX_QUIZ_USER_STATUS 41077
S_GMEVENT_OX_REPE_QUIZ_OPEN 61117
S_GMEVENT_OX_REPE_QUIZ_RESULT 20497
S_GMEVENT_RECV_REWARD 39632
S_GUILD_NAME 55457
S_IMAGE_DATA 49040
S_LEAVE_GUILD 29853
S_OPEN_GUILD_LOGO_WINDOW 33352
S_REMOVE_GUILD_GROUP 53755
S_REMOVE_GUILD_MEMBER 55520
S_REPLY_SET_GUILD_WANTED_WRITING 45365
S_REQUEST_COOLTIME_TO_JOIN_GUILD 52981
S_UPDATE_QUEST 37790
S_REQUEST_JOIN_GUILD_NOTICE 27036
S_RESULT_GROUP_DUEL_MSG 61575
S_SET_GUILD_JOIN_CONDITION 32826
S_START_GUILD_WAR 43380
S_UPDATE_GUILD_GROUP 41787
S_UPDATE_GUILD_MEMBER 29673
S_BAN_PARTY 26274
S_BAN_PARTY_MEMBER 27244
S_BONFIRE_STATUS 30223
S_CANT_FLY_ANYMORE 41980
S_CHANGE_DESTPOS_PROJECTILE 28157
S_CHANGE_PARTY_MANAGER 31415
S_CHECK_TO_READY_PARTY 21289
S_COMPLETE_CHRONOSCROLL_USE 42769
S_COMPLETE_LOOP_QUEST 39973
S_CONTRACT_PET_LEVEL_UP_ITEM_LIST_UPDATE 45542
S_CREATURE_ROTATE 64609
S_CURRENT_ELECTION_STATE 31177
S_DAILY_QUEST_COMPLETE_COUNT 51893
S_DESPAWN_PROJECTILE 25418
S_DUNGEON_CONSOLE_EVENT 27877
S_DUNGEON_EVENT_MESSAGE 33050
S_DUNGEON_LOOK_AT_NPC 25244
S_DUNGEON_VEHICLE_REPAIRABLE 44309
S_END_PEGASUS 32463
S_END_STYLE_SHOP_MARK_PRODUCT 44691
S_END_USER_PROJECTILE 24991
S_FAIL_LOOT_NON_OWNERSHIP 32845
S_FEARMOVE_END 25162
S_FEARMOVE_STAGE 43482
S_GROUP_NPC_LOCATION 34822
S_GUARD_PK_POLICY 31801
S_INGAME_CHANGE_USER_APPEARANCE_START 51502
S_INIT_SEREN_GUIDE 32315
S_INTERACTION_RESULT 50466
S_ITEM_CUSTOM_STRING 44735
S_ITEM_EXPLOSION_RESULT 30619
S_LEAVE_PARTY 31433
S_LEAVE_PARTY_MEMBER 45674
S_LOGOUT_PARTY_MEMBER 52412
S_MASSTIGE_STATUS 35128
S_MINIGAME_RANK_END_POINT 33554
S_MINIGAME_START 23373
S_MOUNT_VEHICLE 48845
S_NOTIFY_BATTLE_FIELD_CHAT_BAN 55037
S_NPC_INTERACTION_COMBO_INFO 48744
S_NPC_LOCATION 25376
S_NPC_PARTIAL_DESTRUCT 58664
S_NPC_PART_BLINK 45841
S_NPC_PART_BREAK_ACTIVE 31674
S_OPEN_GUARD_INFO_WINDOW 37256
S_PARCEL_READ_RECV_STATUS 47973
S_PARTY_INFO 25146
S_PARTY_MEMBER_ABNORMAL_CLEAR 24484
S_PARTY_MEMBER_ABNORMAL_DEL 25372
S_PARTY_MEMBER_BUFF_UPDATE 32325
S_PARTY_MEMBER_INFO 57243
S_PARTY_MEMBER_INTERVAL_POS_UPDATE 21806
S_PARTY_MEMBER_LIST 61250
S_PARTY_MEMBER_STAT_UPDATE 32244
S_PETITION_CHAT_BEGIN 22793
S_PETITION_CHAT_END 38496
S_PETITION_CHAT_GM_MESSAGE 55751
S_PETITION_CHECK_CREATABLE 51501
S_PETITION_CHECK_SURVEYABLE 36655
S_PETITION_COMPLETE 40105
S_PETITION_CREATE 60666
S_PETITION_FORCE_CREATE 27164
S_PETITION_INFO 50599
S_PREMIUM_COMPOSE_ADD_ITEM 57055
S_PREMIUM_COMPOSE_DEL_ITEM 50948
S_PREMIUM_COMPOSE_RESET 44664
S_PREMIUM_COMPOSE_RESULT 30919
S_PREMIUM_COMPOSE_START 47310
S_PREMIUM_COMPOSE_UI_INFO 34904
S_USER_PVP_RANKING 27055
S_QUEST_BALLOON 37822
S_REQUEST_SERVANT_EVOLUTION 32124
S_REQUEST_SERVANT_INFO_LIST 54503
S_REQUEST_SERVANT_LEVEL_UP 25661
S_RESULT_ITEM_COLORING 32123
S_RESULT_SEREN_GUIDE 57266
S_RETURN_USER 61699
S_RETURN_USER_REWARD_END 39346
S_REWRITE_ITEM_STRING 26379
S_SET_FLY_MOVE_INFO 38291
S_SET_SEND_PARCEL_ITEM 36260
S_SET_SEND_PARCEL_MONEY 58249
S_SHOW_CANDIDATE_LIST 58648
S_SHOW_PARTY_MATCH_INFO 44080
S_SPAWN_BONFIRE 31973
S_SPAWN_DROPITEM 29978
S_SPAWN_PROJECTILE 34698
S_SPAWN_REMOTE_PROJECTILE 34475
S_START_CLIMBING 30868
S_START_PEGASUS 21585
S_START_USER_PROJECTILE 23764
S_TASK_INFO_GUARD 38406
S_TOGGLE_TASK_INFO_WINDOW 41529
S_UNMOUNT_VEHICLE 45100
S_UPDATE_STYLE_SHOP_MARK_PRODUCT 26116
S_USER_LOCATION 54407
S_USER_LOCATION_IN_ACTION 62485
S_USER_MOVETYPE 50468
S_USE_CHRONOSCROLL_RESULT 38304
S_USE_JUMPGEAR 45797
S_VIEW_PARTY_INVITE 25290
S_ACTION_END 23886
S_ACTION_STAGE 58101
S_ADMIN_PRIVILEGE 63887
S_ADMIN_VIP_TEST 42404
S_AERO 33668
S_AIR_REACTION_END 36196
S_ASK_TELEPORT 63528
S_AVAILABLE_SOCIAL_LIST 51281
S_BREAK_SHIELD_END 60056
S_BUY_VIP_STORE_ITEM_SUCCESS 59690
S_CAMERA_SHAKE 22307
S_CANCEL_PREPARE_CHANGE_USER_APPEARANCE 30499
S_CANNOT_START_SKILL 55136
S_CAN_CREATE_USER 37972
S_CAN_LOCKON_TARGET 62064
S_CHANGE_USER_NAME_RESULT 52357
S_CHECK_USERNAME 60787
S_CONNECT_SKILL_ARROW 57958
S_CREATE_USER 35591
S_CREST_APPLY 52840
S_CUSTOM_STYLE_SYSTEM_MESSAGE 62497
S_DECREASE_COOLTIME_SKILL 25957
S_DEFAULT_ANIM_CHANGE 58523
S_DEFEND_SUCCESS 40874
S_DESPAWN_SHUTTLE 38385
S_DUNGEON_CHANGE_NPC_ANIMSET 24833
S_EMITTER 37576
S_EMITTER_SET_Z 29107
S_END_CHANGE_USER_APPEARANCE 37316
S_END_FIX_SPIRIT 20952
S_END_FIX_VEHICLE 54899
S_END_STACK_ATTENDANCE_EVENT_INFO 35214
S_EVENT_DIALOG 25215
S_FIX_SPIRIT_COMPLETE 30989
S_FIX_SPIRIT_PROGRESS 49283
S_FIX_VEHICLE_COMPLETE 22082
S_FIX_VEHICLE_PROGRESS 24452
S_GET_IN_SHUTTLE 61910
S_GET_OUT_SHUTTLE 55909
S_GET_USER_GUILD_LOGO 53566
S_GRANT_SKILL 27313
S_INSTANCE_ARROW 61104
S_INSTANT_CATCH 40563
S_INSTANT_DASH 39095
S_INSTANT_THROW 20164
S_INTEREST_INFO 39259
S_LOADING_SCREEN_CONTROL_INFO 56177
S_LOCKON_YOU 23925
S_LOGIN_ACCOUNT_INFO 30814
SU_USER_LOOT_ITEM 30758
S_MATERIAL_CHANGE 38872
S_MATERIAL_PARAM_CHANGE 37071
S_MOVE_SHUTTLE 39223
S_NAME_PREEMPTION_EVENT_INFO 54178
S_NOCTAN_VARIATION_INFO 24228
S_NOTIFY_USER_SKILL_POLISHING_LEVEL_UP 34201
S_NPC_CHANGE_MESH 27500
S_NPC_SCALE 65379
S_NPC_TRANSLATIONZ 26775
S_OP_COMMAND 60615
S_PING 36357
S_PLAYER_AUTOPILOT 25950
S_PLAYER_CHANGE_NOCTAN_COUNT 57459
S_PLAYER_VEHICLE_EX_STAT_UPDATE 33806
S_PLAY_ANIMATION 36120
S_PLAY_EFFECT 62030
S_PLAY_EVENT_SOUND 39406
S_PLAY_MAGNETIC 53411
S_PLAY_MOVIE 31773
S_PLAY_SOUND 40172
S_PLAY_SOUND_BYNAME 61234
S_POSITION_SWAP 56414
S_POST_PROCESS 49122
S_POST_PROCESS_MATERIAL 28002
S_PROTECT 42573
S_PUSHED_BY_SHIELD 48189
S_REMAIN_PLAY_TIME 45002
S_REMOVE_EFFECT 21675
S_REPLY_CLIENT_CHAT_OPTION_SETTING 63285
S_REQUEST_REACTION_POS_TICK 56161
S_SAVE_CLIENT_UI_SETTING 58573
S_SECOND_PASSWORD_AUTH_RESULT 39450
S_SECOND_PASSWORD_REGISTER_RESULT 33976
S_SELECT_USER 47441
S_SEND_VIP_SYSTEM_INFO 48616
S_SET_WORKOBJECT 21038
S_SHOW_REVIVE_UI 41554
S_SIMPLE_TIP_REPEAT_CHECK 59313
S_SKILL_ATTENTION_TARGET 26324
S_SKILL_CATEGORY 64726
S_SKILL_CHASE_EFFECT_TARGET 29305
S_SKILL_FORGET 49756
S_SKILL_LEARN_LIST 29755
S_SKILL_LEARN_RESULT 46820
S_SKILL_LIST 58126
S_SKILL_PERIOD 29738
S_SKILL_TARGETING_AREA 51675
S_SPAWN_SHUTTLE 29194
S_SPAWN_WORKOBJECT 45677
S_START_ACTION_SCRIPT 60251
S_START_CLIENT_CUSTOM_SKILL 38293
S_START_COOLTIME_ITEM 63361
S_START_COOLTIME_SERVANT_SKILL 54868
S_START_COOLTIME_SKILL 25334
S_START_FIX_SPIRIT 51081
S_START_FIX_VEHICLE 56926
S_START_INVERSE_CAPTURE 39631
S_STICK_TO_USER_END 58537
S_STICK_TO_USER_START 28644
S_SUCCESS_COUNTER 20641
S_SWITCH_INFO 64924
S_SYSTEM_MESSAGE 28411
S_SYSTEM_MESSAGE_CUSTOM 43825
S_SYSTEM_MESSAGE_LOOT_ITEM 53217
S_SYSTEM_MESSAGE_LOOT_SPECIAL_ITEM 20713
S_SYSTEM_REWARD_MESSAGE 42944
S_TARGET_INFO 54521
S_TBA_SELECT_USER 37618
S_TRADE_BROKER_BUY_IT_NOW 63899
S_TRADE_BROKER_DEAL_INFO_UPDATE 57395
S_TRADE_BROKER_HIGHEST_ITEM_LEVEL 42524
S_TRADE_BROKER_SUGGEST_DEAL 42986
S_TUTORIAL_PLAY_FINISHED 43486
S_UNICAST_TRANSFORM_DATA 43685
S_VEHICLE_EX_ARROW 50516
S_WORK_WORKOBJECT 45074
S_SURVEY_QUESTION 60700
S_CLIENT_COMMAND 34559
S_STEER_DEBUG_COMMAND 64238
S_DUNGEON_CLEAR_COUNT_LIST 31784
S_F2P_PremiumUser_Permission 37502
S_ADMIN_GET_USER_INFO_BY_DBID 34224
S_ADMIN_GMEVENT_STATUS 31980
S_HOLD_ABNORMALITY_ADD 54345
S_HOLD_ABNORMALITY_REMOVE 53990
S_INVEN_CHANGEDSLOT 20060
S_SHOW_TRADE_ITEM 62435
S_SHOW_TRADE_LOG 57770
S_INGAMESHOP_PRODUCT_SUBPROD 32030
S_INGAMESHOP_PRODUCT_TAG 37224
S_PET_INFO_CHANGE 56882
S_ASK_BIDDING_RARE_ITEM 31430
S_NPCGUILD_LIST 39928
S_PREMIUM_SLOT_DATALIST 33267
S_PREMIUM_SLOT_OFF 21090
S_CREST_INFO 54273
S_CREST_MESSAGE 43966
S_PREPARE_RETURN_TO_LOBBY 46501
S_PREPARE_SELECT_CHANNEL 32166
S_RETURN_TO_LOBBY 21856
S_SELECT_CHANNEL 62681
S_INVEN_USERDATA 25977
S_ITEMLIST 22438
S_GUILD_INFO 20238
S_GUILD_LEVEL_INFO_CHANGED 25389
S_GUILD_MEMBER_LIST 36610
S_GUILD_MONEY_INFO_CHANGED 57542
S_GUILD_QUEST_LIST 40079
S_GUILD_WARE_HISTORY 25895
S_SHOW_GUILD_QUEST_LIST 26053
S_START_GUILD_QUEST 21688
S_PARTY_MEMBER_CHANGE_MP 62478
S_PARTY_MEMBER_CHANGE_STAMINA 48498
S_REQUEST_SECOND_PASSWORD_AUTH 38096
S_TRADE_BROKER_HISTORY_ITEM_LIST 62113
S_TRADE_BROKER_INPUT_PRICE 42606
S_USER_REPORT 25187
S_CHAT_REPORT 22468
SU_RESONANCE_DUNGEON 55215
S_DUNGEON_COOL_TIME_LIST 63720
S_REJECT_CONTRACT 26173
S_EQUIP_SERVANT_ITEM 61975
S_FONT_SWAP_INFO 34942
S_UPDATE_GUILD_QUEST_STATUS 48853
S_GUILD_APPLY_COUNT 31546
S_ADMIN_GET_USERINFO_SKILL 30480
S_ARENA_FIGHT_ABNORMALITY_BEGIN 25429
S_ARENA_FIGHT_ABNORMALITY_END 30985
S_ARENA_FIGHT_ABNORMALITY_REFRESH 20580
S_ARENA_RESULT 45603
S_BATTLE_FIELD_RESULT 63206
S_BATTLE_FIELD_START_OCCUPATION 33274
S_BATTLE_FIELD_STRONGHOLD_EVENT 28534
S_CLEAR_ALL_HOLDED_ABNORMALITY 36372
S_ROUND_PVP_BATTLE_FIELD_BOARD 21244
S_DESPAWN_COLLECTION 46749
S_REQUEST_CITY_WAR_MAP_INFO_END 28208
S_UPDATE_FRIEND_INFO 60327
S_USER_BLOCK_LIST 39328
S_COUPON_DATA 44367
S_COUPON_NOTIFY 46222
S_DONE_TEL_CAMP 36898
S_LIST_CHANNEL 39675
S_PARTY_MARKER 62048
S_PREPARE_EXIT 56481
S_SHOW_NPC_TO_MAP 33770
S_USE_COUPON 30863
S_ACCEPT_CONTRACT 40807
S_BATTLE_FIELD_POINT_STORE_BASKET 53497
S_BATTLE_FIELD_POINT_STORE_SELL_LIST 21246
S_CANCEL_CONTRACT 32480
SU_REQUEST_ELIN_EVENT_DETAIL 47989
S_RANK_POINT_STATUS 37165
S_DESPAWN_BUILD_OBJECT 65020
S_DESPAWN_EVENT_SEED 61845
S_DESPAWN_STATUE 31057
S_DIALOG_CLOSE 52030
S_DUNGEON_WORK_POINT_STORE_BASKET 25201
S_DUNGEON_WORK_POINT_STORE_SELL_LIST 41269
S_FIELD_EVENT_CHANNEL_FULL_GUIDE 20838
S_FIELD_EVENT_PROGRESS_INFO 41017
S_FIELD_EVENT_RANK_LIST 54723
S_GROUP_DUEL_CURRENT_BETTING_ITEM 63951
S_GUILD_STORE_BASKET 48092
S_GUILD_STORE_SELL_LIST 28201
S_MEDAL_STORE_BASKET 45253
S_MEDAL_STORE_SELL_LIST 45331
S_NEED_WAREHOUSE_COMMISION 50431
S_ONGOING_FIELD_EVENT_LIST 55910
S_PLAYER_LACK_OF_ACTPOINT 63855
S_POINT_STORE_BASKET 43181
S_POINT_STORE_SELL_LIST 61265
S_DARK_RIFT_CLEAR_MAP_MARKER_WORLD_NOTI 29347
S_REGISTER_ENCHANT_ITEM 27462
S_REGISTER_EVOLUTION_ITEM 36356
S_REPLY_REQUEST_CONTRACT 63894
S_SHOW_DUNGEON_RETRY_UI 59193
S_SPAWN_DOOR 32005
S_SPAWN_STATUE 28168
S_UPDATE_EVENT_SEED_STATE 60541
S_CHECK_TO_DECLARE_GUILD_WAR 32813
S_GUILD_LEVEL_RANKING_LIST 34324
S_GUILD_PERK_LIST 40718
S_GUILD_POINT_INFO_CHANGED 26841
S_NOTIFY_GUILD_QUEST_URGENT 27300
S_REPLY_GUILD_LIST 28981
S_REPLY_GUILD_WANTED_WRITING_LIST 20200
S_REPLY_INVITE_GUILD_LIST 27377
S_RESULT_LEARN_GUILD_PERK 26288
S_AVAILABLE_EVENT_MATCHING_LIST 60442
S_CHECK_TO_READY_PARTY_FIN 42852
S_COMPLETE_EVENT_MATCHING_QUEST 25353
S_CURR_FLY_MOVE_INFO 49654
S_DESPAWN_BONFIRE 39359
S_DESPAWN_DROPITEM 58439
S_DUNGEON_CAMERA_SET 34141
S_ITEMSYNTHESIZER_MATERIAL 55407
S_ITEMSYNTHESIZER_RESULT 24513
S_ITEM_COLORING_BAG 60303
S_MERGE_PARTY_TO_RAID 41185
S_SEND_CHANGE_REPUTATION_POINT 59567
S_OTHER_USER_APPLY_PARTY 58936
S_PARTY_MATCH_LINK 41463
S_PARTY_MEMBER_ABNORMAL_ADD 52285
S_PARTY_MEMBER_ABNORMAL_REFRESH 32143
S_PARTY_MEMBER_CHANGE_HP 31525
S_PARTY_MEMBER_QUEST_DATA 23965
S_REQUEST_SERVANT_COMPOSE 21063
S_RESET_ALL_PRODUCT_MARK_EVENT 57175
S_RESULT_BIDDING_DICE_THROW 50384
S_RESULT_ITEM_BIDDING 38482
S_PET_DURABILITY_CHANGE 65148
S_UPDATE_NPCGUILD 55333
S_ADMIN_NOTICE 37924
S_VOTE_RESET_ALL_DUNGEON 40426
S_ACCOUNT_PACKAGE_LIST 40099
S_CREST_ASK_DISAPPLY_ALL 56462
S_CREST_CHANGE_FAIL 56711
S_EACH_SKILL_RESULT 23217
S_GET_USER_LIST 60224
S_INSTANT_PULL 59943
S_LOGIN_ARBITER 38453
S_MOUNT_VEHICLE_EX 52338
S_RP_SKILL_POLISHING_LIST 27498
S_START_CHANGE_USER_APPEARANCE 58078
S_TRADE_BROKER_CALC_NOTIFY 47753
S_TRADE_BROKER_DEAL_SUGGESTED 65355
S_TRADE_BROKER_REGISTERED_ITEM_LIST 33453
S_TRADE_BROKER_REQUEST_DEAL_RESULT 32988
S_TRADE_BROKER_SOLD_ITEM_LIST 41788
S_TRADE_BROKER_WAITING_ITEM_LIST 64972
C_NOTIFY_LOCATION_IN_ACTION 45914
C_ADMIN_CHECK_USERNAME 57730
C_ADMIN_KILL_NPC 47034
C_REQUEST_USER_PAPERDOLL_INFO_WITH_GAMEID 57174
C_BAN_PARTY_MEMBER 50631
C_DISMISS_PARTY 31265
C_UNMOUNT_VEHICLE 39296
C_TOGGLE_GROUP_DUEL_SLOT 55613
C_SHOW_QUEST_INFO_DIALOG 39376
C_CREATE_GROUP_DUEL 47338
C_REQUEST_SHARE_QUEST 21455
C_REQUEST_ABNORMALITY_TOOLTIP_VALUE 34724
C_WAREHOUSE_AUTO_SORT 39938
C_REQUEST_GUILD_INFO_BEFORE_APPLY_GUILD 34023
C_KICK_CHANNEL_MEMBER 45327
C_LEAVE_PARTY 27383
C_LEAVE_PRIVATE_CHANNEL 64182
C_REUQUEST_JOINED_CHANNEL_LIST 26388
C_GET_USER_LIST 23283
C_INVALID_BUILD_VERSION 48206
C_COMMIT_ACCESSORY_TRANSFORM 48195
C_PLAYER_LOCATION 26432
CU_RESONANCE_DUNGEON 32957
CU_CLEAR_CARDS_MENU 38706
CU_START_FUSION 61576
C_CHANGE_CARD_PRESET 50270
C_PURCHASE_PROD 23004
C_VIEW_INTER_PARTY_MATCH_DUNGEON_LIST 38452
C_CANCEL_CONTRACT 23416
C_INGAME_CHANGE_USER_APPEARANCE_TRY 60498
CU_REQUEST_ELIN_EVENT_DETAIL 33903
CU_COMMIT_ELIN_EVENT 34653
C_GACHA_TRY 55855
C_SET_GUILDGROUP_AUTHORITY 58256
C_LOAD_TOPO_FIN 41343
C_DEL_ITEM 45979
C_SHOW_ITEMLIST 28058
C_MERGE_ITEM 40753
C_MOVE_ITEM 47073
C_REQUEST_NONDB_MYTHICITEM_TOOLTIP 30288
C_REQUEST_FLY_MOVE_INFO 65185
C_REQUEST_CHANGE_CHARACTER_NAME 31504
C_MYTHICCRAFT_REGISTER_TARGET_ITEM 42884
C_MYTHICCRAFT_REGISTER_MATERIAL_ITEM 27839
C_TRY_NPC_INTERACTION 37377
C_NOTIMELINE_SKILL 44419
C_UPDATE_REACTION_POS 23875
C_CANCEL_SKILL 36518
C_USE_PREMIUM_SLOT 48834
C_START_INSTANCE_SKILL_EX 27052
C_LORD_REGISTER_INFO 52595
C_VOTE_HISTORY 31312
C_REQUEST_CHANGE_LOOKS_SERVANT 59696
C_REQUEST_SERVANT_ADVENTURE_LIST 64329
C_SURVEY_ANSWER 22074
C_MERGE_ITEM_EXECUTE 35936
C_HIT_USER_PROJECTILE 46474
C_REQUEST_VIP_STORE_ITEM_LIST 31132
C_DELETE_USER 31977
C_ADMIN_GET_USER_INFO_LIST_BY_DISTANCE 56872
C_SERVER_TIME 58782
C_ADMIN_GMEVENT_OFF 41839
C_ADMIN_HOLD_CHARACTER 49797
C_ADMIN_VANISH_PET 52962
C_ADMIN_WARNING_MESSAGE 28179
C_BROADCAST_CLIMBING 24002
C_END_CLIMBING 43535
C_MEET_BOSS_INFO 64170
C_VIEW_BATTLEFIELD_STORE 39154
C_REVIVE_NOW 54279
C_VIEW_INTER_PARTY_MATCH_BATTLEFIELD_LIST 64573
C_REQUEST_PRIVATE_CHANNEL_INFO 60073
C_NOTIFY_LOCATION_IN_DASH 35070
C_DIALOG_EVENT 49119
C_SET_VISIBLE_RANGE 40585
C_ENTER_DUNGEON 30287
C_DUNGEON_CLEAR_COUNT_LIST 61578
C_RESET_ALL_DUNGEON 20263
C_REQUEST_FIELD_POINT_REWARD 29502
C_REQUEST_ENCHANT 61325
C_UNREGISTER_COMBINE_ITEM 38266
C_REGISTER_ENCHANT_ITEM 21009
C_REGISTER_EVOLUTION_ITEM 50095
C_STOP_FISHING 31911
C_CAST_FISHING_ROD 24298
C_COMBINE_ITEM 48868
C_REQUEST_ONGOING_FIELD_EVENT_LIST 52561
C_ACCEPT_FRIEND 62115
C_DELETE_FRIEND 62896
C_ADD_FRIEND 56144
C_CHANGE_FRIEND_MEMO 20429
C_CHANGE_MY_STATE 23838
C_UPDATE_FRIEND_INFO 48362
C_SIMPLE_TIP_DONT_REPEAT 30264
C_REQUEST_GAMESTAT_PING 28503
C_REQUEST_GUILD_LEVEL_RANKING 52798
C_GROUP_DUEL_BETTING 44715
C_GROUP_DUEL_CHANGE_REPRESENT 25184
C_GROUP_DUEL_DEL_BETTING_ITEM 22704
C_CITY_WAR_INFO_HISTROY 40673
C_GET_GUILD_QUEST_WEEKLY_REWARD 49267
C_REQUEST_LEARN_GUILD_PERK 44608
C_CHAT 30429
C_SHOW_GUILD_QUEST_LIST 63123
C_VIEW_GUILD_WAR 31533
C_ITEMSYNTHESIZER_REQUEST_CANCEL 51816
C_ITEMSYNTHESIZER_REQUEST_MATERIAL 38265
C_UNBIND_ITEM 45105
C_CAN_CREATE_USER 53331
C_SELECT_USER 64621
C_CANCEL_DELETE_USER 26700
C_GET_USER_GUILD_LOGO 30901
C_MAIN_MENU_COMMAND_EXEC 24072
C_RETURN_TO_LOBBY 32137
C_CAN_LOCKON_TARGET 35300
C_REQUEST_MEGAPHONE 27585
C_AVAILABLE_EVENT_MATCHING_LIST 43076
C_COMPLETE_EXTRA_EVENT 65136
C_CHECK_EVENT_MATCHING_LIST_CHECKBOX 63433
C_COMPLETE_DAILY_EVENT 60676
C_EVENT_MATCHING_DUNGEON_DETAIL_INFO 64725
C_UNEQUIP_ITEM 31315
C_REQUEST_EVENT_MATCHING_TELEPORT 36934
C_REQUEST_REPUTATION_STORE_TELEPORT 36545
C_LIST_PARCEL 51398
C_CLOSE_SEND_PARCEL 21872
C_SET_SEND_PARCEL_TYPE 48464
C_APPLY_PARTY 56502
C_PARTY_APPLICATION_DENIED 33161
C_REQUEST_PARTY_INFO 55334
C_UNREGISTER_PARTY_INFO 64253
C_REGISTER_PARTY_INFO 50005
C_REQUEST_CANDIDATE_LIST 51904
C_PLAYER_FLYING_LOCATION 52186
C_CHANGE_PARTY_MEMBER_AUTHORITY 26094
C_PREMIUM_COMPOSE_CANCEL 28985
C_RETURN_USER_GIFT 57084
C_PREMIUM_COMPOSE_ADD_ITEM 45343
C_PREMIUM_COMPOSE_DEL_ITEM 28407
C_BIND_ITEM_BEGIN_PROGRESS 21512
C_START_PRODUCE 22393
C_SET_TARGET_INFO 46863
C_REQUEST_QUEST_BACKUP_ITEM 42593
C_REQUEST_SERVANT_INFO_LIST 65052
C_LORD_CANDIDATE_LIST 28903
C_REQUEST_DESPAWN_SERVANT 35454
C_REQUEST_PARTY_MATCH_INFO_PAGE 54854
C_ENTER_SCENARIO_DUNGEON 52299
C_REQUEST_PARTY_MATCH_INFO 27732
C_SERVANT_ABILITY 60512
C_CANCEL_CHANGE_USER_APPEARANCE 28667
C_REQUEST_SERVANT_LEVEL_UP 59114
C_REQUEST_SERVANT_COMPOSE 58610
C_REQUEST_SERVANT_EVOLUTION 29044
C_REQUEST_PET_CONSUME_EXP_ITEM 45280
C_PET_LEVEL_UP_ITEM_ADD_TO_LIST 30996
C_PET_LEVEL_UP_ITEM_REMOVE_FROM_LIST 61150
C_SOCIAL 51601
C_RQ_SKILL_POLISHING_LIST 33370
C_RESPONSE_SPAWN_DROPITEM 45194
C_SKILL_LEARN_LIST 35241
C_RQ_SKILL_POLISHING_CHANGE_OPTION 51641
C_REQUEST_STACK_ATTENDANCE_EVENT_INFO_UPDATE 64901
C_REQUEST_STACK_ATTENDANCE_EVENT_REWARD 27459
C_REJECT_CONTRACT 61835
C_SHOW_ITEM_TOOLTIP_EX 56008
C_REQUEST_NONDB_ITEM_INFO 44329
C_TRADE_BROKER_DEAL_CONFIRM 22983
C_TRADE_BROKER_REJECT_SUGGEST 58353
C_TRADE_BROKER_REGISTER_ITEM 34751
C_CONFIRM_UPDATE_NOTIFICATION 26794
C_NPC_CONTACT 20788
C_REMOVE_BLOCKED_USER 53880
C_BLOCK_USER 28125
C_VIEW_WARE 21293
C_GACHA_CANCEL 34949
C_RQ_ADD_ITEM_TO_DECOMPOSITION_CONTRACT 42365
C_REQUEST_USER_PAPERDOLL_INFO 37454
C_WHISPER 50900
C_PRESS_SKILL 25741
C_VISIT_NEW_SECTION 37079
C_SECOND_PASSWORD_AUTH 28133
C_GET_OUT_SHUTTLE 40345
C_GET_IN_SHUTTLE 21874
C_ADMIN 59932
C_OP_COMMAND 49636
C_DIALOG 39161
C_UNREGISTER_EVOLUTION_ITEM 52786
C_UNREGISTER_REPAIR_ITEM 21730
C_REQUEST_EVOLUTION 39845
C_START_EVOLUTION 26909
C_REQUEST_GUILD_PERK_LIST 60569
C_RQ_COMMIT_DECOMPOSITION_CONTRACT 64348
C_BIND_ITEM_EXECUTE 51334
C_BATTLE_FIELD_POINT_STORE_BUY_ADD_BASKET 41274
C_GUILD_STORE_BUY_ADD_BASKET 53969
C_BATTLE_FIELD_POINT_STORE_BUY_DEL_BASKET 20689
C_GUILD_STORE_BUY_DEL_BASKET 50264
C_PONG 45532
C_UNREGISTER_ENCHANT_ITEM 35826
C_START_ENCHANT 27489
C_REQUEST_PARTY_MATCH_LINK 44810
C_STORE_BUY_DEL_BASKET 50842
C_STORE_SELL_DEL_BASKET 37002
C_MEDAL_STORE_BUY_DEL_BASKET 36686
C_POINT_STORE_BUY_DEL_BASKET 21766
C_DUNGEON_WORK_POINT_STORE_BUY_DEL_BASKET 22711
C_POLITICS_POINT_STORE_BUY_DEL_BASKET 40267
C_USE_ITEM 25140
C_REPLY_THROUGH_ARBITER_CONTRACT 56340
C_EXPAND_INVEN_POCKET 43171
C_START_TARGETED_SKILL 42933
C_START_COMBO_INSTANT_SKILL 53966
C_START_INSTANCE_SKILL 21264
C_CHAT_REPORT 30356
C_ADMIN_GM_TELEPORT 53882
C_ADMIN_REQUEST_USERACTION 47172
C_REQUEST_CONTRACT 23314
C_EDIT_FRIEND_GROUP 60808
C_REQUEST_GUILD_LIST 42603
C_HARDWARE_INFO 31679
C_LOGIN_ARBITER 55119
C_SEND_PARCEL 33461
C_COMMIT_CHANGE_USER_APPEARANCE 46500
C_CREST_APPLY_LIST 53442
C_START_GUILD_SKILL 31529
C_START_SKILL 25745
C_SKILL_LEARN_REQUEST 38839
C_ADD_TRADE_BAG 57662
C_TRADE_BROKER_BUY_IT_NOW 28049
C_TRADE_BROKER_HISTORY_ITEM_LIST_NEW 63767
C_TRADE_BROKER_WAITING_ITEM_LIST_NEW 60023
C_GET_WARE_ITEM 44100
C_PUT_WARE_ITEM 44673
C_SAVE_CLIENT_ACCOUNT_SETTING 50029
C_SAVE_CLIENT_USER_SETTING 23725
C_SET_SEND_PARCEL_ITEM 35931
C_ADD_CRYSTAL_COMBINE_MATERIAL 43956
C_DEL_CRYSTAL_COMBINE_MATERIAL 53067
C_END_FISHING_MINIGAME 56234
CU_NEEDS_REMAP_4E20 20000
CU_NEEDS_REMAP_4E50 20048
CU_NEEDS_REMAP_4E67 20071
CU_NEEDS_REMAP_4E75 20085
CU_NEEDS_REMAP_4EA8 20136
SU_NEEDS_REMAP_4EC8 20168
SU_NEEDS_REMAP_4F31 20273
SU_NEEDS_REMAP_4F32 20274
SU_NEEDS_REMAP_4F36 20278
CU_NEEDS_REMAP_4F5B 20315
SU_NEEDS_REMAP_4F60 20320
SU_NEEDS_REMAP_4F63 20323
SU_NEEDS_REMAP_4F65 20325
SU_NEEDS_REMAP_4F92 20370
SU_NEEDS_REMAP_4FA4 20388
CU_NEEDS_REMAP_4FC1 20417
SU_NEEDS_REMAP_5005 20485
CU_NEEDS_REMAP_503A 20538
CU_NEEDS_REMAP_511F 20767
SU_NEEDS_REMAP_515D 20829
SU_NEEDS_REMAP_5167 20839
SU_NEEDS_REMAP_51EF 20975
SU_NEEDS_REMAP_5244 21060
SU_NEEDS_REMAP_5245 21061
CU_NEEDS_REMAP_5293 21139
SU_NEEDS_REMAP_52DF 21215
CU_NEEDS_REMAP_5302 21250
SU_NEEDS_REMAP_531D 21277
SU_NEEDS_REMAP_533A 21306
CU_NEEDS_REMAP_5340 21312
CU_NEEDS_REMAP_5342 21314
CU_NEEDS_REMAP_5356 21334
SU_NEEDS_REMAP_537C 21372
SU_NEEDS_REMAP_5384 21380
CU_NEEDS_REMAP_53DB 21467
CU_NEEDS_REMAP_53F4 21492
SU_NEEDS_REMAP_53F5 21493
SU_NEEDS_REMAP_540D 21517
SU_NEEDS_REMAP_541E 21534
CU_NEEDS_REMAP_542D 21549
CU_NEEDS_REMAP_543F 21567
SU_NEEDS_REMAP_5470 21616
SU_NEEDS_REMAP_5479 21625
SU_NEEDS_REMAP_551E 21790
SU_NEEDS_REMAP_5555 21845
CU_NEEDS_REMAP_5563 21859
CU_NEEDS_REMAP_5583 21891
CU_NEEDS_REMAP_5599 21913
SU_NEEDS_REMAP_55E9 21993
SU_NEEDS_REMAP_5610 22032
SU_NEEDS_REMAP_5615 22037
SU_NEEDS_REMAP_564B 22091
CU_NEEDS_REMAP_564F 22095
SU_NEEDS_REMAP_567E 22142
CU_NEEDS_REMAP_568D 22157
SU_NEEDS_REMAP_56C0 22208
CU_NEEDS_REMAP_56CF 22223
SU_NEEDS_REMAP_572C 22316
SU_NEEDS_REMAP_5730 22320
SU_NEEDS_REMAP_5766 22374
CU_NEEDS_REMAP_578F 22415
CU_NEEDS_REMAP_57C6 22470
SU_NEEDS_REMAP_58B1 22705
CU_NEEDS_REMAP_591B 22811
CU_NEEDS_REMAP_5921 22817
SU_NEEDS_REMAP_5923 22819
SU_NEEDS_REMAP_5935 22837
SU_NEEDS_REMAP_5942 22850
CU_NEEDS_REMAP_5956 22870
SU_NEEDS_REMAP_5963 22883
CU_NEEDS_REMAP_59A0 22944
CU_NEEDS_REMAP_59A7 22951
SU_NEEDS_REMAP_59B2 22962
CU_NEEDS_REMAP_59E5 23013
SU_NEEDS_REMAP_59ED 23021
SU_NEEDS_REMAP_59F1 23025
SU_NEEDS_REMAP_5A20 23072
SU_NEEDS_REMAP_5A30 23088
CU_NEEDS_REMAP_5A32 23090
CU_NEEDS_REMAP_5A39 23097
CU_NEEDS_REMAP_5A5A 23130
SU_NEEDS_REMAP_5A5F 23135
CU_NEEDS_REMAP_5A6E 23150
CU_NEEDS_REMAP_5A77 23159
CU_NEEDS_REMAP_5A90 23184
CU_NEEDS_REMAP_5AA8 23208
CU_NEEDS_REMAP_5ABA 23226
CU_NEEDS_REMAP_5ABF 23231
SU_NEEDS_REMAP_5ACC 23244
SU_NEEDS_REMAP_5AD8 23256
CU_NEEDS_REMAP_5B1A 23322
CU_NEEDS_REMAP_5B1E 23326
CU_NEEDS_REMAP_5B76 23414
SU_NEEDS_REMAP_5BB4 23476
CU_NEEDS_REMAP_5BEB 23531
CU_NEEDS_REMAP_5BFB 23547
SU_NEEDS_REMAP_5C29 23593
SU_NEEDS_REMAP_5C50 23632
CU_NEEDS_REMAP_5C6C 23660
SU_NEEDS_REMAP_5C6E 23662
SU_NEEDS_REMAP_5C7D 23677
SU_NEEDS_REMAP_5CBC 23740
SU_NEEDS_REMAP_5CCE 23758
CU_NEEDS_REMAP_5D10 23824
SU_NEEDS_REMAP_5D36 23862
SU_NEEDS_REMAP_5D5F 23903
CU_NEEDS_REMAP_5DB1 23985
SU_NEEDS_REMAP_5DD8 24024
CU_NEEDS_REMAP_5DE9 24041
SU_NEEDS_REMAP_5E0D 24077
CU_NEEDS_REMAP_5E10 24080
CU_NEEDS_REMAP_5E1F 24095
SU_NEEDS_REMAP_5E2B 24107
CU_NEEDS_REMAP_5E49 24137
SU_NEEDS_REMAP_5E7C 24188
CU_NEEDS_REMAP_5E8B 24203
SU_NEEDS_REMAP_5EAC 24236
CU_NEEDS_REMAP_5F01 24321
SU_NEEDS_REMAP_5F2A 24362
SU_NEEDS_REMAP_5F36 24374
CU_NEEDS_REMAP_5F58 24408
SU_NEEDS_REMAP_5F5B 24411
SU_NEEDS_REMAP_5F6B 24427
SU_NEEDS_REMAP_5F81 24449
CU_NEEDS_REMAP_5FAB 24491
SU_NEEDS_REMAP_5FC5 24517
CU_NEEDS_REMAP_5FE9 24553
SU_NEEDS_REMAP_600E 24590
CU_NEEDS_REMAP_6027 24615
SU_NEEDS_REMAP_606B 24683
SU_NEEDS_REMAP_6079 24697
SU_NEEDS_REMAP_60B7 24759
SU_NEEDS_REMAP_6109 24841
CU_NEEDS_REMAP_6158 24920
SU_NEEDS_REMAP_61D0 25040
SU_NEEDS_REMAP_627C 25212
SU_NEEDS_REMAP_62D4 25300
SU_NEEDS_REMAP_62F8 25336
SU_NEEDS_REMAP_6313 25363
SU_NEEDS_REMAP_6372 25458
SU_NEEDS_REMAP_6384 25476
CU_NEEDS_REMAP_63AE 25518
CU_NEEDS_REMAP_63D4 25556
CU_NEEDS_REMAP_63E5 25573
SU_NEEDS_REMAP_645D 25693
SU_NEEDS_REMAP_646B 25707
CU_NEEDS_REMAP_6476 25718
SU_NEEDS_REMAP_647E 25726
CU_NEEDS_REMAP_6489 25737
SU_NEEDS_REMAP_64A7 25767
CU_NEEDS_REMAP_64E5 25829
SU_NEEDS_REMAP_64EC 25836
SU_NEEDS_REMAP_64EF 25839
CU_NEEDS_REMAP_652C 25900
CU_NEEDS_REMAP_655C 25948
SU_NEEDS_REMAP_6600 26112
SU_NEEDS_REMAP_6602 26114
CU_NEEDS_REMAP_661D 26141
CU_NEEDS_REMAP_6671 26225
SU_NEEDS_REMAP_6682 26242
CU_NEEDS_REMAP_6700 26368
SU_NEEDS_REMAP_6704 26372
CU_NEEDS_REMAP_6732 26418
CU_NEEDS_REMAP_6743 26435
SU_NEEDS_REMAP_6786 26502
SU_NEEDS_REMAP_6794 26516
SU_NEEDS_REMAP_679E 26526
CU_NEEDS_REMAP_679F 26527
CU_NEEDS_REMAP_67D6 26582
CU_NEEDS_REMAP_67FD 26621
CU_NEEDS_REMAP_6839 26681
SU_NEEDS_REMAP_684F 26703
CU_NEEDS_REMAP_6866 26726
SU_NEEDS_REMAP_68BC 26812
SU_NEEDS_REMAP_691F 26911
SU_NEEDS_REMAP_6933 26931
SU_NEEDS_REMAP_6936 26934
SU_NEEDS_REMAP_6948 26952
CU_NEEDS_REMAP_6985 27013
CU_NEEDS_REMAP_6993 27027
SU_NEEDS_REMAP_69A6 27046
SU_NEEDS_REMAP_69E7 27111
CU_NEEDS_REMAP_69E8 27112
SU_NEEDS_REMAP_69EC 27116
SU_NEEDS_REMAP_6A16 27158
SU_NEEDS_REMAP_6A80 27264
SU_NEEDS_REMAP_6A81 27265
SU_NEEDS_REMAP_6ACD 27341
SU_NEEDS_REMAP_6AF6 27382
CU_NEEDS_REMAP_6AFF 27391
SU_NEEDS_REMAP_6B00 27392
CU_NEEDS_REMAP_6B23 27427
CU_NEEDS_REMAP_6B2E 27438
SU_NEEDS_REMAP_6B2F 27439
CU_NEEDS_REMAP_6B44 27460
SU_NEEDS_REMAP_6B66 27494
CU_NEEDS_REMAP_6B6B 27499
SU_NEEDS_REMAP_6B72 27506
CU_NEEDS_REMAP_6B88 27528
SU_NEEDS_REMAP_6B91 27537
CU_NEEDS_REMAP_6BC0 27584
SU_NEEDS_REMAP_6C10 27664
SU_NEEDS_REMAP_6C25 27685
CU_NEEDS_REMAP_6C60 27744
CU_NEEDS_REMAP_6C61 27745
SU_NEEDS_REMAP_6C70 27760
SU_NEEDS_REMAP_6CC6 27846
SU_NEEDS_REMAP_6D01 27905
SU_NEEDS_REMAP_6D04 27908
CU_NEEDS_REMAP_6D14 27924
SU_NEEDS_REMAP_6D1A 27930
CU_NEEDS_REMAP_6D23 27939
SU_NEEDS_REMAP_6D29 27945
CU_NEEDS_REMAP_6D31 27953
CU_NEEDS_REMAP_6D3C 27964
SU_NEEDS_REMAP_6E12 28178
SU_NEEDS_REMAP_6E36 28214
CU_NEEDS_REMAP_6E3E 28222
CU_NEEDS_REMAP_6E54 28244
CU_NEEDS_REMAP_6E57 28247
CU_NEEDS_REMAP_6E58 28248
SU_NEEDS_REMAP_6E83 28291
SU_NEEDS_REMAP_6E93 28307
CU_NEEDS_REMAP_6E9D 28317
SU_NEEDS_REMAP_6EAE 28334
SU_NEEDS_REMAP_6EE2 28386
SU_NEEDS_REMAP_6F16 28438
SU_NEEDS_REMAP_6F65 28517
CU_NEEDS_REMAP_6F87 28551
SU_NEEDS_REMAP_6FD4 28628
CU_NEEDS_REMAP_6FF9 28665
SU_NEEDS_REMAP_7037 28727
SU_NEEDS_REMAP_7040 28736
SU_NEEDS_REMAP_7069 28777
CU_NEEDS_REMAP_7087 28807
SU_NEEDS_REMAP_708A 28810
CU_NEEDS_REMAP_709D 28829
CU_NEEDS_REMAP_70A7 28839
CU_NEEDS_REMAP_70E9 28905
SU_NEEDS_REMAP_7103 28931
CU_NEEDS_REMAP_7134 28980
SU_NEEDS_REMAP_7189 29065
SU_NEEDS_REMAP_718B 29067
CU_NEEDS_REMAP_7191 29073
SU_NEEDS_REMAP_7283 29315
CU_NEEDS_REMAP_72E3 29411
CU_NEEDS_REMAP_735B 29531
CU_NEEDS_REMAP_736D 29549
SU_NEEDS_REMAP_739C 29596
CU_NEEDS_REMAP_73A3 29603
SU_NEEDS_REMAP_73A6 29606
CU_NEEDS_REMAP_73AB 29611
SU_NEEDS_REMAP_73B0 29616
SU_NEEDS_REMAP_73D3 29651
CU_NEEDS_REMAP_73F7 29687
CU_NEEDS_REMAP_742C 29740
CU_NEEDS_REMAP_7480 29824
SU_NEEDS_REMAP_7482 29826
SU_NEEDS_REMAP_7484 29828
SU_NEEDS_REMAP_7493 29843
SU_NEEDS_REMAP_74D3 29907
SU_NEEDS_REMAP_74E2 29922
CU_NEEDS_REMAP_752F 29999
CU_NEEDS_REMAP_7584 30084
SU_NEEDS_REMAP_7597 30103
CU_NEEDS_REMAP_759F 30111
SU_NEEDS_REMAP_75AD 30125
SU_NEEDS_REMAP_75C4 30148
SU_NEEDS_REMAP_767C 30332
CU_NEEDS_REMAP_76FF 30463
CU_NEEDS_REMAP_7725 30501
SU_NEEDS_REMAP_774E 30542
SU_NEEDS_REMAP_7794 30612
CU_NEEDS_REMAP_77B6 30646
SU_NEEDS_REMAP_7821 30753
SU_NEEDS_REMAP_782A 30762
SU_NEEDS_REMAP_7845 30789
SU_NEEDS_REMAP_7847 30791
CU_NEEDS_REMAP_7854 30804
SU_NEEDS_REMAP_7864 30820
CU_NEEDS_REMAP_78E4 30948
CU_NEEDS_REMAP_78F5 30965
SU_NEEDS_REMAP_78FF 30975
CU_NEEDS_REMAP_7935 31029
CU_NEEDS_REMAP_794C 31052
SU_NEEDS_REMAP_79D8 31192
SU_NEEDS_REMAP_7A02 31234
SU_NEEDS_REMAP_7A3A 31290
SU_NEEDS_REMAP_7A3E 31294
CU_NEEDS_REMAP_7A77 31351
SU_NEEDS_REMAP_7AB4 31412
SU_NEEDS_REMAP_7ACB 31435
SU_NEEDS_REMAP_7AD8 31448
CU_NEEDS_REMAP_7AE2 31458
SU_NEEDS_REMAP_7AE7 31463
SU_NEEDS_REMAP_7AEF 31471
SU_NEEDS_REMAP_7B0A 31498
CU_NEEDS_REMAP_7B1D 31517
SU_NEEDS_REMAP_7B41 31553
SU_NEEDS_REMAP_7B60 31584
SU_NEEDS_REMAP_7B6E 31598
SU_NEEDS_REMAP_7BA3 31651
SU_NEEDS_REMAP_7BA9 31657
CU_NEEDS_REMAP_7BFE 31742
SU_NEEDS_REMAP_7C40 31808
CU_NEEDS_REMAP_7C4A 31818
SU_NEEDS_REMAP_7C54 31828
CU_NEEDS_REMAP_7C6E 31854
CU_NEEDS_REMAP_7C9C 31900
CU_NEEDS_REMAP_7C9E 31902
CU_NEEDS_REMAP_7CB9 31929
CU_NEEDS_REMAP_7CC3 31939
SU_NEEDS_REMAP_7CCE 31950
SU_NEEDS_REMAP_7CE1 31969
SU_NEEDS_REMAP_7D0D 32013
SU_NEEDS_REMAP_7D10 32016
SU_NEEDS_REMAP_7D82 32130
SU_NEEDS_REMAP_7D90 32144
SU_NEEDS_REMAP_7DAA 32170
CU_NEEDS_REMAP_7E06 32262
CU_NEEDS_REMAP_7E23 32291
CU_NEEDS_REMAP_7E4E 32334
SU_NEEDS_REMAP_7E50 32336
CU_NEEDS_REMAP_7E66 32358
CU_NEEDS_REMAP_7EB4 32436
CU_NEEDS_REMAP_7F5C 32604
SU_NEEDS_REMAP_7F7E 32638
CU_NEEDS_REMAP_7FAA 32682
CU_NEEDS_REMAP_7FB8 32696
SU_NEEDS_REMAP_801E 32798
SU_NEEDS_REMAP_801F 32799
CU_NEEDS_REMAP_8049 32841
SU_NEEDS_REMAP_804E 32846
CU_NEEDS_REMAP_8088 32904
SU_NEEDS_REMAP_80A9 32937
SU_NEEDS_REMAP_80B6 32950
SU_NEEDS_REMAP_80BB 32955
SU_NEEDS_REMAP_80D9 32985
CU_NEEDS_REMAP_8114 33044
CU_NEEDS_REMAP_814B 33099
SU_NEEDS_REMAP_815B 33115
SU_NEEDS_REMAP_8170 33136
CU_NEEDS_REMAP_8177 33143
CU_NEEDS_REMAP_8180 33152
CU_NEEDS_REMAP_819D 33181
SU_NEEDS_REMAP_819F 33183
CU_NEEDS_REMAP_81A8 33192
SU_NEEDS_REMAP_81D6 33238
SU_NEEDS_REMAP_820F 33295
SU_NEEDS_REMAP_8213 33299
CU_NEEDS_REMAP_8237 33335
SU_NEEDS_REMAP_824D 33357
SU_NEEDS_REMAP_825B 33371
SU_NEEDS_REMAP_825E 33374
SU_NEEDS_REMAP_8263 33379
SU_NEEDS_REMAP_826A 33386
SU_NEEDS_REMAP_8283 33411
CU_NEEDS_REMAP_82B3 33459
SU_NEEDS_REMAP_82FD 33533
SU_NEEDS_REMAP_8305 33541
CU_NEEDS_REMAP_8340 33600
CU_NEEDS_REMAP_835C 33628
SU_NEEDS_REMAP_838C 33676
SU_NEEDS_REMAP_8398 33688
SU_NEEDS_REMAP_8499 33945
SU_NEEDS_REMAP_84AD 33965
CU_NEEDS_REMAP_8520 34080
CU_NEEDS_REMAP_852C 34092
SU_NEEDS_REMAP_852D 34093
SU_NEEDS_REMAP_8533 34099
SU_NEEDS_REMAP_8536 34102
CU_NEEDS_REMAP_8582 34178
SU_NEEDS_REMAP_85B2 34226
SU_NEEDS_REMAP_85ED 34285
SU_NEEDS_REMAP_85F8 34296
SU_NEEDS_REMAP_86AC 34476
CU_NEEDS_REMAP_86B5 34485
CU_NEEDS_REMAP_86F6 34550
CU_NEEDS_REMAP_86FE 34558
SU_NEEDS_REMAP_8713 34579
CU_NEEDS_REMAP_874C 34636
SU_NEEDS_REMAP_8759 34649
SU_NEEDS_REMAP_875E 34654
SU_NEEDS_REMAP_878F 34703
CU_NEEDS_REMAP_87ED 34797
CU_NEEDS_REMAP_87FC 34812
CU_NEEDS_REMAP_8809 34825
SU_NEEDS_REMAP_8866 34918
SU_NEEDS_REMAP_8884 34948
SU_NEEDS_REMAP_888E 34958
CU_NEEDS_REMAP_88B0 34992
SU_NEEDS_REMAP_88F1 35057
SU_NEEDS_REMAP_8916 35094
CU_NEEDS_REMAP_8930 35120
SU_NEEDS_REMAP_8961 35169
CU_NEEDS_REMAP_896E 35182
SU_NEEDS_REMAP_897D 35197
CU_NEEDS_REMAP_89E3 35299
CU_NEEDS_REMAP_8A27 35367
CU_NEEDS_REMAP_8A31 35377
CU_NEEDS_REMAP_8A36 35382
CU_NEEDS_REMAP_8A4F 35407
SU_NEEDS_REMAP_8A75 35445
CU_NEEDS_REMAP_8A76 35446
CU_NEEDS_REMAP_8AA2 35490
SU_NEEDS_REMAP_8AA4 35492
SU_NEEDS_REMAP_8AAE 35502
SU_NEEDS_REMAP_8AB4 35508
SU_NEEDS_REMAP_8AB8 35512
SU_NEEDS_REMAP_8ACF 35535
SU_NEEDS_REMAP_8AD5 35541
CU_NEEDS_REMAP_8B2B 35627
SU_NEEDS_REMAP_8B33 35635
CU_NEEDS_REMAP_8B37 35639
SU_NEEDS_REMAP_8B3A 35642
CU_NEEDS_REMAP_8B47 35655
CU_NEEDS_REMAP_8B5E 35678
SU_NEEDS_REMAP_8B85 35717
SU_NEEDS_REMAP_8B94 35732
CU_NEEDS_REMAP_8BCC 35788
SU_NEEDS_REMAP_8BF1 35825
CU_NEEDS_REMAP_8C3F 35903
SU_NEEDS_REMAP_8C76 35958
SU_NEEDS_REMAP_8C8C 35980
SU_NEEDS_REMAP_8C8D 35981
SU_NEEDS_REMAP_8C98 35992
CU_NEEDS_REMAP_8CC2 36034
CU_NEEDS_REMAP_8D30 36144
CU_NEEDS_REMAP_8DEC 36332
SU_NEEDS_REMAP_8DF8 36344
SU_NEEDS_REMAP_8E31 36401
SU_NEEDS_REMAP_8E57 36439
CU_NEEDS_REMAP_8E67 36455
SU_NEEDS_REMAP_8E9D 36509
SU_NEEDS_REMAP_8EED 36589
CU_NEEDS_REMAP_8EF9 36601
SU_NEEDS_REMAP_8F14 36628
CU_NEEDS_REMAP_8F16 36630
CU_NEEDS_REMAP_8F47 36679
CU_NEEDS_REMAP_8F5F 36703
CU_NEEDS_REMAP_8FA6 36774
SU_NEEDS_REMAP_8FF7 36855
SU_NEEDS_REMAP_9049 36937
SU_NEEDS_REMAP_907E 36990
CU_NEEDS_REMAP_9090 37008
SU_NEEDS_REMAP_912E 37166
CU_NEEDS_REMAP_9139 37177
CU_NEEDS_REMAP_9152 37202
CU_NEEDS_REMAP_916D 37229
SU_NEEDS_REMAP_9195 37269
SU_NEEDS_REMAP_91A1 37281
CU_NEEDS_REMAP_91B1 37297
CU_NEEDS_REMAP_91DF 37343
SU_NEEDS_REMAP_91F3 37363
CU_NEEDS_REMAP_91F7 37367
SU_NEEDS_REMAP_9205 37381
SU_NEEDS_REMAP_9257 37463
CU_NEEDS_REMAP_925F 37471
CU_NEEDS_REMAP_9265 37477
SU_NEEDS_REMAP_928C 37516
SU_NEEDS_REMAP_929A 37530
CU_NEEDS_REMAP_92C7 37575
SU_NEEDS_REMAP_92DC 37596
CU_NEEDS_REMAP_9300 37632
SU_NEEDS_REMAP_9358 37720
CU_NEEDS_REMAP_936A 37738
CU_NEEDS_REMAP_936C 37740
CU_NEEDS_REMAP_93D6 37846
CU_NEEDS_REMAP_9496 38038
SU_NEEDS_REMAP_950A 38154
SU_NEEDS_REMAP_956C 38252
SU_NEEDS_REMAP_9592 38290
SU_NEEDS_REMAP_95A3 38307
SU_NEEDS_REMAP_95B6 38326
SU_NEEDS_REMAP_95D6 38358
CU_NEEDS_REMAP_95F2 38386
SU_NEEDS_REMAP_965E 38494
CU_NEEDS_REMAP_967E 38526
SU_NEEDS_REMAP_96AA 38570
SU_NEEDS_REMAP_96B0 38576
CU_NEEDS_REMAP_970B 38667
CU_NEEDS_REMAP_9745 38725
CU_NEEDS_REMAP_9759 38745
SU_NEEDS_REMAP_9789 38793
CU_NEEDS_REMAP_97A6 38822
SU_NEEDS_REMAP_9809 38921
SU_NEEDS_REMAP_984C 38988
CU_NEEDS_REMAP_985A 39002
SU_NEEDS_REMAP_987E 39038
SU_NEEDS_REMAP_9895 39061
CU_NEEDS_REMAP_98BA 39098
CU_NEEDS_REMAP_98C5 39109
SU_NEEDS_REMAP_98C7 39111
SU_NEEDS_REMAP_98CF 39119
CU_NEEDS_REMAP_98DD 39133
CU_NEEDS_REMAP_9924 39204
CU_NEEDS_REMAP_9989 39305
SU_NEEDS_REMAP_998E 39310
SU_NEEDS_REMAP_999A 39322
SU_NEEDS_REMAP_99C3 39363
CU_NEEDS_REMAP_99C7 39367
SU_NEEDS_REMAP_9A13 39443
CU_NEEDS_REMAP_9A16 39446
SU_NEEDS_REMAP_9A1C 39452
SU_NEEDS_REMAP_9A26 39462
SU_NEEDS_REMAP_9A44 39492
SU_NEEDS_REMAP_9A5D 39517
SU_NEEDS_REMAP_9A68 39528
CU_NEEDS_REMAP_9A6A 39530
SU_NEEDS_REMAP_9AA0 39584
CU_NEEDS_REMAP_9AE0 39648
SU_NEEDS_REMAP_9AE2 39650
SU_NEEDS_REMAP_9B07 39687
SU_NEEDS_REMAP_9B85 39813
SU_NEEDS_REMAP_9B87 39815
SU_NEEDS_REMAP_9BF5 39925
SU_NEEDS_REMAP_9C0C 39948
SU_NEEDS_REMAP_9C20 39968
SU_NEEDS_REMAP_9C29 39977
SU_NEEDS_REMAP_9C42 40002
SU_NEEDS_REMAP_9C7E 40062
SU_NEEDS_REMAP_9C87 40071
CU_NEEDS_REMAP_9C93 40083
SU_NEEDS_REMAP_9C98 40088
CU_NEEDS_REMAP_9CD3 40147
SU_NEEDS_REMAP_9CFE 40190
CU_NEEDS_REMAP_9D2B 40235
CU_NEEDS_REMAP_9D31 40241
SU_NEEDS_REMAP_9D3E 40254
SU_NEEDS_REMAP_9D47 40263
SU_NEEDS_REMAP_9D63 40291
SU_NEEDS_REMAP_9DA4 40356
CU_NEEDS_REMAP_9DAD 40365
SU_NEEDS_REMAP_9DF7 40439
CU_NEEDS_REMAP_9E2E 40494
CU_NEEDS_REMAP_9E58 40536
SU_NEEDS_REMAP_9E8D 40589
CU_NEEDS_REMAP_9E97 40599
CU_NEEDS_REMAP_9E9E 40606
SU_NEEDS_REMAP_9EF1 40689
CU_NEEDS_REMAP_9EFE 40702
SU_NEEDS_REMAP_9F05 40709
SU_NEEDS_REMAP_9F2E 40750
CU_NEEDS_REMAP_9F3C 40764
CU_NEEDS_REMAP_9F57 40791
CU_NEEDS_REMAP_9F76 40822
SU_NEEDS_REMAP_9F7A 40826
CU_NEEDS_REMAP_9F83 40835
SU_NEEDS_REMAP_9F86 40838
CU_NEEDS_REMAP_9F8F 40847
SU_NEEDS_REMAP_9FCF 40911
CU_NEEDS_REMAP_A02C 41004
CU_NEEDS_REMAP_A033 41011
CU_NEEDS_REMAP_A056 41046
SU_NEEDS_REMAP_A098 41112
SU_NEEDS_REMAP_A09D 41117
SU_NEEDS_REMAP_A0E7 41191
SU_NEEDS_REMAP_A0FD 41213
CU_NEEDS_REMAP_A0FE 41214
SU_NEEDS_REMAP_A0FF 41215
CU_NEEDS_REMAP_A12B 41259
SU_NEEDS_REMAP_A1CF 41423
SU_NEEDS_REMAP_A216 41494
SU_NEEDS_REMAP_A22E 41518
CU_NEEDS_REMAP_A241 41537
CU_NEEDS_REMAP_A243 41539
CU_NEEDS_REMAP_A262 41570
SU_NEEDS_REMAP_A275 41589
SU_NEEDS_REMAP_A276 41590
CU_NEEDS_REMAP_A284 41604
CU_NEEDS_REMAP_A28F 41615
SU_NEEDS_REMAP_A296 41622
CU_NEEDS_REMAP_A2B2 41650
SU_NEEDS_REMAP_A2DC 41692
SU_NEEDS_REMAP_A341 41793
SU_NEEDS_REMAP_A36B 41835
CU_NEEDS_REMAP_A373 41843
CU_NEEDS_REMAP_A3B6 41910
SU_NEEDS_REMAP_A3E6 41958
SU_NEEDS_REMAP_A3FE 41982
CU_NEEDS_REMAP_A41D 42013
CU_NEEDS_REMAP_A444 42052
CU_NEEDS_REMAP_A48A 42122
SU_NEEDS_REMAP_A4A6 42150
CU_NEEDS_REMAP_A530 42288
SU_NEEDS_REMAP_A537 42295
CU_NEEDS_REMAP_A556 42326
CU_NEEDS_REMAP_A58E 42382
SU_NEEDS_REMAP_A5DA 42458
CU_NEEDS_REMAP_A5E0 42464
CU_NEEDS_REMAP_A5FE 42494
SU_NEEDS_REMAP_A60B 42507
SU_NEEDS_REMAP_A658 42584
SU_NEEDS_REMAP_A68C 42636
CU_NEEDS_REMAP_A6AF 42671
SU_NEEDS_REMAP_A6C9 42697
SU_NEEDS_REMAP_A6CC 42700
SU_NEEDS_REMAP_A6D5 42709
CU_NEEDS_REMAP_A727 42791
CU_NEEDS_REMAP_A72B 42795
SU_NEEDS_REMAP_A762 42850
CU_NEEDS_REMAP_A775 42869
CU_NEEDS_REMAP_A795 42901
CU_NEEDS_REMAP_A825 43045
SU_NEEDS_REMAP_A835 43061
CU_NEEDS_REMAP_A837 43063
CU_NEEDS_REMAP_A857 43095
SU_NEEDS_REMAP_A85D 43101
CU_NEEDS_REMAP_A86F 43119
CU_NEEDS_REMAP_A872 43122
CU_NEEDS_REMAP_A884 43140
CU_NEEDS_REMAP_A8A9 43177
SU_NEEDS_REMAP_A8AA 43178
CU_NEEDS_REMAP_A8C7 43207
SU_NEEDS_REMAP_A8C9 43209
SU_NEEDS_REMAP_A8FD 43261
CU_NEEDS_REMAP_A930 43312
SU_NEEDS_REMAP_A958 43352
SU_NEEDS_REMAP_A9B4 43444
CU_NEEDS_REMAP_A9C0 43456
CU_NEEDS_REMAP_A9C9 43465
CU_NEEDS_REMAP_A9E1 43489
CU_NEEDS_REMAP_A9F5 43509
SU_NEEDS_REMAP_A9FD 43517
SU_NEEDS_REMAP_AA33 43571
CU_NEEDS_REMAP_AAB0 43696
SU_NEEDS_REMAP_AAB3 43699
SU_NEEDS_REMAP_AAC4 43716
SU_NEEDS_REMAP_AACA 43722
CU_NEEDS_REMAP_AB10 43792
CU_NEEDS_REMAP_AB23 43811
CU_NEEDS_REMAP_AB24 43812
CU_NEEDS_REMAP_AB5C 43868
CU_NEEDS_REMAP_AB95 43925
SU_NEEDS_REMAP_ABAF 43951
SU_NEEDS_REMAP_ABF5 44021
SU_NEEDS_REMAP_ABFC 44028
SU_NEEDS_REMAP_AC27 44071
SU_NEEDS_REMAP_AC36 44086
SU_NEEDS_REMAP_AC40 44096
SU_NEEDS_REMAP_AC50 44112
CU_NEEDS_REMAP_AC99 44185
CU_NEEDS_REMAP_ACC2 44226
SU_NEEDS_REMAP_ACC3 44227
CU_NEEDS_REMAP_AD6A 44394
SU_NEEDS_REMAP_AD6E 44398
CU_NEEDS_REMAP_AD90 44432
SU_NEEDS_REMAP_AD94 44436
SU_NEEDS_REMAP_AD9C 44444
CU_NEEDS_REMAP_ADA4 44452
CU_NEEDS_REMAP_ADA9 44457
SU_NEEDS_REMAP_ADBA 44474
SU_NEEDS_REMAP_ADED 44525
SU_NEEDS_REMAP_AE31 44593
CU_NEEDS_REMAP_AED1 44753
SU_NEEDS_REMAP_AF04 44804
SU_NEEDS_REMAP_AF57 44887
CU_NEEDS_REMAP_AF7F 44927
SU_NEEDS_REMAP_AF82 44930
CU_NEEDS_REMAP_AF84 44932
SU_NEEDS_REMAP_AF87 44935
SU_NEEDS_REMAP_AF96 44950
CU_NEEDS_REMAP_AFC9 45001
SU_NEEDS_REMAP_AFE9 45033
CU_NEEDS_REMAP_B01E 45086
SU_NEEDS_REMAP_B050 45136
CU_NEEDS_REMAP_B0CA 45258
CU_NEEDS_REMAP_B0D0 45264
SU_NEEDS_REMAP_B0F6 45302
SU_NEEDS_REMAP_B16E 45422
CU_NEEDS_REMAP_B1FC 45564
SU_NEEDS_REMAP_B1FF 45567
SU_NEEDS_REMAP_B228 45608
CU_NEEDS_REMAP_B230 45616
SU_NEEDS_REMAP_B236 45622
CU_NEEDS_REMAP_B255 45653
CU_NEEDS_REMAP_B259 45657
CU_NEEDS_REMAP_B2B2 45746
CU_NEEDS_REMAP_B2B3 45747
CU_NEEDS_REMAP_B2D6 45782
SU_NEEDS_REMAP_B308 45832
SU_NEEDS_REMAP_B309 45833
SU_NEEDS_REMAP_B34C 45900
CU_NEEDS_REMAP_B362 45922
SU_NEEDS_REMAP_B3EE 46062
CU_NEEDS_REMAP_B40A 46090
SU_NEEDS_REMAP_B444 46148
CU_NEEDS_REMAP_B447 46151
CU_NEEDS_REMAP_B4B9 46265
SU_NEEDS_REMAP_B517 46359
CU_NEEDS_REMAP_B51E 46366
CU_NEEDS_REMAP_B526 46374
SU_NEEDS_REMAP_B527 46375
SU_NEEDS_REMAP_B558 46424
SU_NEEDS_REMAP_B5C6 46534
SU_NEEDS_REMAP_B5DE 46558
CU_NEEDS_REMAP_B62F 46639
CU_NEEDS_REMAP_B653 46675
CU_NEEDS_REMAP_B6A9 46761
SU_NEEDS_REMAP_B6C1 46785
CU_NEEDS_REMAP_B6D7 46807
SU_NEEDS_REMAP_B6E6 46822
CU_NEEDS_REMAP_B6F2 46834
CU_NEEDS_REMAP_B724 46884
SU_NEEDS_REMAP_B740 46912
SU_NEEDS_REMAP_B758 46936
SU_NEEDS_REMAP_B78C 46988
SU_NEEDS_REMAP_B7B6 47030
SU_NEEDS_REMAP_B7DC 47068
SU_NEEDS_REMAP_B7F3 47091
CU_NEEDS_REMAP_B7FB 47099
SU_NEEDS_REMAP_B80F 47119
SU_NEEDS_REMAP_B83E 47166
CU_NEEDS_REMAP_B849 47177
SU_NEEDS_REMAP_B86C 47212
SU_NEEDS_REMAP_B86F 47215
CU_NEEDS_REMAP_B888 47240
SU_NEEDS_REMAP_B88F 47247
SU_NEEDS_REMAP_B8BC 47292
CU_NEEDS_REMAP_B941 47425
SU_NEEDS_REMAP_B95D 47453
SU_NEEDS_REMAP_B983 47491
CU_NEEDS_REMAP_B996 47510
SU_NEEDS_REMAP_B997 47511
SU_NEEDS_REMAP_B9B2 47538
SU_NEEDS_REMAP_B9C0 47552
SU_NEEDS_REMAP_B9D1 47569
SU_NEEDS_REMAP_B9D5 47573
SU_NEEDS_REMAP_B9E5 47589
CU_NEEDS_REMAP_B9ED 47597
CU_NEEDS_REMAP_BA42 47682
CU_NEEDS_REMAP_BA51 47697
CU_NEEDS_REMAP_BA58 47704
CU_NEEDS_REMAP_BAD5 47829
SU_NEEDS_REMAP_BADF 47839
CU_NEEDS_REMAP_BAF7 47863
CU_NEEDS_REMAP_BAFD 47869
CU_NEEDS_REMAP_BB9D 48029
SU_NEEDS_REMAP_BBAC 48044
SU_NEEDS_REMAP_BBC5 48069
CU_NEEDS_REMAP_BBDE 48094
CU_NEEDS_REMAP_BBEC 48108
CU_NEEDS_REMAP_BC42 48194
SU_NEEDS_REMAP_BCFB 48379
CU_NEEDS_REMAP_BD20 48416
SU_NEEDS_REMAP_BD25 48421
SU_NEEDS_REMAP_BD36 48438
SU_NEEDS_REMAP_BD41 48449
CU_NEEDS_REMAP_BD68 48488
SU_NEEDS_REMAP_BD99 48537
CU_NEEDS_REMAP_BE02 48642
CU_NEEDS_REMAP_BE3B 48699
CU_NEEDS_REMAP_BE4F 48719
CU_NEEDS_REMAP_BE95 48789
CU_NEEDS_REMAP_BEA9 48809
CU_NEEDS_REMAP_BEBA 48826
SU_NEEDS_REMAP_BEC3 48835
SU_NEEDS_REMAP_BEC5 48837
CU_NEEDS_REMAP_BED1 48849
CU_NEEDS_REMAP_BEF8 48888
SU_NEEDS_REMAP_BF1D 48925
CU_NEEDS_REMAP_BF43 48963
SU_NEEDS_REMAP_BF6C 49004
SU_NEEDS_REMAP_BF92 49042
CU_NEEDS_REMAP_C01B 49179
CU_NEEDS_REMAP_C06E 49262
CU_NEEDS_REMAP_C0C3 49347
SU_NEEDS_REMAP_C103 49411
CU_NEEDS_REMAP_C138 49464
CU_NEEDS_REMAP_C153 49491
CU_NEEDS_REMAP_C1A0 49568
SU_NEEDS_REMAP_C1B2 49586
SU_NEEDS_REMAP_C1C1 49601
CU_NEEDS_REMAP_C1E6 49638
SU_NEEDS_REMAP_C1FD 49661
CU_NEEDS_REMAP_C215 49685
CU_NEEDS_REMAP_C280 49792
CU_NEEDS_REMAP_C2AF 49839
CU_NEEDS_REMAP_C2FF 49919
CU_NEEDS_REMAP_C302 49922
SU_NEEDS_REMAP_C30F 49935
SU_NEEDS_REMAP_C32E 49966
CU_NEEDS_REMAP_C353 50003
CU_NEEDS_REMAP_C364 50020
CU_NEEDS_REMAP_C36E 50030
SU_NEEDS_REMAP_C376 50038
SU_NEEDS_REMAP_C378 50040
SU_NEEDS_REMAP_C396 50070
CU_NEEDS_REMAP_C39A 50074
SU_NEEDS_REMAP_C39C 50076
CU_NEEDS_REMAP_C3A3 50083
SU_NEEDS_REMAP_C3DC 50140
SU_NEEDS_REMAP_C410 50192
CU_NEEDS_REMAP_C414 50196
SU_NEEDS_REMAP_C449 50249
SU_NEEDS_REMAP_C454 50260
CU_NEEDS_REMAP_C471 50289
CU_NEEDS_REMAP_C482 50306
SU_NEEDS_REMAP_C4F3 50419
CU_NEEDS_REMAP_C4FD 50429
CU_NEEDS_REMAP_C53F 50495
SU_NEEDS_REMAP_C54E 50510
SU_NEEDS_REMAP_C55F 50527
SU_NEEDS_REMAP_C5A8 50600
SU_NEEDS_REMAP_C5B3 50611
CU_NEEDS_REMAP_C5B7 50615
CU_NEEDS_REMAP_C5CD 50637
SU_NEEDS_REMAP_C5DE 50654
SU_NEEDS_REMAP_C623 50723
SU_NEEDS_REMAP_C6D1 50897
SU_NEEDS_REMAP_C6D5 50901
SU_NEEDS_REMAP_C728 50984
SU_NEEDS_REMAP_C735 50997
CU_NEEDS_REMAP_C738 51000
SU_NEEDS_REMAP_C7EC 51180
CU_NEEDS_REMAP_C818 51224
CU_NEEDS_REMAP_C8D3 51411
SU_NEEDS_REMAP_C8E7 51431
SU_NEEDS_REMAP_C913 51475
CU_NEEDS_REMAP_C97F 51583
CU_NEEDS_REMAP_C983 51587
SU_NEEDS_REMAP_C98B 51595
SU_NEEDS_REMAP_C98C 51596
CU_NEEDS_REMAP_CA15 51733
CU_NEEDS_REMAP_CA3A 51770
SU_NEEDS_REMAP_CA49 51785
SU_NEEDS_REMAP_CA6E 51822
CU_NEEDS_REMAP_CA8B 51851
CU_NEEDS_REMAP_CAAA 51882
SU_NEEDS_REMAP_CAD0 51920
CU_NEEDS_REMAP_CAF1 51953
SU_NEEDS_REMAP_CAF2 51954
SU_NEEDS_REMAP_CAFE 51966
CU_NEEDS_REMAP_CB5B 52059
SU_NEEDS_REMAP_CB63 52067
CU_NEEDS_REMAP_CBA6 52134
SU_NEEDS_REMAP_CBC5 52165
SU_NEEDS_REMAP_CBD4 52180
SU_NEEDS_REMAP_CC07 52231
SU_NEEDS_REMAP_CC53 52307
SU_NEEDS_REMAP_CC8F 52367
SU_NEEDS_REMAP_CC90 52368
CU_NEEDS_REMAP_CC99 52377
CU_NEEDS_REMAP_CCA1 52385
CU_NEEDS_REMAP_CCB4 52404
SU_NEEDS_REMAP_CD0B 52491
SU_NEEDS_REMAP_CD15 52501
CU_NEEDS_REMAP_CD16 52502
SU_NEEDS_REMAP_CD28 52520
SU_NEEDS_REMAP_CD42 52546
CU_NEEDS_REMAP_CD59 52569
SU_NEEDS_REMAP_CDA3 52643
CU_NEEDS_REMAP_CDAB 52651
SU_NEEDS_REMAP_CDD2 52690
SU_NEEDS_REMAP_CE1F 52767
SU_NEEDS_REMAP_CE40 52800
CU_NEEDS_REMAP_CE41 52801
CU_NEEDS_REMAP_CE7D 52861
SU_NEEDS_REMAP_CE91 52881
CU_NEEDS_REMAP_CEAC 52908
CU_NEEDS_REMAP_CEAF 52911
CU_NEEDS_REMAP_CED2 52946
SU_NEEDS_REMAP_CF06 52998
SU_NEEDS_REMAP_CF7E 53118
CU_NEEDS_REMAP_CFAA 53162
SU_NEEDS_REMAP_CFB6 53174
CU_NEEDS_REMAP_CFC9 53193
CU_NEEDS_REMAP_CFFF 53247
CU_NEEDS_REMAP_D021 53281
CU_NEEDS_REMAP_D091 53393
CU_NEEDS_REMAP_D093 53395
SU_NEEDS_REMAP_D094 53396
CU_NEEDS_REMAP_D099 53401
SU_NEEDS_REMAP_D0AF 53423
CU_NEEDS_REMAP_D0D6 53462
CU_NEEDS_REMAP_D0F3 53491
SU_NEEDS_REMAP_D120 53536
SU_NEEDS_REMAP_D153 53587
CU_NEEDS_REMAP_D156 53590
SU_NEEDS_REMAP_D16E 53614
SU_NEEDS_REMAP_D197 53655
CU_NEEDS_REMAP_D1AF 53679
SU_NEEDS_REMAP_D1F7 53751
CU_NEEDS_REMAP_D207 53767
SU_NEEDS_REMAP_D24C 53836
SU_NEEDS_REMAP_D263 53859
SU_NEEDS_REMAP_D2AB 53931
CU_NEEDS_REMAP_D2B5 53941
SU_NEEDS_REMAP_D2BB 53947
SU_NEEDS_REMAP_D2E3 53987
CU_NEEDS_REMAP_D362 54114
CU_NEEDS_REMAP_D363 54115
SU_NEEDS_REMAP_D397 54167
CU_NEEDS_REMAP_D3BE 54206
CU_NEEDS_REMAP_D3F4 54260
CU_NEEDS_REMAP_D405 54277
CU_NEEDS_REMAP_D419 54297
CU_NEEDS_REMAP_D435 54325
SU_NEEDS_REMAP_D510 54544
SU_NEEDS_REMAP_D567 54631
SU_NEEDS_REMAP_D581 54657
SU_NEEDS_REMAP_D583 54659
CU_NEEDS_REMAP_D585 54661
SU_NEEDS_REMAP_D592 54674
CU_NEEDS_REMAP_D5CC 54732
SU_NEEDS_REMAP_D5FE 54782
SU_NEEDS_REMAP_D61F 54815
CU_NEEDS_REMAP_D650 54864
SU_NEEDS_REMAP_D688 54920
CU_NEEDS_REMAP_D6BA 54970
CU_NEEDS_REMAP_D6C8 54984
SU_NEEDS_REMAP_D6F0 55024
SU_NEEDS_REMAP_D71D 55069
CU_NEEDS_REMAP_D739 55097
SU_NEEDS_REMAP_D740 55104
SU_NEEDS_REMAP_D7CA 55242
SU_NEEDS_REMAP_D7E1 55265
SU_NEEDS_REMAP_D80A 55306
SU_NEEDS_REMAP_D893 55443
SU_NEEDS_REMAP_D8D1 55505
CU_NEEDS_REMAP_D915 55573
SU_NEEDS_REMAP_D918 55576
SU_NEEDS_REMAP_D92A 55594
CU_NEEDS_REMAP_D93E 55614
SU_NEEDS_REMAP_D956 55638
SU_NEEDS_REMAP_D96B 55659
CU_NEEDS_REMAP_D96D 55661
SU_NEEDS_REMAP_D976 55670
CU_NEEDS_REMAP_D983 55683
CU_NEEDS_REMAP_D9D6 55766
CU_NEEDS_REMAP_D9FA 55802
CU_NEEDS_REMAP_DA3C 55868
CU_NEEDS_REMAP_DA4C 55884
SU_NEEDS_REMAP_DA74 55924
CU_NEEDS_REMAP_DA7B 55931
SU_NEEDS_REMAP_DAD9 56025
SU_NEEDS_REMAP_DADE 56030
SU_NEEDS_REMAP_DAEC 56044
SU_NEEDS_REMAP_DB38 56120
CU_NEEDS_REMAP_DB65 56165
SU_NEEDS_REMAP_DBD1 56273
CU_NEEDS_REMAP_DC51 56401
CU_NEEDS_REMAP_DC7F 56447
CU_NEEDS_REMAP_DC97 56471
CU_NEEDS_REMAP_DCBB 56507
SU_NEEDS_REMAP_DCFD 56573
CU_NEEDS_REMAP_DD07 56583
SU_NEEDS_REMAP_DD1E 56606
SU_NEEDS_REMAP_DD21 56609
SU_NEEDS_REMAP_DD2C 56620
SU_NEEDS_REMAP_DD36 56630
CU_NEEDS_REMAP_DD6E 56686
CU_NEEDS_REMAP_DDB5 56757
SU_NEEDS_REMAP_DE04 56836
CU_NEEDS_REMAP_DE82 56962
SU_NEEDS_REMAP_DEF0 57072
SU_NEEDS_REMAP_DF14 57108
SU_NEEDS_REMAP_DF89 57225
SU_NEEDS_REMAP_DF97 57239
SU_NEEDS_REMAP_DFC1 57281
SU_NEEDS_REMAP_DFD1 57297
SU_NEEDS_REMAP_DFF6 57334
SU_NEEDS_REMAP_DFFB 57339
CU_NEEDS_REMAP_E028 57384
SU_NEEDS_REMAP_E036 57398
SU_NEEDS_REMAP_E04C 57420
SU_NEEDS_REMAP_E075 57461
CU_NEEDS_REMAP_E088 57480
SU_NEEDS_REMAP_E099 57497
CU_NEEDS_REMAP_E09A 57498
SU_NEEDS_REMAP_E0C2 57538
CU_NEEDS_REMAP_E0E8 57576
SU_NEEDS_REMAP_E10A 57610
CU_NEEDS_REMAP_E10B 57611
SU_NEEDS_REMAP_E11C 57628
CU_NEEDS_REMAP_E142 57666
SU_NEEDS_REMAP_E150 57680
CU_NEEDS_REMAP_E175 57717
SU_NEEDS_REMAP_E1B2 57778
CU_NEEDS_REMAP_E21A 57882
SU_NEEDS_REMAP_E22B 57899
CU_NEEDS_REMAP_E234 57908
CU_NEEDS_REMAP_E245 57925
CU_NEEDS_REMAP_E262 57954
CU_NEEDS_REMAP_E271 57969
SU_NEEDS_REMAP_E29C 58012
CU_NEEDS_REMAP_E2A4 58020
CU_NEEDS_REMAP_E2BE 58046
SU_NEEDS_REMAP_E2E9 58089
SU_NEEDS_REMAP_E32C 58156
CU_NEEDS_REMAP_E32F 58159
CU_NEEDS_REMAP_E396 58262
CU_NEEDS_REMAP_E3B8 58296
SU_NEEDS_REMAP_E402 58370
SU_NEEDS_REMAP_E434 58420
CU_NEEDS_REMAP_E4F0 58608
CU_NEEDS_REMAP_E4F8 58616
SU_NEEDS_REMAP_E504 58628
SU_NEEDS_REMAP_E55A 58714
CU_NEEDS_REMAP_E55C 58716
SU_NEEDS_REMAP_E5BB 58811
SU_NEEDS_REMAP_E61C 58908
CU_NEEDS_REMAP_E692 59026
SU_NEEDS_REMAP_E6AD 59053
CU_NEEDS_REMAP_E704 59140
SU_NEEDS_REMAP_E72C 59180
CU_NEEDS_REMAP_E756 59222
SU_NEEDS_REMAP_E773 59251
SU_NEEDS_REMAP_E778 59256
SU_NEEDS_REMAP_E7A9 59305
SU_NEEDS_REMAP_E7C7 59335
SU_NEEDS_REMAP_E7DF 59359
CU_NEEDS_REMAP_E7EA 59370
CU_NEEDS_REMAP_E7FF 59391
SU_NEEDS_REMAP_E80F 59407
CU_NEEDS_REMAP_E869 59497
SU_NEEDS_REMAP_E8A9 59561
SU_NEEDS_REMAP_E8AC 59564
SU_NEEDS_REMAP_E8BA 59578
SU_NEEDS_REMAP_E8E1 59617
CU_NEEDS_REMAP_E955 59733
CU_NEEDS_REMAP_E96D 59757
CU_NEEDS_REMAP_E97F 59775
SU_NEEDS_REMAP_E9B8 59832
SU_NEEDS_REMAP_E9BD 59837
CU_NEEDS_REMAP_E9E4 59876
SU_NEEDS_REMAP_E9E6 59878
SU_NEEDS_REMAP_E9EF 59887
SU_NEEDS_REMAP_EA06 59910
SU_NEEDS_REMAP_EA16 59926
SU_NEEDS_REMAP_EA46 59974
SU_NEEDS_REMAP_EA4C 59980
SU_NEEDS_REMAP_EA7B 60027
SU_NEEDS_REMAP_EAE0 60128
CU_NEEDS_REMAP_EAF2 60146
CU_NEEDS_REMAP_EB03 60163
CU_NEEDS_REMAP_EB22 60194
CU_NEEDS_REMAP_EB47 60231
SU_NEEDS_REMAP_EB84 60292
CU_NEEDS_REMAP_EB9F 60319
SU_NEEDS_REMAP_EBBD 60349
SU_NEEDS_REMAP_EBCC 60364
SU_NEEDS_REMAP_EBF9 60409
CU_NEEDS_REMAP_EC48 60488
CU_NEEDS_REMAP_EC59 60505
SU_NEEDS_REMAP_EC5F 60511
CU_NEEDS_REMAP_ECA5 60581
SU_NEEDS_REMAP_ECB3 60595
SU_NEEDS_REMAP_ECF3 60659
CU_NEEDS_REMAP_ED11 60689
SU_NEEDS_REMAP_ED21 60705
SU_NEEDS_REMAP_ED38 60728
SU_NEEDS_REMAP_ED54 60756
CU_NEEDS_REMAP_ED8C 60812
SU_NEEDS_REMAP_ED98 60824
CU_NEEDS_REMAP_EDAC 60844
SU_NEEDS_REMAP_EDAF 60847
CU_NEEDS_REMAP_EDD4 60884
CU_NEEDS_REMAP_EDD8 60888
CU_NEEDS_REMAP_EDDB 60891
CU_NEEDS_REMAP_EE53 61011
SU_NEEDS_REMAP_EE79 61049
SU_NEEDS_REMAP_EEAD 61101
CU_NEEDS_REMAP_EEB9 61113
SU_NEEDS_REMAP_EF4F 61263
CU_NEEDS_REMAP_EF69 61289
SU_NEEDS_REMAP_EF71 61297
CU_NEEDS_REMAP_EF75 61301
SU_NEEDS_REMAP_EFA7 61351
CU_NEEDS_REMAP_EFCF 61391
SU_NEEDS_REMAP_EFE6 61414
CU_NEEDS_REMAP_EFFB 61435
CU_NEEDS_REMAP_F00C 61452
SU_NEEDS_REMAP_F050 61520
CU_NEEDS_REMAP_F06F 61551
SU_NEEDS_REMAP_F073 61555
SU_NEEDS_REMAP_F099 61593
SU_NEEDS_REMAP_F0DE 61662
SU_NEEDS_REMAP_F0E4 61668
CU_NEEDS_REMAP_F10C 61708
SU_NEEDS_REMAP_F139 61753
SU_NEEDS_REMAP_F147 61767
CU_NEEDS_REMAP_F155 61781
SU_NEEDS_REMAP_F185 61829
SU_NEEDS_REMAP_F1CC 61900
SU_NEEDS_REMAP_F1EB 61931
SU_NEEDS_REMAP_F1F7 61943
SU_NEEDS_REMAP_F224 61988
SU_NEEDS_REMAP_F297 62103
SU_NEEDS_REMAP_F2CB 62155
SU_NEEDS_REMAP_F2E1 62177
CU_NEEDS_REMAP_F322 62242
CU_NEEDS_REMAP_F34C 62284
SU_NEEDS_REMAP_F34F 62287
CU_NEEDS_REMAP_F379 62329
SU_NEEDS_REMAP_F37D 62333
SU_NEEDS_REMAP_F3B8 62392
CU_NEEDS_REMAP_F402 62466
CU_NEEDS_REMAP_F433 62515
SU_NEEDS_REMAP_F461 62561
SU_NEEDS_REMAP_F48B 62603
SU_NEEDS_REMAP_F493 62611
SU_NEEDS_REMAP_F49C 62620
SU_NEEDS_REMAP_F4B3 62643
SU_NEEDS_REMAP_F4C5 62661
SU_NEEDS_REMAP_F4C9 62665
CU_NEEDS_REMAP_F4E3 62691
CU_NEEDS_REMAP_F541 62785
SU_NEEDS_REMAP_F551 62801
CU_NEEDS_REMAP_F57D 62845
SU_NEEDS_REMAP_F580 62848
CU_NEEDS_REMAP_F608 62984
CU_NEEDS_REMAP_F60C 62988
SU_NEEDS_REMAP_F65D 63069
SU_NEEDS_REMAP_F6CA 63178
SU_NEEDS_REMAP_F708 63240
SU_NEEDS_REMAP_F758 63320
SU_NEEDS_REMAP_F7B7 63415
CU_NEEDS_REMAP_F7BE 63422
CU_NEEDS_REMAP_F7D6 63446
SU_NEEDS_REMAP_F804 63492
CU_NEEDS_REMAP_F814 63508
SU_NEEDS_REMAP_F843 63555
CU_NEEDS_REMAP_F84E 63566
SU_NEEDS_REMAP_F856 63574
SU_NEEDS_REMAP_F87B 63611
SU_NEEDS_REMAP_F8A0 63648
CU_NEEDS_REMAP_F8D3 63699
SU_NEEDS_REMAP_F8DF 63711
CU_NEEDS_REMAP_F946 63814
SU_NEEDS_REMAP_F99A 63898
SU_NEEDS_REMAP_F99E 63902
CU_NEEDS_REMAP_F9D5 63957
CU_NEEDS_REMAP_F9FC 63996
CU_NEEDS_REMAP_FA1C 64028
CU_NEEDS_REMAP_FA26 64038
SU_NEEDS_REMAP_FA64 64100
CU_NEEDS_REMAP_FA7C 64124
SU_NEEDS_REMAP_FA80 64128
SU_NEEDS_REMAP_FAB9 64185
SU_NEEDS_REMAP_FB6A 64362
CU_NEEDS_REMAP_FB92 64402
CU_NEEDS_REMAP_FC24 64548
CU_NEEDS_REMAP_FC50 64592
SU_NEEDS_REMAP_FCD7 64727
SU_NEEDS_REMAP_FCF7 64759
CU_NEEDS_REMAP_FD45 64837
SU_NEEDS_REMAP_FD69 64873
CU_NEEDS_REMAP_FD7E 64894
SU_NEEDS_REMAP_FD92 64914
SU_NEEDS_REMAP_FDBA 64954
SU_NEEDS_REMAP_FDC4 64964
SU_NEEDS_REMAP_FDE8 65000
SU_NEEDS_REMAP_FE3A 65082
SU_NEEDS_REMAP_FE41 65089
SU_NEEDS_REMAP_FE71 65137
CU_NEEDS_REMAP_FEB5 65205
CU_NEEDS_REMAP_FF14 65300
CU_NEEDS_REMAP_FFAA 65450
SU_NEEDS_REMAP_FFB3 65459
SU_NEEDS_REMAP_FFE2 65506
CU_NEEDS_REMAP_FFFB 65531
