I_TELEPORT 0
I_SPAWN_BARRACK_CHARACTER 1
I_GFX_COMMAND 17
I_GFX_ADMIN_COMMAND 18
I_INPUT_COMMAND 19
I_MOVE_KEY 20
I_SKILL_KEY 21
I_CLOSE_SERVER_CONNECTION 22
C_CHECK_VERSION 19900
S_CHECK_VERSION 19901
S_CLAIM_TERAPASS_REWARD 62808
S_START_STACK_ATTENDANCE_EVENT_INFO 53526
S_ADMIN_CHECK_USERNAME 29584
S_ABNORMALITY_BEGIN 24071
S_ABNORMALITY_DAMAGE_ABSORB 36334
S_ABNORMALITY_END 45488
S_ABNORMALITY_EXTRA 43346
S_ABNORMALITY_FAIL 36800
S_ABNORMALITY_REFRESH 59326
S_ABNORMALITY_RESIST 23409
S_ABNORMALITY_SCALE_UP 44573
S_ABNORMALITY_TOOLTIP_VALUE 54391
S_ACCOMPLISH_ACHIEVEMENT 33382
S_ADMIN_GET_USERINFO_INVEN 37539
S_ADMIN_GET_USERINFO_WAREHOUSE 41925
S_ADMIN_GM_SKILL 29136
S_ADMIN_HOLD_CHARACTER 28624
S_APPLY_TITLE 52803
S_ARENA_END_FIGHT 28563
S_ARENA_FIGHTER_CHANGE_HP 50878
S_ARENA_OPTIMIZATION 35838
S_ARENA_START_FIGHT 54402
S_ARTISAN_RECIPE_LIST 21013
S_BATTLE_FIELD_ENTRANCE_INFO 42374
S_BATTLE_FIELD_PARTY_MARKER_CLEAR 55092
S_BATTLE_FIELD_SCORE 59870
S_BATTLE_FIELD_STATE 44844
S_BATTLE_FIELD_STRONGHOLD_NONE_STATE 60754
S_CANNON_BATTLE_FIELD_CRASH_DOOR 39910
S_END_LEVEL_COMPENSATION 30660
S_END_PRODUCE 27746
S_ENEMY_BATTLE_FIELD_COMMANDER_CHANGED 65521
S_FATIGABILITY_POINT 31355
S_FIN_KUMAS_BATTLE_FIELD 34316
S_FREE_FIGHT_BATTLE_FIELD_MY_WARPOINT_INFO 60963
S_HUDDLE_ADDING 25463
S_INIT_KUMAS_BOSS_INFO 62319
S_INIT_ROUND_PVE_BATTLE_FIELD 58218
S_INIT_ROUND_PVP_BATTLE_FIELD 32163
S_INIT_SNOW_EVENT_BATTLE_FIELD 20411
S_INIT_STRONGHOLD_OCCUPATION_BATTLE_FIELD 56623
S_INIT_WORLD_OF_TANK_BATTLE_FIELD 65414
S_LOAD_ACHIEVEMENT_LIST 45608
S_LOAD_DUNGEON_SOUND_HINT 39527
S_PLAYTIME 41556
S_PLAYTIME_EVENT_END 30593
S_PLAYTIME_EVENT_REWARD_DATA 38620
S_PRODUCE_CRITICAL 61964
S_PROMOTION_INFO 54701
S_PROMOTION_PROCESS 37502
S_PROMOTION_SUCCESS 21621
S_REWARDNPC_SPAWN_ALARM 45226
S_ROUND_PVE_CLOSE_SKILL_UI 42352
S_ROUND_PVE_OPEN_SKILL_UI 23130
S_ROUND_PVE_SCORE 31070
S_ROUND_RESULT 55716
S_ROUND_START 49711
S_RP_ADD_ITEM_TO_DECOMPOSITION_CONTRACT 32064
S_RP_COMMIT_DECOMPOSITION_CONTRACT 30955
S_START_PRODUCE 50338
S_START_ROUND_PVE_ROUND 51486
S_TOKEN_POINT_STATUS 40512
S_UPDATE_ACHIEVEMENT_PROGRESS 29254
S_USER_CHANGE_FACE_CUSTOM 52809
S_USER_PAPERDOLL_INFO 48873
S_VISIT_NEW_SECTION 47843
S_BOARD_ITEM_LIST 57452
S_CHANGE_CARD_PRESET 27671
S_CHANGE_FRIEND_STATE 44793
S_CHAT 29319
S_COLLECTION_PICKEND 58702
S_COLLECTION_PICKSTART 63107
S_CONFIRM_INVITE_CODE_BUTTON 27397
S_DELETE_FRIEND 51127
S_DELETE_GUILD_TOWER_MY_GUILD 48576
S_DESTROY_GUILD_TOWER 29776
S_FRIEND_LIST 35566
S_INCREASE_CARD_PRESET 50049
S_JOIN_PRIVATE_CHANNEL 26881
S_LEAVE_PRIVATE_CHANNEL 54683
S_MUTE 56746
S_NOTIFY_ACTIVE_BUILD_TERRITORY_STATE 55131
S_NOTIFY_TO_FRIENDS_WALK_INTO_SAME_AREA 60579
S_OPEN_AWESOMIUM_WEB_URL 28763
S_PRIVATE_CHANNEL_NOTICE 26826
S_PRIVATE_CHAT 53770
S_RECEIVE_COLLECTION_BOOK_REWARD 59831
S_REQUEST_CITY_WAR_MAP_INFO 54096
S_REQUEST_CITY_WAR_MAP_INFO_DETAIL 50871
S_REQUEST_JOINED_CHANNEL_LIST 31099
S_REQUEST_PRIVATE_CHANNEL_INFO 31353
S_CANCEL_SELECT_CHANNEL 53246
S_CHANGE_MODE 64131
S_SHOW_AWESOMIUMWEB_SHOP 36126
S_SPAWN_COLLECTION 33030
S_START_CHAT_BAN 29557
S_UNMOUNT_CARD 31580
S_WHISPER 23329
S_BOSS_GAGE_INFO 40499
S_BOSS_GAGE_PRIORITY 63210
S_BYE_PET 20084
S_CHANGE_PK_INFO 22815
S_CHANGE_VOICE_USE_QAC 32506
S_CLEAR_WORLD_QUEST_VILLAGER_INFO 65243
S_COUPON_LIST 61156
S_CREATURE_CHANGE_HP 40373
S_CREATURE_LIFE 24522
S_CURRENT_CHANNEL 53244
S_DEAD_LOCATION 46291
S_DIRECTION_WEAKNESS_BEGIN 46242
S_DIRECTION_WEAKNESS_END 29755
S_DUNGEON_NEWBIE 31662
S_ENABLE_DISABLE_SELLABLE_ITEM_LIST 60144
S_EXIT 49900
S_FACIAL_ATTACHMENT_BROADCAST 55861
S_HIDE_HP 61410
S_HIT_COMBO 33937
S_INSTANT_MOVE 64382
S_LOAD_CLIENT_ACCOUNT_SETTING 36197
S_LOAD_CLIENT_USER_SETTING 21780
S_LOAD_HINT 52563
S_LOAD_TOPO 59050
S_LOGIN 36007
S_MY_DESCRIPTION 22425
S_NPC_OCCUPIER_INFO 31546
S_NPC_SITUATION 35953
S_NPC_STATUS 63099
S_NPC_TARGET_USER 49930
S_PARTY_NOTIFY_MY_POSITION 35492
S_PLAYER_CHANGE_ACTPOINT 60431
S_PLAYER_CHANGE_ALL_PROF 55451
S_PLAYER_CHANGE_DRAIN 29854
S_PLAYER_CHANGE_EXP 32145
S_PLAYER_CHANGE_FLIGHT_ENERGY 23797
S_PLAYER_CHANGE_MP 46751
S_PLAYER_CHANGE_PROF 53025
S_PLAYER_CHANGE_STAMINA 55804
S_QUEST_VILLAGER_INFO 50305
S_REQUEST_DEMOLIST_GUILD_TOWER_POPUP 36506
S_SET_VISIBLE 58397
S_SHOW_GAGE 63789
S_SHOW_HP 48469
S_SHOW_NAME_PLATE_ICON 29103
S_SHOW_PEGASUS_MAP 31093
S_SOCIAL 36003
S_SOCIAL_CANCEL 27163
S_SYS_PARTY_INFO 27930
S_TELEPORT_TO_CAMP 47549
S_UPDATE_USER_AWAKEN_GRADE 53803
S_USER_APPEARANCE_CHANGE 54874
S_USER_CHANGE_NAME 57795
S_USER_DEATH 45506
S_USER_EFFECT 28539
S_USER_EXTERNAL_CHANGE 29925
S_USER_ITEMLEVEL_INFO 51522
S_USER_LEVELUP 31050
S_USER_SITUATION 46381
S_USER_STATUS 37293
S_USER_WEAPON_APPEARANCE_CHANGE 42731
S_VILLAGE_LIST_TO_TELEPORT 39744
S_VISIT_NEW_TEL_CAMP 53794
S_WEAK_POINT 37642
S_WELCOME_PET_OWNER 54880
S_WORLD_QUEST_VILLAGER_INFO 52341
S_ADD_INTER_PARTY_MATCH_POOL 24963
S_ANNOUNCE_UPDATE_NOTIFICATION 64349
S_ATTENDANCE_EVENT_REWARD_COUNT 23416
S_BEGIN_THROUGH_ARBITER_CONTRACT 39340
S_DARK_RIFT_DESPAWN_WORLD_NOTI 29594
S_CHANGE_EP_EXP_DAILY_LIMIT 35716
S_CHANGE_EP_POINT 35531
TTB_S_CHANGE_HERO 36538
S_DARK_RIFT_ALL_DESPAWN_WORLD_NOTI 47192
S_DARK_RIFT_CHANGE_AREA_WORLD_NOTI 35648
S_DARK_RIFT_MAIN_DEFENCE_CHANGE_HP 50429
S_DARK_RIFT_QUEST_INFO 58997
S_DESPAWN_NPC 57246
S_DESPAWN_PET 23425
S_DESPAWN_USER 30199
S_DIALOG 38742
S_DIALOG_EVENT 47118
S_DUNGEON_VISIBLE_BG 60222
S_DUNGEON_WORK_ENTER 37116
S_DUNGEON_WORK_LIST 64688
S_DUNGEON_WORK_RESULT 54508
S_DUNGEON_WORK_UPDATE 52392
S_ENCHANT_SCROLL_RESULT 28533
S_END_DARKRIFT_USER_HP 34343
S_ENTER_DUNGEON 26062
S_EP_SYSTEM_DAILY_EVENT_EXP_ON_OFF 40220
S_EVENT_GUIDE 30458
S_EVENT_INFO 42798
S_FAIL_ENCHANT 64422
S_FESTIVAL_LIST 43736
S_FEUDAL_LORD_FLAG_INFO 44814
S_FIELD_EVENT_GUIDE 28621
S_FIELD_EVENT_ON_ENTER 62598
S_FIELD_EVENT_ON_LEAVE 20590
S_FIELD_EVENT_PROGRESS_TIMER 58986
S_FIELD_POINT_INFO 51668
S_FIELD_POINT_REWARD_INFO_LIST 26952
S_FIN_INTER_PARTY_MATCH 59427
S_GACHA_END 38483
S_GACHA_START 61748
S_GAMBLE_CHANGE_BET_ITEM 63288
S_GAMBLE_END 25939
S_GAMBLE_RESULT 22679
S_GET_ATTENDANCE_REWARD 56130
S_GET_EVENT_DETAIL 34120
SU_TERA_LAG_LOG_STRING 49922
S_GUILD_TOWER_INFO 41426
S_LEARN_EP_PERK 35639
S_LOAD_EP_INFO 65255
TTB_S_LOAD_EP_PAGE 21857
S_MAIN_MENU_COMMAND 61610
SU_NEW_IM_2 37086
SU_NEW_IM_7 39039
SU_NEW_IM_6 64347
SU_NEW_IM_5 39161
SU_NEW_IM_3 59471
SU_NEW_IM_4 37533
S_NPC_MENU_SELECT 49595
S_OPEN_EPPERK_RESET_POPUP 43467
S_OPEN_EXPAND_INVEN_WINDOW 41301
S_PLAYER_CHANGE_EP 41751
S_PLAYER_RESET_EP 39364
S_REPLY_NONDB_ITEM_INFO 23399
S_REPLY_RET_VILLAGE_INFO 45341
S_REQUEST_CONTRACT 36657
S_REQUEST_DESPAWN_SERVANT 61678
S_REQUEST_DUNGEON_MATCHING_UI 28810
S_REQUEST_SPAWN_SERVANT 64607
S_RESET_EP_PERK 59412
S_RESPONSE_GAMESTAT_PONG 38571
S_RESULT_EVENT_SEED 34337
S_SEND_USER_PLAY_TIME 60735
SU_TERA_LAG_LOG_INFO 30173
S_SET_NEW_TERA_USER 25891
S_SHORTCUT_CHANGE 40900
S_SHOW_DARKRIFT_USER_HP 25865
S_SHOW_ITEM_TOOLTIP 48302
S_SHOW_USER_EP_INFO 25412
S_SPAWN_BUILD_OBJECT 52978
S_SPAWN_EVENT_SEED 21535
S_SPAWN_GAMBLE_BOX 64637
S_SPAWN_ME 27197
S_SPAWN_NPC 28401
S_SPAWN_PET 25780
S_SPAWN_USER 48457
S_START_FISHING_CHARGE 21551
S_START_FISHING_MINIGAME 39870
S_STORE_BASKET 50652
S_STORE_SELL_LIST 51696
S_STR_EVALUATE_LIST 58612
S_STYLE_SHOP_BUY_TCAT_ITEM 26074
S_SUCCESS_STYLE_SHOP_BUY_REPUTATION_ITEM 63996
S_SUGGEST_DARK_RIFT_PARTY_MATCHING 58468
S_TAX_INFO 32698
S_TERRITORY_STEP_ENTER 51909
S_TERRITORY_STEP_LEAVE 22613
S_TERRITORY_STEP_PROGRESS 22937
S_TIMEOVER_CONTRACT 32669
S_GMEVENT_START_EVENT 43460
S_VIEW_WARE_EX 65053
S_VILLAGER_BUFF_INFO 55715
S_WATCHED_MOVIES 48834
S_CHANGE_GUILD_CHIEF 41286
S_CHECK_TO_OPPOSITE_DECLARE_GUILD_WAR 37282
S_COUNTDOWN_GROUP_DUEL 44145
S_CREATE_GUILD_RESULT 42399
S_GMEVENT_END_EVENT 52765
S_GMEVENT_ENTER_EVENT 64480
S_GMEVENT_GUIDE_MESSAGE 45695
S_GMEVENT_OFF_GUIDE_MESSAGE 48958
S_GMEVENT_OX_QUIZ_OPEN 55978
S_GMEVENT_OX_QUIZ_RESULT 60277
S_GMEVENT_OX_QUIZ_USER_STATUS 40884
S_GMEVENT_OX_REPE_QUIZ_OPEN 35315
S_GMEVENT_OX_REPE_QUIZ_RESULT 61336
S_GMEVENT_RECV_REWARD 47343
S_GUILD_NAME 45039
S_IMAGE_DATA 41070
S_LEAVE_GUILD 63917
S_OPEN_GUILD_LOGO_WINDOW 25834
S_REMOVE_GUILD_GROUP 54471
S_REMOVE_GUILD_MEMBER 60727
S_REPLY_SET_GUILD_WANTED_WRITING 40665
S_REQUEST_COOLTIME_TO_JOIN_GUILD 31810
S_UPDATE_QUEST 43201
S_REQUEST_JOIN_GUILD_NOTICE 40606
S_RESULT_GROUP_DUEL_MSG 43918
S_SET_GUILD_JOIN_CONDITION 52334
S_START_GUILD_WAR 56447
S_UPDATE_GUILD_GROUP 60764
S_UPDATE_GUILD_MEMBER 29655
S_BAN_PARTY 30607
S_BAN_PARTY_MEMBER 53549
S_BONFIRE_STATUS 60177
S_CANT_FLY_ANYMORE 21043
S_CHANGE_DESTPOS_PROJECTILE 20129
S_CHANGE_PARTY_MANAGER 59792
S_CHECK_TO_READY_PARTY 62293
S_COMPLETE_CHRONOSCROLL_USE 61723
S_COMPLETE_LOOP_QUEST 31973
S_CONTRACT_PET_LEVEL_UP_ITEM_LIST_UPDATE 28337
S_CREATURE_ROTATE 52966
S_CURRENT_ELECTION_STATE 48385
S_DAILY_QUEST_COMPLETE_COUNT 46183
S_DESPAWN_PROJECTILE 48365
S_DUNGEON_CONSOLE_EVENT 35917
S_DUNGEON_EVENT_MESSAGE 60576
S_DUNGEON_LOOK_AT_NPC 55334
S_DUNGEON_VEHICLE_REPAIRABLE 59532
S_END_PEGASUS 44636
S_END_STYLE_SHOP_MARK_PRODUCT 55403
S_END_USER_PROJECTILE 34822
S_FAIL_LOOT_NON_OWNERSHIP 41004
S_FEARMOVE_END 32903
S_FEARMOVE_STAGE 52414
S_GROUP_NPC_LOCATION 40260
S_GUARD_PK_POLICY 24273
S_INGAME_CHANGE_USER_APPEARANCE_START 59666
S_INIT_SEREN_GUIDE 35499
S_INTERACTION_RESULT 58269
S_ITEM_CUSTOM_STRING 38440
S_ITEM_EXPLOSION_RESULT 63287
S_LEAVE_PARTY 20289
S_LEAVE_PARTY_MEMBER 54684
S_LOGOUT_PARTY_MEMBER 21398
S_MASSTIGE_STATUS 35594
S_MINIGAME_RANK_END_POINT 49408
S_MINIGAME_START 58663
S_MOUNT_VEHICLE 52614
S_NOTIFY_BATTLE_FIELD_CHAT_BAN 30648
S_NPC_INTERACTION_COMBO_INFO 51532
S_NPC_LOCATION 49472
S_NPC_PARTIAL_DESTRUCT 35311
S_NPC_PART_BLINK 55575
S_NPC_PART_BREAK_ACTIVE 65029
S_OPEN_GUARD_INFO_WINDOW 46195
S_PARCEL_READ_RECV_STATUS 35344
S_PARTY_INFO 28589
S_PARTY_MEMBER_ABNORMAL_CLEAR 35942
S_PARTY_MEMBER_ABNORMAL_DEL 39820
S_PARTY_MEMBER_BUFF_UPDATE 29128
S_PARTY_MEMBER_INFO 34431
S_PARTY_MEMBER_INTERVAL_POS_UPDATE 25181
S_PARTY_MEMBER_LIST 46894
S_PARTY_MEMBER_STAT_UPDATE 53499
S_PETITION_CHAT_BEGIN 37093
S_PETITION_CHAT_END 33280
S_PETITION_CHAT_GM_MESSAGE 56357
S_PETITION_CHECK_CREATABLE 60226
S_PETITION_CHECK_SURVEYABLE 36387
S_PETITION_COMPLETE 59616
S_PETITION_CREATE 40645
S_PETITION_FORCE_CREATE 28172
S_PETITION_INFO 50530
S_PREMIUM_COMPOSE_ADD_ITEM 25122
S_PREMIUM_COMPOSE_DEL_ITEM 28496
S_PREMIUM_COMPOSE_RESET 31180
S_PREMIUM_COMPOSE_RESULT 59120
S_PREMIUM_COMPOSE_START 65301
S_PREMIUM_COMPOSE_UI_INFO 39404
S_USER_PVP_RANKING 37322
S_QUEST_BALLOON 47512
S_REQUEST_SERVANT_EVOLUTION 36220
S_REQUEST_SERVANT_INFO_LIST 54921
S_REQUEST_SERVANT_LEVEL_UP 43320
S_RESULT_ITEM_COLORING 60362
S_RESULT_SEREN_GUIDE 29032
S_RETURN_USER 42167
S_RETURN_USER_REWARD_END 24077
S_REWRITE_ITEM_STRING 54734
S_SET_FLY_MOVE_INFO 61515
S_SET_SEND_PARCEL_ITEM 56167
S_SET_SEND_PARCEL_MONEY 55794
S_SHOW_CANDIDATE_LIST 58459
S_SHOW_PARTY_MATCH_INFO 63790
S_SPAWN_BONFIRE 48157
S_SPAWN_DROPITEM 54599
S_SPAWN_PROJECTILE 33214
S_SPAWN_REMOTE_PROJECTILE 39013
S_START_CLIMBING 24136
S_START_PEGASUS 21888
S_START_USER_PROJECTILE 38600
S_TASK_INFO_GUARD 44736
S_TOGGLE_TASK_INFO_WINDOW 49571
S_UNMOUNT_VEHICLE 40371
S_UPDATE_STYLE_SHOP_MARK_PRODUCT 46347
S_USER_LOCATION 22801
S_USER_LOCATION_IN_ACTION 21035
S_USER_MOVETYPE 30219
S_USE_CHRONOSCROLL_RESULT 53061
S_USE_JUMPGEAR 28636
S_VIEW_PARTY_INVITE 29847
S_ACTION_END 51783
S_ACTION_STAGE 32293
S_ADMIN_PRIVILEGE 46987
S_ADMIN_VIP_TEST 28452
S_AERO 62553
S_AIR_REACTION_END 37856
S_ASK_TELEPORT 30028
S_AVAILABLE_SOCIAL_LIST 29727
S_BREAK_SHIELD_END 62859
S_BUY_VIP_STORE_ITEM_SUCCESS 39969
S_CAMERA_SHAKE 42627
S_CANCEL_PREPARE_CHANGE_USER_APPEARANCE 57245
S_CANNOT_START_SKILL 61043
S_CAN_CREATE_USER 21076
S_CAN_LOCKON_TARGET 29096
S_CHANGE_USER_NAME_RESULT 21718
S_CHECK_USERNAME 29529
S_CONNECT_SKILL_ARROW 25064
S_CREATE_USER 25453
S_CREST_APPLY 55065
S_CUSTOM_STYLE_SYSTEM_MESSAGE 55326
S_DECREASE_COOLTIME_SKILL 60051
S_DEFAULT_ANIM_CHANGE 58009
S_DEFEND_SUCCESS 49604
S_DESPAWN_SHUTTLE 63885
S_DUNGEON_CHANGE_NPC_ANIMSET 39940
S_EMITTER 37219
S_EMITTER_SET_Z 58340
S_END_CHANGE_USER_APPEARANCE 25026
S_END_FIX_SPIRIT 22104
S_END_FIX_VEHICLE 52863
S_END_STACK_ATTENDANCE_EVENT_INFO 41148
S_EVENT_DIALOG 47910
S_FIX_SPIRIT_COMPLETE 29576
S_FIX_SPIRIT_PROGRESS 38265
S_FIX_VEHICLE_COMPLETE 25769
S_FIX_VEHICLE_PROGRESS 45687
S_GET_IN_SHUTTLE 63496
S_GET_OUT_SHUTTLE 46444
S_GET_USER_GUILD_LOGO 30996
S_GRANT_SKILL 38024
S_INSTANCE_ARROW 40101
S_INSTANT_CATCH 37486
S_INSTANT_DASH 26264
S_INSTANT_THROW 22921
S_INTEREST_INFO 56532
S_LOADING_SCREEN_CONTROL_INFO 40729
S_LOCKON_YOU 47328
S_LOGIN_ACCOUNT_INFO 65123
S_LOGIN_ARBITER 35413
SU_USER_LOOT_ITEM 47766
S_MATERIAL_CHANGE 49759
S_MATERIAL_PARAM_CHANGE 21601
S_MOVE_SHUTTLE 56086
S_NAME_PREEMPTION_EVENT_INFO 47172
S_NOCTAN_VARIATION_INFO 57254
S_NOTIFY_USER_SKILL_POLISHING_LEVEL_UP 51513
S_NPC_CHANGE_MESH 20278
S_NPC_SCALE 22998
S_NPC_TRANSLATIONZ 53227
S_OP_COMMAND 30954
S_PING 51996
S_PLAYER_AUTOPILOT 26745
S_PLAYER_CHANGE_NOCTAN_COUNT 56853
S_PLAYER_VEHICLE_EX_STAT_UPDATE 37446
S_PLAY_ANIMATION 25528
S_PLAY_EFFECT 42893
S_PLAY_EVENT_SOUND 59904
S_PLAY_MAGNETIC 38876
S_PLAY_MOVIE 30787
S_PLAY_SOUND 54866
S_PLAY_SOUND_BYNAME 26165
S_POSITION_SWAP 45970
S_POST_PROCESS 48117
S_POST_PROCESS_MATERIAL 30821
S_PROTECT 47239
S_PUSHED_BY_SHIELD 48304
S_REMAIN_PLAY_TIME 20126
S_REMOVE_EFFECT 27020
S_REPLY_CLIENT_CHAT_OPTION_SETTING 46498
S_REQUEST_REACTION_POS_TICK 28387
S_SAVE_CLIENT_UI_SETTING 35084
S_SECOND_PASSWORD_AUTH_RESULT 26850
S_SECOND_PASSWORD_REGISTER_RESULT 22788
S_SELECT_USER 52296
S_SEND_VIP_SYSTEM_INFO 30754
S_SET_WORKOBJECT 54929
S_SHOW_REVIVE_UI 37385
S_SIMPLE_TIP_REPEAT_CHECK 27000
S_SKILL_ATTENTION_TARGET 22667
S_SKILL_CATEGORY 28251
S_SKILL_CHASE_EFFECT_TARGET 52348
S_SKILL_FORGET 40030
S_SKILL_LEARN_LIST 45642
S_SKILL_LEARN_RESULT 41287
S_SKILL_LIST 36211
S_SKILL_PERIOD 36163
S_SKILL_TARGETING_AREA 61806
S_SPAWN_SHUTTLE 35509
S_SPAWN_WORKOBJECT 24055
S_START_ACTION_SCRIPT 48540
S_START_CLIENT_CUSTOM_SKILL 46675
S_START_COOLTIME_ITEM 62556
S_START_COOLTIME_SERVANT_SKILL 44612
S_START_COOLTIME_SKILL 40089
S_START_FIX_SPIRIT 36582
S_START_FIX_VEHICLE 58564
S_START_INVERSE_CAPTURE 38162
S_STICK_TO_USER_END 42220
S_STICK_TO_USER_START 61874
S_SUCCESS_COUNTER 40017
S_SWITCH_INFO 56004
S_SYSTEM_MESSAGE 28917
S_SYSTEM_MESSAGE_CUSTOM 53268
S_SYSTEM_MESSAGE_LOOT_ITEM 47215
S_SYSTEM_MESSAGE_LOOT_SPECIAL_ITEM 29352
S_SYSTEM_REWARD_MESSAGE 23455
S_TARGET_INFO 58923
S_TBA_SELECT_USER 26278
S_TRADE_BROKER_BUY_IT_NOW 62898
S_TRADE_BROKER_DEAL_INFO_UPDATE 24318
S_TRADE_BROKER_HIGHEST_ITEM_LEVEL 22050
S_TRADE_BROKER_SUGGEST_DEAL 47787
S_TUTORIAL_PLAY_FINISHED 38386
S_UNICAST_TRANSFORM_DATA 55196
S_VEHICLE_EX_ARROW 57923
S_WORK_WORKOBJECT 56990
S_SURVEY_QUESTION 23268
S_CLIENT_COMMAND 41351
S_STEER_DEBUG_COMMAND 45926
S_DUNGEON_CLEAR_COUNT_LIST 26353
S_ADMIN_GET_USER_INFO_BY_DBID 38504
S_ADMIN_GMEVENT_STATUS 27691
S_HOLD_ABNORMALITY_ADD 40828
S_HOLD_ABNORMALITY_REMOVE 32381
S_INVEN_CHANGEDSLOT 61096
S_SHOW_TRADE_ITEM 64512
S_SHOW_TRADE_LOG 35725
S_INGAMESHOP_PRODUCT_SUBPROD 51095
S_INGAMESHOP_PRODUCT_TAG 29429
S_PET_INFO_CHANGE 50760
S_ASK_BIDDING_RARE_ITEM 57036
S_NPCGUILD_LIST 32648
S_PREMIUM_SLOT_DATALIST 59401
S_PREMIUM_SLOT_OFF 31530
S_CREST_INFO 47582
S_CREST_MESSAGE 47863
S_PREPARE_RETURN_TO_LOBBY 37584
S_PREPARE_SELECT_CHANNEL 48106
S_RETURN_TO_LOBBY 64497
S_SELECT_CHANNEL 40234
S_INVEN_USERDATA 51073
S_ITEMLIST 43701
S_GUILD_INFO 40899
S_GUILD_LEVEL_INFO_CHANGED 61722
S_GUILD_MEMBER_LIST 61068
S_GUILD_MONEY_INFO_CHANGED 23187
S_GUILD_QUEST_LIST 51478
S_GUILD_WARE_HISTORY 29076
S_SHOW_GUILD_QUEST_LIST 43633
S_START_GUILD_QUEST 43949
S_PARTY_MEMBER_CHANGE_MP 28764
S_PARTY_MEMBER_CHANGE_STAMINA 46678
S_REQUEST_SECOND_PASSWORD_AUTH 46694
S_TRADE_BROKER_HISTORY_ITEM_LIST 40971
S_TRADE_BROKER_INPUT_PRICE 23215
S_USER_REPORT 37421
S_CHAT_REPORT 34635
SU_RESONANCE_DUNGEON 26790
S_DUNGEON_COOL_TIME_LIST 25346
S_REJECT_CONTRACT 27731
S_EQUIP_SERVANT_ITEM 31983
S_FONT_SWAP_INFO 41401
S_UPDATE_GUILD_QUEST_STATUS 65145
S_GUILD_APPLY_COUNT 36187
S_ADMIN_GET_USERINFO_SKILL 60864
S_ARENA_FIGHT_ABNORMALITY_BEGIN 39491
S_ARENA_FIGHT_ABNORMALITY_END 28438
S_ARENA_FIGHT_ABNORMALITY_REFRESH 49385
S_ARENA_RESULT 33927
S_BATTLE_FIELD_RESULT 59539
S_BATTLE_FIELD_START_OCCUPATION 32772
S_BATTLE_FIELD_STRONGHOLD_EVENT 31791
S_CLEAR_ALL_HOLDED_ABNORMALITY 44459
S_ROUND_PVP_BATTLE_FIELD_BOARD 63836
S_DESPAWN_COLLECTION 60255
S_REQUEST_CITY_WAR_MAP_INFO_END 22245
S_UPDATE_FRIEND_INFO 36461
S_USER_BLOCK_LIST 44535
S_COUPON_DATA 28887
S_COUPON_NOTIFY 43813
S_DONE_TEL_CAMP 46206
S_LIST_CHANNEL 50442
S_PARTY_MARKER 43220
S_PLAYER_STAT_UPDATE 55352
S_PREPARE_EXIT 44321
S_SHOW_NPC_TO_MAP 52808
S_USE_COUPON 35122
S_ACCEPT_CONTRACT 53757
S_BATTLE_FIELD_POINT_STORE_BASKET 37450
S_BATTLE_FIELD_POINT_STORE_SELL_LIST 49803
S_CANCEL_CONTRACT 52660
SU_REQUEST_ELIN_EVENT_DETAIL 21148
S_RANK_POINT_STATUS 47514
S_DESPAWN_BUILD_OBJECT 24885
S_DESPAWN_EVENT_SEED 52146
S_DESPAWN_STATUE 33169
S_DIALOG_CLOSE 44237
S_DUNGEON_WORK_POINT_STORE_BASKET 37940
S_DUNGEON_WORK_POINT_STORE_SELL_LIST 49493
S_FIELD_EVENT_CHANNEL_FULL_GUIDE 64444
S_FIELD_EVENT_PROGRESS_INFO 50554
S_FIELD_EVENT_RANK_LIST 23673
S_GROUP_DUEL_CURRENT_BETTING_ITEM 54906
S_GUILD_STORE_BASKET 64824
S_GUILD_STORE_SELL_LIST 62545
S_MEDAL_STORE_BASKET 49971
S_MEDAL_STORE_SELL_LIST 56306
S_NEED_WAREHOUSE_COMMISION 64345
S_ONGOING_FIELD_EVENT_LIST 27352
S_PLAYER_LACK_OF_ACTPOINT 38553
S_POINT_STORE_BASKET 56754
S_POINT_STORE_SELL_LIST 27022
S_DARK_RIFT_CLEAR_MAP_MARKER_WORLD_NOTI 57933
S_REGISTER_ENCHANT_ITEM 50889
S_REGISTER_EVOLUTION_ITEM 48831
S_REPLY_REQUEST_CONTRACT 44423
S_SHOW_DUNGEON_RETRY_UI 35309
S_SPAWN_DOOR 24498
S_SPAWN_STATUE 40283
S_UPDATE_EVENT_SEED_STATE 63024
S_CHECK_TO_DECLARE_GUILD_WAR 54345
S_GUILD_LEVEL_RANKING_LIST 58021
S_GUILD_PERK_LIST 63985
S_GUILD_POINT_INFO_CHANGED 25147
S_NOTIFY_GUILD_QUEST_URGENT 58595
S_REPLY_GUILD_LIST 23181
S_REPLY_GUILD_WANTED_WRITING_LIST 56287
S_REPLY_INVITE_GUILD_LIST 29694
S_RESULT_LEARN_GUILD_PERK 22668
S_AVAILABLE_EVENT_MATCHING_LIST 64276
S_CHECK_TO_READY_PARTY_FIN 35783
S_COMPLETE_EVENT_MATCHING_QUEST 27237
S_CURR_FLY_MOVE_INFO 43017
S_DESPAWN_BONFIRE 40148
S_DESPAWN_DROPITEM 47336
S_DUNGEON_CAMERA_SET 56060
S_F2P_PremiumUser_Permission 34812
S_ITEMSYNTHESIZER_MATERIAL 27301
S_ITEMSYNTHESIZER_RESULT 56103
S_ITEM_COLORING_BAG 25467
S_MERGE_PARTY_TO_RAID 30096
S_SEND_CHANGE_REPUTATION_POINT 61386
S_OTHER_USER_APPLY_PARTY 42269
S_PARTY_MATCH_LINK 34680
S_PARTY_MEMBER_ABNORMAL_ADD 42663
S_PARTY_MEMBER_ABNORMAL_REFRESH 23109
S_PARTY_MEMBER_CHANGE_HP 29823
S_PARTY_MEMBER_QUEST_DATA 58691
S_REQUEST_SERVANT_COMPOSE 41103
S_RESET_ALL_PRODUCT_MARK_EVENT 60322
S_RESULT_BIDDING_DICE_THROW 60385
S_RESULT_ITEM_BIDDING 21589
S_PET_DURABILITY_CHANGE 32977
S_UPDATE_NPCGUILD 20805
S_ADMIN_NOTICE 23245
S_VOTE_RESET_ALL_DUNGEON 33822
S_ACCOUNT_PACKAGE_LIST 54912
S_CREST_ASK_DISAPPLY_ALL 60681
S_CREST_CHANGE_FAIL 48571
S_EACH_SKILL_RESULT 51469
S_GET_USER_LIST 34039
S_INSTANT_PULL 52281
S_MOUNT_VEHICLE_EX 63259
S_RP_SKILL_POLISHING_LIST 51405
S_START_CHANGE_USER_APPEARANCE 21522
S_TRADE_BROKER_CALC_NOTIFY 32594
S_TRADE_BROKER_DEAL_SUGGESTED 20780
S_TRADE_BROKER_REGISTERED_ITEM_LIST 26494
S_TRADE_BROKER_REQUEST_DEAL_RESULT 65008
S_TRADE_BROKER_SOLD_ITEM_LIST 61366
S_TRADE_BROKER_WAITING_ITEM_LIST 44424
C_NOTIFY_LOCATION_IN_ACTION 60873
C_ADMIN_CHECK_USERNAME 62040
C_ADMIN_KILL_NPC 55155
C_REQUEST_USER_PAPERDOLL_INFO_WITH_GAMEID 50793
C_BAN_PARTY_MEMBER 21981
C_DISMISS_PARTY 55325
C_UNMOUNT_VEHICLE 41371
C_TOGGLE_GROUP_DUEL_SLOT 29495
C_SHOW_QUEST_INFO_DIALOG 49182
C_CREATE_GROUP_DUEL 63145
C_REQUEST_SHARE_QUEST 45144
C_REQUEST_ABNORMALITY_TOOLTIP_VALUE 30623
C_WAREHOUSE_AUTO_SORT 44014
C_REQUEST_GUILD_INFO_BEFORE_APPLY_GUILD 52389
C_KICK_CHANNEL_MEMBER 63890
C_LEAVE_PARTY 33726
C_LEAVE_PRIVATE_CHANNEL 20777
C_REUQUEST_JOINED_CHANNEL_LIST 56966
C_GET_USER_LIST 43244
C_INVALID_BUILD_VERSION 24771
C_SET_VISIBLE_RANGE 27526
C_COMMIT_ACCESSORY_TRANSFORM 27073
C_PLAYER_LOCATION 61963
CU_RESONANCE_DUNGEON 25942
CU_CLEAR_CARDS_MENU 45870
CU_START_FUSION 36021
C_CHANGE_CARD_PRESET 31663
C_PURCHASE_PROD 36777
C_VIEW_INTER_PARTY_MATCH_DUNGEON_LIST 33633
C_CANCEL_CONTRACT 55688
C_INGAME_CHANGE_USER_APPEARANCE_TRY 53072
CU_REQUEST_ELIN_EVENT_DETAIL 20222
CU_COMMIT_ELIN_EVENT 57403
C_GACHA_TRY 51534
C_SET_GUILDGROUP_AUTHORITY 35619
C_LOAD_TOPO_FIN 26978
C_DEL_ITEM 48986
C_SHOW_ITEMLIST 31622
C_MERGE_ITEM 29841
C_MOVE_ITEM 54156
C_REQUEST_NONDB_MYTHICITEM_TOOLTIP 21450
C_REQUEST_FLY_MOVE_INFO 38149
C_REQUEST_CHANGE_CHARACTER_NAME 24523
C_MYTHICCRAFT_REGISTER_TARGET_ITEM 64470
C_MYTHICCRAFT_REGISTER_MATERIAL_ITEM 24518
C_TRY_NPC_INTERACTION 45150
C_NOTIMELINE_SKILL 47342
C_UPDATE_REACTION_POS 22651
C_CANCEL_SKILL 21792
C_USE_PREMIUM_SLOT 58861
C_START_INSTANCE_SKILL_EX 51152
C_LORD_REGISTER_INFO 35078
C_VOTE_HISTORY 41267
C_REQUEST_CHANGE_LOOKS_SERVANT 42640
C_REQUEST_SERVANT_ADVENTURE_LIST 39217
C_SURVEY_ANSWER 46861
C_MERGE_ITEM_EXECUTE 56683
C_HIT_USER_PROJECTILE 39983
C_REQUEST_VIP_STORE_ITEM_LIST 36251
C_DELETE_USER 34763
C_ADMIN_GET_USER_INFO_LIST_BY_DISTANCE 32565
C_SERVER_TIME 24365
C_ADMIN_GMEVENT_OFF 22564
C_ADMIN_HOLD_CHARACTER 57133
C_ADMIN_VANISH_PET 60719
C_ADMIN_WARNING_MESSAGE 60389
C_BROADCAST_CLIMBING 29870
C_END_CLIMBING 58390
C_MEET_BOSS_INFO 28548
C_VIEW_BATTLEFIELD_STORE 62578
C_REVIVE_NOW 51886
C_VIEW_INTER_PARTY_MATCH_BATTLEFIELD_LIST 65398
C_REQUEST_PRIVATE_CHANNEL_INFO 22813
C_NOTIFY_LOCATION_IN_DASH 44906
C_DIALOG_EVENT 61440
C_ENTER_DUNGEON 44326
C_DUNGEON_CLEAR_COUNT_LIST 62218
C_RESET_ALL_DUNGEON 60653
C_REQUEST_FIELD_POINT_REWARD 59589
C_REQUEST_ENCHANT 27013
C_UNREGISTER_COMBINE_ITEM 61686
C_REGISTER_ENCHANT_ITEM 43564
C_REGISTER_EVOLUTION_ITEM 24032
C_STOP_FISHING 56767
C_CAST_FISHING_ROD 42748
C_COMBINE_ITEM 31858
C_REQUEST_ONGOING_FIELD_EVENT_LIST 58261
C_ACCEPT_FRIEND 62044
C_DELETE_FRIEND 24027
C_ADD_FRIEND 64881
C_CHANGE_FRIEND_MEMO 29274
C_CHANGE_MY_STATE 41917
C_UPDATE_FRIEND_INFO 59172
C_SIMPLE_TIP_DONT_REPEAT 65134
C_REQUEST_GAMESTAT_PING 28925
C_REQUEST_GUILD_LEVEL_RANKING 39955
C_GROUP_DUEL_BETTING 43994
C_GROUP_DUEL_CHANGE_REPRESENT 30283
C_GROUP_DUEL_DEL_BETTING_ITEM 61958
C_CITY_WAR_INFO_HISTROY 61060
C_GET_GUILD_QUEST_WEEKLY_REWARD 38665
C_REQUEST_LEARN_GUILD_PERK 25682
C_CHAT 64570
C_SHOW_GUILD_QUEST_LIST 55188
C_VIEW_GUILD_WAR 43442
C_ITEMSYNTHESIZER_REQUEST_CANCEL 57774
C_ITEMSYNTHESIZER_REQUEST_MATERIAL 35465
C_UNBIND_ITEM 22461
C_CAN_CREATE_USER 54191
C_SELECT_USER 56573
C_CANCEL_DELETE_USER 44941
C_GET_USER_GUILD_LOGO 52365
C_MAIN_MENU_COMMAND_EXEC 33893
C_RETURN_TO_LOBBY 26588
C_CAN_LOCKON_TARGET 27602
C_REQUEST_MEGAPHONE 55441
C_AVAILABLE_EVENT_MATCHING_LIST 63761
C_COMPLETE_EXTRA_EVENT 53110
C_CHECK_EVENT_MATCHING_LIST_CHECKBOX 51031
C_COMPLETE_DAILY_EVENT 60374
C_EVENT_MATCHING_DUNGEON_DETAIL_INFO 56228
C_UNEQUIP_ITEM 58565
C_REQUEST_EVENT_MATCHING_TELEPORT 21125
C_REQUEST_REPUTATION_STORE_TELEPORT 45047
C_LIST_PARCEL 40906
C_CLOSE_SEND_PARCEL 41781
C_SET_SEND_PARCEL_TYPE 62061
C_APPLY_PARTY 56098
C_PARTY_APPLICATION_DENIED 23437
C_REQUEST_PARTY_INFO 26969
C_UNREGISTER_PARTY_INFO 32873
C_REGISTER_PARTY_INFO 36385
C_REQUEST_CANDIDATE_LIST 47455
C_PLAYER_FLYING_LOCATION 32687
C_CHANGE_PARTY_MEMBER_AUTHORITY 57239
C_PREMIUM_COMPOSE_CANCEL 63087
C_RETURN_USER_GIFT 48320
C_PREMIUM_COMPOSE_ADD_ITEM 27550
C_PREMIUM_COMPOSE_DEL_ITEM 53981
C_BIND_ITEM_BEGIN_PROGRESS 59988
C_START_PRODUCE 29968
C_SET_TARGET_INFO 31851
C_REQUEST_QUEST_BACKUP_ITEM 52061
C_REQUEST_SERVANT_INFO_LIST 21264
C_LORD_CANDIDATE_LIST 35804
C_REQUEST_DESPAWN_SERVANT 44560
C_REQUEST_PARTY_MATCH_INFO_PAGE 62670
C_ENTER_SCENARIO_DUNGEON 52710
C_REQUEST_PARTY_MATCH_INFO 22800
C_SERVANT_ABILITY 33992
C_CANCEL_CHANGE_USER_APPEARANCE 23933
C_REQUEST_SERVANT_LEVEL_UP 49982
C_REQUEST_SERVANT_COMPOSE 51541
C_REQUEST_SERVANT_EVOLUTION 49948
C_REQUEST_PET_CONSUME_EXP_ITEM 52844
C_PET_LEVEL_UP_ITEM_ADD_TO_LIST 36625
C_PET_LEVEL_UP_ITEM_REMOVE_FROM_LIST 59393
C_RQ_SKILL_POLISHING_LIST 38294
C_RESPONSE_SPAWN_DROPITEM 45059
C_SKILL_LEARN_LIST 40190
C_RQ_SKILL_POLISHING_CHANGE_OPTION 52117
C_SOCIAL 51452
C_REQUEST_STACK_ATTENDANCE_EVENT_INFO_UPDATE 35850
C_REQUEST_STACK_ATTENDANCE_EVENT_REWARD 56821
C_REJECT_CONTRACT 20319
C_SHOW_ITEM_TOOLTIP_EX 33333
C_REQUEST_NONDB_ITEM_INFO 48938
C_TRADE_BROKER_DEAL_CONFIRM 28343
C_TRADE_BROKER_REJECT_SUGGEST 55453
C_TRADE_BROKER_REGISTER_ITEM 57514
C_NPC_CONTACT 39173
C_CONFIRM_UPDATE_NOTIFICATION 50117
C_REMOVE_BLOCKED_USER 45128
C_BLOCK_USER 21495
C_VIEW_WARE 62591
C_GACHA_CANCEL 38184
C_RQ_ADD_ITEM_TO_DECOMPOSITION_CONTRACT 44368
C_REQUEST_USER_PAPERDOLL_INFO 24379
C_WHISPER 30537
C_PRESS_SKILL 37157
C_VISIT_NEW_SECTION 30915
C_SECOND_PASSWORD_AUTH 53313
C_GET_OUT_SHUTTLE 55556
C_GET_IN_SHUTTLE 38758
C_ADMIN 53303
C_OP_COMMAND 23741
C_DIALOG 24961
C_UNREGISTER_EVOLUTION_ITEM 35001
C_UNREGISTER_REPAIR_ITEM 63437
C_REQUEST_EVOLUTION 35028
C_START_EVOLUTION 49704
C_REQUEST_GUILD_PERK_LIST 25417
C_RQ_COMMIT_DECOMPOSITION_CONTRACT 60297
C_BIND_ITEM_EXECUTE 52223
C_BATTLE_FIELD_POINT_STORE_BUY_ADD_BASKET 51007
C_GUILD_STORE_BUY_ADD_BASKET 58912
C_UNREGISTER_ENCHANT_ITEM 41190
C_START_ENCHANT 33806
C_REQUEST_PARTY_MATCH_LINK 57783
C_USE_ITEM 49682
C_REPLY_THROUGH_ARBITER_CONTRACT 41757
C_EXPAND_INVEN_POCKET 61845
C_START_TARGETED_SKILL 61795
C_START_COMBO_INSTANT_SKILL 59436
C_START_INSTANCE_SKILL 26158
C_CHAT_REPORT 29493
C_ADMIN_GM_TELEPORT 46781
C_ADMIN_REQUEST_USERACTION 28578
C_REQUEST_CONTRACT 57343
C_EDIT_FRIEND_GROUP 42336
C_REQUEST_GUILD_LIST 37621
C_HARDWARE_INFO 61902
C_LOGIN_ARBITER 56022
C_SEND_PARCEL 22871
C_COMMIT_CHANGE_USER_APPEARANCE 42247
C_CREST_APPLY_LIST 56553
C_START_GUILD_SKILL 58631
C_START_SKILL 21603
C_SKILL_LEARN_REQUEST 42248
C_ADD_TRADE_BAG 25262
C_TRADE_BROKER_BUY_IT_NOW 21118
C_TRADE_BROKER_HISTORY_ITEM_LIST_NEW 53010
C_TRADE_BROKER_WAITING_ITEM_LIST_NEW 61084
C_GET_WARE_ITEM 32323
C_PUT_WARE_ITEM 35608
C_SAVE_CLIENT_ACCOUNT_SETTING 52837
C_SAVE_CLIENT_USER_SETTING 34891
C_SET_SEND_PARCEL_ITEM 50785
C_ADD_CRYSTAL_COMBINE_MATERIAL 63528
C_DEL_CRYSTAL_COMBINE_MATERIAL 52100
C_END_FISHING_MINIGAME 31466
CU_NEEDS_REMAP_4E84 20100
SU_NEEDS_REMAP_4E91 20113
SU_NEEDS_REMAP_4E94 20116
CU_NEEDS_REMAP_4E9D 20125
CU_NEEDS_REMAP_4ECD 20173
SU_NEEDS_REMAP_4ED6 20182
CU_NEEDS_REMAP_4EED 20205
CU_NEEDS_REMAP_4EEF 20207
CU_NEEDS_REMAP_4EF1 20209
SU_NEEDS_REMAP_4F0A 20234
CU_NEEDS_REMAP_4F25 20261
SU_NEEDS_REMAP_4F2F 20271
SU_NEEDS_REMAP_4F38 20280
SU_NEEDS_REMAP_4FC1 20417
SU_NEEDS_REMAP_5014 20500
SU_NEEDS_REMAP_5015 20501
CU_NEEDS_REMAP_5053 20563
SU_NEEDS_REMAP_5077 20599
CU_NEEDS_REMAP_50A5 20645
CU_NEEDS_REMAP_50AD 20653
CU_NEEDS_REMAP_50C2 20674
SU_NEEDS_REMAP_50D4 20692
CU_NEEDS_REMAP_50E8 20712
SU_NEEDS_REMAP_512A 20778
SU_NEEDS_REMAP_5149 20809
SU_NEEDS_REMAP_5174 20852
CU_NEEDS_REMAP_51AD 20909
CU_NEEDS_REMAP_51B6 20918
SU_NEEDS_REMAP_51B8 20920
SU_NEEDS_REMAP_51C0 20928
SU_NEEDS_REMAP_51DD 20957
SU_NEEDS_REMAP_51E0 20960
CU_NEEDS_REMAP_51E8 20968
SU_NEEDS_REMAP_51F0 20976
SU_NEEDS_REMAP_51F5 20981
SU_NEEDS_REMAP_520D 21005
CU_NEEDS_REMAP_5249 21065
SU_NEEDS_REMAP_5287 21127
SU_NEEDS_REMAP_5294 21140
SU_NEEDS_REMAP_52A5 21157
SU_NEEDS_REMAP_52B0 21168
CU_NEEDS_REMAP_52B6 21174
CU_NEEDS_REMAP_52EF 21231
SU_NEEDS_REMAP_52F2 21234
SU_NEEDS_REMAP_5354 21332
SU_NEEDS_REMAP_53B9 21433
SU_NEEDS_REMAP_5441 21569
CU_NEEDS_REMAP_544A 21578
SU_NEEDS_REMAP_5469 21609
CU_NEEDS_REMAP_5495 21653
CU_NEEDS_REMAP_54BF 21695
CU_NEEDS_REMAP_54E8 21736
SU_NEEDS_REMAP_54EE 21742
SU_NEEDS_REMAP_54FE 21758
SU_NEEDS_REMAP_5524 21796
CU_NEEDS_REMAP_5583 21891
SU_NEEDS_REMAP_5584 21892
SU_NEEDS_REMAP_558B 21899
SU_NEEDS_REMAP_55A1 21921
SU_NEEDS_REMAP_55A5 21925
SU_NEEDS_REMAP_55AA 21930
CU_NEEDS_REMAP_561E 22046
SU_NEEDS_REMAP_567D 22141
SU_NEEDS_REMAP_5687 22151
SU_NEEDS_REMAP_56E1 22241
CU_NEEDS_REMAP_56E2 22242
SU_NEEDS_REMAP_5708 22280
SU_NEEDS_REMAP_5777 22391
CU_NEEDS_REMAP_579F 22431
CU_NEEDS_REMAP_57A2 22434
SU_NEEDS_REMAP_57AB 22443
CU_NEEDS_REMAP_57C6 22470
CU_NEEDS_REMAP_57FF 22527
SU_NEEDS_REMAP_583A 22586
SU_NEEDS_REMAP_589D 22685
CU_NEEDS_REMAP_58A9 22697
CU_NEEDS_REMAP_58B9 22713
CU_NEEDS_REMAP_58E2 22754
CU_NEEDS_REMAP_58F1 22769
CU_NEEDS_REMAP_58F2 22770
SU_NEEDS_REMAP_591E 22814
SU_NEEDS_REMAP_5922 22818
CU_NEEDS_REMAP_5926 22822
SU_NEEDS_REMAP_5927 22823
CU_NEEDS_REMAP_596E 22894
SU_NEEDS_REMAP_5986 22918
SU_NEEDS_REMAP_599A 22938
CU_NEEDS_REMAP_59BC 22972
SU_NEEDS_REMAP_59BD 22973
CU_NEEDS_REMAP_59D5 22997
CU_NEEDS_REMAP_5A34 23092
SU_NEEDS_REMAP_5A91 23185
CU_NEEDS_REMAP_5AED 23277
CU_NEEDS_REMAP_5B2E 23342
CU_NEEDS_REMAP_5B41 23361
CU_NEEDS_REMAP_5B58 23384
SU_NEEDS_REMAP_5B60 23392
SU_NEEDS_REMAP_5B63 23395
SU_NEEDS_REMAP_5B87 23431
SU_NEEDS_REMAP_5B8F 23439
CU_NEEDS_REMAP_5B96 23446
CU_NEEDS_REMAP_5BB0 23472
CU_NEEDS_REMAP_5BC9 23497
SU_NEEDS_REMAP_5BCA 23498
SU_NEEDS_REMAP_5BD1 23505
CU_NEEDS_REMAP_5BD4 23508
SU_NEEDS_REMAP_5BEF 23535
SU_NEEDS_REMAP_5C22 23586
CU_NEEDS_REMAP_5C2D 23597
SU_NEEDS_REMAP_5C33 23603
CU_NEEDS_REMAP_5C35 23605
SU_NEEDS_REMAP_5C46 23622
SU_NEEDS_REMAP_5C55 23637
SU_NEEDS_REMAP_5C72 23666
CU_NEEDS_REMAP_5C7D 23677
SU_NEEDS_REMAP_5C86 23686
SU_NEEDS_REMAP_5C8A 23690
CU_NEEDS_REMAP_5C9F 23711
SU_NEEDS_REMAP_5CAE 23726
CU_NEEDS_REMAP_5CB3 23731
CU_NEEDS_REMAP_5CD8 23768
SU_NEEDS_REMAP_5CF4 23796
SU_NEEDS_REMAP_5D00 23808
CU_NEEDS_REMAP_5D28 23848
CU_NEEDS_REMAP_5D82 23938
SU_NEEDS_REMAP_5DA7 23975
SU_NEEDS_REMAP_5DAD 23981
CU_NEEDS_REMAP_5DB0 23984
SU_NEEDS_REMAP_5DC9 24009
CU_NEEDS_REMAP_5DE4 24036
SU_NEEDS_REMAP_5E01 24065
SU_NEEDS_REMAP_5E15 24085
SU_NEEDS_REMAP_5E57 24151
SU_NEEDS_REMAP_5E95 24213
CU_NEEDS_REMAP_5E9B 24219
SU_NEEDS_REMAP_5E9F 24223
SU_NEEDS_REMAP_5F18 24344
CU_NEEDS_REMAP_5F4B 24395
SU_NEEDS_REMAP_5F63 24419
SU_NEEDS_REMAP_5F85 24453
CU_NEEDS_REMAP_5F9E 24478
CU_NEEDS_REMAP_5FAE 24494
SU_NEEDS_REMAP_5FCF 24527
CU_NEEDS_REMAP_5FD6 24534
SU_NEEDS_REMAP_6011 24593
SU_NEEDS_REMAP_6012 24594
CU_NEEDS_REMAP_6055 24661
CU_NEEDS_REMAP_6076 24694
SU_NEEDS_REMAP_6091 24721
CU_NEEDS_REMAP_60E7 24807
SU_NEEDS_REMAP_60FC 24828
CU_NEEDS_REMAP_611F 24863
SU_NEEDS_REMAP_617A 24954
SU_NEEDS_REMAP_61BD 25021
SU_NEEDS_REMAP_61F9 25081
SU_NEEDS_REMAP_6218 25112
SU_NEEDS_REMAP_621B 25115
CU_NEEDS_REMAP_62B4 25268
SU_NEEDS_REMAP_62C3 25283
SU_NEEDS_REMAP_6353 25427
SU_NEEDS_REMAP_6376 25462
CU_NEEDS_REMAP_63BD 25533
CU_NEEDS_REMAP_63C5 25541
SU_NEEDS_REMAP_63D3 25555
SU_NEEDS_REMAP_6400 25600
SU_NEEDS_REMAP_6421 25633
SU_NEEDS_REMAP_6445 25669
SU_NEEDS_REMAP_645C 25692
SU_NEEDS_REMAP_64B7 25783
CU_NEEDS_REMAP_64B9 25785
CU_NEEDS_REMAP_64BC 25788
SU_NEEDS_REMAP_64D5 25813
SU_NEEDS_REMAP_6508 25864
CU_NEEDS_REMAP_65A5 26021
CU_NEEDS_REMAP_65AB 26027
CU_NEEDS_REMAP_65DC 26076
SU_NEEDS_REMAP_6629 26153
SU_NEEDS_REMAP_6648 26184
SU_NEEDS_REMAP_666A 26218
CU_NEEDS_REMAP_66BB 26299
SU_NEEDS_REMAP_6757 26455
CU_NEEDS_REMAP_6765 26469
SU_NEEDS_REMAP_6766 26470
SU_NEEDS_REMAP_677B 26491
SU_NEEDS_REMAP_6781 26497
CU_NEEDS_REMAP_67CF 26575
CU_NEEDS_REMAP_6849 26697
CU_NEEDS_REMAP_685C 26716
SU_NEEDS_REMAP_687A 26746
CU_NEEDS_REMAP_68C3 26819
CU_NEEDS_REMAP_690F 26895
SU_NEEDS_REMAP_6919 26905
CU_NEEDS_REMAP_692A 26922
SU_NEEDS_REMAP_6932 26930
SU_NEEDS_REMAP_6943 26947
CU_NEEDS_REMAP_6966 26982
SU_NEEDS_REMAP_698B 27019
SU_NEEDS_REMAP_69A2 27042
CU_NEEDS_REMAP_69F5 27125
SU_NEEDS_REMAP_6A35 27189
SU_NEEDS_REMAP_6A37 27191
SU_NEEDS_REMAP_6A5D 27229
CU_NEEDS_REMAP_6A63 27235
CU_NEEDS_REMAP_6A96 27286
CU_NEEDS_REMAP_6A9E 27294
CU_NEEDS_REMAP_6AA2 27298
SU_NEEDS_REMAP_6ADB 27355
SU_NEEDS_REMAP_6AFB 27387
CU_NEEDS_REMAP_6B1E 27422
CU_NEEDS_REMAP_6B2C 27436
SU_NEEDS_REMAP_6B2E 27438
SU_NEEDS_REMAP_6B94 27540
CU_NEEDS_REMAP_6BAE 27566
CU_NEEDS_REMAP_6BB5 27573
CU_NEEDS_REMAP_6BB8 27576
CU_NEEDS_REMAP_6BD0 27600
SU_NEEDS_REMAP_6C10 27664
CU_NEEDS_REMAP_6C42 27714
CU_NEEDS_REMAP_6C97 27799
CU_NEEDS_REMAP_6CA5 27813
CU_NEEDS_REMAP_6CCD 27853
CU_NEEDS_REMAP_6CD2 27858
CU_NEEDS_REMAP_6CF2 27890
SU_NEEDS_REMAP_6D1F 27935
SU_NEEDS_REMAP_6D29 27945
SU_NEEDS_REMAP_6D35 27957
SU_NEEDS_REMAP_6D54 27988
CU_NEEDS_REMAP_6D93 28051
SU_NEEDS_REMAP_6DC6 28102
CU_NEEDS_REMAP_6DDD 28125
CU_NEEDS_REMAP_6DEF 28143
SU_NEEDS_REMAP_6DF2 28146
SU_NEEDS_REMAP_6E0D 28173
CU_NEEDS_REMAP_6E13 28179
SU_NEEDS_REMAP_6E17 28183
CU_NEEDS_REMAP_6E5F 28255
CU_NEEDS_REMAP_6EA1 28321
SU_NEEDS_REMAP_6ED4 28372
CU_NEEDS_REMAP_6F31 28465
SU_NEEDS_REMAP_6F52 28498
SU_NEEDS_REMAP_6F6B 28523
CU_NEEDS_REMAP_6F70 28528
CU_NEEDS_REMAP_6F8E 28558
SU_NEEDS_REMAP_6FA5 28581
SU_NEEDS_REMAP_6FAC 28588
CU_NEEDS_REMAP_6FC5 28613
CU_NEEDS_REMAP_7096 28822
SU_NEEDS_REMAP_70BD 28861
CU_NEEDS_REMAP_70DC 28892
CU_NEEDS_REMAP_7135 28981
CU_NEEDS_REMAP_7167 29031
CU_NEEDS_REMAP_71A0 29088
CU_NEEDS_REMAP_71B1 29105
CU_NEEDS_REMAP_71DF 29151
CU_NEEDS_REMAP_71FC 29180
CU_NEEDS_REMAP_7224 29220
CU_NEEDS_REMAP_728A 29322
SU_NEEDS_REMAP_7296 29334
SU_NEEDS_REMAP_72AE 29358
SU_NEEDS_REMAP_72C5 29381
CU_NEEDS_REMAP_72C7 29383
SU_NEEDS_REMAP_7342 29506
SU_NEEDS_REMAP_734F 29519
SU_NEEDS_REMAP_73CF 29647
CU_NEEDS_REMAP_7464 29796
SU_NEEDS_REMAP_7470 29808
CU_NEEDS_REMAP_7478 29816
SU_NEEDS_REMAP_74EF 29935
CU_NEEDS_REMAP_7513 29971
CU_NEEDS_REMAP_751E 29982
CU_NEEDS_REMAP_752A 29994
CU_NEEDS_REMAP_755A 30042
CU_NEEDS_REMAP_7568 30056
CU_NEEDS_REMAP_7597 30103
SU_NEEDS_REMAP_75F9 30201
SU_NEEDS_REMAP_7626 30246
CU_NEEDS_REMAP_763A 30266
SU_NEEDS_REMAP_7669 30313
CU_NEEDS_REMAP_766F 30319
CU_NEEDS_REMAP_7694 30356
CU_NEEDS_REMAP_76AB 30379
CU_NEEDS_REMAP_76AF 30383
SU_NEEDS_REMAP_770C 30476
CU_NEEDS_REMAP_7728 30504
CU_NEEDS_REMAP_7798 30616
CU_NEEDS_REMAP_781B 30747
SU_NEEDS_REMAP_782A 30762
SU_NEEDS_REMAP_7835 30773
SU_NEEDS_REMAP_783E 30782
CU_NEEDS_REMAP_7866 30822
CU_NEEDS_REMAP_7872 30834
SU_NEEDS_REMAP_7898 30872
SU_NEEDS_REMAP_78C7 30919
SU_NEEDS_REMAP_78D7 30935
SU_NEEDS_REMAP_7969 31081
CU_NEEDS_REMAP_79B6 31158
CU_NEEDS_REMAP_79DC 31196
CU_NEEDS_REMAP_7A07 31239
SU_NEEDS_REMAP_7AB4 31412
CU_NEEDS_REMAP_7ABB 31419
SU_NEEDS_REMAP_7AC9 31433
CU_NEEDS_REMAP_7AF3 31475
SU_NEEDS_REMAP_7BD3 31699
SU_NEEDS_REMAP_7BEB 31723
SU_NEEDS_REMAP_7C2D 31789
SU_NEEDS_REMAP_7C3C 31804
SU_NEEDS_REMAP_7C44 31812
CU_NEEDS_REMAP_7C59 31833
CU_NEEDS_REMAP_7C76 31862
CU_NEEDS_REMAP_7C90 31888
CU_NEEDS_REMAP_7CAA 31914
SU_NEEDS_REMAP_7CAB 31915
CU_NEEDS_REMAP_7CB8 31928
CU_NEEDS_REMAP_7CE6 31974
CU_NEEDS_REMAP_7CF3 31987
SU_NEEDS_REMAP_7CF8 31992
SU_NEEDS_REMAP_7CFA 31994
SU_NEEDS_REMAP_7D42 32066
SU_NEEDS_REMAP_7D56 32086
SU_NEEDS_REMAP_7D66 32102
CU_NEEDS_REMAP_7DBA 32186
CU_NEEDS_REMAP_7DE8 32232
SU_NEEDS_REMAP_7DF3 32243
SU_NEEDS_REMAP_7E48 32328
SU_NEEDS_REMAP_7E81 32385
SU_NEEDS_REMAP_7E93 32403
SU_NEEDS_REMAP_7EC8 32456
CU_NEEDS_REMAP_7F01 32513
SU_NEEDS_REMAP_7F03 32515
SU_NEEDS_REMAP_7F06 32518
CU_NEEDS_REMAP_7F40 32576
CU_NEEDS_REMAP_7F90 32656
SU_NEEDS_REMAP_7F9A 32666
CU_NEEDS_REMAP_7FD3 32723
CU_NEEDS_REMAP_7FD8 32728
SU_NEEDS_REMAP_800D 32781
SU_NEEDS_REMAP_8022 32802
CU_NEEDS_REMAP_8079 32889
SU_NEEDS_REMAP_8082 32898
SU_NEEDS_REMAP_808C 32908
CU_NEEDS_REMAP_8099 32921
SU_NEEDS_REMAP_80A4 32932
CU_NEEDS_REMAP_80B1 32945
CU_NEEDS_REMAP_80B3 32947
CU_NEEDS_REMAP_80BD 32957
SU_NEEDS_REMAP_80C8 32968
SU_NEEDS_REMAP_8114 33044
CU_NEEDS_REMAP_8115 33045
CU_NEEDS_REMAP_811A 33050
CU_NEEDS_REMAP_8147 33095
SU_NEEDS_REMAP_815B 33115
CU_NEEDS_REMAP_816F 33135
SU_NEEDS_REMAP_8177 33143
CU_NEEDS_REMAP_8192 33170
SU_NEEDS_REMAP_81CE 33230
CU_NEEDS_REMAP_81E2 33250
CU_NEEDS_REMAP_820E 33294
SU_NEEDS_REMAP_8215 33301
CU_NEEDS_REMAP_8217 33303
SU_NEEDS_REMAP_8222 33314
CU_NEEDS_REMAP_8231 33329
CU_NEEDS_REMAP_8309 33545
SU_NEEDS_REMAP_8325 33573
CU_NEEDS_REMAP_834B 33611
CU_NEEDS_REMAP_8382 33666
SU_NEEDS_REMAP_838F 33679
CU_NEEDS_REMAP_83B1 33713
CU_NEEDS_REMAP_83B5 33717
CU_NEEDS_REMAP_83D9 33753
CU_NEEDS_REMAP_8406 33798
SU_NEEDS_REMAP_8410 33808
SU_NEEDS_REMAP_8424 33828
SU_NEEDS_REMAP_8426 33830
CU_NEEDS_REMAP_84BC 33980
CU_NEEDS_REMAP_84CF 33999
SU_NEEDS_REMAP_856F 34159
CU_NEEDS_REMAP_858F 34191
CU_NEEDS_REMAP_85A9 34217
CU_NEEDS_REMAP_85F4 34292
SU_NEEDS_REMAP_860B 34315
SU_NEEDS_REMAP_8674 34420
SU_NEEDS_REMAP_86B3 34483
SU_NEEDS_REMAP_86D4 34516
CU_NEEDS_REMAP_8753 34643
CU_NEEDS_REMAP_875A 34650
CU_NEEDS_REMAP_877E 34686
SU_NEEDS_REMAP_8796 34710
SU_NEEDS_REMAP_87CC 34764
SU_NEEDS_REMAP_87F2 34802
SU_NEEDS_REMAP_889F 34975
SU_NEEDS_REMAP_88A2 34978
SU_NEEDS_REMAP_88AD 34989
CU_NEEDS_REMAP_88D1 35025
SU_NEEDS_REMAP_8924 35108
SU_NEEDS_REMAP_8964 35172
SU_NEEDS_REMAP_89BA 35258
SU_NEEDS_REMAP_89E3 35299
CU_NEEDS_REMAP_89F5 35317
SU_NEEDS_REMAP_8A56 35414
SU_NEEDS_REMAP_8A82 35458
SU_NEEDS_REMAP_8A8C 35468
CU_NEEDS_REMAP_8ADD 35549
SU_NEEDS_REMAP_8AF9 35577
SU_NEEDS_REMAP_8B17 35607
CU_NEEDS_REMAP_8B29 35625
CU_NEEDS_REMAP_8B3B 35643
SU_NEEDS_REMAP_8B5D 35677
SU_NEEDS_REMAP_8BBF 35775
CU_NEEDS_REMAP_8BC5 35781
CU_NEEDS_REMAP_8BFF 35839
SU_NEEDS_REMAP_8C01 35841
CU_NEEDS_REMAP_8C05 35845
SU_NEEDS_REMAP_8C39 35897
SU_NEEDS_REMAP_8CA1 36001
SU_NEEDS_REMAP_8CC8 36040
CU_NEEDS_REMAP_8D00 36096
SU_NEEDS_REMAP_8D05 36101
SU_NEEDS_REMAP_8D32 36146
SU_NEEDS_REMAP_8D58 36184
SU_NEEDS_REMAP_8DBA 36282
SU_NEEDS_REMAP_8DBC 36284
SU_NEEDS_REMAP_8DE5 36325
SU_NEEDS_REMAP_8E80 36480
CU_NEEDS_REMAP_8EB0 36528
SU_NEEDS_REMAP_8EBB 36539
SU_NEEDS_REMAP_8EE8 36584
CU_NEEDS_REMAP_8F0D 36621
SU_NEEDS_REMAP_8F19 36633
SU_NEEDS_REMAP_8F62 36706
SU_NEEDS_REMAP_8F67 36711
SU_NEEDS_REMAP_8FCF 36815
SU_NEEDS_REMAP_8FDA 36826
SU_NEEDS_REMAP_8FDE 36830
SU_NEEDS_REMAP_8FEB 36843
CU_NEEDS_REMAP_9025 36901
SU_NEEDS_REMAP_9028 36904
CU_NEEDS_REMAP_9045 36933
CU_NEEDS_REMAP_9049 36937
SU_NEEDS_REMAP_9060 36960
CU_NEEDS_REMAP_907B 36987
SU_NEEDS_REMAP_907C 36988
CU_NEEDS_REMAP_90D9 37081
CU_NEEDS_REMAP_90E7 37095
SU_NEEDS_REMAP_90F4 37108
CU_NEEDS_REMAP_912E 37166
SU_NEEDS_REMAP_914A 37194
SU_NEEDS_REMAP_917A 37242
CU_NEEDS_REMAP_919B 37275
CU_NEEDS_REMAP_91AF 37295
SU_NEEDS_REMAP_91F5 37365
SU_NEEDS_REMAP_9270 37488
SU_NEEDS_REMAP_928A 37514
SU_NEEDS_REMAP_929A 37530
CU_NEEDS_REMAP_92A2 37538
CU_NEEDS_REMAP_92AA 37546
SU_NEEDS_REMAP_92C2 37570
SU_NEEDS_REMAP_9315 37653
CU_NEEDS_REMAP_932E 37678
CU_NEEDS_REMAP_934E 37710
CU_NEEDS_REMAP_935B 37723
SU_NEEDS_REMAP_9375 37749
CU_NEEDS_REMAP_9381 37761
SU_NEEDS_REMAP_93A9 37801
CU_NEEDS_REMAP_93AC 37804
CU_NEEDS_REMAP_9402 37890
SU_NEEDS_REMAP_942C 37932
SU_NEEDS_REMAP_942F 37935
SU_NEEDS_REMAP_944C 37964
CU_NEEDS_REMAP_945C 37980
SU_NEEDS_REMAP_947C 38012
SU_NEEDS_REMAP_94CB 38091
CU_NEEDS_REMAP_951E 38174
SU_NEEDS_REMAP_9537 38199
SU_NEEDS_REMAP_9540 38208
SU_NEEDS_REMAP_956A 38250
CU_NEEDS_REMAP_9571 38257
SU_NEEDS_REMAP_957E 38270
CU_NEEDS_REMAP_95CF 38351
SU_NEEDS_REMAP_95D2 38354
CU_NEEDS_REMAP_9634 38452
CU_NEEDS_REMAP_9642 38466
CU_NEEDS_REMAP_9664 38500
SU_NEEDS_REMAP_9677 38519
SU_NEEDS_REMAP_967C 38524
SU_NEEDS_REMAP_9696 38550
CU_NEEDS_REMAP_96A6 38566
SU_NEEDS_REMAP_96B0 38576
SU_NEEDS_REMAP_96B7 38583
CU_NEEDS_REMAP_96BD 38589
SU_NEEDS_REMAP_96DF 38623
SU_NEEDS_REMAP_96E2 38626
CU_NEEDS_REMAP_96FB 38651
SU_NEEDS_REMAP_9700 38656
SU_NEEDS_REMAP_9720 38688
SU_NEEDS_REMAP_9727 38695
CU_NEEDS_REMAP_9731 38705
CU_NEEDS_REMAP_97B4 38836
CU_NEEDS_REMAP_97D5 38869
CU_NEEDS_REMAP_97E6 38886
SU_NEEDS_REMAP_9813 38931
SU_NEEDS_REMAP_983B 38971
SU_NEEDS_REMAP_9853 38995
CU_NEEDS_REMAP_9854 38996
SU_NEEDS_REMAP_9868 39016
SU_NEEDS_REMAP_986A 39018
SU_NEEDS_REMAP_9872 39026
CU_NEEDS_REMAP_9877 39031
SU_NEEDS_REMAP_98BF 39103
SU_NEEDS_REMAP_98D5 39125
CU_NEEDS_REMAP_9907 39175
CU_NEEDS_REMAP_9937 39223
CU_NEEDS_REMAP_999D 39325
SU_NEEDS_REMAP_99C2 39362
CU_NEEDS_REMAP_99E2 39394
CU_NEEDS_REMAP_9A08 39432
SU_NEEDS_REMAP_9A0B 39435
CU_NEEDS_REMAP_9A19 39449
CU_NEEDS_REMAP_9A76 39542
SU_NEEDS_REMAP_9AA6 39590
CU_NEEDS_REMAP_9AAC 39596
SU_NEEDS_REMAP_9AC4 39620
SU_NEEDS_REMAP_9AD1 39633
CU_NEEDS_REMAP_9AD4 39636
CU_NEEDS_REMAP_9AD8 39640
SU_NEEDS_REMAP_9B01 39681
CU_NEEDS_REMAP_9B9B 39835
SU_NEEDS_REMAP_9BA9 39849
SU_NEEDS_REMAP_9BB8 39864
CU_NEEDS_REMAP_9BDA 39898
CU_NEEDS_REMAP_9C0B 39947
SU_NEEDS_REMAP_9C37 39991
SU_NEEDS_REMAP_9C5A 40026
CU_NEEDS_REMAP_9CB1 40113
SU_NEEDS_REMAP_9CB6 40118
SU_NEEDS_REMAP_9CF0 40176
CU_NEEDS_REMAP_9D00 40192
SU_NEEDS_REMAP_9D0C 40204
CU_NEEDS_REMAP_9D8A 40330
CU_NEEDS_REMAP_9DB4 40372
CU_NEEDS_REMAP_9DDA 40410
SU_NEEDS_REMAP_9DDE 40414
CU_NEEDS_REMAP_9DDF 40415
SU_NEEDS_REMAP_9DE0 40416
SU_NEEDS_REMAP_9E2B 40491
SU_NEEDS_REMAP_9E35 40501
SU_NEEDS_REMAP_9E58 40536
CU_NEEDS_REMAP_9E81 40577
SU_NEEDS_REMAP_9ED6 40662
SU_NEEDS_REMAP_9F1D 40733
CU_NEEDS_REMAP_9F4D 40781
SU_NEEDS_REMAP_9F62 40802
CU_NEEDS_REMAP_9F78 40824
CU_NEEDS_REMAP_9F83 40835
CU_NEEDS_REMAP_9F92 40850
CU_NEEDS_REMAP_9FA8 40872
CU_NEEDS_REMAP_9FC2 40898
SU_NEEDS_REMAP_9FD1 40913
SU_NEEDS_REMAP_9FEF 40943
CU_NEEDS_REMAP_9FFF 40959
SU_NEEDS_REMAP_A00F 40975
SU_NEEDS_REMAP_A026 40998
CU_NEEDS_REMAP_A075 41077
SU_NEEDS_REMAP_A088 41096
SU_NEEDS_REMAP_A08B 41099
SU_NEEDS_REMAP_A097 41111
SU_NEEDS_REMAP_A0AE 41134
SU_NEEDS_REMAP_A0CC 41164
SU_NEEDS_REMAP_A140 41280
CU_NEEDS_REMAP_A149 41289
CU_NEEDS_REMAP_A160 41312
CU_NEEDS_REMAP_A18B 41355
CU_NEEDS_REMAP_A1A5 41381
CU_NEEDS_REMAP_A209 41481
SU_NEEDS_REMAP_A294 41620
SU_NEEDS_REMAP_A295 41621
CU_NEEDS_REMAP_A297 41623
CU_NEEDS_REMAP_A2AB 41643
CU_NEEDS_REMAP_A2E7 41703
SU_NEEDS_REMAP_A318 41752
CU_NEEDS_REMAP_A32D 41773
SU_NEEDS_REMAP_A371 41841
SU_NEEDS_REMAP_A377 41847
SU_NEEDS_REMAP_A3BC 41916
SU_NEEDS_REMAP_A3CA 41930
CU_NEEDS_REMAP_A3D1 41937
CU_NEEDS_REMAP_A3D7 41943
CU_NEEDS_REMAP_A41B 42011
CU_NEEDS_REMAP_A427 42023
SU_NEEDS_REMAP_A435 42037
SU_NEEDS_REMAP_A446 42054
SU_NEEDS_REMAP_A458 42072
CU_NEEDS_REMAP_A45E 42078
CU_NEEDS_REMAP_A493 42131
SU_NEEDS_REMAP_A4A4 42148
CU_NEEDS_REMAP_A4F2 42226
SU_NEEDS_REMAP_A4F4 42228
CU_NEEDS_REMAP_A4F6 42230
SU_NEEDS_REMAP_A550 42320
CU_NEEDS_REMAP_A55B 42331
SU_NEEDS_REMAP_A58A 42378
SU_NEEDS_REMAP_A5A2 42402
SU_NEEDS_REMAP_A5B7 42423
CU_NEEDS_REMAP_A628 42536
SU_NEEDS_REMAP_A630 42544
CU_NEEDS_REMAP_A651 42577
SU_NEEDS_REMAP_A660 42592
SU_NEEDS_REMAP_A661 42593
CU_NEEDS_REMAP_A6A2 42658
CU_NEEDS_REMAP_A6E4 42724
SU_NEEDS_REMAP_A71A 42778
SU_NEEDS_REMAP_A726 42790
SU_NEEDS_REMAP_A755 42837
SU_NEEDS_REMAP_A76B 42859
SU_NEEDS_REMAP_A782 42882
SU_NEEDS_REMAP_A7A6 42918
CU_NEEDS_REMAP_A7CD 42957
CU_NEEDS_REMAP_A7F0 42992
SU_NEEDS_REMAP_A88E 43150
SU_NEEDS_REMAP_A8B7 43191
CU_NEEDS_REMAP_A8ED 43245
CU_NEEDS_REMAP_A8EE 43246
SU_NEEDS_REMAP_A8FC 43260
CU_NEEDS_REMAP_A93A 43322
SU_NEEDS_REMAP_A93D 43325
CU_NEEDS_REMAP_A944 43332
CU_NEEDS_REMAP_A948 43336
CU_NEEDS_REMAP_A94A 43338
SU_NEEDS_REMAP_A957 43351
SU_NEEDS_REMAP_A99B 43419
CU_NEEDS_REMAP_A9C7 43463
CU_NEEDS_REMAP_A9CE 43470
SU_NEEDS_REMAP_AA13 43539
CU_NEEDS_REMAP_AA4C 43596
SU_NEEDS_REMAP_AA6D 43629
SU_NEEDS_REMAP_AAD6 43734
CU_NEEDS_REMAP_AB3F 43839
CU_NEEDS_REMAP_AB55 43861
SU_NEEDS_REMAP_AB9A 43930
SU_NEEDS_REMAP_ABD4 43988
SU_NEEDS_REMAP_ABE6 44006
CU_NEEDS_REMAP_ABF9 44025
CU_NEEDS_REMAP_AC62 44130
CU_NEEDS_REMAP_AC8B 44171
SU_NEEDS_REMAP_AC98 44184
CU_NEEDS_REMAP_ACA9 44201
SU_NEEDS_REMAP_ACB6 44214
SU_NEEDS_REMAP_ACBE 44222
CU_NEEDS_REMAP_ACC3 44227
CU_NEEDS_REMAP_ACEC 44268
CU_NEEDS_REMAP_AD24 44324
SU_NEEDS_REMAP_AD4D 44365
SU_NEEDS_REMAP_AD78 44408
SU_NEEDS_REMAP_AD83 44419
SU_NEEDS_REMAP_ADDA 44506
SU_NEEDS_REMAP_ADDB 44507
CU_NEEDS_REMAP_ADDD 44509
CU_NEEDS_REMAP_AE5F 44639
CU_NEEDS_REMAP_AE6F 44655
SU_NEEDS_REMAP_AE7F 44671
CU_NEEDS_REMAP_AE8D 44685
SU_NEEDS_REMAP_AEDD 44765
SU_NEEDS_REMAP_AF07 44807
CU_NEEDS_REMAP_AF39 44857
CU_NEEDS_REMAP_AF4B 44875
CU_NEEDS_REMAP_AF52 44882
SU_NEEDS_REMAP_AF5B 44891
SU_NEEDS_REMAP_AFCA 45002
CU_NEEDS_REMAP_B00E 45070
SU_NEEDS_REMAP_B099 45209
SU_NEEDS_REMAP_B0CB 45259
CU_NEEDS_REMAP_B148 45384
SU_NEEDS_REMAP_B166 45414
CU_NEEDS_REMAP_B176 45430
CU_NEEDS_REMAP_B192 45458
SU_NEEDS_REMAP_B1C7 45511
SU_NEEDS_REMAP_B23A 45626
CU_NEEDS_REMAP_B247 45639
SU_NEEDS_REMAP_B2A6 45734
CU_NEEDS_REMAP_B2B5 45749
SU_NEEDS_REMAP_B2C2 45762
CU_NEEDS_REMAP_B2E6 45798
SU_NEEDS_REMAP_B317 45847
SU_NEEDS_REMAP_B363 45923
CU_NEEDS_REMAP_B374 45940
SU_NEEDS_REMAP_B382 45954
CU_NEEDS_REMAP_B3A1 45985
SU_NEEDS_REMAP_B3C8 46024
SU_NEEDS_REMAP_B3D2 46034
SU_NEEDS_REMAP_B3EE 46062
SU_NEEDS_REMAP_B3F1 46065
CU_NEEDS_REMAP_B413 46099
CU_NEEDS_REMAP_B452 46162
SU_NEEDS_REMAP_B487 46215
CU_NEEDS_REMAP_B492 46226
SU_NEEDS_REMAP_B493 46227
SU_NEEDS_REMAP_B494 46228
CU_NEEDS_REMAP_B518 46360
SU_NEEDS_REMAP_B54B 46411
CU_NEEDS_REMAP_B587 46471
CU_NEEDS_REMAP_B5A6 46502
CU_NEEDS_REMAP_B5FA 46586
SU_NEEDS_REMAP_B5FE 46590
CU_NEEDS_REMAP_B60C 46604
CU_NEEDS_REMAP_B62D 46637
SU_NEEDS_REMAP_B639 46649
CU_NEEDS_REMAP_B643 46659
SU_NEEDS_REMAP_B64B 46667
SU_NEEDS_REMAP_B652 46674
CU_NEEDS_REMAP_B668 46696
CU_NEEDS_REMAP_B6C1 46785
CU_NEEDS_REMAP_B6E2 46818
CU_NEEDS_REMAP_B6EC 46828
CU_NEEDS_REMAP_B702 46850
CU_NEEDS_REMAP_B71A 46874
CU_NEEDS_REMAP_B7A6 47014
SU_NEEDS_REMAP_B859 47193
CU_NEEDS_REMAP_B8C2 47298
SU_NEEDS_REMAP_B8C6 47302
SU_NEEDS_REMAP_B8C7 47303
SU_NEEDS_REMAP_B8CD 47309
SU_NEEDS_REMAP_B8D3 47315
CU_NEEDS_REMAP_B8F0 47344
SU_NEEDS_REMAP_B8F9 47353
SU_NEEDS_REMAP_B91D 47389
CU_NEEDS_REMAP_B93F 47423
CU_NEEDS_REMAP_B979 47481
CU_NEEDS_REMAP_B985 47493
CU_NEEDS_REMAP_B9AB 47531
SU_NEEDS_REMAP_B9BF 47551
CU_NEEDS_REMAP_B9EB 47595
SU_NEEDS_REMAP_BAC8 47816
SU_NEEDS_REMAP_BB0C 47884
SU_NEEDS_REMAP_BB1C 47900
SU_NEEDS_REMAP_BB1F 47903
SU_NEEDS_REMAP_BB43 47939
CU_NEEDS_REMAP_BB5E 47966
SU_NEEDS_REMAP_BB82 48002
SU_NEEDS_REMAP_BB9E 48030
CU_NEEDS_REMAP_BBD8 48088
CU_NEEDS_REMAP_BC28 48168
CU_NEEDS_REMAP_BC6B 48235
CU_NEEDS_REMAP_BCA2 48290
SU_NEEDS_REMAP_BCAD 48301
CU_NEEDS_REMAP_BCB9 48313
SU_NEEDS_REMAP_BCBB 48315
SU_NEEDS_REMAP_BCC2 48322
CU_NEEDS_REMAP_BCE6 48358
SU_NEEDS_REMAP_BCF8 48376
SU_NEEDS_REMAP_BD0A 48394
CU_NEEDS_REMAP_BD41 48449
CU_NEEDS_REMAP_BD76 48502
CU_NEEDS_REMAP_BD8C 48524
CU_NEEDS_REMAP_BD8D 48525
CU_NEEDS_REMAP_BD92 48530
SU_NEEDS_REMAP_BDB1 48561
SU_NEEDS_REMAP_BDE4 48612
SU_NEEDS_REMAP_BDEA 48618
SU_NEEDS_REMAP_BDF8 48632
SU_NEEDS_REMAP_BDF9 48633
SU_NEEDS_REMAP_BE48 48712
CU_NEEDS_REMAP_BEB7 48823
CU_NEEDS_REMAP_BEC1 48833
SU_NEEDS_REMAP_BEF9 48889
CU_NEEDS_REMAP_BF0B 48907
CU_NEEDS_REMAP_BF0E 48910
SU_NEEDS_REMAP_BF1F 48927
CU_NEEDS_REMAP_BF36 48950
CU_NEEDS_REMAP_BF37 48951
SU_NEEDS_REMAP_BF70 49008
CU_NEEDS_REMAP_BF93 49043
SU_NEEDS_REMAP_BF97 49047
SU_NEEDS_REMAP_BFCA 49098
CU_NEEDS_REMAP_C009 49161
CU_NEEDS_REMAP_C023 49187
CU_NEEDS_REMAP_C12D 49453
SU_NEEDS_REMAP_C162 49506
SU_NEEDS_REMAP_C196 49558
CU_NEEDS_REMAP_C19C 49564
CU_NEEDS_REMAP_C1D9 49625
SU_NEEDS_REMAP_C1F8 49656
CU_NEEDS_REMAP_C1FB 49659
CU_NEEDS_REMAP_C22E 49710
CU_NEEDS_REMAP_C254 49748
CU_NEEDS_REMAP_C262 49762
SU_NEEDS_REMAP_C270 49776
SU_NEEDS_REMAP_C296 49814
CU_NEEDS_REMAP_C2AD 49837
CU_NEEDS_REMAP_C303 49923
CU_NEEDS_REMAP_C319 49945
SU_NEEDS_REMAP_C340 49984
SU_NEEDS_REMAP_C3C0 50112
SU_NEEDS_REMAP_C3DE 50142
SU_NEEDS_REMAP_C3EA 50154
SU_NEEDS_REMAP_C402 50178
CU_NEEDS_REMAP_C419 50201
CU_NEEDS_REMAP_C429 50217
CU_NEEDS_REMAP_C461 50273
CU_NEEDS_REMAP_C4A1 50337
SU_NEEDS_REMAP_C4B9 50361
SU_NEEDS_REMAP_C4C4 50372
SU_NEEDS_REMAP_C569 50537
CU_NEEDS_REMAP_C56A 50538
SU_NEEDS_REMAP_C5D3 50643
SU_NEEDS_REMAP_C5EB 50667
SU_NEEDS_REMAP_C619 50713
SU_NEEDS_REMAP_C64A 50762
CU_NEEDS_REMAP_C69E 50846
CU_NEEDS_REMAP_C6B1 50865
SU_NEEDS_REMAP_C6D4 50900
SU_NEEDS_REMAP_C6EB 50923
SU_NEEDS_REMAP_C73E 51006
SU_NEEDS_REMAP_C752 51026
CU_NEEDS_REMAP_C7AE 51118
SU_NEEDS_REMAP_C7F0 51184
SU_NEEDS_REMAP_C7F5 51189
SU_NEEDS_REMAP_C806 51206
CU_NEEDS_REMAP_C82E 51246
SU_NEEDS_REMAP_C854 51284
SU_NEEDS_REMAP_C868 51304
CU_NEEDS_REMAP_C8B5 51381
CU_NEEDS_REMAP_C8D8 51416
SU_NEEDS_REMAP_C927 51495
SU_NEEDS_REMAP_C931 51505
SU_NEEDS_REMAP_C936 51510
CU_NEEDS_REMAP_C9E8 51688
SU_NEEDS_REMAP_C9F8 51704
SU_NEEDS_REMAP_CA32 51762
SU_NEEDS_REMAP_CA38 51768
CU_NEEDS_REMAP_CA49 51785
SU_NEEDS_REMAP_CABE 51902
CU_NEEDS_REMAP_CAC9 51913
CU_NEEDS_REMAP_CAFB 51963
SU_NEEDS_REMAP_CB03 51971
CU_NEEDS_REMAP_CB2A 52010
SU_NEEDS_REMAP_CB39 52025
SU_NEEDS_REMAP_CB5A 52058
CU_NEEDS_REMAP_CB90 52112
CU_NEEDS_REMAP_CB98 52120
SU_NEEDS_REMAP_CB9A 52122
SU_NEEDS_REMAP_CBA0 52128
CU_NEEDS_REMAP_CC10 52240
CU_NEEDS_REMAP_CC3A 52282
CU_NEEDS_REMAP_CC3E 52286
CU_NEEDS_REMAP_CC52 52306
SU_NEEDS_REMAP_CC54 52308
SU_NEEDS_REMAP_CC5E 52318
SU_NEEDS_REMAP_CCBB 52411
CU_NEEDS_REMAP_CD15 52501
SU_NEEDS_REMAP_CD25 52517
SU_NEEDS_REMAP_CD2E 52526
SU_NEEDS_REMAP_CD32 52530
CU_NEEDS_REMAP_CDB3 52659
SU_NEEDS_REMAP_CDC0 52672
SU_NEEDS_REMAP_CDD0 52688
SU_NEEDS_REMAP_CDF2 52722
CU_NEEDS_REMAP_CE6A 52842
SU_NEEDS_REMAP_CE6E 52846
SU_NEEDS_REMAP_CE8A 52874
SU_NEEDS_REMAP_CE9F 52895
SU_NEEDS_REMAP_CEBE 52926
SU_NEEDS_REMAP_CEC8 52936
SU_NEEDS_REMAP_CEE8 52968
SU_NEEDS_REMAP_CEF3 52979
SU_NEEDS_REMAP_CF10 53008
CU_NEEDS_REMAP_CF89 53129
SU_NEEDS_REMAP_CF94 53140
SU_NEEDS_REMAP_CF9D 53149
SU_NEEDS_REMAP_CFA4 53156
CU_NEEDS_REMAP_CFC0 53184
CU_NEEDS_REMAP_CFEF 53231
SU_NEEDS_REMAP_D04D 53325
SU_NEEDS_REMAP_D06B 53355
CU_NEEDS_REMAP_D0B1 53425
CU_NEEDS_REMAP_D0BC 53436
SU_NEEDS_REMAP_D0C9 53449
SU_NEEDS_REMAP_D0DB 53467
SU_NEEDS_REMAP_D149 53577
SU_NEEDS_REMAP_D167 53607
SU_NEEDS_REMAP_D176 53622
CU_NEEDS_REMAP_D1B6 53686
SU_NEEDS_REMAP_D1CF 53711
SU_NEEDS_REMAP_D1DC 53724
CU_NEEDS_REMAP_D1E2 53730
CU_NEEDS_REMAP_D218 53784
CU_NEEDS_REMAP_D24F 53839
CU_NEEDS_REMAP_D276 53878
SU_NEEDS_REMAP_D2C3 53955
SU_NEEDS_REMAP_D2D1 53969
SU_NEEDS_REMAP_D2ED 53997
CU_NEEDS_REMAP_D30A 54026
SU_NEEDS_REMAP_D320 54048
CU_NEEDS_REMAP_D367 54119
SU_NEEDS_REMAP_D3C0 54208
SU_NEEDS_REMAP_D45D 54365
SU_NEEDS_REMAP_D49F 54431
SU_NEEDS_REMAP_D4B3 54451
CU_NEEDS_REMAP_D4B8 54456
CU_NEEDS_REMAP_D4C9 54473
CU_NEEDS_REMAP_D4F4 54516
SU_NEEDS_REMAP_D517 54551
SU_NEEDS_REMAP_D523 54563
SU_NEEDS_REMAP_D54D 54605
SU_NEEDS_REMAP_D5AC 54700
SU_NEEDS_REMAP_D5B7 54711
CU_NEEDS_REMAP_D5EC 54764
SU_NEEDS_REMAP_D637 54839
CU_NEEDS_REMAP_D65F 54879
SU_NEEDS_REMAP_D6CA 54986
SU_NEEDS_REMAP_D6D7 54999
SU_NEEDS_REMAP_D758 55128
SU_NEEDS_REMAP_D763 55139
CU_NEEDS_REMAP_D76B 55147
SU_NEEDS_REMAP_D7B0 55216
SU_NEEDS_REMAP_D7C6 55238
SU_NEEDS_REMAP_D7D6 55254
SU_NEEDS_REMAP_D815 55317
SU_NEEDS_REMAP_D867 55399
CU_NEEDS_REMAP_D883 55427
CU_NEEDS_REMAP_D889 55433
SU_NEEDS_REMAP_D899 55449
SU_NEEDS_REMAP_D8C7 55495
SU_NEEDS_REMAP_D965 55653
SU_NEEDS_REMAP_D976 55670
SU_NEEDS_REMAP_D982 55682
SU_NEEDS_REMAP_D995 55701
CU_NEEDS_REMAP_D99F 55711
SU_NEEDS_REMAP_D9A6 55718
SU_NEEDS_REMAP_D9B5 55733
CU_NEEDS_REMAP_DA30 55856
SU_NEEDS_REMAP_DA64 55908
CU_NEEDS_REMAP_DACF 56015
CU_NEEDS_REMAP_DAE9 56041
SU_NEEDS_REMAP_DB23 56099
CU_NEEDS_REMAP_DB84 56196
CU_NEEDS_REMAP_DB90 56208
SU_NEEDS_REMAP_DBBF 56255
SU_NEEDS_REMAP_DBE6 56294
SU_NEEDS_REMAP_DBF1 56305
SU_NEEDS_REMAP_DBFD 56317
CU_NEEDS_REMAP_DC10 56336
SU_NEEDS_REMAP_DC6D 56429
SU_NEEDS_REMAP_DC7E 56446
SU_NEEDS_REMAP_DC81 56449
SU_NEEDS_REMAP_DC9E 56478
CU_NEEDS_REMAP_DCCB 56523
SU_NEEDS_REMAP_DDBD 56765
CU_NEEDS_REMAP_DDE1 56801
SU_NEEDS_REMAP_DDE9 56809
SU_NEEDS_REMAP_DDF0 56816
SU_NEEDS_REMAP_DE07 56839
CU_NEEDS_REMAP_DE1E 56862
SU_NEEDS_REMAP_DE30 56880
SU_NEEDS_REMAP_DE34 56884
CU_NEEDS_REMAP_DE48 56904
CU_NEEDS_REMAP_DE61 56929
SU_NEEDS_REMAP_DE8C 56972
CU_NEEDS_REMAP_DE96 56982
CU_NEEDS_REMAP_DEA5 56997
CU_NEEDS_REMAP_DF54 57172
CU_NEEDS_REMAP_DF79 57209
CU_NEEDS_REMAP_DF80 57216
CU_NEEDS_REMAP_DF85 57221
CU_NEEDS_REMAP_DF89 57225
SU_NEEDS_REMAP_DFC4 57284
CU_NEEDS_REMAP_DFCE 57294
SU_NEEDS_REMAP_E026 57382
SU_NEEDS_REMAP_E086 57478
CU_NEEDS_REMAP_E0A2 57506
SU_NEEDS_REMAP_E0AF 57519
SU_NEEDS_REMAP_E0E8 57576
CU_NEEDS_REMAP_E0FA 57594
CU_NEEDS_REMAP_E15A 57690
SU_NEEDS_REMAP_E162 57698
SU_NEEDS_REMAP_E195 57749
SU_NEEDS_REMAP_E1BC 57788
CU_NEEDS_REMAP_E1BE 57790
SU_NEEDS_REMAP_E23A 57914
CU_NEEDS_REMAP_E28B 57995
SU_NEEDS_REMAP_E2BA 58042
CU_NEEDS_REMAP_E2DA 58074
SU_NEEDS_REMAP_E30D 58125
CU_NEEDS_REMAP_E313 58131
SU_NEEDS_REMAP_E324 58148
SU_NEEDS_REMAP_E35D 58205
CU_NEEDS_REMAP_E360 58208
SU_NEEDS_REMAP_E36E 58222
SU_NEEDS_REMAP_E3D7 58327
CU_NEEDS_REMAP_E3E2 58338
CU_NEEDS_REMAP_E40C 58380
SU_NEEDS_REMAP_E42E 58414
SU_NEEDS_REMAP_E434 58420
SU_NEEDS_REMAP_E458 58456
SU_NEEDS_REMAP_E48A 58506
CU_NEEDS_REMAP_E48D 58509
CU_NEEDS_REMAP_E4AA 58538
CU_NEEDS_REMAP_E4C9 58569
SU_NEEDS_REMAP_E4E5 58597
SU_NEEDS_REMAP_E522 58658
SU_NEEDS_REMAP_E533 58675
SU_NEEDS_REMAP_E57C 58748
CU_NEEDS_REMAP_E57D 58749
SU_NEEDS_REMAP_E580 58752
SU_NEEDS_REMAP_E5CE 58830
CU_NEEDS_REMAP_E5DF 58847
SU_NEEDS_REMAP_E5F1 58865
SU_NEEDS_REMAP_E615 58901
SU_NEEDS_REMAP_E62C 58924
SU_NEEDS_REMAP_E631 58929
CU_NEEDS_REMAP_E638 58936
CU_NEEDS_REMAP_E646 58950
CU_NEEDS_REMAP_E658 58968
SU_NEEDS_REMAP_E6A6 59046
SU_NEEDS_REMAP_E700 59136
CU_NEEDS_REMAP_E741 59201
SU_NEEDS_REMAP_E76C 59244
CU_NEEDS_REMAP_E796 59286
CU_NEEDS_REMAP_E7A2 59298
SU_NEEDS_REMAP_E7A5 59301
CU_NEEDS_REMAP_E7B1 59313
SU_NEEDS_REMAP_E7CE 59342
CU_NEEDS_REMAP_E7D1 59345
CU_NEEDS_REMAP_E810 59408
CU_NEEDS_REMAP_E880 59520
SU_NEEDS_REMAP_E8C7 59591
SU_NEEDS_REMAP_E923 59683
SU_NEEDS_REMAP_E946 59718
CU_NEEDS_REMAP_E96C 59756
SU_NEEDS_REMAP_E975 59765
CU_NEEDS_REMAP_E995 59797
CU_NEEDS_REMAP_E9A4 59812
SU_NEEDS_REMAP_E9AD 59821
SU_NEEDS_REMAP_E9CE 59854
SU_NEEDS_REMAP_E9D8 59864
SU_NEEDS_REMAP_E9FD 59901
SU_NEEDS_REMAP_EA18 59928
SU_NEEDS_REMAP_EA52 59986
CU_NEEDS_REMAP_EA70 60016
SU_NEEDS_REMAP_EA78 60024
SU_NEEDS_REMAP_EAD9 60121
CU_NEEDS_REMAP_EADA 60122
CU_NEEDS_REMAP_EAF3 60147
SU_NEEDS_REMAP_EB13 60179
CU_NEEDS_REMAP_EB39 60217
SU_NEEDS_REMAP_EB3C 60220
SU_NEEDS_REMAP_EB63 60259
SU_NEEDS_REMAP_EBAA 60330
SU_NEEDS_REMAP_EBB1 60337
CU_NEEDS_REMAP_EBB5 60341
SU_NEEDS_REMAP_EBC4 60356
CU_NEEDS_REMAP_EBE2 60386
SU_NEEDS_REMAP_EBE9 60393
CU_NEEDS_REMAP_EC06 60422
SU_NEEDS_REMAP_EC40 60480
CU_NEEDS_REMAP_ECBD 60605
SU_NEEDS_REMAP_ED1A 60698
CU_NEEDS_REMAP_ED50 60752
SU_NEEDS_REMAP_ED7B 60795
SU_NEEDS_REMAP_ED8D 60813
SU_NEEDS_REMAP_ED9A 60826
SU_NEEDS_REMAP_ED9C 60828
CU_NEEDS_REMAP_EE09 60937
SU_NEEDS_REMAP_EE27 60967
SU_NEEDS_REMAP_EE36 60982
CU_NEEDS_REMAP_EE39 60985
SU_NEEDS_REMAP_EE55 61013
SU_NEEDS_REMAP_EE75 61045
SU_NEEDS_REMAP_EE91 61073
SU_NEEDS_REMAP_EEAD 61101
CU_NEEDS_REMAP_EF33 61235
SU_NEEDS_REMAP_EF39 61241
SU_NEEDS_REMAP_EF4D 61261
SU_NEEDS_REMAP_EF4F 61263
CU_NEEDS_REMAP_EF59 61273
CU_NEEDS_REMAP_EF83 61315
SU_NEEDS_REMAP_F004 61444
SU_NEEDS_REMAP_F00F 61455
SU_NEEDS_REMAP_F015 61461
CU_NEEDS_REMAP_F048 61512
SU_NEEDS_REMAP_F070 61552
CU_NEEDS_REMAP_F099 61593
SU_NEEDS_REMAP_F09D 61597
CU_NEEDS_REMAP_F0CA 61642
SU_NEEDS_REMAP_F0EF 61679
CU_NEEDS_REMAP_F102 61698
CU_NEEDS_REMAP_F11F 61727
SU_NEEDS_REMAP_F12B 61739
CU_NEEDS_REMAP_F13B 61755
CU_NEEDS_REMAP_F18B 61835
SU_NEEDS_REMAP_F1AE 61870
SU_NEEDS_REMAP_F256 62038
SU_NEEDS_REMAP_F27E 62078
CU_NEEDS_REMAP_F290 62096
SU_NEEDS_REMAP_F295 62101
CU_NEEDS_REMAP_F29F 62111
SU_NEEDS_REMAP_F2BF 62143
SU_NEEDS_REMAP_F2C4 62148
SU_NEEDS_REMAP_F2DE 62174
SU_NEEDS_REMAP_F2F4 62196
CU_NEEDS_REMAP_F2F8 62200
CU_NEEDS_REMAP_F2FE 62206
CU_NEEDS_REMAP_F371 62321
CU_NEEDS_REMAP_F375 62325
CU_NEEDS_REMAP_F37B 62331
SU_NEEDS_REMAP_F3C5 62405
SU_NEEDS_REMAP_F411 62481
CU_NEEDS_REMAP_F45B 62555
SU_NEEDS_REMAP_F478 62584
CU_NEEDS_REMAP_F4D7 62679
CU_NEEDS_REMAP_F4F5 62709
CU_NEEDS_REMAP_F51E 62750
CU_NEEDS_REMAP_F55F 62815
CU_NEEDS_REMAP_F57F 62847
CU_NEEDS_REMAP_F621 63009
SU_NEEDS_REMAP_F626 63014
CU_NEEDS_REMAP_F627 63015
SU_NEEDS_REMAP_F663 63075
CU_NEEDS_REMAP_F685 63109
SU_NEEDS_REMAP_F710 63248
CU_NEEDS_REMAP_F784 63364
SU_NEEDS_REMAP_F787 63367
SU_NEEDS_REMAP_F78E 63374
CU_NEEDS_REMAP_F7A9 63401
SU_NEEDS_REMAP_F7E4 63460
CU_NEEDS_REMAP_F7FD 63485
SU_NEEDS_REMAP_F800 63488
CU_NEEDS_REMAP_F81B 63515
SU_NEEDS_REMAP_F822 63522
CU_NEEDS_REMAP_F880 63616
CU_NEEDS_REMAP_F891 63633
CU_NEEDS_REMAP_F8D9 63705
CU_NEEDS_REMAP_F903 63747
SU_NEEDS_REMAP_F937 63799
CU_NEEDS_REMAP_F94B 63819
CU_NEEDS_REMAP_F982 63874
SU_NEEDS_REMAP_F9B2 63922
CU_NEEDS_REMAP_FA14 64020
SU_NEEDS_REMAP_FA1C 64028
CU_NEEDS_REMAP_FA33 64051
SU_NEEDS_REMAP_FA45 64069
CU_NEEDS_REMAP_FA7B 64123
SU_NEEDS_REMAP_FABF 64191
SU_NEEDS_REMAP_FAC9 64201
SU_NEEDS_REMAP_FAD2 64210
CU_NEEDS_REMAP_FAD3 64211
CU_NEEDS_REMAP_FAEE 64238
SU_NEEDS_REMAP_FAFD 64253
SU_NEEDS_REMAP_FB24 64292
SU_NEEDS_REMAP_FB27 64295
SU_NEEDS_REMAP_FBC8 64456
SU_NEEDS_REMAP_FBD7 64471
SU_NEEDS_REMAP_FBFA 64506
SU_NEEDS_REMAP_FC49 64585
SU_NEEDS_REMAP_FC67 64615
CU_NEEDS_REMAP_FC76 64630
CU_NEEDS_REMAP_FC7A 64634
SU_NEEDS_REMAP_FC81 64641
CU_NEEDS_REMAP_FCE0 64736
CU_NEEDS_REMAP_FD05 64773
SU_NEEDS_REMAP_FDAF 64943
CU_NEEDS_REMAP_FDFA 65018
SU_NEEDS_REMAP_FE43 65091
SU_NEEDS_REMAP_FEA2 65186
CU_NEEDS_REMAP_FEB0 65200
SU_NEEDS_REMAP_FEF7 65271
SU_NEEDS_REMAP_FF14 65300
SU_NEEDS_REMAP_FF24 65316
SU_NEEDS_REMAP_FF29 65321
SU_NEEDS_REMAP_FF72 65394
SU_NEEDS_REMAP_FF88 65416
SU_NEEDS_REMAP_FFC5 65477
SU_NEEDS_REMAP_FFCA 65482
CU_NEEDS_REMAP_FFD8 65496
CU_NEEDS_REMAP_FFE6 65510
