I_TELEPORT 0
I_SPAWN_BARRACK_CHARACTER 1
I_GFX_COMMAND 17
I_GFX_ADMIN_COMMAND 18
I_INPUT_COMMAND 19
I_MOVE_KEY 20
I_SKILL_KEY 21
I_CLOSE_SERVER_CONNECTION 22
C_CHECK_VERSION 19900
S_CHECK_VERSION 19901
S_CLAIM_TERAPASS_REWARD 55347
S_ADMIN_CHECK_USERNAME 47372
S_ABNORMALITY_BEGIN 64152
S_ABNORMALITY_DAMAGE_ABSORB 56914
S_ABNORMALITY_END 52155
S_ABNORMALITY_EXTRA 21214
S_ABNORMALITY_FAIL 27618
S_ABNORMALITY_REFRESH 32071
S_ABNORMALITY_RESIST 59945
S_ABNORMALITY_SCALE_UP 54069
S_ABNORMALITY_TOOLTIP_VALUE 45883
S_ACCOMPLISH_ACHIEVEMENT 31427
S_ADMIN_GET_USERINFO_INVEN 65402
S_ADMIN_GET_USERINFO_WAREHOUSE 58603
S_ADMIN_GM_SKILL 56919
S_ADMIN_HOLD_CHARACTER 56292
S_APPLY_TITLE 53212
S_ARENA_END_FIGHT 39260
S_ARENA_FIGHTER_CHANGE_HP 50284
S_ARENA_OPTIMIZATION 42851
S_ARENA_START_FIGHT 43906
S_ARTISAN_RECIPE_LIST 52215
S_BATTLE_FIELD_ENTRANCE_INFO 47009
S_BATTLE_FIELD_PARTY_MARKER_CLEAR 37367
S_BATTLE_FIELD_SCORE 37923
S_BATTLE_FIELD_STATE 30659
S_BATTLE_FIELD_STRONGHOLD_NONE_STATE 27095
S_BOARD_ITEM_LIST 35531
S_CANNON_BATTLE_FIELD_CRASH_DOOR 54188
S_CARD_DATA 55946
S_CHANGE_CARD_PRESET 43521
S_END_LEVEL_COMPENSATION 30321
S_END_PRODUCE 51679
S_ENEMY_BATTLE_FIELD_COMMANDER_CHANGED 58063
S_FATIGABILITY_POINT 51362
S_FIN_KUMAS_BATTLE_FIELD 62890
S_FREE_FIGHT_BATTLE_FIELD_MY_WARPOINT_INFO 33112
S_HUDDLE_ADDING 37112
S_INCREASE_CARD_PRESET 48131
S_INIT_KUMAS_BOSS_INFO 50585
S_INIT_ROUND_PVE_BATTLE_FIELD 28953
S_INIT_ROUND_PVP_BATTLE_FIELD 57067
S_INIT_SNOW_EVENT_BATTLE_FIELD 34382
S_INIT_STRONGHOLD_OCCUPATION_BATTLE_FIELD 48670
S_INIT_WORLD_OF_TANK_BATTLE_FIELD 41602
S_LOAD_ACHIEVEMENT_LIST 34425
S_LOAD_DUNGEON_SOUND_HINT 34476
S_PLAYTIME 46333
S_PLAYTIME_EVENT_END 20155
S_PLAYTIME_EVENT_REWARD_DATA 42939
S_PRODUCE_CRITICAL 58541
S_PROMOTION_INFO 32740
S_PROMOTION_PROCESS 45829
S_PROMOTION_SUCCESS 28383
S_RECEIVE_COLLECTION_BOOK_REWARD 55068
S_REWARDNPC_SPAWN_ALARM 44433
S_ROUND_PVE_CLOSE_SKILL_UI 59967
S_ROUND_PVE_OPEN_SKILL_UI 62171
S_ROUND_PVE_SCORE 41877
S_ROUND_RESULT 57648
S_ROUND_START 53374
S_RP_ADD_ITEM_TO_DECOMPOSITION_CONTRACT 64086
S_RP_COMMIT_DECOMPOSITION_CONTRACT 47263
S_START_PRODUCE 54917
S_START_ROUND_PVE_ROUND 58914
S_TOKEN_POINT_STATUS 56978
S_UNMOUNT_CARD 31377
S_UPDATE_ACHIEVEMENT_PROGRESS 64719
S_USER_CHANGE_FACE_CUSTOM 61056
S_USER_PAPERDOLL_INFO 29665
S_VISIT_NEW_SECTION 21580
S_CHANGE_FRIEND_STATE 53583
S_CHAT 59494
S_COLLECTION_PICKEND 51950
S_COLLECTION_PICKSTART 29982
S_CONFIRM_INVITE_CODE_BUTTON 63120
S_DELETE_FRIEND 23276
S_DELETE_GUILD_TOWER_MY_GUILD 56791
S_DESTROY_GUILD_TOWER 22802
S_FRIEND_LIST 50826
S_JOIN_PRIVATE_CHANNEL 24783
S_LEAVE_PRIVATE_CHANNEL 35206
S_MUTE 55978
S_NOTIFY_ACTIVE_BUILD_TERRITORY_STATE 56542
S_NOTIFY_TO_FRIENDS_WALK_INTO_SAME_AREA 33843
S_OPEN_AWESOMIUM_WEB_URL 63958
S_PRIVATE_CHANNEL_NOTICE 23309
S_PRIVATE_CHAT 54482
S_REQUEST_CITY_WAR_MAP_INFO 35070
S_REQUEST_CITY_WAR_MAP_INFO_DETAIL 47163
S_REQUEST_CITY_WAR_MAP_INFO_END 62345
S_REQUEST_JOINED_CHANNEL_LIST 49484
S_REQUEST_PRIVATE_CHANNEL_INFO 42688
S_CANCEL_SELECT_CHANNEL 20747
S_CHANGE_MODE 22039
S_SHOW_AWESOMIUMWEB_SHOP 52449
S_SPAWN_COLLECTION 32531
S_START_CHAT_BAN 28975
S_WHISPER 20256
S_BOSS_GAGE_INFO 31524
S_BOSS_GAGE_PRIORITY 57120
S_BYE_PET 59340
S_CHANGE_PK_INFO 27698
S_CHANGE_VOICE_USE_QAC 45703
S_CLEAR_WORLD_QUEST_VILLAGER_INFO 55366
S_COUPON_LIST 20402
S_CREATURE_CHANGE_HP 51929
S_CREATURE_LIFE 62505
S_CURRENT_CHANNEL 63187
S_DEAD_LOCATION 31497
S_DIRECTION_WEAKNESS_BEGIN 28840
S_DIRECTION_WEAKNESS_END 49734
S_DUNGEON_NEWBIE 45821
S_ENABLE_DISABLE_SELLABLE_ITEM_LIST 25459
S_EXIT 32331
S_FACIAL_ATTACHMENT_BROADCAST 40293
S_HIDE_HP 32641
S_HIT_COMBO 48210
S_INSTANT_MOVE 24515
S_LOAD_CLIENT_ACCOUNT_SETTING 53498
S_LOAD_CLIENT_USER_SETTING 63924
S_LOAD_HINT 39228
S_LOAD_TOPO 42604
S_LOGIN 21757
S_MY_DESCRIPTION 36221
S_NPC_OCCUPIER_INFO 52093
S_NPC_SITUATION 55917
S_NPC_STATUS 60570
S_NPC_TARGET_USER 30544
S_PARTY_NOTIFY_MY_POSITION 35739
S_PLAYER_CHANGE_ACTPOINT 49992
S_PLAYER_CHANGE_ALL_PROF 49855
S_PLAYER_CHANGE_DRAIN 29412
S_PLAYER_CHANGE_EXP 62558
S_PLAYER_CHANGE_FLIGHT_ENERGY 40003
S_PLAYER_CHANGE_MP 22923
S_PLAYER_CHANGE_PROF 26528
S_PLAYER_CHANGE_STAMINA 50520
S_PLAYER_STAT_UPDATE 28049
S_QUEST_VILLAGER_INFO 53002
S_REQUEST_DEMOLIST_GUILD_TOWER_POPUP 41404
S_SET_VISIBLE 59111
S_SHOW_GAGE 27425
S_SHOW_HP 35884
S_SHOW_NAME_PLATE_ICON 32925
S_SHOW_PEGASUS_MAP 35019
S_SOCIAL 53810
S_SOCIAL_CANCEL 61112
S_SYS_PARTY_INFO 36918
S_TELEPORT_TO_CAMP 38611
S_UPDATE_USER_AWAKEN_GRADE 36396
S_USER_APPEARANCE_CHANGE 34711
S_USER_CHANGE_NAME 51742
S_USER_DEATH 60291
S_USER_EFFECT 28586
S_USER_EXTERNAL_CHANGE 50268
S_USER_ITEMLEVEL_INFO 27740
S_USER_LEVELUP 57922
S_USER_SITUATION 41350
S_USER_STATUS 63447
S_USER_WEAPON_APPEARANCE_CHANGE 57107
S_VILLAGE_LIST_TO_TELEPORT 31467
S_VISIT_NEW_TEL_CAMP 52094
S_WEAK_POINT 63783
S_WELCOME_PET_OWNER 22256
S_WORLD_QUEST_VILLAGER_INFO 27703
S_ADD_INTER_PARTY_MATCH_POOL 33038
S_ANNOUNCE_UPDATE_NOTIFICATION 59562
S_ATTENDANCE_EVENT_REWARD_COUNT 28161
S_BEGIN_THROUGH_ARBITER_CONTRACT 58092
S_DARK_RIFT_DESPAWN_WORLD_NOTI 51312
S_CHANGE_EP_EXP_DAILY_LIMIT 23759
S_CHANGE_EP_POINT 22646
TTB_S_CHANGE_HERO 24545
S_DARK_RIFT_ALL_DESPAWN_WORLD_NOTI 51051
S_DARK_RIFT_CHANGE_AREA_WORLD_NOTI 23347
S_DARK_RIFT_MAIN_DEFENCE_CHANGE_HP 49891
S_DARK_RIFT_QUEST_INFO 32859
S_DESPAWN_NPC 54366
S_DESPAWN_PET 52462
S_DESPAWN_USER 60916
S_DIALOG 61733
S_DIALOG_EVENT 38600
S_DUNGEON_VISIBLE_BG 44450
S_DUNGEON_WORK_ENTER 27892
S_DUNGEON_WORK_LIST 58713
S_DUNGEON_WORK_RESULT 36214
S_DUNGEON_WORK_UPDATE 56633
S_ENCHANT_SCROLL_RESULT 30098
S_END_DARKRIFT_USER_HP 30611
S_ENTER_DUNGEON 41092
S_EP_SYSTEM_DAILY_EVENT_EXP_ON_OFF 54612
S_EVENT_GUIDE 30992
S_EVENT_INFO 26748
S_FAIL_ENCHANT 28181
S_FESTIVAL_LIST 59000
S_FEUDAL_LORD_FLAG_INFO 63879
S_FIELD_EVENT_GUIDE 34961
S_FIELD_EVENT_ON_ENTER 49924
S_FIELD_EVENT_ON_LEAVE 62299
S_FIELD_EVENT_PROGRESS_TIMER 52226
S_FIELD_POINT_INFO 59132
S_FIELD_POINT_REWARD_INFO_LIST 48950
S_FIN_INTER_PARTY_MATCH 32143
S_GACHA_END 45712
S_GACHA_START 55126
S_GAMBLE_CHANGE_BET_ITEM 31147
S_GAMBLE_END 33135
S_GAMBLE_RESULT 59249
S_GET_ATTENDANCE_REWARD 21659
S_GET_EVENT_DETAIL 44823
SU_TERA_LAG_LOG_STRING 45777
S_GUILD_TOWER_INFO 45094
S_LEARN_EP_PERK 45356
S_LOAD_EP_INFO 48803
TTB_S_LOAD_EP_PAGE 47280
S_MAIN_MENU_COMMAND 62948
SU_NEW_IM_2 38161
SU_NEW_IM_7 38065
SU_NEW_IM_6 31395
SU_NEW_IM_5 63507
SU_NEW_IM_3 56625
SU_NEW_IM_4 22916
S_NPC_MENU_SELECT 27684
S_OPEN_EPPERK_RESET_POPUP 34603
S_OPEN_EXPAND_INVEN_WINDOW 40871
S_PLAYER_CHANGE_EP 51072
S_PLAYER_RESET_EP 37640
S_REPLY_NONDB_ITEM_INFO 27768
S_REPLY_RET_VILLAGE_INFO 62432
S_REQUEST_CONTRACT 23050
S_REQUEST_DESPAWN_SERVANT 37837
S_REQUEST_DUNGEON_MATCHING_UI 34470
S_REQUEST_SPAWN_SERVANT 65150
S_RESET_EP_PERK 29172
S_RESPONSE_GAMESTAT_PONG 56012
S_RESULT_EVENT_SEED 42771
S_SEND_USER_PLAY_TIME 29452
SU_TERA_LAG_LOG_INFO 61118
S_SET_NEW_TERA_USER 24077
S_SHORTCUT_CHANGE 34844
S_SHOW_DARKRIFT_USER_HP 49892
S_SHOW_ITEM_TOOLTIP 53026
S_SHOW_USER_EP_INFO 57725
S_SPAWN_BUILD_OBJECT 25360
S_SPAWN_EVENT_SEED 33720
S_SPAWN_GAMBLE_BOX 51645
S_SPAWN_ME 50270
S_SPAWN_NPC 54381
S_SPAWN_PET 34987
S_SPAWN_USER 28591
S_START_FISHING_CHARGE 61069
S_START_FISHING_MINIGAME 59115
S_STORE_BASKET 44185
S_STORE_SELL_LIST 56785
S_STR_EVALUATE_LIST 35003
S_STYLE_SHOP_BUY_TCAT_ITEM 48490
S_SUCCESS_STYLE_SHOP_BUY_REPUTATION_ITEM 63457
S_SUGGEST_DARK_RIFT_PARTY_MATCHING 62253
S_TAX_INFO 54899
S_TERRITORY_STEP_ENTER 62802
S_TERRITORY_STEP_LEAVE 36522
S_TERRITORY_STEP_PROGRESS 29365
S_TIMEOVER_CONTRACT 37222
S_GMEVENT_START_EVENT 29790
S_VIEW_WARE_EX 62721
S_VILLAGER_BUFF_INFO 53978
S_WATCHED_MOVIES 21689
S_CHANGE_GUILD_CHIEF 59931
S_CHECK_TO_OPPOSITE_DECLARE_GUILD_WAR 43806
S_COUNTDOWN_GROUP_DUEL 62682
S_CREATE_GUILD_RESULT 26646
S_GMEVENT_END_EVENT 60030
S_GMEVENT_ENTER_EVENT 40463
S_GMEVENT_GUIDE_MESSAGE 55003
S_GMEVENT_OFF_GUIDE_MESSAGE 32321
S_GMEVENT_OX_QUIZ_OPEN 42957
S_GMEVENT_OX_QUIZ_RESULT 42896
S_GMEVENT_OX_QUIZ_USER_STATUS 39411
S_GMEVENT_OX_REPE_QUIZ_OPEN 33790
S_GMEVENT_OX_REPE_QUIZ_RESULT 55772
S_GMEVENT_RECV_REWARD 28723
S_GUILD_NAME 23904
S_IMAGE_DATA 53840
S_LEAVE_GUILD 39124
S_OPEN_GUILD_LOGO_WINDOW 20474
S_REMOVE_GUILD_GROUP 32576
S_REMOVE_GUILD_MEMBER 21967
S_REPLY_SET_GUILD_WANTED_WRITING 25085
S_REQUEST_COOLTIME_TO_JOIN_GUILD 49142
S_UPDATE_QUEST 41657
S_REQUEST_JOIN_GUILD_NOTICE 32097
S_RESULT_GROUP_DUEL_MSG 49431
S_SET_GUILD_JOIN_CONDITION 52486
S_START_GUILD_WAR 53081
S_UPDATE_GUILD_GROUP 58042
S_UPDATE_GUILD_MEMBER 37983
S_BAN_PARTY 40455
S_BAN_PARTY_MEMBER 42555
S_BONFIRE_STATUS 59775
S_CANT_FLY_ANYMORE 55440
S_CHANGE_DESTPOS_PROJECTILE 36778
S_CHANGE_PARTY_MANAGER 51753
S_CHECK_TO_READY_PARTY 21826
S_COMPLETE_CHRONOSCROLL_USE 44653
S_COMPLETE_LOOP_QUEST 43624
S_CONTRACT_PET_LEVEL_UP_ITEM_LIST_UPDATE 49467
S_CREATURE_ROTATE 40631
S_CURRENT_ELECTION_STATE 47819
S_DAILY_QUEST_COMPLETE_COUNT 45115
S_DESPAWN_PROJECTILE 26546
S_DUNGEON_CONSOLE_EVENT 35055
S_DUNGEON_EVENT_MESSAGE 54021
S_DUNGEON_LOOK_AT_NPC 22207
S_DUNGEON_VEHICLE_REPAIRABLE 59590
S_END_PEGASUS 55880
S_END_STYLE_SHOP_MARK_PRODUCT 22705
S_END_USER_PROJECTILE 38939
S_FAIL_LOOT_NON_OWNERSHIP 46581
S_FEARMOVE_END 31834
S_FEARMOVE_STAGE 21116
S_GROUP_NPC_LOCATION 22181
S_GUARD_PK_POLICY 32104
S_INGAME_CHANGE_USER_APPEARANCE_START 44046
S_INIT_SEREN_GUIDE 40550
S_INTERACTION_RESULT 50107
S_ITEM_CUSTOM_STRING 27066
S_ITEM_EXPLOSION_RESULT 53310
S_LEAVE_PARTY 33307
S_LEAVE_PARTY_MEMBER 25091
S_LOGOUT_PARTY_MEMBER 28380
S_MASSTIGE_STATUS 26634
S_MINIGAME_RANK_END_POINT 46987
S_MINIGAME_START 60192
S_MOUNT_VEHICLE 31259
S_NOTIFY_BATTLE_FIELD_CHAT_BAN 40679
S_NPC_INTERACTION_COMBO_INFO 35617
S_NPC_LOCATION 34873
S_NPC_PARTIAL_DESTRUCT 34019
S_NPC_PART_BLINK 59100
S_NPC_PART_BREAK_ACTIVE 22751
S_OPEN_GUARD_INFO_WINDOW 34535
S_PARCEL_READ_RECV_STATUS 42331
S_PARTY_INFO 23664
S_PARTY_MEMBER_ABNORMAL_CLEAR 32059
S_PARTY_MEMBER_ABNORMAL_DEL 37115
S_PARTY_MEMBER_BUFF_UPDATE 53075
S_PARTY_MEMBER_INFO 56424
S_PARTY_MEMBER_INTERVAL_POS_UPDATE 37701
S_PARTY_MEMBER_LIST 21257
S_PARTY_MEMBER_STAT_UPDATE 42478
S_PETITION_CHAT_BEGIN 50569
S_PETITION_CHAT_END 64404
S_PETITION_CHAT_GM_MESSAGE 58486
S_PETITION_CHECK_CREATABLE 43915
S_PETITION_CHECK_SURVEYABLE 39665
S_PETITION_COMPLETE 58940
S_PETITION_CREATE 35084
S_PETITION_FORCE_CREATE 36583
S_PETITION_INFO 44368
S_PREMIUM_COMPOSE_ADD_ITEM 38651
S_PREMIUM_COMPOSE_DEL_ITEM 62196
S_PREMIUM_COMPOSE_RESET 64188
S_PREMIUM_COMPOSE_RESULT 60582
S_PREMIUM_COMPOSE_START 40201
S_PREMIUM_COMPOSE_UI_INFO 25982
S_USER_PVP_RANKING 41312
S_QUEST_BALLOON 60222
S_REQUEST_SERVANT_EVOLUTION 29896
S_REQUEST_SERVANT_INFO_LIST 37321
S_REQUEST_SERVANT_LEVEL_UP 44862
S_RESULT_ITEM_COLORING 35186
S_RESULT_SEREN_GUIDE 64613
S_RETURN_USER 23452
S_RETURN_USER_REWARD_END 40702
S_REWRITE_ITEM_STRING 53942
S_SET_FLY_MOVE_INFO 44123
S_SET_SEND_PARCEL_ITEM 23106
S_SET_SEND_PARCEL_MONEY 57280
S_SHOW_CANDIDATE_LIST 50402
S_SHOW_PARTY_MATCH_INFO 62652
S_SPAWN_BONFIRE 64440
S_SPAWN_DROPITEM 49638
S_SPAWN_PROJECTILE 61850
S_SPAWN_REMOTE_PROJECTILE 55654
S_START_CLIMBING 25620
S_START_PEGASUS 35281
S_START_USER_PROJECTILE 28610
S_TASK_INFO_GUARD 46740
S_TOGGLE_TASK_INFO_WINDOW 62921
S_UNMOUNT_VEHICLE 45342
S_UPDATE_STYLE_SHOP_MARK_PRODUCT 32214
S_USER_LOCATION 47737
S_USER_LOCATION_IN_ACTION 58135
S_USER_MOVETYPE 46299
S_USE_CHRONOSCROLL_RESULT 59915
S_USE_JUMPGEAR 54227
S_VIEW_PARTY_INVITE 48276
S_ACTION_END 63552
S_ACTION_STAGE 46512
S_ADMIN_PRIVILEGE 31317
S_ADMIN_VIP_TEST 37632
S_AERO 35495
S_AIR_REACTION_END 44270
S_ASK_TELEPORT 38224
S_AVAILABLE_SOCIAL_LIST 37348
S_BREAK_SHIELD_END 21974
S_BUY_VIP_STORE_ITEM_SUCCESS 49134
S_CAMERA_SHAKE 43249
S_CANCEL_PREPARE_CHANGE_USER_APPEARANCE 64911
S_CANNOT_START_SKILL 36476
S_CAN_CREATE_USER 61416
S_CAN_LOCKON_TARGET 48952
S_CHANGE_USER_NAME_RESULT 31693
S_CHECK_USERNAME 27973
S_CONNECT_SKILL_ARROW 45808
S_CREATE_USER 32389
S_CREST_APPLY 41114
S_CUSTOM_STYLE_SYSTEM_MESSAGE 44692
S_DECREASE_COOLTIME_SKILL 40599
S_DEFAULT_ANIM_CHANGE 22412
S_DEFEND_SUCCESS 44855
S_DESPAWN_SHUTTLE 62534
S_DUNGEON_CHANGE_NPC_ANIMSET 35628
S_EMITTER 26581
S_EMITTER_SET_Z 31071
S_END_CHANGE_USER_APPEARANCE 38247
S_END_FIX_SPIRIT 25121
S_END_FIX_VEHICLE 45067
S_END_STACK_ATTENDANCE_EVENT_INFO 24983
S_EVENT_DIALOG 38915
S_FIX_SPIRIT_COMPLETE 51616
S_FIX_SPIRIT_PROGRESS 35099
S_FIX_VEHICLE_COMPLETE 33161
S_FIX_VEHICLE_PROGRESS 44907
S_GET_IN_SHUTTLE 28478
S_GET_OUT_SHUTTLE 37745
S_GET_USER_GUILD_LOGO 39590
S_GRANT_SKILL 34164
S_INSTANCE_ARROW 49814
S_INSTANT_CATCH 22329
S_INSTANT_DASH 45764
S_INSTANT_THROW 42541
S_INTEREST_INFO 60107
S_LOADING_SCREEN_CONTROL_INFO 37265
S_LOCKON_YOU 49657
S_LOGIN_ACCOUNT_INFO 37196
SU_USER_LOOT_ITEM 37059
S_MATERIAL_CHANGE 43488
S_MATERIAL_PARAM_CHANGE 20324
S_MOVE_SHUTTLE 44739
S_NAME_PREEMPTION_EVENT_INFO 25645
S_NOCTAN_VARIATION_INFO 44109
S_NOTIFY_USER_SKILL_POLISHING_LEVEL_UP 54089
S_NPC_CHANGE_MESH 63640
S_NPC_SCALE 44826
S_NPC_TRANSLATIONZ 30044
S_OP_COMMAND 65359
S_PING 21250
S_PLAYER_AUTOPILOT 30189
S_PLAYER_CHANGE_NOCTAN_COUNT 24533
S_PLAYER_VEHICLE_EX_STAT_UPDATE 35948
S_PLAY_ANIMATION 49208
S_PLAY_EFFECT 64807
S_PLAY_EVENT_SOUND 26740
S_PLAY_MAGNETIC 57185
S_PLAY_MOVIE 43270
S_PLAY_SOUND 41400
S_PLAY_SOUND_BYNAME 37183
S_POSITION_SWAP 65129
S_POST_PROCESS 54934
S_POST_PROCESS_MATERIAL 63555
S_PROTECT 44033
S_PUSHED_BY_SHIELD 62327
S_REMAIN_PLAY_TIME 37327
S_REMOVE_EFFECT 22532
S_REPLY_CLIENT_CHAT_OPTION_SETTING 48680
S_REQUEST_REACTION_POS_TICK 42224
S_SAVE_CLIENT_UI_SETTING 38427
S_SECOND_PASSWORD_AUTH_RESULT 21972
S_SECOND_PASSWORD_REGISTER_RESULT 27042
S_SELECT_USER 50574
S_SEND_VIP_SYSTEM_INFO 49403
S_SET_WORKOBJECT 32670
S_SHOW_REVIVE_UI 31587
S_SIMPLE_TIP_REPEAT_CHECK 63941
S_SKILL_ATTENTION_TARGET 60808
S_SKILL_CATEGORY 62239
S_SKILL_CHASE_EFFECT_TARGET 25529
S_SKILL_FORGET 35421
S_SKILL_LEARN_LIST 50712
S_SKILL_LEARN_RESULT 51658
S_SKILL_LIST 28562
S_SKILL_PERIOD 24057
S_SKILL_TARGETING_AREA 41768
S_SPAWN_SHUTTLE 55093
S_SPAWN_WORKOBJECT 31869
S_START_ACTION_SCRIPT 33494
S_START_CLIENT_CUSTOM_SKILL 65090
S_START_COOLTIME_ITEM 63504
S_START_COOLTIME_SERVANT_SKILL 62246
S_START_COOLTIME_SKILL 63407
S_START_FIX_SPIRIT 39927
S_START_FIX_VEHICLE 24760
S_START_INVERSE_CAPTURE 28012
S_STICK_TO_USER_END 54064
S_STICK_TO_USER_START 37147
S_SUCCESS_COUNTER 21193
S_SWITCH_INFO 53990
S_SYSTEM_MESSAGE 25829
S_SYSTEM_MESSAGE_CUSTOM 21441
S_SYSTEM_MESSAGE_LOOT_ITEM 29023
S_SYSTEM_MESSAGE_LOOT_SPECIAL_ITEM 63358
S_SYSTEM_REWARD_MESSAGE 30505
S_TARGET_INFO 27016
S_TBA_SELECT_USER 24985
S_TRADE_BROKER_BUY_IT_NOW 25393
S_TRADE_BROKER_DEAL_INFO_UPDATE 26743
S_TRADE_BROKER_HIGHEST_ITEM_LEVEL 46063
S_TRADE_BROKER_SUGGEST_DEAL 24488
S_TUTORIAL_PLAY_FINISHED 24436
S_UNICAST_TRANSFORM_DATA 53596
S_USER_AIM 49399
S_VEHICLE_EX_ARROW 53607
S_WORK_WORKOBJECT 28558
S_SURVEY_QUESTION 60652
S_CLIENT_COMMAND 59986
S_STEER_DEBUG_COMMAND 42613
S_DUNGEON_CLEAR_COUNT_LIST 63908
S_ADMIN_GET_USER_INFO_BY_DBID 55033
S_ADMIN_GMEVENT_STATUS 39119
S_HOLD_ABNORMALITY_ADD 40007
S_HOLD_ABNORMALITY_REMOVE 21243
S_INVEN_CHANGEDSLOT 54384
S_SHOW_TRADE_ITEM 27193
S_SHOW_TRADE_LOG 51280
S_INGAMESHOP_PRODUCT_SUBPROD 56052
S_INGAMESHOP_PRODUCT_TAG 40920
S_ASK_BIDDING_RARE_ITEM 39990
S_NPCGUILD_LIST 59890
S_PREMIUM_SLOT_DATALIST 20962
S_PREMIUM_SLOT_OFF 20137
S_CREST_INFO 37656
S_CREST_MESSAGE 23151
S_PREPARE_RETURN_TO_LOBBY 36219
S_PREPARE_SELECT_CHANNEL 24857
S_RETURN_TO_LOBBY 55039
S_SELECT_CHANNEL 31632
S_INVEN_USERDATA 22948
S_ITEMLIST 54521
S_GUILD_INFO 54896
S_GUILD_LEVEL_INFO_CHANGED 55520
S_GUILD_MEMBER_LIST 45422
S_GUILD_MONEY_INFO_CHANGED 37180
S_GUILD_QUEST_LIST 33888
S_GUILD_WARE_HISTORY 34582
S_SHOW_GUILD_QUEST_LIST 36990
S_START_GUILD_QUEST 33999
S_PARTY_MEMBER_CHANGE_MP 35845
S_PARTY_MEMBER_CHANGE_STAMINA 43185
S_REQUEST_SECOND_PASSWORD_AUTH 26522
S_TRADE_BROKER_HISTORY_ITEM_LIST 51122
S_TRADE_BROKER_INPUT_PRICE 55628
S_USER_REPORT 62922
S_CHAT_REPORT 48988
SU_RESONANCE_DUNGEON 36766
S_DUNGEON_COOL_TIME_LIST 51383
S_REJECT_CONTRACT 25922
S_UNMOUNT_VEHICLE_EX 47688
S_EQUIP_SERVANT_ITEM 45121
S_FONT_SWAP_INFO 56831
S_UPDATE_GUILD_QUEST_STATUS 21813
S_GUILD_APPLY_COUNT 35680
S_ADMIN_GET_USERINFO_SKILL 59926
S_ARENA_FIGHT_ABNORMALITY_BEGIN 22494
S_ARENA_FIGHT_ABNORMALITY_END 59614
S_ARENA_FIGHT_ABNORMALITY_REFRESH 48921
S_ARENA_RESULT 49577
S_BATTLE_FIELD_RESULT 33030
S_BATTLE_FIELD_START_OCCUPATION 30301
S_BATTLE_FIELD_STRONGHOLD_EVENT 64352
S_CLEAR_ALL_HOLDED_ABNORMALITY 51915
S_ROUND_PVP_BATTLE_FIELD_BOARD 21635
S_ANSWER_INTERACTIVE 62888
S_DESPAWN_COLLECTION 61033
S_UPDATE_FRIEND_INFO 29376
S_USER_BLOCK_LIST 41743
S_COUPON_DATA 36534
S_COUPON_NOTIFY 54693
S_DONE_TEL_CAMP 40235
S_LIST_CHANNEL 44901
S_PARTY_MARKER 58865
S_PREPARE_EXIT 47756
S_SHOW_NPC_TO_MAP 55310
S_USE_COUPON 59819
S_ACCEPT_CONTRACT 42777
S_BATTLE_FIELD_POINT_STORE_BASKET 62597
S_BATTLE_FIELD_POINT_STORE_SELL_LIST 51153
S_CANCEL_CONTRACT 55393
SU_REQUEST_ELIN_EVENT_DETAIL 44395
S_RANK_POINT_STATUS 63642
S_DESPAWN_BUILD_OBJECT 65415
S_DESPAWN_EVENT_SEED 22176
S_DESPAWN_STATUE 57597
S_DIALOG_CLOSE 25552
S_DUNGEON_WORK_POINT_STORE_BASKET 22715
S_DUNGEON_WORK_POINT_STORE_SELL_LIST 46145
S_FIELD_EVENT_CHANNEL_FULL_GUIDE 62028
S_FIELD_EVENT_PROGRESS_INFO 63055
S_FIELD_EVENT_RANK_LIST 34248
S_GROUP_DUEL_CURRENT_BETTING_ITEM 63402
S_GUILD_STORE_BASKET 64447
S_GUILD_STORE_SELL_LIST 57641
S_MEDAL_STORE_BASKET 25560
S_MEDAL_STORE_SELL_LIST 46803
S_NEED_WAREHOUSE_COMMISION 43341
S_ONGOING_FIELD_EVENT_LIST 28400
S_PLAYER_LACK_OF_ACTPOINT 21290
S_POINT_STORE_BASKET 44840
S_POINT_STORE_SELL_LIST 23703
S_DARK_RIFT_CLEAR_MAP_MARKER_WORLD_NOTI 39697
S_REGISTER_ENCHANT_ITEM 35180
S_REGISTER_EVOLUTION_ITEM 21344
S_REPLY_REQUEST_CONTRACT 59259
S_SHOW_DUNGEON_RETRY_UI 56860
S_SPAWN_DOOR 37091
S_SPAWN_STATUE 50849
S_UPDATE_EVENT_SEED_STATE 42739
S_CHECK_TO_DECLARE_GUILD_WAR 45275
S_GUILD_LEVEL_RANKING_LIST 39758
S_GUILD_PERK_LIST 38027
S_GUILD_POINT_INFO_CHANGED 43506
S_NOTIFY_GUILD_QUEST_URGENT 50436
S_REPLY_GUILD_LIST 60647
S_REPLY_GUILD_WANTED_WRITING_LIST 20917
S_REPLY_INVITE_GUILD_LIST 41546
S_RESULT_LEARN_GUILD_PERK 39754
S_PET_INFO_CHANGE 63189
S_AVAILABLE_EVENT_MATCHING_LIST 29945
S_CHECK_TO_READY_PARTY_FIN 30576
S_COMPLETE_EVENT_MATCHING_QUEST 62013
S_CURR_FLY_MOVE_INFO 37773
S_DESPAWN_BONFIRE 24620
S_DESPAWN_DROPITEM 26093
S_DUNGEON_CAMERA_SET 46721
S_F2P_PremiumUser_Permission 22827
S_ITEMSYNTHESIZER_MATERIAL 61320
S_ITEMSYNTHESIZER_RESULT 53225
S_ITEM_COLORING_BAG 62956
S_MERGE_PARTY_TO_RAID 26048
S_SEND_CHANGE_REPUTATION_POINT 46587
S_OTHER_USER_APPLY_PARTY 20061
S_PARTY_MATCH_LINK 64097
S_PARTY_MEMBER_ABNORMAL_ADD 47343
S_PARTY_MEMBER_ABNORMAL_REFRESH 51852
S_PARTY_MEMBER_CHANGE_HP 60346
S_PARTY_MEMBER_QUEST_DATA 54738
S_REQUEST_SERVANT_COMPOSE 61123
S_RESET_ALL_PRODUCT_MARK_EVENT 59220
S_RESULT_BIDDING_DICE_THROW 47993
S_RESULT_ITEM_BIDDING 53755
S_PET_DURABILITY_CHANGE 57145
S_UPDATE_NPCGUILD 34053
S_ADMIN_NOTICE 48953
S_VOTE_RESET_ALL_DUNGEON 64467
S_ACCOUNT_PACKAGE_LIST 21412
S_CREST_ASK_DISAPPLY_ALL 45156
S_CREST_CHANGE_FAIL 56249
S_EACH_SKILL_RESULT 22880
S_GET_USER_LIST 55167
S_INSTANT_PULL 50751
S_LOGIN_ARBITER 39637
S_MOUNT_VEHICLE_EX 47866
S_RP_SKILL_POLISHING_LIST 56826
S_START_CHANGE_USER_APPEARANCE 53442
S_START_STACK_ATTENDANCE_EVENT_INFO 39273
S_TRADE_BROKER_CALC_NOTIFY 34641
S_TRADE_BROKER_DEAL_SUGGESTED 57398
S_TRADE_BROKER_REGISTERED_ITEM_LIST 41310
S_TRADE_BROKER_REQUEST_DEAL_RESULT 37135
S_TRADE_BROKER_SOLD_ITEM_LIST 49144
S_TRADE_BROKER_WAITING_ITEM_LIST 38465
S_PARCEL_REPORT 47449
C_NOTIFY_LOCATION_IN_ACTION 54316
C_ADMIN_CHECK_USERNAME 50012
C_ADMIN_KILL_NPC 27010
C_REQUEST_USER_PAPERDOLL_INFO_WITH_GAMEID 27395
C_BAN_PARTY_MEMBER 62946
C_DISMISS_PARTY 50273
C_UNMOUNT_VEHICLE 65051
C_TOGGLE_GROUP_DUEL_SLOT 56939
C_SHOW_QUEST_INFO_DIALOG 52483
C_CREATE_GROUP_DUEL 53592
C_REQUEST_SHARE_QUEST 62593
C_REQUEST_ABNORMALITY_TOOLTIP_VALUE 62584
C_WAREHOUSE_AUTO_SORT 35000
C_INVITE_USER_TO_GUILD 63707
C_REQUEST_GUILD_INFO_BEFORE_APPLY_GUILD 58406
C_KICK_CHANNEL_MEMBER 23720
C_LEAVE_PARTY 33526
C_LEAVE_PRIVATE_CHANNEL 26424
C_REUQUEST_JOINED_CHANNEL_LIST 64523
C_GET_USER_LIST 51439
C_INVALID_BUILD_VERSION 42980
C_COMMIT_ACCESSORY_TRANSFORM 37519
C_PLAYER_LOCATION 35726
CU_RESONANCE_DUNGEON 38862
CU_CLEAR_CARDS_MENU 33044
CU_START_FUSION 35511
C_CHANGE_CARD_PRESET 33638
C_PURCHASE_PROD 57644
C_VIEW_INTER_PARTY_MATCH_DUNGEON_LIST 38979
C_CANCEL_CONTRACT 32683
C_INGAME_CHANGE_USER_APPEARANCE_TRY 55159
CU_REQUEST_ELIN_EVENT_DETAIL 20215
CU_COMMIT_ELIN_EVENT 53873
CU_CHANGE_EP_PAGE 26610
C_GACHA_TRY 50661
C_SET_GUILDGROUP_AUTHORITY 42742
C_LOAD_TOPO_FIN 61349
C_DEL_ITEM 34775
C_SHOW_ITEMLIST 64283
C_MERGE_ITEM 59518
C_MOVE_ITEM 28960
C_REQUEST_NONDB_MYTHICITEM_TOOLTIP 47098
C_REQUEST_FLY_MOVE_INFO 65126
C_REQUEST_CHANGE_CHARACTER_NAME 23462
C_MYTHICCRAFT_REGISTER_TARGET_ITEM 41247
C_MYTHICCRAFT_REGISTER_MATERIAL_ITEM 46228
C_TRY_NPC_INTERACTION 54514
C_NOTIMELINE_SKILL 47538
C_UPDATE_REACTION_POS 21198
C_CANCEL_SKILL 63418
C_USE_PREMIUM_SLOT 56895
C_START_INSTANCE_SKILL_EX 59487
C_LORD_REGISTER_INFO 30331
C_VOTE_HISTORY 25306
C_REQUEST_CHANGE_LOOKS_SERVANT 47960
C_REQUEST_SERVANT_ADVENTURE_LIST 51863
C_SURVEY_ANSWER 27812
C_MERGE_ITEM_EXECUTE 27197
C_HIT_USER_PROJECTILE 46929
C_REQUEST_VIP_STORE_ITEM_LIST 60843
C_DELETE_USER 21630
C_ADMIN_GET_USER_INFO_LIST_BY_DISTANCE 30761
C_SERVER_TIME 28232
C_ADMIN_GMEVENT_OFF 61089
C_ADMIN_HOLD_CHARACTER 63049
C_ADMIN_VANISH_PET 47923
C_ADMIN_WARNING_MESSAGE 33993
C_BROADCAST_CLIMBING 32307
C_END_CLIMBING 59176
C_MEET_BOSS_INFO 32686
C_VIEW_BATTLEFIELD_STORE 37613
C_REVIVE_NOW 39134
C_VIEW_INTER_PARTY_MATCH_BATTLEFIELD_LIST 25542
C_REQUEST_PRIVATE_CHANNEL_INFO 50472
C_NOTIFY_LOCATION_IN_DASH 57614
C_DIALOG_EVENT 30074
C_SET_VISIBLE_RANGE 60499
C_ENTER_DUNGEON 25741
C_DUNGEON_CLEAR_COUNT_LIST 44092
C_RESET_ALL_DUNGEON 28335
C_REQUEST_FIELD_POINT_REWARD 29100
C_REQUEST_ENCHANT 31746
C_UNREGISTER_COMBINE_ITEM 58607
C_REGISTER_ENCHANT_ITEM 50155
C_REGISTER_EVOLUTION_ITEM 58253
C_STOP_FISHING 35041
C_CAST_FISHING_ROD 64269
C_COMBINE_ITEM 46043
C_REQUEST_ONGOING_FIELD_EVENT_LIST 65203
C_ACCEPT_FRIEND 56615
C_DELETE_FRIEND 26429
C_ADD_FRIEND 63459
C_CHANGE_FRIEND_MEMO 29007
C_CHANGE_MY_STATE 42210
C_UPDATE_FRIEND_INFO 53141
C_SIMPLE_TIP_DONT_REPEAT 65458
C_REQUEST_GAMESTAT_PING 54690
C_REQUEST_GUILD_LEVEL_RANKING 61418
C_GROUP_DUEL_BETTING 58950
C_GROUP_DUEL_CHANGE_REPRESENT 30485
C_GROUP_DUEL_DEL_BETTING_ITEM 22021
C_CITY_WAR_INFO_HISTROY 50053
C_GET_GUILD_QUEST_WEEKLY_REWARD 56935
C_REQUEST_LEARN_GUILD_PERK 37002
C_CHAT 63310
C_SHOW_GUILD_QUEST_LIST 40901
C_VIEW_GUILD_WAR 36064
C_ITEMSYNTHESIZER_REQUEST_CANCEL 53644
C_ITEMSYNTHESIZER_REQUEST_MATERIAL 27653
C_UNBIND_ITEM 53394
C_CAN_CREATE_USER 63136
C_SELECT_USER 23313
C_CANCEL_DELETE_USER 36865
C_GET_USER_GUILD_LOGO 21118
C_MAIN_MENU_COMMAND_EXEC 62396
C_RETURN_TO_LOBBY 49860
C_CAN_LOCKON_TARGET 32121
C_REQUEST_MEGAPHONE 24541
C_AVAILABLE_EVENT_MATCHING_LIST 30200
C_COMPLETE_EXTRA_EVENT 32058
C_CHECK_EVENT_MATCHING_LIST_CHECKBOX 33487
C_COMPLETE_DAILY_EVENT 60167
C_EVENT_MATCHING_DUNGEON_DETAIL_INFO 24053
C_UNEQUIP_ITEM 22408
C_REQUEST_EVENT_MATCHING_TELEPORT 50697
C_REQUEST_REPUTATION_STORE_TELEPORT 44101
C_LIST_PARCEL 25771
C_CLOSE_SEND_PARCEL 21615
C_SET_SEND_PARCEL_TYPE 39232
C_APPLY_PARTY 25163
C_PARTY_APPLICATION_DENIED 63901
C_REQUEST_PARTY_INFO 50192
C_UNREGISTER_PARTY_INFO 24006
C_REGISTER_PARTY_INFO 43668
C_REQUEST_CANDIDATE_LIST 41620
C_PLAYER_FLYING_LOCATION 46463
C_CHANGE_PARTY_MEMBER_AUTHORITY 48777
C_PREMIUM_COMPOSE_CANCEL 22978
C_RETURN_USER_GIFT 55202
C_PREMIUM_COMPOSE_ADD_ITEM 60959
C_PREMIUM_COMPOSE_DEL_ITEM 39824
C_BIND_ITEM_BEGIN_PROGRESS 38787
C_START_PRODUCE 64612
C_SET_TARGET_INFO 42936
C_REQUEST_QUEST_BACKUP_ITEM 58010
C_REQUEST_SERVANT_INFO_LIST 20894
C_LORD_CANDIDATE_LIST 35411
C_REQUEST_DESPAWN_SERVANT 65482
C_REQUEST_PARTY_MATCH_INFO_PAGE 46794
C_ENTER_SCENARIO_DUNGEON 63746
C_REQUEST_PARTY_MATCH_INFO 35014
C_SERVANT_ABILITY 58017
C_CANCEL_CHANGE_USER_APPEARANCE 51881
C_REQUEST_SERVANT_LEVEL_UP 59440
C_REQUEST_SERVANT_COMPOSE 33206
C_REQUEST_SERVANT_EVOLUTION 43959
C_REQUEST_PET_CONSUME_EXP_ITEM 22309
C_PET_LEVEL_UP_ITEM_ADD_TO_LIST 23006
C_PET_LEVEL_UP_ITEM_REMOVE_FROM_LIST 48437
C_SOCIAL 53569
C_RQ_SKILL_POLISHING_LIST 26516
C_RESPONSE_SPAWN_DROPITEM 56652
C_CREST_APPLY 32035
C_SKILL_LEARN_LIST 31172
C_RQ_SKILL_POLISHING_CHANGE_OPTION 50213
C_REQUEST_STACK_ATTENDANCE_EVENT_INFO_UPDATE 51341
C_REQUEST_STACK_ATTENDANCE_EVENT_REWARD 45314
C_REJECT_CONTRACT 59184
C_SHOW_ITEM_TOOLTIP_EX 35512
C_REQUEST_NONDB_ITEM_INFO 21366
C_TRADE_BROKER_DEAL_CONFIRM 64537
C_TRADE_BROKER_REJECT_SUGGEST 58261
C_TRADE_BROKER_REGISTER_ITEM 50841
C_CONFIRM_UPDATE_NOTIFICATION 22234
C_NPC_CONTACT 44849
C_REMOVE_BLOCKED_USER 40953
C_BLOCK_USER 34441
C_VIEW_WARE 41761
C_GACHA_CANCEL 21509
C_RQ_ADD_ITEM_TO_DECOMPOSITION_CONTRACT 44500
C_REQUEST_USER_PAPERDOLL_INFO 29316
C_WHISPER 56450
C_PRESS_SKILL 45678
C_VISIT_NEW_SECTION 28584
C_SECOND_PASSWORD_AUTH 37145
C_GET_OUT_SHUTTLE 64408
C_GET_IN_SHUTTLE 50348
C_ADMIN 23048
C_OP_COMMAND 51096
C_DIALOG 58783
C_UNREGISTER_EVOLUTION_ITEM 54216
C_UNREGISTER_REPAIR_ITEM 52144
C_REQUEST_EVOLUTION 63997
C_START_EVOLUTION 39107
C_REQUEST_GUILD_PERK_LIST 24627
C_ASK_INTERACTIVE 43866
C_ITEM_COLORING_SET_COLOR 38164
C_BIND_ITEM_EXECUTE 49454
C_BATTLE_FIELD_POINT_STORE_BUY_ADD_BASKET 36539
C_GUILD_STORE_BUY_ADD_BASKET 45970
C_BATTLE_FIELD_POINT_STORE_BUY_DEL_BASKET 43544
C_GUILD_STORE_BUY_DEL_BASKET 62689
C_UNREGISTER_ENCHANT_ITEM 56101
C_START_ENCHANT 29153
C_RQ_START_SOCIAL_ON_PROGRESS_DECOMPOSITION 42873
C_RQ_COMMIT_DECOMPOSITION_CONTRACT 48667
C_REQUEST_PARTY_MATCH_LINK 36130
C_STORE_BUY_DEL_BASKET 23776
C_STORE_SELL_DEL_BASKET 42120
C_MEDAL_STORE_BUY_DEL_BASKET 43365
C_POINT_STORE_BUY_DEL_BASKET 20837
C_DUNGEON_WORK_POINT_STORE_BUY_DEL_BASKET 56578
C_POLITICS_POINT_STORE_BUY_DEL_BASKET 34143
C_USE_ITEM 43947
C_REPLY_THROUGH_ARBITER_CONTRACT 60274
C_EXPAND_INVEN_POCKET 23372
C_START_TARGETED_SKILL 39034
C_START_COMBO_INSTANT_SKILL 53333
C_START_INSTANCE_SKILL 22024
C_CHAT_REPORT 42623
C_ADMIN_GM_TELEPORT 34497
C_ADMIN_REQUEST_USERACTION 38791
C_REQUEST_CONTRACT 51736
C_EDIT_FRIEND_GROUP 30126
C_REQUEST_GUILD_LIST 47286
C_HARDWARE_INFO 36975
C_LOGIN_ARBITER 57650
C_SEND_PARCEL 33292
C_COMMIT_CHANGE_USER_APPEARANCE 24231
C_CREST_APPLY_LIST 27391
C_START_GUILD_SKILL 47817
C_START_SKILL 22280
C_SKILL_LEARN_REQUEST 58128
C_ADD_TRADE_BAG 53017
C_TRADE_BROKER_BUY_IT_NOW 58020
C_TRADE_BROKER_HISTORY_ITEM_LIST_NEW 48860
C_TRADE_BROKER_WAITING_ITEM_LIST_NEW 64037
C_GET_WARE_ITEM 52450
C_PUT_WARE_ITEM 48541
C_SAVE_CLIENT_ACCOUNT_SETTING 31874
C_SAVE_CLIENT_USER_SETTING 41553
C_SET_SEND_PARCEL_ITEM 37911
C_ADD_CRYSTAL_COMBINE_MATERIAL 62130
C_DEL_CRYSTAL_COMBINE_MATERIAL 29038
C_END_FISHING_MINIGAME 63247
CU_NEEDS_REMAP_4E22 20002
CU_NEEDS_REMAP_4E31 20017
SU_NEEDS_REMAP_4E37 20023
CU_NEEDS_REMAP_4E57 20055
SU_NEEDS_REMAP_4E87 20103
CU_NEEDS_REMAP_4E8A 20106
CU_NEEDS_REMAP_4EB2 20146
SU_NEEDS_REMAP_4EE7 20199
SU_NEEDS_REMAP_4F32 20274
SU_NEEDS_REMAP_4F56 20310
CU_NEEDS_REMAP_4F6E 20334
CU_NEEDS_REMAP_4F8A 20362
SU_NEEDS_REMAP_4FD4 20436
SU_NEEDS_REMAP_4FDF 20447
SU_NEEDS_REMAP_4FE2 20450
SU_NEEDS_REMAP_4FF0 20464
SU_NEEDS_REMAP_4FFF 20479
SU_NEEDS_REMAP_5034 20532
SU_NEEDS_REMAP_5075 20597
CU_NEEDS_REMAP_5083 20611
CU_NEEDS_REMAP_50B7 20663
SU_NEEDS_REMAP_50C1 20673
CU_NEEDS_REMAP_50FC 20732
CU_NEEDS_REMAP_50FD 20733
CU_NEEDS_REMAP_521F 21023
SU_NEEDS_REMAP_5222 21026
CU_NEEDS_REMAP_522D 21037
SU_NEEDS_REMAP_528E 21134
SU_NEEDS_REMAP_52DB 21211
SU_NEEDS_REMAP_5320 21280
SU_NEEDS_REMAP_5330 21296
SU_NEEDS_REMAP_5331 21297
SU_NEEDS_REMAP_5337 21303
SU_NEEDS_REMAP_5371 21361
CU_NEEDS_REMAP_5372 21362
SU_NEEDS_REMAP_53C9 21449
SU_NEEDS_REMAP_53F7 21495
SU_NEEDS_REMAP_5401 21505
CU_NEEDS_REMAP_540C 21516
SU_NEEDS_REMAP_541E 21534
SU_NEEDS_REMAP_543D 21565
SU_NEEDS_REMAP_5472 21618
CU_NEEDS_REMAP_548C 21644
SU_NEEDS_REMAP_5492 21650
CU_NEEDS_REMAP_54B1 21681
CU_NEEDS_REMAP_54C2 21698
CU_NEEDS_REMAP_54C3 21699
CU_NEEDS_REMAP_54DF 21727
CU_NEEDS_REMAP_54E3 21731
CU_NEEDS_REMAP_5515 21781
CU_NEEDS_REMAP_554A 21834
SU_NEEDS_REMAP_5561 21857
CU_NEEDS_REMAP_556F 21871
SU_NEEDS_REMAP_5593 21907
SU_NEEDS_REMAP_560E 22030
CU_NEEDS_REMAP_5658 22104
SU_NEEDS_REMAP_5691 22161
SU_NEEDS_REMAP_56D4 22228
SU_NEEDS_REMAP_570F 22287
CU_NEEDS_REMAP_5729 22313
SU_NEEDS_REMAP_572C 22316
SU_NEEDS_REMAP_572D 22317
SU_NEEDS_REMAP_5730 22320
SU_NEEDS_REMAP_5736 22326
SU_NEEDS_REMAP_573B 22331
SU_NEEDS_REMAP_5756 22358
CU_NEEDS_REMAP_575B 22363
SU_NEEDS_REMAP_57A8 22440
SU_NEEDS_REMAP_581E 22558
CU_NEEDS_REMAP_5837 22583
SU_NEEDS_REMAP_583C 22588
CU_NEEDS_REMAP_584B 22603
CU_NEEDS_REMAP_5858 22616
SU_NEEDS_REMAP_5887 22663
CU_NEEDS_REMAP_58A0 22688
CU_NEEDS_REMAP_58C0 22720
CU_NEEDS_REMAP_58C3 22723
CU_NEEDS_REMAP_5918 22808
CU_NEEDS_REMAP_591E 22814
SU_NEEDS_REMAP_592E 22830
CU_NEEDS_REMAP_5943 22851
CU_NEEDS_REMAP_596E 22894
CU_NEEDS_REMAP_59A3 22947
SU_NEEDS_REMAP_59B7 22967
CU_NEEDS_REMAP_5A3F 23103
CU_NEEDS_REMAP_5A64 23140
SU_NEEDS_REMAP_5ADF 23263
SU_NEEDS_REMAP_5AF3 23283
CU_NEEDS_REMAP_5AFC 23292
SU_NEEDS_REMAP_5B31 23345
CU_NEEDS_REMAP_5B32 23346
SU_NEEDS_REMAP_5B5A 23386
SU_NEEDS_REMAP_5B68 23400
SU_NEEDS_REMAP_5B74 23412
SU_NEEDS_REMAP_5B77 23415
CU_NEEDS_REMAP_5B7D 23421
CU_NEEDS_REMAP_5B9A 23450
SU_NEEDS_REMAP_5BC0 23488
SU_NEEDS_REMAP_5BDB 23515
SU_NEEDS_REMAP_5BE6 23526
SU_NEEDS_REMAP_5BED 23533
CU_NEEDS_REMAP_5C0B 23563
SU_NEEDS_REMAP_5C89 23689
SU_NEEDS_REMAP_5C8A 23690
CU_NEEDS_REMAP_5C9E 23710
SU_NEEDS_REMAP_5CB1 23729
CU_NEEDS_REMAP_5D1E 23838
SU_NEEDS_REMAP_5D61 23905
CU_NEEDS_REMAP_5D62 23906
CU_NEEDS_REMAP_5D9F 23967
CU_NEEDS_REMAP_5DA6 23974
SU_NEEDS_REMAP_5DC2 24002
SU_NEEDS_REMAP_5E79 24185
SU_NEEDS_REMAP_5EE9 24297
SU_NEEDS_REMAP_5F23 24355
SU_NEEDS_REMAP_5F52 24402
SU_NEEDS_REMAP_5F8F 24463
SU_NEEDS_REMAP_5FC2 24514
SU_NEEDS_REMAP_5FC7 24519
CU_NEEDS_REMAP_5FED 24557
CU_NEEDS_REMAP_5FF2 24562
CU_NEEDS_REMAP_6014 24596
SU_NEEDS_REMAP_606E 24686
CU_NEEDS_REMAP_6099 24729
SU_NEEDS_REMAP_609C 24732
SU_NEEDS_REMAP_60D7 24791
CU_NEEDS_REMAP_60EA 24810
CU_NEEDS_REMAP_6117 24855
CU_NEEDS_REMAP_614C 24908
CU_NEEDS_REMAP_6173 24947
SU_NEEDS_REMAP_61BA 25018
CU_NEEDS_REMAP_61CA 25034
CU_NEEDS_REMAP_61F8 25080
CU_NEEDS_REMAP_6202 25090
SU_NEEDS_REMAP_6226 25126
SU_NEEDS_REMAP_6249 25161
SU_NEEDS_REMAP_6273 25203
SU_NEEDS_REMAP_627C 25212
CU_NEEDS_REMAP_6294 25236
CU_NEEDS_REMAP_62A6 25254
SU_NEEDS_REMAP_62CB 25291
CU_NEEDS_REMAP_62E0 25312
SU_NEEDS_REMAP_62E4 25316
SU_NEEDS_REMAP_62E9 25321
SU_NEEDS_REMAP_6354 25428
SU_NEEDS_REMAP_6380 25472
CU_NEEDS_REMAP_63A2 25506
CU_NEEDS_REMAP_63CA 25546
SU_NEEDS_REMAP_63CE 25550
SU_NEEDS_REMAP_63F9 25593
SU_NEEDS_REMAP_63FC 25596
SU_NEEDS_REMAP_640E 25614
SU_NEEDS_REMAP_6420 25632
SU_NEEDS_REMAP_6424 25636
SU_NEEDS_REMAP_6437 25655
CU_NEEDS_REMAP_649B 25755
CU_NEEDS_REMAP_64A3 25763
CU_NEEDS_REMAP_64C2 25794
SU_NEEDS_REMAP_64CD 25805
CU_NEEDS_REMAP_64E4 25828
SU_NEEDS_REMAP_6512 25874
SU_NEEDS_REMAP_651D 25885
SU_NEEDS_REMAP_6528 25896
SU_NEEDS_REMAP_652F 25903
SU_NEEDS_REMAP_6536 25910
SU_NEEDS_REMAP_655D 25949
CU_NEEDS_REMAP_659E 26014
SU_NEEDS_REMAP_65AC 26028
SU_NEEDS_REMAP_65CA 26058
CU_NEEDS_REMAP_660E 26126
SU_NEEDS_REMAP_668B 26251
CU_NEEDS_REMAP_66AE 26286
SU_NEEDS_REMAP_66C2 26306
SU_NEEDS_REMAP_6702 26370
CU_NEEDS_REMAP_6704 26372
CU_NEEDS_REMAP_6728 26408
CU_NEEDS_REMAP_673E 26430
CU_NEEDS_REMAP_675B 26459
SU_NEEDS_REMAP_6790 26512
CU_NEEDS_REMAP_67C4 26564
SU_NEEDS_REMAP_67D6 26582
CU_NEEDS_REMAP_67F4 26612
SU_NEEDS_REMAP_6800 26624
SU_NEEDS_REMAP_6812 26642
SU_NEEDS_REMAP_682A 26666
CU_NEEDS_REMAP_6850 26704
SU_NEEDS_REMAP_689C 26780
CU_NEEDS_REMAP_68A0 26784
SU_NEEDS_REMAP_68BB 26811
SU_NEEDS_REMAP_68C7 26823
SU_NEEDS_REMAP_6937 26935
SU_NEEDS_REMAP_6946 26950
CU_NEEDS_REMAP_69AC 27052
CU_NEEDS_REMAP_69D1 27089
SU_NEEDS_REMAP_69F5 27125
CU_NEEDS_REMAP_6A31 27185
CU_NEEDS_REMAP_6AA9 27305
SU_NEEDS_REMAP_6ABD 27325
SU_NEEDS_REMAP_6AD0 27344
CU_NEEDS_REMAP_6AF1 27377
CU_NEEDS_REMAP_6B12 27410
SU_NEEDS_REMAP_6B1E 27422
SU_NEEDS_REMAP_6B1F 27423
SU_NEEDS_REMAP_6B4F 27471
CU_NEEDS_REMAP_6BAE 27566
CU_NEEDS_REMAP_6BB9 27577
SU_NEEDS_REMAP_6BD1 27601
CU_NEEDS_REMAP_6C14 27668
SU_NEEDS_REMAP_6C46 27718
SU_NEEDS_REMAP_6C61 27745
SU_NEEDS_REMAP_6C8E 27790
SU_NEEDS_REMAP_6CFE 27902
SU_NEEDS_REMAP_6D22 27938
CU_NEEDS_REMAP_6D30 27952
SU_NEEDS_REMAP_6D55 27989
CU_NEEDS_REMAP_6D8D 28045
SU_NEEDS_REMAP_6DEF 28143
SU_NEEDS_REMAP_6DF1 28145
CU_NEEDS_REMAP_6E38 28216
SU_NEEDS_REMAP_6E5E 28254
SU_NEEDS_REMAP_6E83 28291
SU_NEEDS_REMAP_6EBF 28351
SU_NEEDS_REMAP_6ECB 28363
CU_NEEDS_REMAP_6EEF 28399
SU_NEEDS_REMAP_6F1F 28447
SU_NEEDS_REMAP_6F28 28456
SU_NEEDS_REMAP_6F30 28464
CU_NEEDS_REMAP_6F41 28481
SU_NEEDS_REMAP_6FB8 28600
SU_NEEDS_REMAP_6FF7 28663
SU_NEEDS_REMAP_700D 28685
SU_NEEDS_REMAP_7018 28696
SU_NEEDS_REMAP_704C 28748
SU_NEEDS_REMAP_705A 28762
CU_NEEDS_REMAP_7070 28784
SU_NEEDS_REMAP_707B 28795
CU_NEEDS_REMAP_7084 28804
SU_NEEDS_REMAP_70DE 28894
SU_NEEDS_REMAP_7102 28930
CU_NEEDS_REMAP_7148 29000
SU_NEEDS_REMAP_71A3 29091
CU_NEEDS_REMAP_71D7 29143
CU_NEEDS_REMAP_71D9 29145
CU_NEEDS_REMAP_71EB 29163
SU_NEEDS_REMAP_720D 29197
SU_NEEDS_REMAP_7235 29237
SU_NEEDS_REMAP_7253 29267
CU_NEEDS_REMAP_7281 29313
CU_NEEDS_REMAP_7283 29315
SU_NEEDS_REMAP_72A8 29352
CU_NEEDS_REMAP_72CB 29387
SU_NEEDS_REMAP_732A 29482
CU_NEEDS_REMAP_733A 29498
SU_NEEDS_REMAP_73E8 29672
SU_NEEDS_REMAP_73F7 29687
SU_NEEDS_REMAP_73F9 29689
CU_NEEDS_REMAP_741D 29725
CU_NEEDS_REMAP_742A 29738
SU_NEEDS_REMAP_743F 29759
SU_NEEDS_REMAP_744E 29774
SU_NEEDS_REMAP_7453 29779
CU_NEEDS_REMAP_74B5 29877
SU_NEEDS_REMAP_74F8 29944
CU_NEEDS_REMAP_7541 30017
SU_NEEDS_REMAP_756D 30061
CU_NEEDS_REMAP_7572 30066
SU_NEEDS_REMAP_7590 30096
CU_NEEDS_REMAP_75BB 30139
CU_NEEDS_REMAP_75E2 30178
SU_NEEDS_REMAP_75F1 30193
CU_NEEDS_REMAP_7600 30208
CU_NEEDS_REMAP_7602 30210
SU_NEEDS_REMAP_7640 30272
SU_NEEDS_REMAP_76A1 30369
CU_NEEDS_REMAP_76CD 30413
SU_NEEDS_REMAP_76D0 30416
CU_NEEDS_REMAP_770A 30474
SU_NEEDS_REMAP_7768 30568
CU_NEEDS_REMAP_77AD 30637
CU_NEEDS_REMAP_77C2 30658
SU_NEEDS_REMAP_77F1 30705
SU_NEEDS_REMAP_7883 30851
CU_NEEDS_REMAP_78C2 30914
SU_NEEDS_REMAP_78CA 30922
SU_NEEDS_REMAP_7930 31024
CU_NEEDS_REMAP_793A 31034
CU_NEEDS_REMAP_7948 31048
SU_NEEDS_REMAP_7951 31057
SU_NEEDS_REMAP_795D 31069
CU_NEEDS_REMAP_7999 31129
SU_NEEDS_REMAP_79A9 31145
CU_NEEDS_REMAP_79AA 31146
SU_NEEDS_REMAP_79D5 31189
SU_NEEDS_REMAP_7A5F 31327
CU_NEEDS_REMAP_7A6F 31343
SU_NEEDS_REMAP_7A83 31363
CU_NEEDS_REMAP_7AAC 31404
SU_NEEDS_REMAP_7AB8 31416
CU_NEEDS_REMAP_7ACE 31438
CU_NEEDS_REMAP_7AD6 31446
SU_NEEDS_REMAP_7B22 31522
CU_NEEDS_REMAP_7B2D 31533
CU_NEEDS_REMAP_7B35 31541
CU_NEEDS_REMAP_7B5A 31578
SU_NEEDS_REMAP_7B82 31618
SU_NEEDS_REMAP_7BB7 31671
CU_NEEDS_REMAP_7C1F 31775
SU_NEEDS_REMAP_7C21 31777
CU_NEEDS_REMAP_7C24 31780
SU_NEEDS_REMAP_7C41 31809
SU_NEEDS_REMAP_7C96 31894
CU_NEEDS_REMAP_7CBF 31935
SU_NEEDS_REMAP_7CFA 31994
SU_NEEDS_REMAP_7D07 32007
SU_NEEDS_REMAP_7D55 32085
SU_NEEDS_REMAP_7D66 32102
CU_NEEDS_REMAP_7D8A 32138
SU_NEEDS_REMAP_7DC0 32192
SU_NEEDS_REMAP_7DF3 32243
SU_NEEDS_REMAP_7E20 32288
SU_NEEDS_REMAP_7E9D 32413
SU_NEEDS_REMAP_7EA0 32416
SU_NEEDS_REMAP_7EAF 32431
CU_NEEDS_REMAP_7F39 32569
SU_NEEDS_REMAP_7F77 32631
CU_NEEDS_REMAP_7FA3 32675
SU_NEEDS_REMAP_7FBE 32702
SU_NEEDS_REMAP_7FC3 32707
SU_NEEDS_REMAP_7FD3 32723
SU_NEEDS_REMAP_8011 32785
CU_NEEDS_REMAP_8016 32790
SU_NEEDS_REMAP_805A 32858
SU_NEEDS_REMAP_8068 32872
CU_NEEDS_REMAP_806E 32878
SU_NEEDS_REMAP_80A8 32936
CU_NEEDS_REMAP_80F1 33009
CU_NEEDS_REMAP_8131 33073
SU_NEEDS_REMAP_8143 33091
SU_NEEDS_REMAP_81B5 33205
SU_NEEDS_REMAP_81BD 33213
CU_NEEDS_REMAP_81D3 33235
SU_NEEDS_REMAP_8223 33315
CU_NEEDS_REMAP_8254 33364
SU_NEEDS_REMAP_8287 33415
CU_NEEDS_REMAP_828A 33418
SU_NEEDS_REMAP_82C3 33475
CU_NEEDS_REMAP_830A 33546
SU_NEEDS_REMAP_8332 33586
CU_NEEDS_REMAP_8336 33590
SU_NEEDS_REMAP_837F 33663
CU_NEEDS_REMAP_839F 33695
SU_NEEDS_REMAP_83C1 33729
CU_NEEDS_REMAP_8419 33817
CU_NEEDS_REMAP_842E 33838
SU_NEEDS_REMAP_8430 33840
SU_NEEDS_REMAP_8454 33876
CU_NEEDS_REMAP_846D 33901
CU_NEEDS_REMAP_8500 34048
SU_NEEDS_REMAP_8537 34103
SU_NEEDS_REMAP_85C2 34242
SU_NEEDS_REMAP_85D0 34256
SU_NEEDS_REMAP_85D8 34264
SU_NEEDS_REMAP_85DE 34270
SU_NEEDS_REMAP_85E9 34281
SU_NEEDS_REMAP_85FA 34298
SU_NEEDS_REMAP_85FC 34300
SU_NEEDS_REMAP_8639 34361
CU_NEEDS_REMAP_863A 34362
CU_NEEDS_REMAP_86A2 34466
CU_NEEDS_REMAP_86BA 34490
CU_NEEDS_REMAP_86D6 34518
SU_NEEDS_REMAP_86F2 34546
CU_NEEDS_REMAP_86F3 34547
SU_NEEDS_REMAP_871B 34587
CU_NEEDS_REMAP_8722 34594
SU_NEEDS_REMAP_87AA 34730
CU_NEEDS_REMAP_87B1 34737
CU_NEEDS_REMAP_87C7 34759
CU_NEEDS_REMAP_8817 34839
CU_NEEDS_REMAP_883F 34879
SU_NEEDS_REMAP_8884 34948
CU_NEEDS_REMAP_8901 35073
CU_NEEDS_REMAP_8903 35075
SU_NEEDS_REMAP_896D 35181
CU_NEEDS_REMAP_897B 35195
CU_NEEDS_REMAP_8995 35221
CU_NEEDS_REMAP_89CD 35277
SU_NEEDS_REMAP_89CF 35279
SU_NEEDS_REMAP_8A1A 35354
CU_NEEDS_REMAP_8A4E 35406
CU_NEEDS_REMAP_8A88 35464
SU_NEEDS_REMAP_8B03 35587
CU_NEEDS_REMAP_8B37 35639
CU_NEEDS_REMAP_8B93 35731
CU_NEEDS_REMAP_8B96 35734
SU_NEEDS_REMAP_8BF6 35830
CU_NEEDS_REMAP_8C22 35874
SU_NEEDS_REMAP_8C24 35876
CU_NEEDS_REMAP_8C63 35939
CU_NEEDS_REMAP_8C64 35940
CU_NEEDS_REMAP_8C93 35987
CU_NEEDS_REMAP_8CA5 36005
SU_NEEDS_REMAP_8D65 36197
CU_NEEDS_REMAP_8DAB 36267
SU_NEEDS_REMAP_8DB5 36277
SU_NEEDS_REMAP_8DCE 36302
CU_NEEDS_REMAP_8DF8 36344
SU_NEEDS_REMAP_8E3F 36415
CU_NEEDS_REMAP_8E51 36433
CU_NEEDS_REMAP_8E5F 36447
SU_NEEDS_REMAP_8EE0 36576
SU_NEEDS_REMAP_8EE3 36579
CU_NEEDS_REMAP_8F19 36633
SU_NEEDS_REMAP_8F47 36679
SU_NEEDS_REMAP_8F54 36692
CU_NEEDS_REMAP_8F8E 36750
SU_NEEDS_REMAP_8FB8 36792
SU_NEEDS_REMAP_8FC1 36801
CU_NEEDS_REMAP_9015 36885
SU_NEEDS_REMAP_902E 36910
SU_NEEDS_REMAP_9040 36928
SU_NEEDS_REMAP_905B 36955
SU_NEEDS_REMAP_906B 36971
SU_NEEDS_REMAP_9073 36979
SU_NEEDS_REMAP_90D2 37074
SU_NEEDS_REMAP_90E2 37090
SU_NEEDS_REMAP_9122 37154
CU_NEEDS_REMAP_914A 37194
SU_NEEDS_REMAP_9150 37200
CU_NEEDS_REMAP_915B 37211
SU_NEEDS_REMAP_917B 37243
SU_NEEDS_REMAP_91A4 37284
SU_NEEDS_REMAP_920A 37386
CU_NEEDS_REMAP_9228 37416
SU_NEEDS_REMAP_9238 37432
SU_NEEDS_REMAP_9239 37433
CU_NEEDS_REMAP_9264 37476
CU_NEEDS_REMAP_92C6 37574
SU_NEEDS_REMAP_931A 37658
SU_NEEDS_REMAP_93B2 37810
SU_NEEDS_REMAP_93B3 37811
SU_NEEDS_REMAP_93C1 37825
SU_NEEDS_REMAP_93C4 37828
CU_NEEDS_REMAP_93CA 37834
CU_NEEDS_REMAP_94A3 38051
CU_NEEDS_REMAP_94B6 38070
SU_NEEDS_REMAP_94E4 38116
SU_NEEDS_REMAP_9536 38198
SU_NEEDS_REMAP_954E 38222
CU_NEEDS_REMAP_9586 38278
CU_NEEDS_REMAP_958F 38287
CU_NEEDS_REMAP_95AF 38319
SU_NEEDS_REMAP_95B2 38322
CU_NEEDS_REMAP_95C4 38340
SU_NEEDS_REMAP_95C9 38345
CU_NEEDS_REMAP_95DB 38363
SU_NEEDS_REMAP_95ED 38381
CU_NEEDS_REMAP_9600 38400
SU_NEEDS_REMAP_962E 38446
SU_NEEDS_REMAP_9630 38448
SU_NEEDS_REMAP_9650 38480
CU_NEEDS_REMAP_967D 38525
SU_NEEDS_REMAP_9681 38529
SU_NEEDS_REMAP_969E 38558
SU_NEEDS_REMAP_96B7 38583
CU_NEEDS_REMAP_96E8 38632
SU_NEEDS_REMAP_96F2 38642
SU_NEEDS_REMAP_9715 38677
SU_NEEDS_REMAP_971F 38687
CU_NEEDS_REMAP_9744 38724
SU_NEEDS_REMAP_97B8 38840
CU_NEEDS_REMAP_9810 38928
SU_NEEDS_REMAP_9862 39010
SU_NEEDS_REMAP_9863 39011
CU_NEEDS_REMAP_98A7 39079
CU_NEEDS_REMAP_98B6 39094
SU_NEEDS_REMAP_98E3 39139
CU_NEEDS_REMAP_992C 39212
SU_NEEDS_REMAP_992D 39213
SU_NEEDS_REMAP_9950 39248
SU_NEEDS_REMAP_995B 39259
CU_NEEDS_REMAP_995D 39261
SU_NEEDS_REMAP_99B2 39346
SU_NEEDS_REMAP_99F9 39417
SU_NEEDS_REMAP_9A9C 39580
SU_NEEDS_REMAP_9AA9 39593
SU_NEEDS_REMAP_9ABC 39612
CU_NEEDS_REMAP_9B5A 39770
SU_NEEDS_REMAP_9BBC 39868
SU_NEEDS_REMAP_9BCE 39886
CU_NEEDS_REMAP_9C49 40009
SU_NEEDS_REMAP_9C7B 40059
CU_NEEDS_REMAP_9C87 40071
CU_NEEDS_REMAP_9C9C 40092
CU_NEEDS_REMAP_9C9E 40094
SU_NEEDS_REMAP_9D02 40194
SU_NEEDS_REMAP_9D25 40229
CU_NEEDS_REMAP_9D2A 40234
SU_NEEDS_REMAP_9D2C 40236
SU_NEEDS_REMAP_9D2D 40237
CU_NEEDS_REMAP_9D30 40240
SU_NEEDS_REMAP_9DBF 40383
SU_NEEDS_REMAP_9DEC 40428
CU_NEEDS_REMAP_9E04 40452
CU_NEEDS_REMAP_9E4C 40524
SU_NEEDS_REMAP_9E71 40561
SU_NEEDS_REMAP_9E83 40579
SU_NEEDS_REMAP_9E9E 40606
CU_NEEDS_REMAP_9F09 40713
CU_NEEDS_REMAP_9F0D 40717
SU_NEEDS_REMAP_9F19 40729
SU_NEEDS_REMAP_9F4D 40781
CU_NEEDS_REMAP_9F71 40817
CU_NEEDS_REMAP_9F81 40833
SU_NEEDS_REMAP_9FA6 40870
SU_NEEDS_REMAP_9FC7 40903
SU_NEEDS_REMAP_9FEB 40939
CU_NEEDS_REMAP_A00A 40970
CU_NEEDS_REMAP_A045 41029
SU_NEEDS_REMAP_A081 41089
SU_NEEDS_REMAP_A0C0 41152
SU_NEEDS_REMAP_A0E0 41184
SU_NEEDS_REMAP_A0E2 41186
CU_NEEDS_REMAP_A0E9 41193
CU_NEEDS_REMAP_A0F8 41208
CU_NEEDS_REMAP_A12A 41258
SU_NEEDS_REMAP_A136 41270
CU_NEEDS_REMAP_A151 41297
CU_NEEDS_REMAP_A15D 41309
SU_NEEDS_REMAP_A19D 41373
CU_NEEDS_REMAP_A1EA 41450
CU_NEEDS_REMAP_A226 41510
SU_NEEDS_REMAP_A228 41512
CU_NEEDS_REMAP_A27A 41594
SU_NEEDS_REMAP_A311 41745
SU_NEEDS_REMAP_A369 41833
CU_NEEDS_REMAP_A374 41844
SU_NEEDS_REMAP_A39A 41882
SU_NEEDS_REMAP_A39F 41887
CU_NEEDS_REMAP_A3A0 41888
CU_NEEDS_REMAP_A3D2 41938
CU_NEEDS_REMAP_A3E2 41954
SU_NEEDS_REMAP_A458 42072
CU_NEEDS_REMAP_A48E 42126
SU_NEEDS_REMAP_A492 42130
CU_NEEDS_REMAP_A4A5 42149
SU_NEEDS_REMAP_A4C8 42184
SU_NEEDS_REMAP_A4F2 42226
SU_NEEDS_REMAP_A512 42258
SU_NEEDS_REMAP_A614 42516
SU_NEEDS_REMAP_A615 42517
SU_NEEDS_REMAP_A61D 42525
SU_NEEDS_REMAP_A61E 42526
CU_NEEDS_REMAP_A62C 42540
CU_NEEDS_REMAP_A658 42584
CU_NEEDS_REMAP_A67B 42619
CU_NEEDS_REMAP_A6BB 42683
CU_NEEDS_REMAP_A6EF 42735
CU_NEEDS_REMAP_A740 42816
SU_NEEDS_REMAP_A784 42884
SU_NEEDS_REMAP_A7B5 42933
CU_NEEDS_REMAP_A7DB 42971
CU_NEEDS_REMAP_A7F3 42995
CU_NEEDS_REMAP_A8A4 43172
CU_NEEDS_REMAP_A8F9 43257
SU_NEEDS_REMAP_A94E 43342
CU_NEEDS_REMAP_A978 43384
CU_NEEDS_REMAP_A982 43394
CU_NEEDS_REMAP_A9A1 43425
CU_NEEDS_REMAP_A9F0 43504
CU_NEEDS_REMAP_AA11 43537
SU_NEEDS_REMAP_AA73 43635
SU_NEEDS_REMAP_AAB1 43697
SU_NEEDS_REMAP_AAC8 43720
CU_NEEDS_REMAP_AAD0 43728
SU_NEEDS_REMAP_AB33 43827
CU_NEEDS_REMAP_AB9A 43930
SU_NEEDS_REMAP_AC19 44057
CU_NEEDS_REMAP_AC4E 44110
SU_NEEDS_REMAP_AC51 44113
CU_NEEDS_REMAP_AC5F 44127
CU_NEEDS_REMAP_AC82 44162
CU_NEEDS_REMAP_ACA6 44198
SU_NEEDS_REMAP_ACA8 44200
SU_NEEDS_REMAP_ACC8 44232
CU_NEEDS_REMAP_AD0C 44300
SU_NEEDS_REMAP_AD17 44311
SU_NEEDS_REMAP_AD3D 44349
CU_NEEDS_REMAP_AD71 44401
CU_NEEDS_REMAP_AD73 44403
CU_NEEDS_REMAP_AD7F 44415
SU_NEEDS_REMAP_AD94 44436
CU_NEEDS_REMAP_AD95 44437
SU_NEEDS_REMAP_AD9A 44442
CU_NEEDS_REMAP_ADE9 44521
SU_NEEDS_REMAP_ADEA 44522
CU_NEEDS_REMAP_AE07 44551
SU_NEEDS_REMAP_AE29 44585
CU_NEEDS_REMAP_AE2A 44586
CU_NEEDS_REMAP_AE3F 44607
SU_NEEDS_REMAP_AE4A 44618
SU_NEEDS_REMAP_AE4E 44622
CU_NEEDS_REMAP_AE57 44631
SU_NEEDS_REMAP_AEBD 44733
CU_NEEDS_REMAP_AEC1 44737
CU_NEEDS_REMAP_AF0A 44810
CU_NEEDS_REMAP_AFFA 45050
CU_NEEDS_REMAP_B010 45072
SU_NEEDS_REMAP_B019 45081
SU_NEEDS_REMAP_B04B 45131
SU_NEEDS_REMAP_B08F 45199
CU_NEEDS_REMAP_B094 45204
CU_NEEDS_REMAP_B0F2 45298
SU_NEEDS_REMAP_B10F 45327
CU_NEEDS_REMAP_B147 45383
SU_NEEDS_REMAP_B14C 45388
SU_NEEDS_REMAP_B156 45398
SU_NEEDS_REMAP_B158 45400
SU_NEEDS_REMAP_B1AB 45483
SU_NEEDS_REMAP_B1EB 45547
SU_NEEDS_REMAP_B20F 45583
CU_NEEDS_REMAP_B256 45654
CU_NEEDS_REMAP_B25E 45662
SU_NEEDS_REMAP_B264 45668
CU_NEEDS_REMAP_B268 45672
CU_NEEDS_REMAP_B272 45682
CU_NEEDS_REMAP_B27F 45695
CU_NEEDS_REMAP_B28E 45710
SU_NEEDS_REMAP_B2A6 45734
SU_NEEDS_REMAP_B2D5 45781
CU_NEEDS_REMAP_B330 45872
CU_NEEDS_REMAP_B33C 45884
CU_NEEDS_REMAP_B346 45894
CU_NEEDS_REMAP_B34D 45901
SU_NEEDS_REMAP_B367 45927
CU_NEEDS_REMAP_B37E 45950
SU_NEEDS_REMAP_B3AB 45995
CU_NEEDS_REMAP_B3E5 46053
SU_NEEDS_REMAP_B3E8 46056
SU_NEEDS_REMAP_B414 46100
SU_NEEDS_REMAP_B42F 46127
CU_NEEDS_REMAP_B459 46169
SU_NEEDS_REMAP_B4B7 46263
SU_NEEDS_REMAP_B4C5 46277
SU_NEEDS_REMAP_B524 46372
SU_NEEDS_REMAP_B5BC 46524
SU_NEEDS_REMAP_B5E7 46567
SU_NEEDS_REMAP_B5FD 46589
CU_NEEDS_REMAP_B607 46599
SU_NEEDS_REMAP_B652 46674
CU_NEEDS_REMAP_B654 46676
CU_NEEDS_REMAP_B657 46679
CU_NEEDS_REMAP_B662 46690
CU_NEEDS_REMAP_B669 46697
CU_NEEDS_REMAP_B695 46741
SU_NEEDS_REMAP_B6A1 46753
SU_NEEDS_REMAP_B6A9 46761
CU_NEEDS_REMAP_B6BF 46783
CU_NEEDS_REMAP_B6CF 46799
CU_NEEDS_REMAP_B6DC 46812
SU_NEEDS_REMAP_B6F7 46839
CU_NEEDS_REMAP_B73B 46907
SU_NEEDS_REMAP_B754 46932
SU_NEEDS_REMAP_B761 46945
SU_NEEDS_REMAP_B765 46949
SU_NEEDS_REMAP_B781 46977
SU_NEEDS_REMAP_B7B7 47031
CU_NEEDS_REMAP_B7BD 47037
CU_NEEDS_REMAP_B7D8 47064
SU_NEEDS_REMAP_B7DA 47066
CU_NEEDS_REMAP_B7F8 47096
SU_NEEDS_REMAP_B817 47127
SU_NEEDS_REMAP_B82F 47151
SU_NEEDS_REMAP_B876 47222
CU_NEEDS_REMAP_B895 47253
CU_NEEDS_REMAP_B8FB 47355
SU_NEEDS_REMAP_B903 47363
SU_NEEDS_REMAP_B91D 47389
CU_NEEDS_REMAP_B939 47417
SU_NEEDS_REMAP_B93D 47421
SU_NEEDS_REMAP_B948 47432
SU_NEEDS_REMAP_BA00 47616
CU_NEEDS_REMAP_BA12 47634
SU_NEEDS_REMAP_BA2D 47661
SU_NEEDS_REMAP_BA46 47686
CU_NEEDS_REMAP_BA80 47744
SU_NEEDS_REMAP_BA95 47765
CU_NEEDS_REMAP_BA97 47767
SU_NEEDS_REMAP_BAB7 47799
CU_NEEDS_REMAP_BAD0 47824
CU_NEEDS_REMAP_BAF3 47859
CU_NEEDS_REMAP_BAF7 47863
SU_NEEDS_REMAP_BB1B 47899
CU_NEEDS_REMAP_BB61 47969
SU_NEEDS_REMAP_BB7A 47994
CU_NEEDS_REMAP_BB92 48018
SU_NEEDS_REMAP_BB93 48019
CU_NEEDS_REMAP_BB96 48022
SU_NEEDS_REMAP_BBE8 48104
SU_NEEDS_REMAP_BBEC 48108
SU_NEEDS_REMAP_BC13 48147
SU_NEEDS_REMAP_BC62 48226
CU_NEEDS_REMAP_BC8D 48269
SU_NEEDS_REMAP_BC92 48274
CU_NEEDS_REMAP_BCA9 48297
SU_NEEDS_REMAP_BCBD 48317
SU_NEEDS_REMAP_BCCD 48333
CU_NEEDS_REMAP_BCDC 48348
CU_NEEDS_REMAP_BD01 48385
SU_NEEDS_REMAP_BD3F 48447
SU_NEEDS_REMAP_BD52 48466
SU_NEEDS_REMAP_BD72 48498
CU_NEEDS_REMAP_BD92 48530
CU_NEEDS_REMAP_BDFE 48638
SU_NEEDS_REMAP_BE18 48664
CU_NEEDS_REMAP_BE98 48792
CU_NEEDS_REMAP_BE9F 48799
CU_NEEDS_REMAP_BED4 48852
SU_NEEDS_REMAP_BEF8 48888
SU_NEEDS_REMAP_BF25 48933
CU_NEEDS_REMAP_BF31 48945
CU_NEEDS_REMAP_BF88 49032
CU_NEEDS_REMAP_BF89 49033
CU_NEEDS_REMAP_BF9D 49053
SU_NEEDS_REMAP_BFD6 49110
CU_NEEDS_REMAP_BFEC 49132
CU_NEEDS_REMAP_C051 49233
CU_NEEDS_REMAP_C061 49249
CU_NEEDS_REMAP_C06D 49261
CU_NEEDS_REMAP_C06F 49263
SU_NEEDS_REMAP_C08F 49295
SU_NEEDS_REMAP_C09B 49307
SU_NEEDS_REMAP_C09D 49309
CU_NEEDS_REMAP_C0BB 49339
SU_NEEDS_REMAP_C0D6 49366
SU_NEEDS_REMAP_C125 49445
SU_NEEDS_REMAP_C12A 49450
CU_NEEDS_REMAP_C162 49506
SU_NEEDS_REMAP_C186 49542
SU_NEEDS_REMAP_C19F 49567
CU_NEEDS_REMAP_C1DA 49626
SU_NEEDS_REMAP_C1E8 49640
SU_NEEDS_REMAP_C1F0 49648
SU_NEEDS_REMAP_C274 49780
SU_NEEDS_REMAP_C29A 49818
SU_NEEDS_REMAP_C2AB 49835
SU_NEEDS_REMAP_C2AD 49837
CU_NEEDS_REMAP_C2FB 49915
SU_NEEDS_REMAP_C313 49939
SU_NEEDS_REMAP_C324 49956
CU_NEEDS_REMAP_C340 49984
CU_NEEDS_REMAP_C38D 50061
CU_NEEDS_REMAP_C3B2 50098
SU_NEEDS_REMAP_C3B5 50101
SU_NEEDS_REMAP_C3FD 50173
SU_NEEDS_REMAP_C405 50181
SU_NEEDS_REMAP_C414 50196
CU_NEEDS_REMAP_C416 50198
SU_NEEDS_REMAP_C42F 50223
SU_NEEDS_REMAP_C43D 50237
SU_NEEDS_REMAP_C488 50312
CU_NEEDS_REMAP_C4B3 50355
SU_NEEDS_REMAP_C4CA 50378
SU_NEEDS_REMAP_C4D9 50393
SU_NEEDS_REMAP_C4FE 50430
SU_NEEDS_REMAP_C521 50465
SU_NEEDS_REMAP_C588 50568
CU_NEEDS_REMAP_C590 50576
SU_NEEDS_REMAP_C59E 50590
CU_NEEDS_REMAP_C5D9 50649
SU_NEEDS_REMAP_C5DE 50654
SU_NEEDS_REMAP_C5F2 50674
CU_NEEDS_REMAP_C5F3 50675
SU_NEEDS_REMAP_C657 50775
CU_NEEDS_REMAP_C6A9 50857
SU_NEEDS_REMAP_C6FF 50943
CU_NEEDS_REMAP_C717 50967
SU_NEEDS_REMAP_C718 50968
SU_NEEDS_REMAP_C729 50985
CU_NEEDS_REMAP_C72A 50986
SU_NEEDS_REMAP_C749 51017
CU_NEEDS_REMAP_C74B 51019
CU_NEEDS_REMAP_C756 51030
SU_NEEDS_REMAP_C759 51033
SU_NEEDS_REMAP_C773 51059
CU_NEEDS_REMAP_C7AC 51116
SU_NEEDS_REMAP_C7C1 51137
CU_NEEDS_REMAP_C7DF 51167
SU_NEEDS_REMAP_C802 51202
SU_NEEDS_REMAP_C80F 51215
SU_NEEDS_REMAP_C811 51217
CU_NEEDS_REMAP_C812 51218
SU_NEEDS_REMAP_C88A 51338
SU_NEEDS_REMAP_C924 51492
SU_NEEDS_REMAP_C985 51589
SU_NEEDS_REMAP_C9C7 51655
SU_NEEDS_REMAP_C9CF 51663
CU_NEEDS_REMAP_CA38 51768
SU_NEEDS_REMAP_CA46 51782
CU_NEEDS_REMAP_CA96 51862
SU_NEEDS_REMAP_CA9B 51867
SU_NEEDS_REMAP_CAA3 51875
CU_NEEDS_REMAP_CB04 51972
CU_NEEDS_REMAP_CB1B 51995
SU_NEEDS_REMAP_CB40 52032
CU_NEEDS_REMAP_CB4C 52044
SU_NEEDS_REMAP_CB6F 52079
SU_NEEDS_REMAP_CB82 52098
SU_NEEDS_REMAP_CBCF 52175
SU_NEEDS_REMAP_CC15 52245
SU_NEEDS_REMAP_CC60 52320
SU_NEEDS_REMAP_CC6E 52334
CU_NEEDS_REMAP_CCBF 52415
SU_NEEDS_REMAP_CCC6 52422
CU_NEEDS_REMAP_CCD6 52438
CU_NEEDS_REMAP_CCF1 52465
CU_NEEDS_REMAP_CD38 52536
SU_NEEDS_REMAP_CD55 52565
CU_NEEDS_REMAP_CD63 52579
CU_NEEDS_REMAP_CD6E 52590
SU_NEEDS_REMAP_CD86 52614
CU_NEEDS_REMAP_CD88 52616
CU_NEEDS_REMAP_CDA0 52640
SU_NEEDS_REMAP_CDC6 52678
CU_NEEDS_REMAP_CE05 52741
SU_NEEDS_REMAP_CE21 52769
SU_NEEDS_REMAP_CE5A 52826
SU_NEEDS_REMAP_CED3 52947
CU_NEEDS_REMAP_CEDB 52955
SU_NEEDS_REMAP_CEFA 52986
SU_NEEDS_REMAP_CF08 53000
SU_NEEDS_REMAP_CF2F 53039
CU_NEEDS_REMAP_CF6D 53101
CU_NEEDS_REMAP_CF8E 53134
CU_NEEDS_REMAP_CFC3 53187
SU_NEEDS_REMAP_CFCD 53197
CU_NEEDS_REMAP_CFFC 53244
SU_NEEDS_REMAP_D042 53314
SU_NEEDS_REMAP_D07A 53370
CU_NEEDS_REMAP_D07C 53372
SU_NEEDS_REMAP_D08B 53387
SU_NEEDS_REMAP_D0A4 53412
SU_NEEDS_REMAP_D101 53505
SU_NEEDS_REMAP_D12B 53547
SU_NEEDS_REMAP_D172 53618
CU_NEEDS_REMAP_D1A1 53665
CU_NEEDS_REMAP_D1B2 53682
SU_NEEDS_REMAP_D1D0 53712
CU_NEEDS_REMAP_D1D4 53716
SU_NEEDS_REMAP_D1F1 53745
CU_NEEDS_REMAP_D1FF 53759
SU_NEEDS_REMAP_D209 53769
SU_NEEDS_REMAP_D22B 53803
SU_NEEDS_REMAP_D230 53808
SU_NEEDS_REMAP_D286 53894
SU_NEEDS_REMAP_D310 54032
CU_NEEDS_REMAP_D321 54049
CU_NEEDS_REMAP_D367 54119
CU_NEEDS_REMAP_D3C2 54210
SU_NEEDS_REMAP_D3CE 54222
CU_NEEDS_REMAP_D402 54274
SU_NEEDS_REMAP_D42B 54315
SU_NEEDS_REMAP_D42D 54317
CU_NEEDS_REMAP_D44E 54350
SU_NEEDS_REMAP_D486 54406
CU_NEEDS_REMAP_D4A8 54440
SU_NEEDS_REMAP_D4B1 54449
CU_NEEDS_REMAP_D4F7 54519
CU_NEEDS_REMAP_D573 54643
SU_NEEDS_REMAP_D5AA 54698
SU_NEEDS_REMAP_D5AE 54702
SU_NEEDS_REMAP_D5DA 54746
SU_NEEDS_REMAP_D5FB 54779
SU_NEEDS_REMAP_D655 54869
SU_NEEDS_REMAP_D679 54905
SU_NEEDS_REMAP_D6A6 54950
CU_NEEDS_REMAP_D6F0 55024
SU_NEEDS_REMAP_D715 55061
CU_NEEDS_REMAP_D72F 55087
SU_NEEDS_REMAP_D73D 55101
SU_NEEDS_REMAP_D740 55104
SU_NEEDS_REMAP_D747 55111
SU_NEEDS_REMAP_D7A4 55204
CU_NEEDS_REMAP_D7EB 55275
SU_NEEDS_REMAP_D806 55302
SU_NEEDS_REMAP_D850 55376
CU_NEEDS_REMAP_D85A 55386
CU_NEEDS_REMAP_D882 55426
CU_NEEDS_REMAP_D89B 55451
SU_NEEDS_REMAP_D8AA 55466
SU_NEEDS_REMAP_D8AB 55467
SU_NEEDS_REMAP_D8C8 55496
SU_NEEDS_REMAP_D8D8 55512
CU_NEEDS_REMAP_D8E2 55522
CU_NEEDS_REMAP_D8F4 55540
SU_NEEDS_REMAP_D91B 55579
SU_NEEDS_REMAP_D92E 55598
SU_NEEDS_REMAP_D94F 55631
SU_NEEDS_REMAP_D9A2 55714
SU_NEEDS_REMAP_D9B5 55733
SU_NEEDS_REMAP_D9C7 55751
CU_NEEDS_REMAP_D9FE 55806
SU_NEEDS_REMAP_DA42 55874
SU_NEEDS_REMAP_DA73 55923
SU_NEEDS_REMAP_DAE6 56038
SU_NEEDS_REMAP_DAE7 56039
CU_NEEDS_REMAP_DAFE 56062
SU_NEEDS_REMAP_DB1A 56090
CU_NEEDS_REMAP_DB23 56099
SU_NEEDS_REMAP_DB61 56161
CU_NEEDS_REMAP_DB8F 56207
SU_NEEDS_REMAP_DBB4 56244
CU_NEEDS_REMAP_DBF5 56309
SU_NEEDS_REMAP_DBFF 56319
CU_NEEDS_REMAP_DC3B 56379
SU_NEEDS_REMAP_DC92 56466
SU_NEEDS_REMAP_DC97 56471
SU_NEEDS_REMAP_DCB1 56497
CU_NEEDS_REMAP_DCD4 56532
CU_NEEDS_REMAP_DCFF 56575
SU_NEEDS_REMAP_DD04 56580
SU_NEEDS_REMAP_DD29 56617
CU_NEEDS_REMAP_DD2A 56618
CU_NEEDS_REMAP_DD3A 56634
SU_NEEDS_REMAP_DD54 56660
SU_NEEDS_REMAP_DD8D 56717
SU_NEEDS_REMAP_DD90 56720
CU_NEEDS_REMAP_DE00 56832
CU_NEEDS_REMAP_DE1E 56862
CU_NEEDS_REMAP_DE45 56901
SU_NEEDS_REMAP_DEA3 56995
SU_NEEDS_REMAP_DEC2 57026
SU_NEEDS_REMAP_DECD 57037
SU_NEEDS_REMAP_DF07 57095
SU_NEEDS_REMAP_DF0C 57100
SU_NEEDS_REMAP_DF14 57108
SU_NEEDS_REMAP_DF2B 57131
SU_NEEDS_REMAP_DF54 57172
SU_NEEDS_REMAP_DF55 57173
CU_NEEDS_REMAP_DF96 57238
SU_NEEDS_REMAP_DF9A 57242
SU_NEEDS_REMAP_E009 57353
CU_NEEDS_REMAP_E015 57365
CU_NEEDS_REMAP_E048 57416
CU_NEEDS_REMAP_E0A3 57507
SU_NEEDS_REMAP_E0BF 57535
SU_NEEDS_REMAP_E10F 57615
SU_NEEDS_REMAP_E140 57664
CU_NEEDS_REMAP_E1B9 57785
CU_NEEDS_REMAP_E1D2 57810
SU_NEEDS_REMAP_E21A 57882
CU_NEEDS_REMAP_E24E 57934
CU_NEEDS_REMAP_E256 57942
CU_NEEDS_REMAP_E27D 57981
CU_NEEDS_REMAP_E29D 58013
CU_NEEDS_REMAP_E2E2 58082
SU_NEEDS_REMAP_E32D 58157
CU_NEEDS_REMAP_E3AC 58284
SU_NEEDS_REMAP_E3D4 58324
SU_NEEDS_REMAP_E418 58392
CU_NEEDS_REMAP_E42A 58410
CU_NEEDS_REMAP_E442 58434
SU_NEEDS_REMAP_E44B 58443
CU_NEEDS_REMAP_E454 58452
SU_NEEDS_REMAP_E487 58503
SU_NEEDS_REMAP_E496 58518
CU_NEEDS_REMAP_E49A 58522
SU_NEEDS_REMAP_E537 58679
CU_NEEDS_REMAP_E552 58706
CU_NEEDS_REMAP_E59C 58780
SU_NEEDS_REMAP_E5B0 58800
SU_NEEDS_REMAP_E5D3 58835
CU_NEEDS_REMAP_E645 58949
CU_NEEDS_REMAP_E647 58951
SU_NEEDS_REMAP_E648 58952
SU_NEEDS_REMAP_E67C 59004
SU_NEEDS_REMAP_E69C 59036
SU_NEEDS_REMAP_E6E8 59112
CU_NEEDS_REMAP_E709 59145
CU_NEEDS_REMAP_E744 59204
SU_NEEDS_REMAP_E7BF 59327
SU_NEEDS_REMAP_E7CF 59343
SU_NEEDS_REMAP_E7D4 59348
SU_NEEDS_REMAP_E7ED 59373
CU_NEEDS_REMAP_E854 59476
SU_NEEDS_REMAP_E85E 59486
CU_NEEDS_REMAP_E8BE 59582
SU_NEEDS_REMAP_E8C8 59592
SU_NEEDS_REMAP_E905 59653
SU_NEEDS_REMAP_E91B 59675
CU_NEEDS_REMAP_E936 59702
SU_NEEDS_REMAP_E937 59703
CU_NEEDS_REMAP_E949 59721
SU_NEEDS_REMAP_E966 59750
SU_NEEDS_REMAP_E985 59781
CU_NEEDS_REMAP_E9A2 59810
CU_NEEDS_REMAP_E9B4 59828
CU_NEEDS_REMAP_E9BD 59837
SU_NEEDS_REMAP_E9C3 59843
CU_NEEDS_REMAP_E9DC 59868
SU_NEEDS_REMAP_E9FE 59902
CU_NEEDS_REMAP_EA33 59955
CU_NEEDS_REMAP_EA36 59958
CU_NEEDS_REMAP_EAB9 60089
SU_NEEDS_REMAP_EAC0 60096
SU_NEEDS_REMAP_EACA 60106
SU_NEEDS_REMAP_EADD 60125
SU_NEEDS_REMAP_EAE2 60130
CU_NEEDS_REMAP_EB00 60160
SU_NEEDS_REMAP_EB08 60168
SU_NEEDS_REMAP_EB9B 60315
SU_NEEDS_REMAP_EBB2 60338
SU_NEEDS_REMAP_EBEC 60396
SU_NEEDS_REMAP_EBF7 60407
CU_NEEDS_REMAP_EBFA 60410
SU_NEEDS_REMAP_EC32 60466
SU_NEEDS_REMAP_EC50 60496
CU_NEEDS_REMAP_EC71 60529
CU_NEEDS_REMAP_ECA7 60583
SU_NEEDS_REMAP_ECCE 60622
SU_NEEDS_REMAP_ED19 60697
CU_NEEDS_REMAP_ED1B 60699
SU_NEEDS_REMAP_ED2D 60717
CU_NEEDS_REMAP_ED5F 60767
CU_NEEDS_REMAP_ED61 60769
CU_NEEDS_REMAP_ED69 60777
CU_NEEDS_REMAP_EDBF 60863
SU_NEEDS_REMAP_EE06 60934
SU_NEEDS_REMAP_EE52 61010
SU_NEEDS_REMAP_EEDE 61150
CU_NEEDS_REMAP_EF11 61201
SU_NEEDS_REMAP_EF12 61202
CU_NEEDS_REMAP_EF2C 61228
SU_NEEDS_REMAP_EF7C 61308
SU_NEEDS_REMAP_EFC1 61377
CU_NEEDS_REMAP_EFE1 61409
SU_NEEDS_REMAP_F005 61445
CU_NEEDS_REMAP_F00A 61450
SU_NEEDS_REMAP_F012 61458
CU_NEEDS_REMAP_F037 61495
CU_NEEDS_REMAP_F085 61573
SU_NEEDS_REMAP_F0AA 61610
SU_NEEDS_REMAP_F0EB 61675
CU_NEEDS_REMAP_F11B 61723
CU_NEEDS_REMAP_F182 61826
CU_NEEDS_REMAP_F1D6 61910
SU_NEEDS_REMAP_F1D7 61911
CU_NEEDS_REMAP_F25F 62047
CU_NEEDS_REMAP_F279 62073
SU_NEEDS_REMAP_F285 62085
CU_NEEDS_REMAP_F2A3 62115
CU_NEEDS_REMAP_F2EF 62191
CU_NEEDS_REMAP_F305 62213
SU_NEEDS_REMAP_F30A 62218
CU_NEEDS_REMAP_F314 62228
SU_NEEDS_REMAP_F350 62288
CU_NEEDS_REMAP_F36A 62314
CU_NEEDS_REMAP_F384 62340
CU_NEEDS_REMAP_F3F4 62452
CU_NEEDS_REMAP_F3F7 62455
SU_NEEDS_REMAP_F41B 62491
CU_NEEDS_REMAP_F42C 62508
CU_NEEDS_REMAP_F43C 62524
CU_NEEDS_REMAP_F452 62546
CU_NEEDS_REMAP_F457 62551
CU_NEEDS_REMAP_F45C 62556
CU_NEEDS_REMAP_F529 62761
CU_NEEDS_REMAP_F568 62824
CU_NEEDS_REMAP_F5AB 62891
SU_NEEDS_REMAP_F5C8 62920
CU_NEEDS_REMAP_F5E7 62951
SU_NEEDS_REMAP_F609 62985
SU_NEEDS_REMAP_F61B 63003
SU_NEEDS_REMAP_F64A 63050
SU_NEEDS_REMAP_F666 63078
SU_NEEDS_REMAP_F66B 63083
CU_NEEDS_REMAP_F673 63091
CU_NEEDS_REMAP_F6C9 63177
CU_NEEDS_REMAP_F707 63239
CU_NEEDS_REMAP_F724 63268
SU_NEEDS_REMAP_F726 63270
CU_NEEDS_REMAP_F73A 63290
SU_NEEDS_REMAP_F748 63304
SU_NEEDS_REMAP_F77B 63355
SU_NEEDS_REMAP_F7C5 63429
CU_NEEDS_REMAP_F7CC 63436
CU_NEEDS_REMAP_F7DF 63455
SU_NEEDS_REMAP_F7E5 63461
SU_NEEDS_REMAP_F81F 63519
CU_NEEDS_REMAP_F821 63521
CU_NEEDS_REMAP_F891 63633
CU_NEEDS_REMAP_F8A6 63654
CU_NEEDS_REMAP_F8E9 63721
CU_NEEDS_REMAP_F8FC 63740
CU_NEEDS_REMAP_F8FD 63741
CU_NEEDS_REMAP_F907 63751
SU_NEEDS_REMAP_F944 63812
SU_NEEDS_REMAP_F976 63862
SU_NEEDS_REMAP_F984 63876
SU_NEEDS_REMAP_F9AB 63915
CU_NEEDS_REMAP_F9DC 63964
SU_NEEDS_REMAP_FA53 64083
CU_NEEDS_REMAP_FA54 64084
CU_NEEDS_REMAP_FA75 64117
CU_NEEDS_REMAP_FAA0 64160
CU_NEEDS_REMAP_FAAB 64171
SU_NEEDS_REMAP_FAD0 64208
CU_NEEDS_REMAP_FAE4 64228
CU_NEEDS_REMAP_FAF4 64244
SU_NEEDS_REMAP_FB12 64274
CU_NEEDS_REMAP_FB28 64296
CU_NEEDS_REMAP_FB43 64323
CU_NEEDS_REMAP_FB80 64384
SU_NEEDS_REMAP_FB88 64392
SU_NEEDS_REMAP_FBA7 64423
CU_NEEDS_REMAP_FBE3 64483
CU_NEEDS_REMAP_FC48 64584
SU_NEEDS_REMAP_FC59 64601
CU_NEEDS_REMAP_FCB2 64690
CU_NEEDS_REMAP_FCDF 64735
SU_NEEDS_REMAP_FD06 64774
CU_NEEDS_REMAP_FD4A 64842
CU_NEEDS_REMAP_FD7B 64891
SU_NEEDS_REMAP_FD83 64899
CU_NEEDS_REMAP_FDA3 64931
SU_NEEDS_REMAP_FDA8 64936
SU_NEEDS_REMAP_FDCE 64974
SU_NEEDS_REMAP_FDE3 64995
CU_NEEDS_REMAP_FDE9 65001
CU_NEEDS_REMAP_FDF6 65014
SU_NEEDS_REMAP_FE05 65029
SU_NEEDS_REMAP_FE0A 65034
SU_NEEDS_REMAP_FE9A 65178
SU_NEEDS_REMAP_FEE1 65249
CU_NEEDS_REMAP_FEED 65261
CU_NEEDS_REMAP_FEFA 65274
SU_NEEDS_REMAP_FF33 65331
SU_NEEDS_REMAP_FF60 65376
SU_NEEDS_REMAP_FF63 65379
SU_NEEDS_REMAP_FF77 65399
SU_NEEDS_REMAP_FF94 65428
SU_NEEDS_REMAP_FFAB 65451
CU_NEEDS_REMAP_FFBF 65471
